[2026-06-04T06:36:37.771+0000] {processor.py:161} INFO - Started process (PID=89) to work on /home/airflow/.local/lib/python3.8/site-packages/airflow/example_dags/example_complex.py
[2026-06-04T06:36:37.772+0000] {processor.py:830} INFO - Processing file /home/airflow/.local/lib/python3.8/site-packages/airflow/example_dags/example_complex.py for tasks to queue
[2026-06-04T06:36:37.777+0000] {logging_mixin.py:188} INFO - [2026-06-04T06:36:37.777+0000] {dagbag.py:538} INFO - Filling up the DagBag from /home/airflow/.local/lib/python3.8/site-packages/airflow/example_dags/example_complex.py
[2026-06-04T06:36:37.792+0000] {processor.py:840} INFO - DAG(s) 'example_complex' retrieved from /home/airflow/.local/lib/python3.8/site-packages/airflow/example_dags/example_complex.py
[2026-06-04T06:36:37.803+0000] {logging_mixin.py:188} INFO - [2026-06-04T06:36:37.803+0000] {dag.py:3033} INFO - Sync 1 DAGs
[2026-06-04T06:36:37.815+0000] {logging_mixin.py:188} INFO - [2026-06-04T06:36:37.815+0000] {dag.py:3820} INFO - Setting next_dagrun for example_complex to None, run_after=None
[2026-06-04T06:36:37.833+0000] {processor.py:183} INFO - Processing /home/airflow/.local/lib/python3.8/site-packages/airflow/example_dags/example_complex.py took 0.064 seconds
[2026-06-04T06:37:08.093+0000] {processor.py:161} INFO - Started process (PID=146) to work on /home/airflow/.local/lib/python3.8/site-packages/airflow/example_dags/example_complex.py
[2026-06-04T06:37:08.094+0000] {processor.py:830} INFO - Processing file /home/airflow/.local/lib/python3.8/site-packages/airflow/example_dags/example_complex.py for tasks to queue
[2026-06-04T06:37:08.097+0000] {logging_mixin.py:188} INFO - [2026-06-04T06:37:08.096+0000] {dagbag.py:538} INFO - Filling up the DagBag from /home/airflow/.local/lib/python3.8/site-packages/airflow/example_dags/example_complex.py
[2026-06-04T06:37:08.103+0000] {processor.py:840} INFO - DAG(s) 'example_complex' retrieved from /home/airflow/.local/lib/python3.8/site-packages/airflow/example_dags/example_complex.py
[2026-06-04T06:37:08.155+0000] {logging_mixin.py:188} INFO - [2026-06-04T06:37:08.155+0000] {dag.py:3033} INFO - Sync 1 DAGs
[2026-06-04T06:37:08.161+0000] {logging_mixin.py:188} INFO - [2026-06-04T06:37:08.161+0000] {dag.py:3820} INFO - Setting next_dagrun for example_complex to None, run_after=None
[2026-06-04T06:37:08.174+0000] {processor.py:183} INFO - Processing /home/airflow/.local/lib/python3.8/site-packages/airflow/example_dags/example_complex.py took 0.084 seconds
[2026-06-04T06:37:38.274+0000] {processor.py:161} INFO - Started process (PID=202) to work on /home/airflow/.local/lib/python3.8/site-packages/airflow/example_dags/example_complex.py
[2026-06-04T06:37:38.275+0000] {processor.py:830} INFO - Processing file /home/airflow/.local/lib/python3.8/site-packages/airflow/example_dags/example_complex.py for tasks to queue
[2026-06-04T06:37:38.277+0000] {logging_mixin.py:188} INFO - [2026-06-04T06:37:38.277+0000] {dagbag.py:538} INFO - Filling up the DagBag from /home/airflow/.local/lib/python3.8/site-packages/airflow/example_dags/example_complex.py
[2026-06-04T06:37:38.283+0000] {processor.py:840} INFO - DAG(s) 'example_complex' retrieved from /home/airflow/.local/lib/python3.8/site-packages/airflow/example_dags/example_complex.py
[2026-06-04T06:37:38.298+0000] {logging_mixin.py:188} INFO - [2026-06-04T06:37:38.298+0000] {dag.py:3033} INFO - Sync 1 DAGs
[2026-06-04T06:37:38.302+0000] {logging_mixin.py:188} INFO - [2026-06-04T06:37:38.302+0000] {dag.py:3820} INFO - Setting next_dagrun for example_complex to None, run_after=None
[2026-06-04T06:37:38.312+0000] {processor.py:183} INFO - Processing /home/airflow/.local/lib/python3.8/site-packages/airflow/example_dags/example_complex.py took 0.039 seconds
[2026-06-04T06:38:09.061+0000] {processor.py:161} INFO - Started process (PID=258) to work on /home/airflow/.local/lib/python3.8/site-packages/airflow/example_dags/example_complex.py
[2026-06-04T06:38:09.061+0000] {processor.py:830} INFO - Processing file /home/airflow/.local/lib/python3.8/site-packages/airflow/example_dags/example_complex.py for tasks to queue
[2026-06-04T06:38:09.062+0000] {logging_mixin.py:188} INFO - [2026-06-04T06:38:09.062+0000] {dagbag.py:538} INFO - Filling up the DagBag from /home/airflow/.local/lib/python3.8/site-packages/airflow/example_dags/example_complex.py
[2026-06-04T06:38:09.066+0000] {processor.py:840} INFO - DAG(s) 'example_complex' retrieved from /home/airflow/.local/lib/python3.8/site-packages/airflow/example_dags/example_complex.py
[2026-06-04T06:38:09.079+0000] {logging_mixin.py:188} INFO - [2026-06-04T06:38:09.079+0000] {dag.py:3033} INFO - Sync 1 DAGs
[2026-06-04T06:38:09.083+0000] {logging_mixin.py:188} INFO - [2026-06-04T06:38:09.083+0000] {dag.py:3820} INFO - Setting next_dagrun for example_complex to None, run_after=None
[2026-06-04T06:38:09.090+0000] {processor.py:183} INFO - Processing /home/airflow/.local/lib/python3.8/site-packages/airflow/example_dags/example_complex.py took 0.030 seconds
[2026-06-04T06:38:39.163+0000] {processor.py:161} INFO - Started process (PID=314) to work on /home/airflow/.local/lib/python3.8/site-packages/airflow/example_dags/example_complex.py
[2026-06-04T06:38:39.164+0000] {processor.py:830} INFO - Processing file /home/airflow/.local/lib/python3.8/site-packages/airflow/example_dags/example_complex.py for tasks to queue
[2026-06-04T06:38:39.165+0000] {logging_mixin.py:188} INFO - [2026-06-04T06:38:39.165+0000] {dagbag.py:538} INFO - Filling up the DagBag from /home/airflow/.local/lib/python3.8/site-packages/airflow/example_dags/example_complex.py
[2026-06-04T06:38:39.169+0000] {processor.py:840} INFO - DAG(s) 'example_complex' retrieved from /home/airflow/.local/lib/python3.8/site-packages/airflow/example_dags/example_complex.py
[2026-06-04T06:38:39.182+0000] {logging_mixin.py:188} INFO - [2026-06-04T06:38:39.182+0000] {dag.py:3033} INFO - Sync 1 DAGs
[2026-06-04T06:38:39.189+0000] {logging_mixin.py:188} INFO - [2026-06-04T06:38:39.188+0000] {dag.py:3820} INFO - Setting next_dagrun for example_complex to None, run_after=None
[2026-06-04T06:38:39.199+0000] {processor.py:183} INFO - Processing /home/airflow/.local/lib/python3.8/site-packages/airflow/example_dags/example_complex.py took 0.037 seconds
[2026-06-04T06:39:09.936+0000] {processor.py:161} INFO - Started process (PID=369) to work on /home/airflow/.local/lib/python3.8/site-packages/airflow/example_dags/example_complex.py
[2026-06-04T06:39:09.938+0000] {processor.py:830} INFO - Processing file /home/airflow/.local/lib/python3.8/site-packages/airflow/example_dags/example_complex.py for tasks to queue
[2026-06-04T06:39:09.939+0000] {logging_mixin.py:188} INFO - [2026-06-04T06:39:09.938+0000] {dagbag.py:538} INFO - Filling up the DagBag from /home/airflow/.local/lib/python3.8/site-packages/airflow/example_dags/example_complex.py
[2026-06-04T06:39:09.944+0000] {processor.py:840} INFO - DAG(s) 'example_complex' retrieved from /home/airflow/.local/lib/python3.8/site-packages/airflow/example_dags/example_complex.py
[2026-06-04T06:39:09.958+0000] {logging_mixin.py:188} INFO - [2026-06-04T06:39:09.957+0000] {dag.py:3033} INFO - Sync 1 DAGs
[2026-06-04T06:39:09.963+0000] {logging_mixin.py:188} INFO - [2026-06-04T06:39:09.962+0000] {dag.py:3820} INFO - Setting next_dagrun for example_complex to None, run_after=None
[2026-06-04T06:39:09.974+0000] {processor.py:183} INFO - Processing /home/airflow/.local/lib/python3.8/site-packages/airflow/example_dags/example_complex.py took 0.039 seconds
[2026-06-04T06:39:40.986+0000] {processor.py:161} INFO - Started process (PID=425) to work on /home/airflow/.local/lib/python3.8/site-packages/airflow/example_dags/example_complex.py
[2026-06-04T06:39:40.986+0000] {processor.py:830} INFO - Processing file /home/airflow/.local/lib/python3.8/site-packages/airflow/example_dags/example_complex.py for tasks to queue
[2026-06-04T06:39:40.987+0000] {logging_mixin.py:188} INFO - [2026-06-04T06:39:40.987+0000] {dagbag.py:538} INFO - Filling up the DagBag from /home/airflow/.local/lib/python3.8/site-packages/airflow/example_dags/example_complex.py
[2026-06-04T06:39:40.994+0000] {processor.py:840} INFO - DAG(s) 'example_complex' retrieved from /home/airflow/.local/lib/python3.8/site-packages/airflow/example_dags/example_complex.py
[2026-06-04T06:39:41.010+0000] {logging_mixin.py:188} INFO - [2026-06-04T06:39:41.010+0000] {dag.py:3033} INFO - Sync 1 DAGs
[2026-06-04T06:39:41.016+0000] {logging_mixin.py:188} INFO - [2026-06-04T06:39:41.016+0000] {dag.py:3820} INFO - Setting next_dagrun for example_complex to None, run_after=None
[2026-06-04T06:39:41.025+0000] {processor.py:183} INFO - Processing /home/airflow/.local/lib/python3.8/site-packages/airflow/example_dags/example_complex.py took 0.041 seconds
[2026-06-04T06:40:11.799+0000] {processor.py:161} INFO - Started process (PID=481) to work on /home/airflow/.local/lib/python3.8/site-packages/airflow/example_dags/example_complex.py
[2026-06-04T06:40:11.800+0000] {processor.py:830} INFO - Processing file /home/airflow/.local/lib/python3.8/site-packages/airflow/example_dags/example_complex.py for tasks to queue
[2026-06-04T06:40:11.801+0000] {logging_mixin.py:188} INFO - [2026-06-04T06:40:11.801+0000] {dagbag.py:538} INFO - Filling up the DagBag from /home/airflow/.local/lib/python3.8/site-packages/airflow/example_dags/example_complex.py
[2026-06-04T06:40:11.806+0000] {processor.py:840} INFO - DAG(s) 'example_complex' retrieved from /home/airflow/.local/lib/python3.8/site-packages/airflow/example_dags/example_complex.py
[2026-06-04T06:40:11.822+0000] {logging_mixin.py:188} INFO - [2026-06-04T06:40:11.821+0000] {dag.py:3033} INFO - Sync 1 DAGs
[2026-06-04T06:40:11.827+0000] {logging_mixin.py:188} INFO - [2026-06-04T06:40:11.827+0000] {dag.py:3820} INFO - Setting next_dagrun for example_complex to None, run_after=None
[2026-06-04T06:40:11.838+0000] {processor.py:183} INFO - Processing /home/airflow/.local/lib/python3.8/site-packages/airflow/example_dags/example_complex.py took 0.040 seconds
[2026-06-04T06:40:42.943+0000] {processor.py:161} INFO - Started process (PID=537) to work on /home/airflow/.local/lib/python3.8/site-packages/airflow/example_dags/example_complex.py
[2026-06-04T06:40:42.944+0000] {processor.py:830} INFO - Processing file /home/airflow/.local/lib/python3.8/site-packages/airflow/example_dags/example_complex.py for tasks to queue
[2026-06-04T06:40:42.945+0000] {logging_mixin.py:188} INFO - [2026-06-04T06:40:42.945+0000] {dagbag.py:538} INFO - Filling up the DagBag from /home/airflow/.local/lib/python3.8/site-packages/airflow/example_dags/example_complex.py
[2026-06-04T06:40:42.949+0000] {processor.py:840} INFO - DAG(s) 'example_complex' retrieved from /home/airflow/.local/lib/python3.8/site-packages/airflow/example_dags/example_complex.py
[2026-06-04T06:40:42.966+0000] {logging_mixin.py:188} INFO - [2026-06-04T06:40:42.966+0000] {dag.py:3033} INFO - Sync 1 DAGs
[2026-06-04T06:40:42.971+0000] {logging_mixin.py:188} INFO - [2026-06-04T06:40:42.971+0000] {dag.py:3820} INFO - Setting next_dagrun for example_complex to None, run_after=None
[2026-06-04T06:40:42.977+0000] {processor.py:183} INFO - Processing /home/airflow/.local/lib/python3.8/site-packages/airflow/example_dags/example_complex.py took 0.035 seconds
[2026-06-04T06:41:13.737+0000] {processor.py:161} INFO - Started process (PID=593) to work on /home/airflow/.local/lib/python3.8/site-packages/airflow/example_dags/example_complex.py
[2026-06-04T06:41:13.738+0000] {processor.py:830} INFO - Processing file /home/airflow/.local/lib/python3.8/site-packages/airflow/example_dags/example_complex.py for tasks to queue
[2026-06-04T06:41:13.739+0000] {logging_mixin.py:188} INFO - [2026-06-04T06:41:13.739+0000] {dagbag.py:538} INFO - Filling up the DagBag from /home/airflow/.local/lib/python3.8/site-packages/airflow/example_dags/example_complex.py
[2026-06-04T06:41:13.744+0000] {processor.py:840} INFO - DAG(s) 'example_complex' retrieved from /home/airflow/.local/lib/python3.8/site-packages/airflow/example_dags/example_complex.py
[2026-06-04T06:41:13.760+0000] {logging_mixin.py:188} INFO - [2026-06-04T06:41:13.760+0000] {dag.py:3033} INFO - Sync 1 DAGs
[2026-06-04T06:41:13.767+0000] {logging_mixin.py:188} INFO - [2026-06-04T06:41:13.767+0000] {dag.py:3820} INFO - Setting next_dagrun for example_complex to None, run_after=None
[2026-06-04T06:41:13.775+0000] {processor.py:183} INFO - Processing /home/airflow/.local/lib/python3.8/site-packages/airflow/example_dags/example_complex.py took 0.039 seconds
[2026-06-04T06:41:44.549+0000] {processor.py:161} INFO - Started process (PID=649) to work on /home/airflow/.local/lib/python3.8/site-packages/airflow/example_dags/example_complex.py
[2026-06-04T06:41:44.550+0000] {processor.py:830} INFO - Processing file /home/airflow/.local/lib/python3.8/site-packages/airflow/example_dags/example_complex.py for tasks to queue
[2026-06-04T06:41:44.550+0000] {logging_mixin.py:188} INFO - [2026-06-04T06:41:44.550+0000] {dagbag.py:538} INFO - Filling up the DagBag from /home/airflow/.local/lib/python3.8/site-packages/airflow/example_dags/example_complex.py
[2026-06-04T06:41:44.554+0000] {processor.py:840} INFO - DAG(s) 'example_complex' retrieved from /home/airflow/.local/lib/python3.8/site-packages/airflow/example_dags/example_complex.py
[2026-06-04T06:41:44.566+0000] {logging_mixin.py:188} INFO - [2026-06-04T06:41:44.566+0000] {dag.py:3033} INFO - Sync 1 DAGs
[2026-06-04T06:41:44.570+0000] {logging_mixin.py:188} INFO - [2026-06-04T06:41:44.570+0000] {dag.py:3820} INFO - Setting next_dagrun for example_complex to None, run_after=None
[2026-06-04T06:41:44.575+0000] {processor.py:183} INFO - Processing /home/airflow/.local/lib/python3.8/site-packages/airflow/example_dags/example_complex.py took 0.027 seconds
[2026-06-04T06:42:15.711+0000] {processor.py:161} INFO - Started process (PID=705) to work on /home/airflow/.local/lib/python3.8/site-packages/airflow/example_dags/example_complex.py
[2026-06-04T06:42:15.712+0000] {processor.py:830} INFO - Processing file /home/airflow/.local/lib/python3.8/site-packages/airflow/example_dags/example_complex.py for tasks to queue
[2026-06-04T06:42:15.713+0000] {logging_mixin.py:188} INFO - [2026-06-04T06:42:15.713+0000] {dagbag.py:538} INFO - Filling up the DagBag from /home/airflow/.local/lib/python3.8/site-packages/airflow/example_dags/example_complex.py
[2026-06-04T06:42:15.717+0000] {processor.py:840} INFO - DAG(s) 'example_complex' retrieved from /home/airflow/.local/lib/python3.8/site-packages/airflow/example_dags/example_complex.py
[2026-06-04T06:42:15.729+0000] {logging_mixin.py:188} INFO - [2026-06-04T06:42:15.729+0000] {dag.py:3033} INFO - Sync 1 DAGs
[2026-06-04T06:42:15.733+0000] {logging_mixin.py:188} INFO - [2026-06-04T06:42:15.733+0000] {dag.py:3820} INFO - Setting next_dagrun for example_complex to None, run_after=None
[2026-06-04T06:42:15.739+0000] {processor.py:183} INFO - Processing /home/airflow/.local/lib/python3.8/site-packages/airflow/example_dags/example_complex.py took 0.029 seconds
[2026-06-04T06:42:46.014+0000] {processor.py:161} INFO - Started process (PID=761) to work on /home/airflow/.local/lib/python3.8/site-packages/airflow/example_dags/example_complex.py
[2026-06-04T06:42:46.014+0000] {processor.py:830} INFO - Processing file /home/airflow/.local/lib/python3.8/site-packages/airflow/example_dags/example_complex.py for tasks to queue
[2026-06-04T06:42:46.016+0000] {logging_mixin.py:188} INFO - [2026-06-04T06:42:46.016+0000] {dagbag.py:538} INFO - Filling up the DagBag from /home/airflow/.local/lib/python3.8/site-packages/airflow/example_dags/example_complex.py
[2026-06-04T06:42:46.022+0000] {processor.py:840} INFO - DAG(s) 'example_complex' retrieved from /home/airflow/.local/lib/python3.8/site-packages/airflow/example_dags/example_complex.py
[2026-06-04T06:42:46.038+0000] {logging_mixin.py:188} INFO - [2026-06-04T06:42:46.038+0000] {dag.py:3033} INFO - Sync 1 DAGs
[2026-06-04T06:42:46.044+0000] {logging_mixin.py:188} INFO - [2026-06-04T06:42:46.044+0000] {dag.py:3820} INFO - Setting next_dagrun for example_complex to None, run_after=None
[2026-06-04T06:42:46.062+0000] {processor.py:183} INFO - Processing /home/airflow/.local/lib/python3.8/site-packages/airflow/example_dags/example_complex.py took 0.051 seconds
[2026-06-04T06:43:16.212+0000] {processor.py:161} INFO - Started process (PID=817) to work on /home/airflow/.local/lib/python3.8/site-packages/airflow/example_dags/example_complex.py
[2026-06-04T06:43:16.216+0000] {processor.py:830} INFO - Processing file /home/airflow/.local/lib/python3.8/site-packages/airflow/example_dags/example_complex.py for tasks to queue
[2026-06-04T06:43:16.217+0000] {logging_mixin.py:188} INFO - [2026-06-04T06:43:16.217+0000] {dagbag.py:538} INFO - Filling up the DagBag from /home/airflow/.local/lib/python3.8/site-packages/airflow/example_dags/example_complex.py
[2026-06-04T06:43:16.223+0000] {processor.py:840} INFO - DAG(s) 'example_complex' retrieved from /home/airflow/.local/lib/python3.8/site-packages/airflow/example_dags/example_complex.py
[2026-06-04T06:43:16.241+0000] {logging_mixin.py:188} INFO - [2026-06-04T06:43:16.241+0000] {dag.py:3033} INFO - Sync 1 DAGs
[2026-06-04T06:43:16.246+0000] {logging_mixin.py:188} INFO - [2026-06-04T06:43:16.246+0000] {dag.py:3820} INFO - Setting next_dagrun for example_complex to None, run_after=None
[2026-06-04T06:43:16.263+0000] {processor.py:183} INFO - Processing /home/airflow/.local/lib/python3.8/site-packages/airflow/example_dags/example_complex.py took 0.052 seconds
[2026-06-04T06:43:46.307+0000] {processor.py:161} INFO - Started process (PID=873) to work on /home/airflow/.local/lib/python3.8/site-packages/airflow/example_dags/example_complex.py
[2026-06-04T06:43:46.308+0000] {processor.py:830} INFO - Processing file /home/airflow/.local/lib/python3.8/site-packages/airflow/example_dags/example_complex.py for tasks to queue
[2026-06-04T06:43:46.309+0000] {logging_mixin.py:188} INFO - [2026-06-04T06:43:46.309+0000] {dagbag.py:538} INFO - Filling up the DagBag from /home/airflow/.local/lib/python3.8/site-packages/airflow/example_dags/example_complex.py
[2026-06-04T06:43:46.314+0000] {processor.py:840} INFO - DAG(s) 'example_complex' retrieved from /home/airflow/.local/lib/python3.8/site-packages/airflow/example_dags/example_complex.py
[2026-06-04T06:43:46.326+0000] {logging_mixin.py:188} INFO - [2026-06-04T06:43:46.326+0000] {dag.py:3033} INFO - Sync 1 DAGs
[2026-06-04T06:43:46.331+0000] {logging_mixin.py:188} INFO - [2026-06-04T06:43:46.331+0000] {dag.py:3820} INFO - Setting next_dagrun for example_complex to None, run_after=None
[2026-06-04T06:43:46.341+0000] {processor.py:183} INFO - Processing /home/airflow/.local/lib/python3.8/site-packages/airflow/example_dags/example_complex.py took 0.036 seconds
[2026-06-04T06:44:16.493+0000] {processor.py:161} INFO - Started process (PID=929) to work on /home/airflow/.local/lib/python3.8/site-packages/airflow/example_dags/example_complex.py
[2026-06-04T06:44:16.494+0000] {processor.py:830} INFO - Processing file /home/airflow/.local/lib/python3.8/site-packages/airflow/example_dags/example_complex.py for tasks to queue
[2026-06-04T06:44:16.494+0000] {logging_mixin.py:188} INFO - [2026-06-04T06:44:16.494+0000] {dagbag.py:538} INFO - Filling up the DagBag from /home/airflow/.local/lib/python3.8/site-packages/airflow/example_dags/example_complex.py
[2026-06-04T06:44:16.498+0000] {processor.py:840} INFO - DAG(s) 'example_complex' retrieved from /home/airflow/.local/lib/python3.8/site-packages/airflow/example_dags/example_complex.py
[2026-06-04T06:44:16.510+0000] {logging_mixin.py:188} INFO - [2026-06-04T06:44:16.510+0000] {dag.py:3033} INFO - Sync 1 DAGs
[2026-06-04T06:44:16.514+0000] {logging_mixin.py:188} INFO - [2026-06-04T06:44:16.514+0000] {dag.py:3820} INFO - Setting next_dagrun for example_complex to None, run_after=None
[2026-06-04T06:44:16.520+0000] {processor.py:183} INFO - Processing /home/airflow/.local/lib/python3.8/site-packages/airflow/example_dags/example_complex.py took 0.028 seconds
[2026-06-04T06:44:47.389+0000] {processor.py:161} INFO - Started process (PID=984) to work on /home/airflow/.local/lib/python3.8/site-packages/airflow/example_dags/example_complex.py
[2026-06-04T06:44:47.390+0000] {processor.py:830} INFO - Processing file /home/airflow/.local/lib/python3.8/site-packages/airflow/example_dags/example_complex.py for tasks to queue
[2026-06-04T06:44:47.391+0000] {logging_mixin.py:188} INFO - [2026-06-04T06:44:47.391+0000] {dagbag.py:538} INFO - Filling up the DagBag from /home/airflow/.local/lib/python3.8/site-packages/airflow/example_dags/example_complex.py
[2026-06-04T06:44:47.398+0000] {processor.py:840} INFO - DAG(s) 'example_complex' retrieved from /home/airflow/.local/lib/python3.8/site-packages/airflow/example_dags/example_complex.py
[2026-06-04T06:44:47.422+0000] {logging_mixin.py:188} INFO - [2026-06-04T06:44:47.422+0000] {dag.py:3033} INFO - Sync 1 DAGs
[2026-06-04T06:44:47.427+0000] {logging_mixin.py:188} INFO - [2026-06-04T06:44:47.427+0000] {dag.py:3820} INFO - Setting next_dagrun for example_complex to None, run_after=None
[2026-06-04T06:44:47.436+0000] {processor.py:183} INFO - Processing /home/airflow/.local/lib/python3.8/site-packages/airflow/example_dags/example_complex.py took 0.050 seconds
[2026-06-04T06:45:18.496+0000] {processor.py:161} INFO - Started process (PID=1040) to work on /home/airflow/.local/lib/python3.8/site-packages/airflow/example_dags/example_complex.py
[2026-06-04T06:45:18.496+0000] {processor.py:830} INFO - Processing file /home/airflow/.local/lib/python3.8/site-packages/airflow/example_dags/example_complex.py for tasks to queue
[2026-06-04T06:45:18.497+0000] {logging_mixin.py:188} INFO - [2026-06-04T06:45:18.497+0000] {dagbag.py:538} INFO - Filling up the DagBag from /home/airflow/.local/lib/python3.8/site-packages/airflow/example_dags/example_complex.py
[2026-06-04T06:45:18.505+0000] {processor.py:840} INFO - DAG(s) 'example_complex' retrieved from /home/airflow/.local/lib/python3.8/site-packages/airflow/example_dags/example_complex.py
[2026-06-04T06:45:18.520+0000] {logging_mixin.py:188} INFO - [2026-06-04T06:45:18.519+0000] {dag.py:3033} INFO - Sync 1 DAGs
[2026-06-04T06:45:18.525+0000] {logging_mixin.py:188} INFO - [2026-06-04T06:45:18.525+0000] {dag.py:3820} INFO - Setting next_dagrun for example_complex to None, run_after=None
[2026-06-04T06:45:18.533+0000] {processor.py:183} INFO - Processing /home/airflow/.local/lib/python3.8/site-packages/airflow/example_dags/example_complex.py took 0.039 seconds
[2026-06-04T06:45:48.639+0000] {processor.py:161} INFO - Started process (PID=1095) to work on /home/airflow/.local/lib/python3.8/site-packages/airflow/example_dags/example_complex.py
[2026-06-04T06:45:48.640+0000] {processor.py:830} INFO - Processing file /home/airflow/.local/lib/python3.8/site-packages/airflow/example_dags/example_complex.py for tasks to queue
[2026-06-04T06:45:48.640+0000] {logging_mixin.py:188} INFO - [2026-06-04T06:45:48.640+0000] {dagbag.py:538} INFO - Filling up the DagBag from /home/airflow/.local/lib/python3.8/site-packages/airflow/example_dags/example_complex.py
[2026-06-04T06:45:48.644+0000] {processor.py:840} INFO - DAG(s) 'example_complex' retrieved from /home/airflow/.local/lib/python3.8/site-packages/airflow/example_dags/example_complex.py
[2026-06-04T06:45:48.658+0000] {logging_mixin.py:188} INFO - [2026-06-04T06:45:48.658+0000] {dag.py:3033} INFO - Sync 1 DAGs
[2026-06-04T06:45:48.663+0000] {logging_mixin.py:188} INFO - [2026-06-04T06:45:48.663+0000] {dag.py:3820} INFO - Setting next_dagrun for example_complex to None, run_after=None
[2026-06-04T06:45:48.669+0000] {processor.py:183} INFO - Processing /home/airflow/.local/lib/python3.8/site-packages/airflow/example_dags/example_complex.py took 0.032 seconds
[2026-06-04T06:46:19.619+0000] {processor.py:161} INFO - Started process (PID=1152) to work on /home/airflow/.local/lib/python3.8/site-packages/airflow/example_dags/example_complex.py
[2026-06-04T06:46:19.619+0000] {processor.py:830} INFO - Processing file /home/airflow/.local/lib/python3.8/site-packages/airflow/example_dags/example_complex.py for tasks to queue
[2026-06-04T06:46:19.620+0000] {logging_mixin.py:188} INFO - [2026-06-04T06:46:19.620+0000] {dagbag.py:538} INFO - Filling up the DagBag from /home/airflow/.local/lib/python3.8/site-packages/airflow/example_dags/example_complex.py
[2026-06-04T06:46:19.625+0000] {processor.py:840} INFO - DAG(s) 'example_complex' retrieved from /home/airflow/.local/lib/python3.8/site-packages/airflow/example_dags/example_complex.py
[2026-06-04T06:46:19.640+0000] {logging_mixin.py:188} INFO - [2026-06-04T06:46:19.640+0000] {dag.py:3033} INFO - Sync 1 DAGs
[2026-06-04T06:46:19.647+0000] {logging_mixin.py:188} INFO - [2026-06-04T06:46:19.647+0000] {dag.py:3820} INFO - Setting next_dagrun for example_complex to None, run_after=None
[2026-06-04T06:46:19.657+0000] {processor.py:183} INFO - Processing /home/airflow/.local/lib/python3.8/site-packages/airflow/example_dags/example_complex.py took 0.040 seconds
[2026-06-04T06:46:49.804+0000] {processor.py:161} INFO - Started process (PID=1207) to work on /home/airflow/.local/lib/python3.8/site-packages/airflow/example_dags/example_complex.py
[2026-06-04T06:46:49.805+0000] {processor.py:830} INFO - Processing file /home/airflow/.local/lib/python3.8/site-packages/airflow/example_dags/example_complex.py for tasks to queue
[2026-06-04T06:46:49.805+0000] {logging_mixin.py:188} INFO - [2026-06-04T06:46:49.805+0000] {dagbag.py:538} INFO - Filling up the DagBag from /home/airflow/.local/lib/python3.8/site-packages/airflow/example_dags/example_complex.py
[2026-06-04T06:46:49.811+0000] {processor.py:840} INFO - DAG(s) 'example_complex' retrieved from /home/airflow/.local/lib/python3.8/site-packages/airflow/example_dags/example_complex.py
[2026-06-04T06:46:49.827+0000] {logging_mixin.py:188} INFO - [2026-06-04T06:46:49.826+0000] {dag.py:3033} INFO - Sync 1 DAGs
[2026-06-04T06:46:49.833+0000] {logging_mixin.py:188} INFO - [2026-06-04T06:46:49.833+0000] {dag.py:3820} INFO - Setting next_dagrun for example_complex to None, run_after=None
[2026-06-04T06:46:49.839+0000] {processor.py:183} INFO - Processing /home/airflow/.local/lib/python3.8/site-packages/airflow/example_dags/example_complex.py took 0.037 seconds
[2026-06-04T06:47:19.976+0000] {processor.py:161} INFO - Started process (PID=1263) to work on /home/airflow/.local/lib/python3.8/site-packages/airflow/example_dags/example_complex.py
[2026-06-04T06:47:19.976+0000] {processor.py:830} INFO - Processing file /home/airflow/.local/lib/python3.8/site-packages/airflow/example_dags/example_complex.py for tasks to queue
[2026-06-04T06:47:19.977+0000] {logging_mixin.py:188} INFO - [2026-06-04T06:47:19.977+0000] {dagbag.py:538} INFO - Filling up the DagBag from /home/airflow/.local/lib/python3.8/site-packages/airflow/example_dags/example_complex.py
[2026-06-04T06:47:19.981+0000] {processor.py:840} INFO - DAG(s) 'example_complex' retrieved from /home/airflow/.local/lib/python3.8/site-packages/airflow/example_dags/example_complex.py
[2026-06-04T06:47:19.994+0000] {logging_mixin.py:188} INFO - [2026-06-04T06:47:19.993+0000] {dag.py:3033} INFO - Sync 1 DAGs
[2026-06-04T06:47:19.998+0000] {logging_mixin.py:188} INFO - [2026-06-04T06:47:19.998+0000] {dag.py:3820} INFO - Setting next_dagrun for example_complex to None, run_after=None
[2026-06-04T06:47:20.004+0000] {processor.py:183} INFO - Processing /home/airflow/.local/lib/python3.8/site-packages/airflow/example_dags/example_complex.py took 0.030 seconds
[2026-06-04T06:47:50.838+0000] {processor.py:161} INFO - Started process (PID=1319) to work on /home/airflow/.local/lib/python3.8/site-packages/airflow/example_dags/example_complex.py
[2026-06-04T06:47:50.839+0000] {processor.py:830} INFO - Processing file /home/airflow/.local/lib/python3.8/site-packages/airflow/example_dags/example_complex.py for tasks to queue
[2026-06-04T06:47:50.840+0000] {logging_mixin.py:188} INFO - [2026-06-04T06:47:50.839+0000] {dagbag.py:538} INFO - Filling up the DagBag from /home/airflow/.local/lib/python3.8/site-packages/airflow/example_dags/example_complex.py
[2026-06-04T06:47:50.844+0000] {processor.py:840} INFO - DAG(s) 'example_complex' retrieved from /home/airflow/.local/lib/python3.8/site-packages/airflow/example_dags/example_complex.py
[2026-06-04T06:47:50.856+0000] {logging_mixin.py:188} INFO - [2026-06-04T06:47:50.856+0000] {dag.py:3033} INFO - Sync 1 DAGs
[2026-06-04T06:47:50.860+0000] {logging_mixin.py:188} INFO - [2026-06-04T06:47:50.860+0000] {dag.py:3820} INFO - Setting next_dagrun for example_complex to None, run_after=None
[2026-06-04T06:47:50.866+0000] {processor.py:183} INFO - Processing /home/airflow/.local/lib/python3.8/site-packages/airflow/example_dags/example_complex.py took 0.030 seconds
[2026-06-04T06:48:21.681+0000] {processor.py:161} INFO - Started process (PID=1375) to work on /home/airflow/.local/lib/python3.8/site-packages/airflow/example_dags/example_complex.py
[2026-06-04T06:48:21.681+0000] {processor.py:830} INFO - Processing file /home/airflow/.local/lib/python3.8/site-packages/airflow/example_dags/example_complex.py for tasks to queue
[2026-06-04T06:48:21.682+0000] {logging_mixin.py:188} INFO - [2026-06-04T06:48:21.682+0000] {dagbag.py:538} INFO - Filling up the DagBag from /home/airflow/.local/lib/python3.8/site-packages/airflow/example_dags/example_complex.py
[2026-06-04T06:48:21.686+0000] {processor.py:840} INFO - DAG(s) 'example_complex' retrieved from /home/airflow/.local/lib/python3.8/site-packages/airflow/example_dags/example_complex.py
[2026-06-04T06:48:21.699+0000] {logging_mixin.py:188} INFO - [2026-06-04T06:48:21.699+0000] {dag.py:3033} INFO - Sync 1 DAGs
[2026-06-04T06:48:21.703+0000] {logging_mixin.py:188} INFO - [2026-06-04T06:48:21.703+0000] {dag.py:3820} INFO - Setting next_dagrun for example_complex to None, run_after=None
[2026-06-04T06:48:21.710+0000] {processor.py:183} INFO - Processing /home/airflow/.local/lib/python3.8/site-packages/airflow/example_dags/example_complex.py took 0.031 seconds
[2026-06-04T06:48:52.748+0000] {processor.py:161} INFO - Started process (PID=1431) to work on /home/airflow/.local/lib/python3.8/site-packages/airflow/example_dags/example_complex.py
[2026-06-04T06:48:52.749+0000] {processor.py:830} INFO - Processing file /home/airflow/.local/lib/python3.8/site-packages/airflow/example_dags/example_complex.py for tasks to queue
[2026-06-04T06:48:52.750+0000] {logging_mixin.py:188} INFO - [2026-06-04T06:48:52.749+0000] {dagbag.py:538} INFO - Filling up the DagBag from /home/airflow/.local/lib/python3.8/site-packages/airflow/example_dags/example_complex.py
[2026-06-04T06:48:52.754+0000] {processor.py:840} INFO - DAG(s) 'example_complex' retrieved from /home/airflow/.local/lib/python3.8/site-packages/airflow/example_dags/example_complex.py
[2026-06-04T06:48:52.781+0000] {logging_mixin.py:188} INFO - [2026-06-04T06:48:52.781+0000] {dag.py:3033} INFO - Sync 1 DAGs
[2026-06-04T06:48:52.786+0000] {logging_mixin.py:188} INFO - [2026-06-04T06:48:52.786+0000] {dag.py:3820} INFO - Setting next_dagrun for example_complex to None, run_after=None
[2026-06-04T06:48:52.793+0000] {processor.py:183} INFO - Processing /home/airflow/.local/lib/python3.8/site-packages/airflow/example_dags/example_complex.py took 0.046 seconds
[2026-06-04T06:49:22.847+0000] {processor.py:161} INFO - Started process (PID=1487) to work on /home/airflow/.local/lib/python3.8/site-packages/airflow/example_dags/example_complex.py
[2026-06-04T06:49:22.848+0000] {processor.py:830} INFO - Processing file /home/airflow/.local/lib/python3.8/site-packages/airflow/example_dags/example_complex.py for tasks to queue
[2026-06-04T06:49:22.849+0000] {logging_mixin.py:188} INFO - [2026-06-04T06:49:22.849+0000] {dagbag.py:538} INFO - Filling up the DagBag from /home/airflow/.local/lib/python3.8/site-packages/airflow/example_dags/example_complex.py
[2026-06-04T06:49:22.854+0000] {processor.py:840} INFO - DAG(s) 'example_complex' retrieved from /home/airflow/.local/lib/python3.8/site-packages/airflow/example_dags/example_complex.py
[2026-06-04T06:49:22.875+0000] {logging_mixin.py:188} INFO - [2026-06-04T06:49:22.874+0000] {dag.py:3033} INFO - Sync 1 DAGs
[2026-06-04T06:49:22.880+0000] {logging_mixin.py:188} INFO - [2026-06-04T06:49:22.880+0000] {dag.py:3820} INFO - Setting next_dagrun for example_complex to None, run_after=None
[2026-06-04T06:49:22.891+0000] {processor.py:183} INFO - Processing /home/airflow/.local/lib/python3.8/site-packages/airflow/example_dags/example_complex.py took 0.046 seconds
[2026-06-04T06:49:53.053+0000] {processor.py:161} INFO - Started process (PID=1543) to work on /home/airflow/.local/lib/python3.8/site-packages/airflow/example_dags/example_complex.py
[2026-06-04T06:49:53.055+0000] {processor.py:830} INFO - Processing file /home/airflow/.local/lib/python3.8/site-packages/airflow/example_dags/example_complex.py for tasks to queue
[2026-06-04T06:49:53.055+0000] {logging_mixin.py:188} INFO - [2026-06-04T06:49:53.055+0000] {dagbag.py:538} INFO - Filling up the DagBag from /home/airflow/.local/lib/python3.8/site-packages/airflow/example_dags/example_complex.py
[2026-06-04T06:49:53.060+0000] {processor.py:840} INFO - DAG(s) 'example_complex' retrieved from /home/airflow/.local/lib/python3.8/site-packages/airflow/example_dags/example_complex.py
[2026-06-04T06:49:53.072+0000] {logging_mixin.py:188} INFO - [2026-06-04T06:49:53.072+0000] {dag.py:3033} INFO - Sync 1 DAGs
[2026-06-04T06:49:53.076+0000] {logging_mixin.py:188} INFO - [2026-06-04T06:49:53.076+0000] {dag.py:3820} INFO - Setting next_dagrun for example_complex to None, run_after=None
[2026-06-04T06:49:53.083+0000] {processor.py:183} INFO - Processing /home/airflow/.local/lib/python3.8/site-packages/airflow/example_dags/example_complex.py took 0.031 seconds
[2026-06-04T06:50:23.161+0000] {processor.py:161} INFO - Started process (PID=1599) to work on /home/airflow/.local/lib/python3.8/site-packages/airflow/example_dags/example_complex.py
[2026-06-04T06:50:23.162+0000] {processor.py:830} INFO - Processing file /home/airflow/.local/lib/python3.8/site-packages/airflow/example_dags/example_complex.py for tasks to queue
[2026-06-04T06:50:23.162+0000] {logging_mixin.py:188} INFO - [2026-06-04T06:50:23.162+0000] {dagbag.py:538} INFO - Filling up the DagBag from /home/airflow/.local/lib/python3.8/site-packages/airflow/example_dags/example_complex.py
[2026-06-04T06:50:23.167+0000] {processor.py:840} INFO - DAG(s) 'example_complex' retrieved from /home/airflow/.local/lib/python3.8/site-packages/airflow/example_dags/example_complex.py
[2026-06-04T06:50:23.179+0000] {logging_mixin.py:188} INFO - [2026-06-04T06:50:23.179+0000] {dag.py:3033} INFO - Sync 1 DAGs
[2026-06-04T06:50:23.184+0000] {logging_mixin.py:188} INFO - [2026-06-04T06:50:23.184+0000] {dag.py:3820} INFO - Setting next_dagrun for example_complex to None, run_after=None
[2026-06-04T06:50:23.193+0000] {processor.py:183} INFO - Processing /home/airflow/.local/lib/python3.8/site-packages/airflow/example_dags/example_complex.py took 0.033 seconds
[2026-06-04T06:50:54.385+0000] {processor.py:161} INFO - Started process (PID=1655) to work on /home/airflow/.local/lib/python3.8/site-packages/airflow/example_dags/example_complex.py
[2026-06-04T06:50:54.386+0000] {processor.py:830} INFO - Processing file /home/airflow/.local/lib/python3.8/site-packages/airflow/example_dags/example_complex.py for tasks to queue
[2026-06-04T06:50:54.387+0000] {logging_mixin.py:188} INFO - [2026-06-04T06:50:54.387+0000] {dagbag.py:538} INFO - Filling up the DagBag from /home/airflow/.local/lib/python3.8/site-packages/airflow/example_dags/example_complex.py
[2026-06-04T06:50:54.392+0000] {processor.py:840} INFO - DAG(s) 'example_complex' retrieved from /home/airflow/.local/lib/python3.8/site-packages/airflow/example_dags/example_complex.py
[2026-06-04T06:50:54.404+0000] {logging_mixin.py:188} INFO - [2026-06-04T06:50:54.404+0000] {dag.py:3033} INFO - Sync 1 DAGs
[2026-06-04T06:50:54.410+0000] {logging_mixin.py:188} INFO - [2026-06-04T06:50:54.410+0000] {dag.py:3820} INFO - Setting next_dagrun for example_complex to None, run_after=None
[2026-06-04T06:50:54.417+0000] {processor.py:183} INFO - Processing /home/airflow/.local/lib/python3.8/site-packages/airflow/example_dags/example_complex.py took 0.033 seconds
[2026-06-04T06:51:25.318+0000] {processor.py:161} INFO - Started process (PID=1711) to work on /home/airflow/.local/lib/python3.8/site-packages/airflow/example_dags/example_complex.py
[2026-06-04T06:51:25.318+0000] {processor.py:830} INFO - Processing file /home/airflow/.local/lib/python3.8/site-packages/airflow/example_dags/example_complex.py for tasks to queue
[2026-06-04T06:51:25.319+0000] {logging_mixin.py:188} INFO - [2026-06-04T06:51:25.319+0000] {dagbag.py:538} INFO - Filling up the DagBag from /home/airflow/.local/lib/python3.8/site-packages/airflow/example_dags/example_complex.py
[2026-06-04T06:51:25.324+0000] {processor.py:840} INFO - DAG(s) 'example_complex' retrieved from /home/airflow/.local/lib/python3.8/site-packages/airflow/example_dags/example_complex.py
[2026-06-04T06:51:25.340+0000] {logging_mixin.py:188} INFO - [2026-06-04T06:51:25.340+0000] {dag.py:3033} INFO - Sync 1 DAGs
[2026-06-04T06:51:25.347+0000] {logging_mixin.py:188} INFO - [2026-06-04T06:51:25.347+0000] {dag.py:3820} INFO - Setting next_dagrun for example_complex to None, run_after=None
[2026-06-04T06:51:25.358+0000] {processor.py:183} INFO - Processing /home/airflow/.local/lib/python3.8/site-packages/airflow/example_dags/example_complex.py took 0.041 seconds
[2026-06-04T06:51:56.054+0000] {processor.py:161} INFO - Started process (PID=1767) to work on /home/airflow/.local/lib/python3.8/site-packages/airflow/example_dags/example_complex.py
[2026-06-04T06:51:56.055+0000] {processor.py:830} INFO - Processing file /home/airflow/.local/lib/python3.8/site-packages/airflow/example_dags/example_complex.py for tasks to queue
[2026-06-04T06:51:56.056+0000] {logging_mixin.py:188} INFO - [2026-06-04T06:51:56.056+0000] {dagbag.py:538} INFO - Filling up the DagBag from /home/airflow/.local/lib/python3.8/site-packages/airflow/example_dags/example_complex.py
[2026-06-04T06:51:56.062+0000] {processor.py:840} INFO - DAG(s) 'example_complex' retrieved from /home/airflow/.local/lib/python3.8/site-packages/airflow/example_dags/example_complex.py
[2026-06-04T06:51:56.086+0000] {logging_mixin.py:188} INFO - [2026-06-04T06:51:56.086+0000] {dag.py:3033} INFO - Sync 1 DAGs
[2026-06-04T06:51:56.093+0000] {logging_mixin.py:188} INFO - [2026-06-04T06:51:56.093+0000] {dag.py:3820} INFO - Setting next_dagrun for example_complex to None, run_after=None
[2026-06-04T06:51:56.102+0000] {processor.py:183} INFO - Processing /home/airflow/.local/lib/python3.8/site-packages/airflow/example_dags/example_complex.py took 0.050 seconds
[2026-06-04T06:52:26.394+0000] {processor.py:161} INFO - Started process (PID=1823) to work on /home/airflow/.local/lib/python3.8/site-packages/airflow/example_dags/example_complex.py
[2026-06-04T06:52:26.396+0000] {processor.py:830} INFO - Processing file /home/airflow/.local/lib/python3.8/site-packages/airflow/example_dags/example_complex.py for tasks to queue
[2026-06-04T06:52:26.397+0000] {logging_mixin.py:188} INFO - [2026-06-04T06:52:26.397+0000] {dagbag.py:538} INFO - Filling up the DagBag from /home/airflow/.local/lib/python3.8/site-packages/airflow/example_dags/example_complex.py
[2026-06-04T06:52:26.402+0000] {processor.py:840} INFO - DAG(s) 'example_complex' retrieved from /home/airflow/.local/lib/python3.8/site-packages/airflow/example_dags/example_complex.py
[2026-06-04T06:52:26.421+0000] {logging_mixin.py:188} INFO - [2026-06-04T06:52:26.421+0000] {dag.py:3033} INFO - Sync 1 DAGs
[2026-06-04T06:52:26.426+0000] {logging_mixin.py:188} INFO - [2026-06-04T06:52:26.426+0000] {dag.py:3820} INFO - Setting next_dagrun for example_complex to None, run_after=None
[2026-06-04T06:52:26.437+0000] {processor.py:183} INFO - Processing /home/airflow/.local/lib/python3.8/site-packages/airflow/example_dags/example_complex.py took 0.044 seconds
[2026-06-04T06:52:56.930+0000] {processor.py:161} INFO - Started process (PID=1879) to work on /home/airflow/.local/lib/python3.8/site-packages/airflow/example_dags/example_complex.py
[2026-06-04T06:52:56.931+0000] {processor.py:830} INFO - Processing file /home/airflow/.local/lib/python3.8/site-packages/airflow/example_dags/example_complex.py for tasks to queue
[2026-06-04T06:52:56.931+0000] {logging_mixin.py:188} INFO - [2026-06-04T06:52:56.931+0000] {dagbag.py:538} INFO - Filling up the DagBag from /home/airflow/.local/lib/python3.8/site-packages/airflow/example_dags/example_complex.py
[2026-06-04T06:52:56.936+0000] {processor.py:840} INFO - DAG(s) 'example_complex' retrieved from /home/airflow/.local/lib/python3.8/site-packages/airflow/example_dags/example_complex.py
[2026-06-04T06:52:56.952+0000] {logging_mixin.py:188} INFO - [2026-06-04T06:52:56.952+0000] {dag.py:3033} INFO - Sync 1 DAGs
[2026-06-04T06:52:56.958+0000] {logging_mixin.py:188} INFO - [2026-06-04T06:52:56.958+0000] {dag.py:3820} INFO - Setting next_dagrun for example_complex to None, run_after=None
[2026-06-04T06:52:56.969+0000] {processor.py:183} INFO - Processing /home/airflow/.local/lib/python3.8/site-packages/airflow/example_dags/example_complex.py took 0.043 seconds
[2026-06-04T06:53:28.778+0000] {processor.py:161} INFO - Started process (PID=1935) to work on /home/airflow/.local/lib/python3.8/site-packages/airflow/example_dags/example_complex.py
[2026-06-04T06:53:28.780+0000] {processor.py:830} INFO - Processing file /home/airflow/.local/lib/python3.8/site-packages/airflow/example_dags/example_complex.py for tasks to queue
[2026-06-04T06:53:28.781+0000] {logging_mixin.py:188} INFO - [2026-06-04T06:53:28.781+0000] {dagbag.py:538} INFO - Filling up the DagBag from /home/airflow/.local/lib/python3.8/site-packages/airflow/example_dags/example_complex.py
[2026-06-04T06:53:28.789+0000] {processor.py:840} INFO - DAG(s) 'example_complex' retrieved from /home/airflow/.local/lib/python3.8/site-packages/airflow/example_dags/example_complex.py
[2026-06-04T06:53:28.804+0000] {logging_mixin.py:188} INFO - [2026-06-04T06:53:28.804+0000] {dag.py:3033} INFO - Sync 1 DAGs
[2026-06-04T06:53:28.811+0000] {logging_mixin.py:188} INFO - [2026-06-04T06:53:28.811+0000] {dag.py:3820} INFO - Setting next_dagrun for example_complex to None, run_after=None
[2026-06-04T06:53:28.906+0000] {processor.py:183} INFO - Processing /home/airflow/.local/lib/python3.8/site-packages/airflow/example_dags/example_complex.py took 0.130 seconds
[2026-06-04T06:53:59.313+0000] {processor.py:161} INFO - Started process (PID=1991) to work on /home/airflow/.local/lib/python3.8/site-packages/airflow/example_dags/example_complex.py
[2026-06-04T06:53:59.313+0000] {processor.py:830} INFO - Processing file /home/airflow/.local/lib/python3.8/site-packages/airflow/example_dags/example_complex.py for tasks to queue
[2026-06-04T06:53:59.314+0000] {logging_mixin.py:188} INFO - [2026-06-04T06:53:59.314+0000] {dagbag.py:538} INFO - Filling up the DagBag from /home/airflow/.local/lib/python3.8/site-packages/airflow/example_dags/example_complex.py
[2026-06-04T06:53:59.319+0000] {processor.py:840} INFO - DAG(s) 'example_complex' retrieved from /home/airflow/.local/lib/python3.8/site-packages/airflow/example_dags/example_complex.py
[2026-06-04T06:53:59.334+0000] {logging_mixin.py:188} INFO - [2026-06-04T06:53:59.334+0000] {dag.py:3033} INFO - Sync 1 DAGs
[2026-06-04T06:53:59.339+0000] {logging_mixin.py:188} INFO - [2026-06-04T06:53:59.339+0000] {dag.py:3820} INFO - Setting next_dagrun for example_complex to None, run_after=None
[2026-06-04T06:53:59.349+0000] {processor.py:183} INFO - Processing /home/airflow/.local/lib/python3.8/site-packages/airflow/example_dags/example_complex.py took 0.038 seconds
[2026-06-04T06:54:30.339+0000] {processor.py:161} INFO - Started process (PID=2047) to work on /home/airflow/.local/lib/python3.8/site-packages/airflow/example_dags/example_complex.py
[2026-06-04T06:54:30.340+0000] {processor.py:830} INFO - Processing file /home/airflow/.local/lib/python3.8/site-packages/airflow/example_dags/example_complex.py for tasks to queue
[2026-06-04T06:54:30.341+0000] {logging_mixin.py:188} INFO - [2026-06-04T06:54:30.340+0000] {dagbag.py:538} INFO - Filling up the DagBag from /home/airflow/.local/lib/python3.8/site-packages/airflow/example_dags/example_complex.py
[2026-06-04T06:54:30.345+0000] {processor.py:840} INFO - DAG(s) 'example_complex' retrieved from /home/airflow/.local/lib/python3.8/site-packages/airflow/example_dags/example_complex.py
[2026-06-04T06:54:30.357+0000] {logging_mixin.py:188} INFO - [2026-06-04T06:54:30.357+0000] {dag.py:3033} INFO - Sync 1 DAGs
[2026-06-04T06:54:30.361+0000] {logging_mixin.py:188} INFO - [2026-06-04T06:54:30.361+0000] {dag.py:3820} INFO - Setting next_dagrun for example_complex to None, run_after=None
[2026-06-04T06:54:30.367+0000] {processor.py:183} INFO - Processing /home/airflow/.local/lib/python3.8/site-packages/airflow/example_dags/example_complex.py took 0.029 seconds
[2026-06-04T06:55:00.937+0000] {processor.py:161} INFO - Started process (PID=2103) to work on /home/airflow/.local/lib/python3.8/site-packages/airflow/example_dags/example_complex.py
[2026-06-04T06:55:00.938+0000] {processor.py:830} INFO - Processing file /home/airflow/.local/lib/python3.8/site-packages/airflow/example_dags/example_complex.py for tasks to queue
[2026-06-04T06:55:00.940+0000] {logging_mixin.py:188} INFO - [2026-06-04T06:55:00.940+0000] {dagbag.py:538} INFO - Filling up the DagBag from /home/airflow/.local/lib/python3.8/site-packages/airflow/example_dags/example_complex.py
[2026-06-04T06:55:00.946+0000] {processor.py:840} INFO - DAG(s) 'example_complex' retrieved from /home/airflow/.local/lib/python3.8/site-packages/airflow/example_dags/example_complex.py
[2026-06-04T06:55:00.966+0000] {logging_mixin.py:188} INFO - [2026-06-04T06:55:00.966+0000] {dag.py:3033} INFO - Sync 1 DAGs
[2026-06-04T06:55:00.973+0000] {logging_mixin.py:188} INFO - [2026-06-04T06:55:00.973+0000] {dag.py:3820} INFO - Setting next_dagrun for example_complex to None, run_after=None
[2026-06-04T06:55:00.984+0000] {processor.py:183} INFO - Processing /home/airflow/.local/lib/python3.8/site-packages/airflow/example_dags/example_complex.py took 0.048 seconds
[2026-06-04T06:55:31.756+0000] {processor.py:161} INFO - Started process (PID=2159) to work on /home/airflow/.local/lib/python3.8/site-packages/airflow/example_dags/example_complex.py
[2026-06-04T06:55:31.759+0000] {processor.py:830} INFO - Processing file /home/airflow/.local/lib/python3.8/site-packages/airflow/example_dags/example_complex.py for tasks to queue
[2026-06-04T06:55:31.762+0000] {logging_mixin.py:188} INFO - [2026-06-04T06:55:31.762+0000] {dagbag.py:538} INFO - Filling up the DagBag from /home/airflow/.local/lib/python3.8/site-packages/airflow/example_dags/example_complex.py
[2026-06-04T06:55:31.770+0000] {processor.py:840} INFO - DAG(s) 'example_complex' retrieved from /home/airflow/.local/lib/python3.8/site-packages/airflow/example_dags/example_complex.py
[2026-06-04T06:55:31.877+0000] {logging_mixin.py:188} INFO - [2026-06-04T06:55:31.877+0000] {dag.py:3033} INFO - Sync 1 DAGs
[2026-06-04T06:55:31.884+0000] {logging_mixin.py:188} INFO - [2026-06-04T06:55:31.883+0000] {dag.py:3820} INFO - Setting next_dagrun for example_complex to None, run_after=None
[2026-06-04T06:55:31.894+0000] {processor.py:183} INFO - Processing /home/airflow/.local/lib/python3.8/site-packages/airflow/example_dags/example_complex.py took 0.168 seconds
[2026-06-04T06:56:02.792+0000] {processor.py:161} INFO - Started process (PID=2215) to work on /home/airflow/.local/lib/python3.8/site-packages/airflow/example_dags/example_complex.py
[2026-06-04T06:56:02.793+0000] {processor.py:830} INFO - Processing file /home/airflow/.local/lib/python3.8/site-packages/airflow/example_dags/example_complex.py for tasks to queue
[2026-06-04T06:56:02.794+0000] {logging_mixin.py:188} INFO - [2026-06-04T06:56:02.794+0000] {dagbag.py:538} INFO - Filling up the DagBag from /home/airflow/.local/lib/python3.8/site-packages/airflow/example_dags/example_complex.py
[2026-06-04T06:56:02.799+0000] {processor.py:840} INFO - DAG(s) 'example_complex' retrieved from /home/airflow/.local/lib/python3.8/site-packages/airflow/example_dags/example_complex.py
[2026-06-04T06:56:02.820+0000] {logging_mixin.py:188} INFO - [2026-06-04T06:56:02.819+0000] {dag.py:3033} INFO - Sync 1 DAGs
[2026-06-04T06:56:02.939+0000] {logging_mixin.py:188} INFO - [2026-06-04T06:56:02.939+0000] {dag.py:3820} INFO - Setting next_dagrun for example_complex to None, run_after=None
[2026-06-04T06:56:02.960+0000] {processor.py:183} INFO - Processing /home/airflow/.local/lib/python3.8/site-packages/airflow/example_dags/example_complex.py took 0.169 seconds
[2026-06-04T06:56:33.573+0000] {processor.py:161} INFO - Started process (PID=2272) to work on /home/airflow/.local/lib/python3.8/site-packages/airflow/example_dags/example_complex.py
[2026-06-04T06:56:33.573+0000] {processor.py:830} INFO - Processing file /home/airflow/.local/lib/python3.8/site-packages/airflow/example_dags/example_complex.py for tasks to queue
[2026-06-04T06:56:33.574+0000] {logging_mixin.py:188} INFO - [2026-06-04T06:56:33.574+0000] {dagbag.py:538} INFO - Filling up the DagBag from /home/airflow/.local/lib/python3.8/site-packages/airflow/example_dags/example_complex.py
[2026-06-04T06:56:33.580+0000] {processor.py:840} INFO - DAG(s) 'example_complex' retrieved from /home/airflow/.local/lib/python3.8/site-packages/airflow/example_dags/example_complex.py
[2026-06-04T06:56:33.599+0000] {logging_mixin.py:188} INFO - [2026-06-04T06:56:33.599+0000] {dag.py:3033} INFO - Sync 1 DAGs
[2026-06-04T06:56:33.605+0000] {logging_mixin.py:188} INFO - [2026-06-04T06:56:33.605+0000] {dag.py:3820} INFO - Setting next_dagrun for example_complex to None, run_after=None
[2026-06-04T06:56:33.617+0000] {processor.py:183} INFO - Processing /home/airflow/.local/lib/python3.8/site-packages/airflow/example_dags/example_complex.py took 0.047 seconds
[2026-06-04T06:57:03.693+0000] {processor.py:161} INFO - Started process (PID=2328) to work on /home/airflow/.local/lib/python3.8/site-packages/airflow/example_dags/example_complex.py
[2026-06-04T06:57:03.694+0000] {processor.py:830} INFO - Processing file /home/airflow/.local/lib/python3.8/site-packages/airflow/example_dags/example_complex.py for tasks to queue
[2026-06-04T06:57:03.694+0000] {logging_mixin.py:188} INFO - [2026-06-04T06:57:03.694+0000] {dagbag.py:538} INFO - Filling up the DagBag from /home/airflow/.local/lib/python3.8/site-packages/airflow/example_dags/example_complex.py
[2026-06-04T06:57:03.700+0000] {processor.py:840} INFO - DAG(s) 'example_complex' retrieved from /home/airflow/.local/lib/python3.8/site-packages/airflow/example_dags/example_complex.py
[2026-06-04T06:57:03.717+0000] {logging_mixin.py:188} INFO - [2026-06-04T06:57:03.716+0000] {dag.py:3033} INFO - Sync 1 DAGs
[2026-06-04T06:57:03.722+0000] {logging_mixin.py:188} INFO - [2026-06-04T06:57:03.722+0000] {dag.py:3820} INFO - Setting next_dagrun for example_complex to None, run_after=None
[2026-06-04T06:57:03.730+0000] {processor.py:183} INFO - Processing /home/airflow/.local/lib/python3.8/site-packages/airflow/example_dags/example_complex.py took 0.039 seconds
[2026-06-04T06:57:34.121+0000] {processor.py:161} INFO - Started process (PID=2384) to work on /home/airflow/.local/lib/python3.8/site-packages/airflow/example_dags/example_complex.py
[2026-06-04T06:57:34.122+0000] {processor.py:830} INFO - Processing file /home/airflow/.local/lib/python3.8/site-packages/airflow/example_dags/example_complex.py for tasks to queue
[2026-06-04T06:57:34.123+0000] {logging_mixin.py:188} INFO - [2026-06-04T06:57:34.123+0000] {dagbag.py:538} INFO - Filling up the DagBag from /home/airflow/.local/lib/python3.8/site-packages/airflow/example_dags/example_complex.py
[2026-06-04T06:57:34.128+0000] {processor.py:840} INFO - DAG(s) 'example_complex' retrieved from /home/airflow/.local/lib/python3.8/site-packages/airflow/example_dags/example_complex.py
[2026-06-04T06:57:34.139+0000] {logging_mixin.py:188} INFO - [2026-06-04T06:57:34.139+0000] {dag.py:3033} INFO - Sync 1 DAGs
[2026-06-04T06:57:34.144+0000] {logging_mixin.py:188} INFO - [2026-06-04T06:57:34.144+0000] {dag.py:3820} INFO - Setting next_dagrun for example_complex to None, run_after=None
[2026-06-04T06:57:34.152+0000] {processor.py:183} INFO - Processing /home/airflow/.local/lib/python3.8/site-packages/airflow/example_dags/example_complex.py took 0.032 seconds
[2026-06-04T06:58:05.310+0000] {processor.py:161} INFO - Started process (PID=2440) to work on /home/airflow/.local/lib/python3.8/site-packages/airflow/example_dags/example_complex.py
[2026-06-04T06:58:05.311+0000] {processor.py:830} INFO - Processing file /home/airflow/.local/lib/python3.8/site-packages/airflow/example_dags/example_complex.py for tasks to queue
[2026-06-04T06:58:05.313+0000] {logging_mixin.py:188} INFO - [2026-06-04T06:58:05.313+0000] {dagbag.py:538} INFO - Filling up the DagBag from /home/airflow/.local/lib/python3.8/site-packages/airflow/example_dags/example_complex.py
[2026-06-04T06:58:05.318+0000] {processor.py:840} INFO - DAG(s) 'example_complex' retrieved from /home/airflow/.local/lib/python3.8/site-packages/airflow/example_dags/example_complex.py
[2026-06-04T06:58:05.338+0000] {logging_mixin.py:188} INFO - [2026-06-04T06:58:05.338+0000] {dag.py:3033} INFO - Sync 1 DAGs
[2026-06-04T06:58:05.343+0000] {logging_mixin.py:188} INFO - [2026-06-04T06:58:05.343+0000] {dag.py:3820} INFO - Setting next_dagrun for example_complex to None, run_after=None
[2026-06-04T06:58:05.353+0000] {processor.py:183} INFO - Processing /home/airflow/.local/lib/python3.8/site-packages/airflow/example_dags/example_complex.py took 0.044 seconds
[2026-06-04T06:58:35.977+0000] {processor.py:161} INFO - Started process (PID=2496) to work on /home/airflow/.local/lib/python3.8/site-packages/airflow/example_dags/example_complex.py
[2026-06-04T06:58:35.977+0000] {processor.py:830} INFO - Processing file /home/airflow/.local/lib/python3.8/site-packages/airflow/example_dags/example_complex.py for tasks to queue
[2026-06-04T06:58:35.980+0000] {logging_mixin.py:188} INFO - [2026-06-04T06:58:35.980+0000] {dagbag.py:538} INFO - Filling up the DagBag from /home/airflow/.local/lib/python3.8/site-packages/airflow/example_dags/example_complex.py
[2026-06-04T06:58:35.986+0000] {processor.py:840} INFO - DAG(s) 'example_complex' retrieved from /home/airflow/.local/lib/python3.8/site-packages/airflow/example_dags/example_complex.py
[2026-06-04T06:58:36.012+0000] {logging_mixin.py:188} INFO - [2026-06-04T06:58:36.012+0000] {dag.py:3033} INFO - Sync 1 DAGs
[2026-06-04T06:58:36.021+0000] {logging_mixin.py:188} INFO - [2026-06-04T06:58:36.021+0000] {dag.py:3820} INFO - Setting next_dagrun for example_complex to None, run_after=None
[2026-06-04T06:58:36.033+0000] {processor.py:183} INFO - Processing /home/airflow/.local/lib/python3.8/site-packages/airflow/example_dags/example_complex.py took 0.057 seconds
[2026-06-04T06:59:06.369+0000] {processor.py:161} INFO - Started process (PID=2552) to work on /home/airflow/.local/lib/python3.8/site-packages/airflow/example_dags/example_complex.py
[2026-06-04T06:59:06.370+0000] {processor.py:830} INFO - Processing file /home/airflow/.local/lib/python3.8/site-packages/airflow/example_dags/example_complex.py for tasks to queue
[2026-06-04T06:59:06.372+0000] {logging_mixin.py:188} INFO - [2026-06-04T06:59:06.372+0000] {dagbag.py:538} INFO - Filling up the DagBag from /home/airflow/.local/lib/python3.8/site-packages/airflow/example_dags/example_complex.py
[2026-06-04T06:59:06.378+0000] {processor.py:840} INFO - DAG(s) 'example_complex' retrieved from /home/airflow/.local/lib/python3.8/site-packages/airflow/example_dags/example_complex.py
[2026-06-04T06:59:06.396+0000] {logging_mixin.py:188} INFO - [2026-06-04T06:59:06.396+0000] {dag.py:3033} INFO - Sync 1 DAGs
[2026-06-04T06:59:06.402+0000] {logging_mixin.py:188} INFO - [2026-06-04T06:59:06.402+0000] {dag.py:3820} INFO - Setting next_dagrun for example_complex to None, run_after=None
[2026-06-04T06:59:06.411+0000] {processor.py:183} INFO - Processing /home/airflow/.local/lib/python3.8/site-packages/airflow/example_dags/example_complex.py took 0.043 seconds
[2026-06-04T06:59:37.939+0000] {processor.py:161} INFO - Started process (PID=2608) to work on /home/airflow/.local/lib/python3.8/site-packages/airflow/example_dags/example_complex.py
[2026-06-04T06:59:37.939+0000] {processor.py:830} INFO - Processing file /home/airflow/.local/lib/python3.8/site-packages/airflow/example_dags/example_complex.py for tasks to queue
[2026-06-04T06:59:37.942+0000] {logging_mixin.py:188} INFO - [2026-06-04T06:59:37.942+0000] {dagbag.py:538} INFO - Filling up the DagBag from /home/airflow/.local/lib/python3.8/site-packages/airflow/example_dags/example_complex.py
[2026-06-04T06:59:37.951+0000] {processor.py:840} INFO - DAG(s) 'example_complex' retrieved from /home/airflow/.local/lib/python3.8/site-packages/airflow/example_dags/example_complex.py
[2026-06-04T06:59:37.988+0000] {logging_mixin.py:188} INFO - [2026-06-04T06:59:37.987+0000] {dag.py:3033} INFO - Sync 1 DAGs
[2026-06-04T06:59:38.003+0000] {logging_mixin.py:188} INFO - [2026-06-04T06:59:38.003+0000] {dag.py:3820} INFO - Setting next_dagrun for example_complex to None, run_after=None
[2026-06-04T06:59:38.020+0000] {processor.py:183} INFO - Processing /home/airflow/.local/lib/python3.8/site-packages/airflow/example_dags/example_complex.py took 0.083 seconds
[2026-06-04T07:00:08.502+0000] {processor.py:161} INFO - Started process (PID=2664) to work on /home/airflow/.local/lib/python3.8/site-packages/airflow/example_dags/example_complex.py
[2026-06-04T07:00:08.503+0000] {processor.py:830} INFO - Processing file /home/airflow/.local/lib/python3.8/site-packages/airflow/example_dags/example_complex.py for tasks to queue
[2026-06-04T07:00:08.505+0000] {logging_mixin.py:188} INFO - [2026-06-04T07:00:08.504+0000] {dagbag.py:538} INFO - Filling up the DagBag from /home/airflow/.local/lib/python3.8/site-packages/airflow/example_dags/example_complex.py
[2026-06-04T07:00:08.514+0000] {processor.py:840} INFO - DAG(s) 'example_complex' retrieved from /home/airflow/.local/lib/python3.8/site-packages/airflow/example_dags/example_complex.py
[2026-06-04T07:00:08.529+0000] {logging_mixin.py:188} INFO - [2026-06-04T07:00:08.529+0000] {dag.py:3033} INFO - Sync 1 DAGs
[2026-06-04T07:00:08.535+0000] {logging_mixin.py:188} INFO - [2026-06-04T07:00:08.535+0000] {dag.py:3820} INFO - Setting next_dagrun for example_complex to None, run_after=None
[2026-06-04T07:00:08.544+0000] {processor.py:183} INFO - Processing /home/airflow/.local/lib/python3.8/site-packages/airflow/example_dags/example_complex.py took 0.044 seconds
[2026-06-04T07:00:39.228+0000] {processor.py:161} INFO - Started process (PID=2720) to work on /home/airflow/.local/lib/python3.8/site-packages/airflow/example_dags/example_complex.py
[2026-06-04T07:00:39.229+0000] {processor.py:830} INFO - Processing file /home/airflow/.local/lib/python3.8/site-packages/airflow/example_dags/example_complex.py for tasks to queue
[2026-06-04T07:00:39.231+0000] {logging_mixin.py:188} INFO - [2026-06-04T07:00:39.231+0000] {dagbag.py:538} INFO - Filling up the DagBag from /home/airflow/.local/lib/python3.8/site-packages/airflow/example_dags/example_complex.py
[2026-06-04T07:00:39.237+0000] {processor.py:840} INFO - DAG(s) 'example_complex' retrieved from /home/airflow/.local/lib/python3.8/site-packages/airflow/example_dags/example_complex.py
[2026-06-04T07:00:39.252+0000] {logging_mixin.py:188} INFO - [2026-06-04T07:00:39.252+0000] {dag.py:3033} INFO - Sync 1 DAGs
[2026-06-04T07:00:39.257+0000] {logging_mixin.py:188} INFO - [2026-06-04T07:00:39.257+0000] {dag.py:3820} INFO - Setting next_dagrun for example_complex to None, run_after=None
[2026-06-04T07:00:39.264+0000] {processor.py:183} INFO - Processing /home/airflow/.local/lib/python3.8/site-packages/airflow/example_dags/example_complex.py took 0.038 seconds
[2026-06-04T07:01:10.440+0000] {processor.py:161} INFO - Started process (PID=2776) to work on /home/airflow/.local/lib/python3.8/site-packages/airflow/example_dags/example_complex.py
[2026-06-04T07:01:10.444+0000] {processor.py:830} INFO - Processing file /home/airflow/.local/lib/python3.8/site-packages/airflow/example_dags/example_complex.py for tasks to queue
[2026-06-04T07:01:10.446+0000] {logging_mixin.py:188} INFO - [2026-06-04T07:01:10.446+0000] {dagbag.py:538} INFO - Filling up the DagBag from /home/airflow/.local/lib/python3.8/site-packages/airflow/example_dags/example_complex.py
[2026-06-04T07:01:10.454+0000] {processor.py:840} INFO - DAG(s) 'example_complex' retrieved from /home/airflow/.local/lib/python3.8/site-packages/airflow/example_dags/example_complex.py
[2026-06-04T07:01:10.487+0000] {logging_mixin.py:188} INFO - [2026-06-04T07:01:10.487+0000] {dag.py:3033} INFO - Sync 1 DAGs
[2026-06-04T07:01:10.504+0000] {logging_mixin.py:188} INFO - [2026-06-04T07:01:10.504+0000] {dag.py:3820} INFO - Setting next_dagrun for example_complex to None, run_after=None
[2026-06-04T07:01:10.520+0000] {processor.py:183} INFO - Processing /home/airflow/.local/lib/python3.8/site-packages/airflow/example_dags/example_complex.py took 0.085 seconds
[2026-06-04T07:01:40.616+0000] {processor.py:161} INFO - Started process (PID=2832) to work on /home/airflow/.local/lib/python3.8/site-packages/airflow/example_dags/example_complex.py
[2026-06-04T07:01:40.617+0000] {processor.py:830} INFO - Processing file /home/airflow/.local/lib/python3.8/site-packages/airflow/example_dags/example_complex.py for tasks to queue
[2026-06-04T07:01:40.618+0000] {logging_mixin.py:188} INFO - [2026-06-04T07:01:40.618+0000] {dagbag.py:538} INFO - Filling up the DagBag from /home/airflow/.local/lib/python3.8/site-packages/airflow/example_dags/example_complex.py
[2026-06-04T07:01:40.626+0000] {processor.py:840} INFO - DAG(s) 'example_complex' retrieved from /home/airflow/.local/lib/python3.8/site-packages/airflow/example_dags/example_complex.py
[2026-06-04T07:01:40.651+0000] {logging_mixin.py:188} INFO - [2026-06-04T07:01:40.651+0000] {dag.py:3033} INFO - Sync 1 DAGs
[2026-06-04T07:01:40.657+0000] {logging_mixin.py:188} INFO - [2026-06-04T07:01:40.657+0000] {dag.py:3820} INFO - Setting next_dagrun for example_complex to None, run_after=None
[2026-06-04T07:01:40.670+0000] {processor.py:183} INFO - Processing /home/airflow/.local/lib/python3.8/site-packages/airflow/example_dags/example_complex.py took 0.056 seconds
[2026-06-04T07:02:15.874+0000] {processor.py:161} INFO - Started process (PID=2895) to work on /home/airflow/.local/lib/python3.8/site-packages/airflow/example_dags/example_complex.py
[2026-06-04T07:02:15.878+0000] {processor.py:830} INFO - Processing file /home/airflow/.local/lib/python3.8/site-packages/airflow/example_dags/example_complex.py for tasks to queue
[2026-06-04T07:02:15.899+0000] {logging_mixin.py:188} INFO - [2026-06-04T07:02:15.899+0000] {dagbag.py:538} INFO - Filling up the DagBag from /home/airflow/.local/lib/python3.8/site-packages/airflow/example_dags/example_complex.py
[2026-06-04T07:02:15.943+0000] {processor.py:840} INFO - DAG(s) 'example_complex' retrieved from /home/airflow/.local/lib/python3.8/site-packages/airflow/example_dags/example_complex.py
[2026-06-04T07:02:16.060+0000] {logging_mixin.py:188} INFO - [2026-06-04T07:02:16.057+0000] {dag.py:3033} INFO - Sync 1 DAGs
[2026-06-04T07:02:16.119+0000] {logging_mixin.py:188} INFO - [2026-06-04T07:02:16.119+0000] {dag.py:3820} INFO - Setting next_dagrun for example_complex to None, run_after=None
[2026-06-04T07:02:16.203+0000] {processor.py:183} INFO - Processing /home/airflow/.local/lib/python3.8/site-packages/airflow/example_dags/example_complex.py took 0.337 seconds
[2026-06-04T07:02:46.570+0000] {processor.py:161} INFO - Started process (PID=2952) to work on /home/airflow/.local/lib/python3.8/site-packages/airflow/example_dags/example_complex.py
[2026-06-04T07:02:46.571+0000] {processor.py:830} INFO - Processing file /home/airflow/.local/lib/python3.8/site-packages/airflow/example_dags/example_complex.py for tasks to queue
[2026-06-04T07:02:46.572+0000] {logging_mixin.py:188} INFO - [2026-06-04T07:02:46.572+0000] {dagbag.py:538} INFO - Filling up the DagBag from /home/airflow/.local/lib/python3.8/site-packages/airflow/example_dags/example_complex.py
[2026-06-04T07:02:46.580+0000] {processor.py:840} INFO - DAG(s) 'example_complex' retrieved from /home/airflow/.local/lib/python3.8/site-packages/airflow/example_dags/example_complex.py
[2026-06-04T07:02:46.599+0000] {logging_mixin.py:188} INFO - [2026-06-04T07:02:46.599+0000] {dag.py:3033} INFO - Sync 1 DAGs
[2026-06-04T07:02:46.606+0000] {logging_mixin.py:188} INFO - [2026-06-04T07:02:46.606+0000] {dag.py:3820} INFO - Setting next_dagrun for example_complex to None, run_after=None
[2026-06-04T07:02:46.616+0000] {processor.py:183} INFO - Processing /home/airflow/.local/lib/python3.8/site-packages/airflow/example_dags/example_complex.py took 0.048 seconds
[2026-06-04T07:03:16.808+0000] {processor.py:161} INFO - Started process (PID=3008) to work on /home/airflow/.local/lib/python3.8/site-packages/airflow/example_dags/example_complex.py
[2026-06-04T07:03:16.810+0000] {processor.py:830} INFO - Processing file /home/airflow/.local/lib/python3.8/site-packages/airflow/example_dags/example_complex.py for tasks to queue
[2026-06-04T07:03:16.811+0000] {logging_mixin.py:188} INFO - [2026-06-04T07:03:16.811+0000] {dagbag.py:538} INFO - Filling up the DagBag from /home/airflow/.local/lib/python3.8/site-packages/airflow/example_dags/example_complex.py
[2026-06-04T07:03:16.816+0000] {processor.py:840} INFO - DAG(s) 'example_complex' retrieved from /home/airflow/.local/lib/python3.8/site-packages/airflow/example_dags/example_complex.py
[2026-06-04T07:03:16.830+0000] {logging_mixin.py:188} INFO - [2026-06-04T07:03:16.830+0000] {dag.py:3033} INFO - Sync 1 DAGs
[2026-06-04T07:03:16.836+0000] {logging_mixin.py:188} INFO - [2026-06-04T07:03:16.836+0000] {dag.py:3820} INFO - Setting next_dagrun for example_complex to None, run_after=None
[2026-06-04T07:03:16.846+0000] {processor.py:183} INFO - Processing /home/airflow/.local/lib/python3.8/site-packages/airflow/example_dags/example_complex.py took 0.040 seconds
[2026-06-04T07:03:47.048+0000] {processor.py:161} INFO - Started process (PID=3064) to work on /home/airflow/.local/lib/python3.8/site-packages/airflow/example_dags/example_complex.py
[2026-06-04T07:03:47.049+0000] {processor.py:830} INFO - Processing file /home/airflow/.local/lib/python3.8/site-packages/airflow/example_dags/example_complex.py for tasks to queue
[2026-06-04T07:03:47.049+0000] {logging_mixin.py:188} INFO - [2026-06-04T07:03:47.049+0000] {dagbag.py:538} INFO - Filling up the DagBag from /home/airflow/.local/lib/python3.8/site-packages/airflow/example_dags/example_complex.py
[2026-06-04T07:03:47.054+0000] {processor.py:840} INFO - DAG(s) 'example_complex' retrieved from /home/airflow/.local/lib/python3.8/site-packages/airflow/example_dags/example_complex.py
[2026-06-04T07:03:47.066+0000] {logging_mixin.py:188} INFO - [2026-06-04T07:03:47.066+0000] {dag.py:3033} INFO - Sync 1 DAGs
[2026-06-04T07:03:47.070+0000] {logging_mixin.py:188} INFO - [2026-06-04T07:03:47.070+0000] {dag.py:3820} INFO - Setting next_dagrun for example_complex to None, run_after=None
[2026-06-04T07:03:47.077+0000] {processor.py:183} INFO - Processing /home/airflow/.local/lib/python3.8/site-packages/airflow/example_dags/example_complex.py took 0.031 seconds
[2026-06-04T07:04:17.958+0000] {processor.py:161} INFO - Started process (PID=3120) to work on /home/airflow/.local/lib/python3.8/site-packages/airflow/example_dags/example_complex.py
[2026-06-04T07:04:17.959+0000] {processor.py:830} INFO - Processing file /home/airflow/.local/lib/python3.8/site-packages/airflow/example_dags/example_complex.py for tasks to queue
[2026-06-04T07:04:17.961+0000] {logging_mixin.py:188} INFO - [2026-06-04T07:04:17.961+0000] {dagbag.py:538} INFO - Filling up the DagBag from /home/airflow/.local/lib/python3.8/site-packages/airflow/example_dags/example_complex.py
[2026-06-04T07:04:17.968+0000] {processor.py:840} INFO - DAG(s) 'example_complex' retrieved from /home/airflow/.local/lib/python3.8/site-packages/airflow/example_dags/example_complex.py
[2026-06-04T07:04:17.987+0000] {logging_mixin.py:188} INFO - [2026-06-04T07:04:17.987+0000] {dag.py:3033} INFO - Sync 1 DAGs
[2026-06-04T07:04:17.993+0000] {logging_mixin.py:188} INFO - [2026-06-04T07:04:17.993+0000] {dag.py:3820} INFO - Setting next_dagrun for example_complex to None, run_after=None
[2026-06-04T07:04:18.001+0000] {processor.py:183} INFO - Processing /home/airflow/.local/lib/python3.8/site-packages/airflow/example_dags/example_complex.py took 0.044 seconds
[2026-06-04T07:04:48.504+0000] {processor.py:161} INFO - Started process (PID=3175) to work on /home/airflow/.local/lib/python3.8/site-packages/airflow/example_dags/example_complex.py
[2026-06-04T07:04:48.506+0000] {processor.py:830} INFO - Processing file /home/airflow/.local/lib/python3.8/site-packages/airflow/example_dags/example_complex.py for tasks to queue
[2026-06-04T07:04:48.507+0000] {logging_mixin.py:188} INFO - [2026-06-04T07:04:48.507+0000] {dagbag.py:538} INFO - Filling up the DagBag from /home/airflow/.local/lib/python3.8/site-packages/airflow/example_dags/example_complex.py
[2026-06-04T07:04:48.515+0000] {processor.py:840} INFO - DAG(s) 'example_complex' retrieved from /home/airflow/.local/lib/python3.8/site-packages/airflow/example_dags/example_complex.py
[2026-06-04T07:04:48.543+0000] {logging_mixin.py:188} INFO - [2026-06-04T07:04:48.542+0000] {dag.py:3033} INFO - Sync 1 DAGs
[2026-06-04T07:04:48.557+0000] {logging_mixin.py:188} INFO - [2026-06-04T07:04:48.557+0000] {dag.py:3820} INFO - Setting next_dagrun for example_complex to None, run_after=None
[2026-06-04T07:04:48.570+0000] {processor.py:183} INFO - Processing /home/airflow/.local/lib/python3.8/site-packages/airflow/example_dags/example_complex.py took 0.068 seconds
[2026-06-04T07:05:19.173+0000] {processor.py:161} INFO - Started process (PID=3231) to work on /home/airflow/.local/lib/python3.8/site-packages/airflow/example_dags/example_complex.py
[2026-06-04T07:05:19.174+0000] {processor.py:830} INFO - Processing file /home/airflow/.local/lib/python3.8/site-packages/airflow/example_dags/example_complex.py for tasks to queue
[2026-06-04T07:05:19.176+0000] {logging_mixin.py:188} INFO - [2026-06-04T07:05:19.176+0000] {dagbag.py:538} INFO - Filling up the DagBag from /home/airflow/.local/lib/python3.8/site-packages/airflow/example_dags/example_complex.py
[2026-06-04T07:05:19.182+0000] {processor.py:840} INFO - DAG(s) 'example_complex' retrieved from /home/airflow/.local/lib/python3.8/site-packages/airflow/example_dags/example_complex.py
[2026-06-04T07:05:19.201+0000] {logging_mixin.py:188} INFO - [2026-06-04T07:05:19.201+0000] {dag.py:3033} INFO - Sync 1 DAGs
[2026-06-04T07:05:19.207+0000] {logging_mixin.py:188} INFO - [2026-06-04T07:05:19.207+0000] {dag.py:3820} INFO - Setting next_dagrun for example_complex to None, run_after=None
[2026-06-04T07:05:19.223+0000] {processor.py:183} INFO - Processing /home/airflow/.local/lib/python3.8/site-packages/airflow/example_dags/example_complex.py took 0.052 seconds
[2026-06-04T07:05:50.550+0000] {processor.py:161} INFO - Started process (PID=3287) to work on /home/airflow/.local/lib/python3.8/site-packages/airflow/example_dags/example_complex.py
[2026-06-04T07:05:50.551+0000] {processor.py:830} INFO - Processing file /home/airflow/.local/lib/python3.8/site-packages/airflow/example_dags/example_complex.py for tasks to queue
[2026-06-04T07:05:50.552+0000] {logging_mixin.py:188} INFO - [2026-06-04T07:05:50.552+0000] {dagbag.py:538} INFO - Filling up the DagBag from /home/airflow/.local/lib/python3.8/site-packages/airflow/example_dags/example_complex.py
[2026-06-04T07:05:50.558+0000] {processor.py:840} INFO - DAG(s) 'example_complex' retrieved from /home/airflow/.local/lib/python3.8/site-packages/airflow/example_dags/example_complex.py
[2026-06-04T07:05:50.592+0000] {logging_mixin.py:188} INFO - [2026-06-04T07:05:50.592+0000] {dag.py:3033} INFO - Sync 1 DAGs
[2026-06-04T07:05:50.603+0000] {logging_mixin.py:188} INFO - [2026-06-04T07:05:50.602+0000] {dag.py:3820} INFO - Setting next_dagrun for example_complex to None, run_after=None
[2026-06-04T07:05:50.648+0000] {processor.py:183} INFO - Processing /home/airflow/.local/lib/python3.8/site-packages/airflow/example_dags/example_complex.py took 0.101 seconds
[2026-06-04T07:06:20.816+0000] {processor.py:161} INFO - Started process (PID=3343) to work on /home/airflow/.local/lib/python3.8/site-packages/airflow/example_dags/example_complex.py
[2026-06-04T07:06:20.816+0000] {processor.py:830} INFO - Processing file /home/airflow/.local/lib/python3.8/site-packages/airflow/example_dags/example_complex.py for tasks to queue
[2026-06-04T07:06:20.817+0000] {logging_mixin.py:188} INFO - [2026-06-04T07:06:20.817+0000] {dagbag.py:538} INFO - Filling up the DagBag from /home/airflow/.local/lib/python3.8/site-packages/airflow/example_dags/example_complex.py
[2026-06-04T07:06:20.821+0000] {processor.py:840} INFO - DAG(s) 'example_complex' retrieved from /home/airflow/.local/lib/python3.8/site-packages/airflow/example_dags/example_complex.py
[2026-06-04T07:06:20.836+0000] {logging_mixin.py:188} INFO - [2026-06-04T07:06:20.836+0000] {dag.py:3033} INFO - Sync 1 DAGs
[2026-06-04T07:06:20.843+0000] {logging_mixin.py:188} INFO - [2026-06-04T07:06:20.843+0000] {dag.py:3820} INFO - Setting next_dagrun for example_complex to None, run_after=None
[2026-06-04T07:06:20.850+0000] {processor.py:183} INFO - Processing /home/airflow/.local/lib/python3.8/site-packages/airflow/example_dags/example_complex.py took 0.036 seconds
[2026-06-04T07:06:51.961+0000] {processor.py:161} INFO - Started process (PID=3399) to work on /home/airflow/.local/lib/python3.8/site-packages/airflow/example_dags/example_complex.py
[2026-06-04T07:06:51.963+0000] {processor.py:830} INFO - Processing file /home/airflow/.local/lib/python3.8/site-packages/airflow/example_dags/example_complex.py for tasks to queue
[2026-06-04T07:06:51.965+0000] {logging_mixin.py:188} INFO - [2026-06-04T07:06:51.965+0000] {dagbag.py:538} INFO - Filling up the DagBag from /home/airflow/.local/lib/python3.8/site-packages/airflow/example_dags/example_complex.py
[2026-06-04T07:06:51.972+0000] {processor.py:840} INFO - DAG(s) 'example_complex' retrieved from /home/airflow/.local/lib/python3.8/site-packages/airflow/example_dags/example_complex.py
[2026-06-04T07:06:52.011+0000] {logging_mixin.py:188} INFO - [2026-06-04T07:06:52.011+0000] {dag.py:3033} INFO - Sync 1 DAGs
[2026-06-04T07:06:52.024+0000] {logging_mixin.py:188} INFO - [2026-06-04T07:06:52.024+0000] {dag.py:3820} INFO - Setting next_dagrun for example_complex to None, run_after=None
[2026-06-04T07:06:52.038+0000] {processor.py:183} INFO - Processing /home/airflow/.local/lib/python3.8/site-packages/airflow/example_dags/example_complex.py took 0.078 seconds
[2026-06-04T07:07:22.690+0000] {processor.py:161} INFO - Started process (PID=3455) to work on /home/airflow/.local/lib/python3.8/site-packages/airflow/example_dags/example_complex.py
[2026-06-04T07:07:22.691+0000] {processor.py:830} INFO - Processing file /home/airflow/.local/lib/python3.8/site-packages/airflow/example_dags/example_complex.py for tasks to queue
[2026-06-04T07:07:22.692+0000] {logging_mixin.py:188} INFO - [2026-06-04T07:07:22.692+0000] {dagbag.py:538} INFO - Filling up the DagBag from /home/airflow/.local/lib/python3.8/site-packages/airflow/example_dags/example_complex.py
[2026-06-04T07:07:22.697+0000] {processor.py:840} INFO - DAG(s) 'example_complex' retrieved from /home/airflow/.local/lib/python3.8/site-packages/airflow/example_dags/example_complex.py
[2026-06-04T07:07:22.715+0000] {logging_mixin.py:188} INFO - [2026-06-04T07:07:22.715+0000] {dag.py:3033} INFO - Sync 1 DAGs
[2026-06-04T07:07:22.721+0000] {logging_mixin.py:188} INFO - [2026-06-04T07:07:22.721+0000] {dag.py:3820} INFO - Setting next_dagrun for example_complex to None, run_after=None
[2026-06-04T07:07:22.732+0000] {processor.py:183} INFO - Processing /home/airflow/.local/lib/python3.8/site-packages/airflow/example_dags/example_complex.py took 0.044 seconds
[2026-06-04T07:07:53.822+0000] {processor.py:161} INFO - Started process (PID=3511) to work on /home/airflow/.local/lib/python3.8/site-packages/airflow/example_dags/example_complex.py
[2026-06-04T07:07:53.828+0000] {processor.py:830} INFO - Processing file /home/airflow/.local/lib/python3.8/site-packages/airflow/example_dags/example_complex.py for tasks to queue
[2026-06-04T07:07:53.830+0000] {logging_mixin.py:188} INFO - [2026-06-04T07:07:53.829+0000] {dagbag.py:538} INFO - Filling up the DagBag from /home/airflow/.local/lib/python3.8/site-packages/airflow/example_dags/example_complex.py
[2026-06-04T07:07:53.836+0000] {processor.py:840} INFO - DAG(s) 'example_complex' retrieved from /home/airflow/.local/lib/python3.8/site-packages/airflow/example_dags/example_complex.py
[2026-06-04T07:07:53.856+0000] {logging_mixin.py:188} INFO - [2026-06-04T07:07:53.856+0000] {dag.py:3033} INFO - Sync 1 DAGs
[2026-06-04T07:07:53.863+0000] {logging_mixin.py:188} INFO - [2026-06-04T07:07:53.863+0000] {dag.py:3820} INFO - Setting next_dagrun for example_complex to None, run_after=None
[2026-06-04T07:07:53.878+0000] {processor.py:183} INFO - Processing /home/airflow/.local/lib/python3.8/site-packages/airflow/example_dags/example_complex.py took 0.065 seconds
[2026-06-04T07:08:26.005+0000] {processor.py:161} INFO - Started process (PID=3567) to work on /home/airflow/.local/lib/python3.8/site-packages/airflow/example_dags/example_complex.py
[2026-06-04T07:08:26.006+0000] {processor.py:830} INFO - Processing file /home/airflow/.local/lib/python3.8/site-packages/airflow/example_dags/example_complex.py for tasks to queue
[2026-06-04T07:08:26.009+0000] {logging_mixin.py:188} INFO - [2026-06-04T07:08:26.008+0000] {dagbag.py:538} INFO - Filling up the DagBag from /home/airflow/.local/lib/python3.8/site-packages/airflow/example_dags/example_complex.py
[2026-06-04T07:08:26.016+0000] {processor.py:840} INFO - DAG(s) 'example_complex' retrieved from /home/airflow/.local/lib/python3.8/site-packages/airflow/example_dags/example_complex.py
[2026-06-04T07:08:26.048+0000] {logging_mixin.py:188} INFO - [2026-06-04T07:08:26.048+0000] {dag.py:3033} INFO - Sync 1 DAGs
[2026-06-04T07:08:26.060+0000] {logging_mixin.py:188} INFO - [2026-06-04T07:08:26.060+0000] {dag.py:3820} INFO - Setting next_dagrun for example_complex to None, run_after=None
[2026-06-04T07:08:26.072+0000] {processor.py:183} INFO - Processing /home/airflow/.local/lib/python3.8/site-packages/airflow/example_dags/example_complex.py took 0.070 seconds
[2026-06-04T07:08:56.471+0000] {processor.py:161} INFO - Started process (PID=3623) to work on /home/airflow/.local/lib/python3.8/site-packages/airflow/example_dags/example_complex.py
[2026-06-04T07:08:56.472+0000] {processor.py:830} INFO - Processing file /home/airflow/.local/lib/python3.8/site-packages/airflow/example_dags/example_complex.py for tasks to queue
[2026-06-04T07:08:56.474+0000] {logging_mixin.py:188} INFO - [2026-06-04T07:08:56.474+0000] {dagbag.py:538} INFO - Filling up the DagBag from /home/airflow/.local/lib/python3.8/site-packages/airflow/example_dags/example_complex.py
[2026-06-04T07:08:56.482+0000] {processor.py:840} INFO - DAG(s) 'example_complex' retrieved from /home/airflow/.local/lib/python3.8/site-packages/airflow/example_dags/example_complex.py
[2026-06-04T07:08:56.497+0000] {logging_mixin.py:188} INFO - [2026-06-04T07:08:56.497+0000] {dag.py:3033} INFO - Sync 1 DAGs
[2026-06-04T07:08:56.507+0000] {logging_mixin.py:188} INFO - [2026-06-04T07:08:56.507+0000] {dag.py:3820} INFO - Setting next_dagrun for example_complex to None, run_after=None
[2026-06-04T07:08:56.527+0000] {processor.py:183} INFO - Processing /home/airflow/.local/lib/python3.8/site-packages/airflow/example_dags/example_complex.py took 0.059 seconds
[2026-06-04T07:09:27.583+0000] {processor.py:161} INFO - Started process (PID=3679) to work on /home/airflow/.local/lib/python3.8/site-packages/airflow/example_dags/example_complex.py
[2026-06-04T07:09:27.584+0000] {processor.py:830} INFO - Processing file /home/airflow/.local/lib/python3.8/site-packages/airflow/example_dags/example_complex.py for tasks to queue
[2026-06-04T07:09:27.585+0000] {logging_mixin.py:188} INFO - [2026-06-04T07:09:27.585+0000] {dagbag.py:538} INFO - Filling up the DagBag from /home/airflow/.local/lib/python3.8/site-packages/airflow/example_dags/example_complex.py
[2026-06-04T07:09:27.591+0000] {processor.py:840} INFO - DAG(s) 'example_complex' retrieved from /home/airflow/.local/lib/python3.8/site-packages/airflow/example_dags/example_complex.py
[2026-06-04T07:09:27.605+0000] {logging_mixin.py:188} INFO - [2026-06-04T07:09:27.604+0000] {dag.py:3033} INFO - Sync 1 DAGs
[2026-06-04T07:09:27.610+0000] {logging_mixin.py:188} INFO - [2026-06-04T07:09:27.610+0000] {dag.py:3820} INFO - Setting next_dagrun for example_complex to None, run_after=None
[2026-06-04T07:09:27.625+0000] {processor.py:183} INFO - Processing /home/airflow/.local/lib/python3.8/site-packages/airflow/example_dags/example_complex.py took 0.044 seconds
[2026-06-04T07:09:58.580+0000] {processor.py:161} INFO - Started process (PID=3735) to work on /home/airflow/.local/lib/python3.8/site-packages/airflow/example_dags/example_complex.py
[2026-06-04T07:09:58.580+0000] {processor.py:830} INFO - Processing file /home/airflow/.local/lib/python3.8/site-packages/airflow/example_dags/example_complex.py for tasks to queue
[2026-06-04T07:09:58.581+0000] {logging_mixin.py:188} INFO - [2026-06-04T07:09:58.581+0000] {dagbag.py:538} INFO - Filling up the DagBag from /home/airflow/.local/lib/python3.8/site-packages/airflow/example_dags/example_complex.py
[2026-06-04T07:09:58.586+0000] {processor.py:840} INFO - DAG(s) 'example_complex' retrieved from /home/airflow/.local/lib/python3.8/site-packages/airflow/example_dags/example_complex.py
[2026-06-04T07:09:58.607+0000] {logging_mixin.py:188} INFO - [2026-06-04T07:09:58.607+0000] {dag.py:3033} INFO - Sync 1 DAGs
[2026-06-04T07:09:58.613+0000] {logging_mixin.py:188} INFO - [2026-06-04T07:09:58.613+0000] {dag.py:3820} INFO - Setting next_dagrun for example_complex to None, run_after=None
[2026-06-04T07:09:58.623+0000] {processor.py:183} INFO - Processing /home/airflow/.local/lib/python3.8/site-packages/airflow/example_dags/example_complex.py took 0.045 seconds
[2026-06-04T07:10:29.813+0000] {processor.py:161} INFO - Started process (PID=3791) to work on /home/airflow/.local/lib/python3.8/site-packages/airflow/example_dags/example_complex.py
[2026-06-04T07:10:29.815+0000] {processor.py:830} INFO - Processing file /home/airflow/.local/lib/python3.8/site-packages/airflow/example_dags/example_complex.py for tasks to queue
[2026-06-04T07:10:29.817+0000] {logging_mixin.py:188} INFO - [2026-06-04T07:10:29.817+0000] {dagbag.py:538} INFO - Filling up the DagBag from /home/airflow/.local/lib/python3.8/site-packages/airflow/example_dags/example_complex.py
[2026-06-04T07:10:29.834+0000] {processor.py:840} INFO - DAG(s) 'example_complex' retrieved from /home/airflow/.local/lib/python3.8/site-packages/airflow/example_dags/example_complex.py
[2026-06-04T07:10:29.861+0000] {logging_mixin.py:188} INFO - [2026-06-04T07:10:29.861+0000] {dag.py:3033} INFO - Sync 1 DAGs
[2026-06-04T07:10:29.867+0000] {logging_mixin.py:188} INFO - [2026-06-04T07:10:29.867+0000] {dag.py:3820} INFO - Setting next_dagrun for example_complex to None, run_after=None
[2026-06-04T07:10:29.875+0000] {processor.py:183} INFO - Processing /home/airflow/.local/lib/python3.8/site-packages/airflow/example_dags/example_complex.py took 0.075 seconds
[2026-06-04T07:11:00.898+0000] {processor.py:161} INFO - Started process (PID=3847) to work on /home/airflow/.local/lib/python3.8/site-packages/airflow/example_dags/example_complex.py
[2026-06-04T07:11:00.899+0000] {processor.py:830} INFO - Processing file /home/airflow/.local/lib/python3.8/site-packages/airflow/example_dags/example_complex.py for tasks to queue
[2026-06-04T07:11:00.900+0000] {logging_mixin.py:188} INFO - [2026-06-04T07:11:00.900+0000] {dagbag.py:538} INFO - Filling up the DagBag from /home/airflow/.local/lib/python3.8/site-packages/airflow/example_dags/example_complex.py
[2026-06-04T07:11:00.905+0000] {processor.py:840} INFO - DAG(s) 'example_complex' retrieved from /home/airflow/.local/lib/python3.8/site-packages/airflow/example_dags/example_complex.py
[2026-06-04T07:11:00.918+0000] {logging_mixin.py:188} INFO - [2026-06-04T07:11:00.918+0000] {dag.py:3033} INFO - Sync 1 DAGs
[2026-06-04T07:11:00.922+0000] {logging_mixin.py:188} INFO - [2026-06-04T07:11:00.922+0000] {dag.py:3820} INFO - Setting next_dagrun for example_complex to None, run_after=None
[2026-06-04T07:11:00.932+0000] {processor.py:183} INFO - Processing /home/airflow/.local/lib/python3.8/site-packages/airflow/example_dags/example_complex.py took 0.036 seconds
[2026-06-04T07:11:31.744+0000] {processor.py:161} INFO - Started process (PID=3903) to work on /home/airflow/.local/lib/python3.8/site-packages/airflow/example_dags/example_complex.py
[2026-06-04T07:11:31.748+0000] {processor.py:830} INFO - Processing file /home/airflow/.local/lib/python3.8/site-packages/airflow/example_dags/example_complex.py for tasks to queue
[2026-06-04T07:11:31.749+0000] {logging_mixin.py:188} INFO - [2026-06-04T07:11:31.749+0000] {dagbag.py:538} INFO - Filling up the DagBag from /home/airflow/.local/lib/python3.8/site-packages/airflow/example_dags/example_complex.py
[2026-06-04T07:11:31.754+0000] {processor.py:840} INFO - DAG(s) 'example_complex' retrieved from /home/airflow/.local/lib/python3.8/site-packages/airflow/example_dags/example_complex.py
[2026-06-04T07:11:31.767+0000] {logging_mixin.py:188} INFO - [2026-06-04T07:11:31.767+0000] {dag.py:3033} INFO - Sync 1 DAGs
[2026-06-04T07:11:31.773+0000] {logging_mixin.py:188} INFO - [2026-06-04T07:11:31.773+0000] {dag.py:3820} INFO - Setting next_dagrun for example_complex to None, run_after=None
[2026-06-04T07:11:31.781+0000] {processor.py:183} INFO - Processing /home/airflow/.local/lib/python3.8/site-packages/airflow/example_dags/example_complex.py took 0.040 seconds
[2026-06-04T07:12:02.842+0000] {processor.py:161} INFO - Started process (PID=3959) to work on /home/airflow/.local/lib/python3.8/site-packages/airflow/example_dags/example_complex.py
[2026-06-04T07:12:02.843+0000] {processor.py:830} INFO - Processing file /home/airflow/.local/lib/python3.8/site-packages/airflow/example_dags/example_complex.py for tasks to queue
[2026-06-04T07:12:02.863+0000] {logging_mixin.py:188} INFO - [2026-06-04T07:12:02.862+0000] {dagbag.py:538} INFO - Filling up the DagBag from /home/airflow/.local/lib/python3.8/site-packages/airflow/example_dags/example_complex.py
[2026-06-04T07:12:02.875+0000] {processor.py:840} INFO - DAG(s) 'example_complex' retrieved from /home/airflow/.local/lib/python3.8/site-packages/airflow/example_dags/example_complex.py
[2026-06-04T07:12:02.899+0000] {logging_mixin.py:188} INFO - [2026-06-04T07:12:02.899+0000] {dag.py:3033} INFO - Sync 1 DAGs
[2026-06-04T07:12:02.912+0000] {logging_mixin.py:188} INFO - [2026-06-04T07:12:02.911+0000] {dag.py:3820} INFO - Setting next_dagrun for example_complex to None, run_after=None
[2026-06-04T07:12:02.935+0000] {processor.py:183} INFO - Processing /home/airflow/.local/lib/python3.8/site-packages/airflow/example_dags/example_complex.py took 0.098 seconds
[2026-06-04T07:12:33.760+0000] {processor.py:161} INFO - Started process (PID=4015) to work on /home/airflow/.local/lib/python3.8/site-packages/airflow/example_dags/example_complex.py
[2026-06-04T07:12:33.762+0000] {processor.py:830} INFO - Processing file /home/airflow/.local/lib/python3.8/site-packages/airflow/example_dags/example_complex.py for tasks to queue
[2026-06-04T07:12:33.763+0000] {logging_mixin.py:188} INFO - [2026-06-04T07:12:33.763+0000] {dagbag.py:538} INFO - Filling up the DagBag from /home/airflow/.local/lib/python3.8/site-packages/airflow/example_dags/example_complex.py
[2026-06-04T07:12:33.769+0000] {processor.py:840} INFO - DAG(s) 'example_complex' retrieved from /home/airflow/.local/lib/python3.8/site-packages/airflow/example_dags/example_complex.py
[2026-06-04T07:12:33.788+0000] {logging_mixin.py:188} INFO - [2026-06-04T07:12:33.787+0000] {dag.py:3033} INFO - Sync 1 DAGs
[2026-06-04T07:12:33.797+0000] {logging_mixin.py:188} INFO - [2026-06-04T07:12:33.797+0000] {dag.py:3820} INFO - Setting next_dagrun for example_complex to None, run_after=None
[2026-06-04T07:12:33.810+0000] {processor.py:183} INFO - Processing /home/airflow/.local/lib/python3.8/site-packages/airflow/example_dags/example_complex.py took 0.053 seconds
[2026-06-04T07:13:04.917+0000] {processor.py:161} INFO - Started process (PID=4071) to work on /home/airflow/.local/lib/python3.8/site-packages/airflow/example_dags/example_complex.py
[2026-06-04T07:13:04.917+0000] {processor.py:830} INFO - Processing file /home/airflow/.local/lib/python3.8/site-packages/airflow/example_dags/example_complex.py for tasks to queue
[2026-06-04T07:13:04.919+0000] {logging_mixin.py:188} INFO - [2026-06-04T07:13:04.918+0000] {dagbag.py:538} INFO - Filling up the DagBag from /home/airflow/.local/lib/python3.8/site-packages/airflow/example_dags/example_complex.py
[2026-06-04T07:13:04.929+0000] {processor.py:840} INFO - DAG(s) 'example_complex' retrieved from /home/airflow/.local/lib/python3.8/site-packages/airflow/example_dags/example_complex.py
[2026-06-04T07:13:04.946+0000] {logging_mixin.py:188} INFO - [2026-06-04T07:13:04.946+0000] {dag.py:3033} INFO - Sync 1 DAGs
[2026-06-04T07:13:04.951+0000] {logging_mixin.py:188} INFO - [2026-06-04T07:13:04.951+0000] {dag.py:3820} INFO - Setting next_dagrun for example_complex to None, run_after=None
[2026-06-04T07:13:04.958+0000] {processor.py:183} INFO - Processing /home/airflow/.local/lib/python3.8/site-packages/airflow/example_dags/example_complex.py took 0.043 seconds
[2026-06-04T07:13:36.205+0000] {processor.py:161} INFO - Started process (PID=4127) to work on /home/airflow/.local/lib/python3.8/site-packages/airflow/example_dags/example_complex.py
[2026-06-04T07:13:36.207+0000] {processor.py:830} INFO - Processing file /home/airflow/.local/lib/python3.8/site-packages/airflow/example_dags/example_complex.py for tasks to queue
[2026-06-04T07:13:36.209+0000] {logging_mixin.py:188} INFO - [2026-06-04T07:13:36.209+0000] {dagbag.py:538} INFO - Filling up the DagBag from /home/airflow/.local/lib/python3.8/site-packages/airflow/example_dags/example_complex.py
[2026-06-04T07:13:36.237+0000] {processor.py:840} INFO - DAG(s) 'example_complex' retrieved from /home/airflow/.local/lib/python3.8/site-packages/airflow/example_dags/example_complex.py
[2026-06-04T07:13:36.268+0000] {logging_mixin.py:188} INFO - [2026-06-04T07:13:36.268+0000] {dag.py:3033} INFO - Sync 1 DAGs
[2026-06-04T07:13:36.280+0000] {logging_mixin.py:188} INFO - [2026-06-04T07:13:36.280+0000] {dag.py:3820} INFO - Setting next_dagrun for example_complex to None, run_after=None
[2026-06-04T07:13:36.298+0000] {processor.py:183} INFO - Processing /home/airflow/.local/lib/python3.8/site-packages/airflow/example_dags/example_complex.py took 0.095 seconds
[2026-06-04T07:14:08.128+0000] {processor.py:161} INFO - Started process (PID=4183) to work on /home/airflow/.local/lib/python3.8/site-packages/airflow/example_dags/example_complex.py
[2026-06-04T07:14:08.131+0000] {processor.py:830} INFO - Processing file /home/airflow/.local/lib/python3.8/site-packages/airflow/example_dags/example_complex.py for tasks to queue
[2026-06-04T07:14:08.139+0000] {logging_mixin.py:188} INFO - [2026-06-04T07:14:08.139+0000] {dagbag.py:538} INFO - Filling up the DagBag from /home/airflow/.local/lib/python3.8/site-packages/airflow/example_dags/example_complex.py
[2026-06-04T07:14:08.169+0000] {processor.py:840} INFO - DAG(s) 'example_complex' retrieved from /home/airflow/.local/lib/python3.8/site-packages/airflow/example_dags/example_complex.py
[2026-06-04T07:14:08.326+0000] {logging_mixin.py:188} INFO - [2026-06-04T07:14:08.323+0000] {dag.py:3033} INFO - Sync 1 DAGs
[2026-06-04T07:14:08.381+0000] {logging_mixin.py:188} INFO - [2026-06-04T07:14:08.380+0000] {dag.py:3820} INFO - Setting next_dagrun for example_complex to None, run_after=None
[2026-06-04T07:14:08.474+0000] {processor.py:183} INFO - Processing /home/airflow/.local/lib/python3.8/site-packages/airflow/example_dags/example_complex.py took 0.371 seconds
[2026-06-04T07:14:39.327+0000] {processor.py:161} INFO - Started process (PID=4239) to work on /home/airflow/.local/lib/python3.8/site-packages/airflow/example_dags/example_complex.py
[2026-06-04T07:14:39.335+0000] {processor.py:830} INFO - Processing file /home/airflow/.local/lib/python3.8/site-packages/airflow/example_dags/example_complex.py for tasks to queue
[2026-06-04T07:14:39.362+0000] {logging_mixin.py:188} INFO - [2026-06-04T07:14:39.359+0000] {dagbag.py:538} INFO - Filling up the DagBag from /home/airflow/.local/lib/python3.8/site-packages/airflow/example_dags/example_complex.py
[2026-06-04T07:14:39.418+0000] {processor.py:840} INFO - DAG(s) 'example_complex' retrieved from /home/airflow/.local/lib/python3.8/site-packages/airflow/example_dags/example_complex.py
[2026-06-04T07:14:39.512+0000] {logging_mixin.py:188} INFO - [2026-06-04T07:14:39.512+0000] {dag.py:3033} INFO - Sync 1 DAGs
[2026-06-04T07:14:39.531+0000] {logging_mixin.py:188} INFO - [2026-06-04T07:14:39.531+0000] {dag.py:3820} INFO - Setting next_dagrun for example_complex to None, run_after=None
[2026-06-04T07:14:39.555+0000] {processor.py:183} INFO - Processing /home/airflow/.local/lib/python3.8/site-packages/airflow/example_dags/example_complex.py took 0.267 seconds
[2026-06-04T07:15:10.504+0000] {processor.py:161} INFO - Started process (PID=4295) to work on /home/airflow/.local/lib/python3.8/site-packages/airflow/example_dags/example_complex.py
[2026-06-04T07:15:10.510+0000] {processor.py:830} INFO - Processing file /home/airflow/.local/lib/python3.8/site-packages/airflow/example_dags/example_complex.py for tasks to queue
[2026-06-04T07:15:10.513+0000] {logging_mixin.py:188} INFO - [2026-06-04T07:15:10.513+0000] {dagbag.py:538} INFO - Filling up the DagBag from /home/airflow/.local/lib/python3.8/site-packages/airflow/example_dags/example_complex.py
[2026-06-04T07:15:10.550+0000] {processor.py:840} INFO - DAG(s) 'example_complex' retrieved from /home/airflow/.local/lib/python3.8/site-packages/airflow/example_dags/example_complex.py
[2026-06-04T07:15:10.607+0000] {logging_mixin.py:188} INFO - [2026-06-04T07:15:10.607+0000] {dag.py:3033} INFO - Sync 1 DAGs
[2026-06-04T07:15:10.625+0000] {logging_mixin.py:188} INFO - [2026-06-04T07:15:10.625+0000] {dag.py:3820} INFO - Setting next_dagrun for example_complex to None, run_after=None
[2026-06-04T07:15:10.653+0000] {processor.py:183} INFO - Processing /home/airflow/.local/lib/python3.8/site-packages/airflow/example_dags/example_complex.py took 0.157 seconds
[2026-06-04T07:15:40.849+0000] {processor.py:161} INFO - Started process (PID=4351) to work on /home/airflow/.local/lib/python3.8/site-packages/airflow/example_dags/example_complex.py
[2026-06-04T07:15:40.858+0000] {processor.py:830} INFO - Processing file /home/airflow/.local/lib/python3.8/site-packages/airflow/example_dags/example_complex.py for tasks to queue
[2026-06-04T07:15:40.871+0000] {logging_mixin.py:188} INFO - [2026-06-04T07:15:40.871+0000] {dagbag.py:538} INFO - Filling up the DagBag from /home/airflow/.local/lib/python3.8/site-packages/airflow/example_dags/example_complex.py
[2026-06-04T07:15:40.895+0000] {processor.py:840} INFO - DAG(s) 'example_complex' retrieved from /home/airflow/.local/lib/python3.8/site-packages/airflow/example_dags/example_complex.py
[2026-06-04T07:15:40.936+0000] {logging_mixin.py:188} INFO - [2026-06-04T07:15:40.935+0000] {dag.py:3033} INFO - Sync 1 DAGs
[2026-06-04T07:15:40.947+0000] {logging_mixin.py:188} INFO - [2026-06-04T07:15:40.946+0000] {dag.py:3820} INFO - Setting next_dagrun for example_complex to None, run_after=None
[2026-06-04T07:15:40.972+0000] {processor.py:183} INFO - Processing /home/airflow/.local/lib/python3.8/site-packages/airflow/example_dags/example_complex.py took 0.140 seconds
[2026-06-04T07:16:11.114+0000] {processor.py:161} INFO - Started process (PID=4407) to work on /home/airflow/.local/lib/python3.8/site-packages/airflow/example_dags/example_complex.py
[2026-06-04T07:16:11.118+0000] {processor.py:830} INFO - Processing file /home/airflow/.local/lib/python3.8/site-packages/airflow/example_dags/example_complex.py for tasks to queue
[2026-06-04T07:16:11.121+0000] {logging_mixin.py:188} INFO - [2026-06-04T07:16:11.121+0000] {dagbag.py:538} INFO - Filling up the DagBag from /home/airflow/.local/lib/python3.8/site-packages/airflow/example_dags/example_complex.py
[2026-06-04T07:16:11.147+0000] {processor.py:840} INFO - DAG(s) 'example_complex' retrieved from /home/airflow/.local/lib/python3.8/site-packages/airflow/example_dags/example_complex.py
[2026-06-04T07:16:11.186+0000] {logging_mixin.py:188} INFO - [2026-06-04T07:16:11.185+0000] {dag.py:3033} INFO - Sync 1 DAGs
[2026-06-04T07:16:11.202+0000] {logging_mixin.py:188} INFO - [2026-06-04T07:16:11.202+0000] {dag.py:3820} INFO - Setting next_dagrun for example_complex to None, run_after=None
[2026-06-04T07:16:11.224+0000] {processor.py:183} INFO - Processing /home/airflow/.local/lib/python3.8/site-packages/airflow/example_dags/example_complex.py took 0.118 seconds
