[2026-06-04T06:36:34.051+0000] {processor.py:161} INFO - Started process (PID=41) to work on /home/airflow/.local/lib/python3.8/site-packages/airflow/example_dags/example_sensors.py
[2026-06-04T06:36:34.061+0000] {processor.py:830} INFO - Processing file /home/airflow/.local/lib/python3.8/site-packages/airflow/example_dags/example_sensors.py for tasks to queue
[2026-06-04T06:36:34.088+0000] {logging_mixin.py:188} INFO - [2026-06-04T06:36:34.084+0000] {dagbag.py:538} INFO - Filling up the DagBag from /home/airflow/.local/lib/python3.8/site-packages/airflow/example_dags/example_sensors.py
[2026-06-04T06:36:34.096+0000] {processor.py:840} INFO - DAG(s) 'example_sensors' retrieved from /home/airflow/.local/lib/python3.8/site-packages/airflow/example_dags/example_sensors.py
[2026-06-04T06:36:34.215+0000] {logging_mixin.py:188} INFO - [2026-06-04T06:36:34.215+0000] {dag.py:3033} INFO - Sync 1 DAGs
[2026-06-04T06:36:34.279+0000] {logging_mixin.py:188} INFO - [2026-06-04T06:36:34.279+0000] {dag.py:3820} INFO - Setting next_dagrun for example_sensors to None, run_after=None
[2026-06-04T06:36:34.387+0000] {processor.py:183} INFO - Processing /home/airflow/.local/lib/python3.8/site-packages/airflow/example_dags/example_sensors.py took 0.368 seconds
[2026-06-04T06:37:04.708+0000] {processor.py:161} INFO - Started process (PID=96) to work on /home/airflow/.local/lib/python3.8/site-packages/airflow/example_dags/example_sensors.py
[2026-06-04T06:37:04.709+0000] {processor.py:830} INFO - Processing file /home/airflow/.local/lib/python3.8/site-packages/airflow/example_dags/example_sensors.py for tasks to queue
[2026-06-04T06:37:04.713+0000] {logging_mixin.py:188} INFO - [2026-06-04T06:37:04.713+0000] {dagbag.py:538} INFO - Filling up the DagBag from /home/airflow/.local/lib/python3.8/site-packages/airflow/example_dags/example_sensors.py
[2026-06-04T06:37:04.725+0000] {processor.py:840} INFO - DAG(s) 'example_sensors' retrieved from /home/airflow/.local/lib/python3.8/site-packages/airflow/example_dags/example_sensors.py
[2026-06-04T06:37:04.837+0000] {logging_mixin.py:188} INFO - [2026-06-04T06:37:04.837+0000] {dag.py:3033} INFO - Sync 1 DAGs
[2026-06-04T06:37:04.846+0000] {logging_mixin.py:188} INFO - [2026-06-04T06:37:04.846+0000] {dag.py:3820} INFO - Setting next_dagrun for example_sensors to None, run_after=None
[2026-06-04T06:37:04.863+0000] {processor.py:183} INFO - Processing /home/airflow/.local/lib/python3.8/site-packages/airflow/example_dags/example_sensors.py took 0.159 seconds
[2026-06-04T06:37:35.026+0000] {processor.py:161} INFO - Started process (PID=154) to work on /home/airflow/.local/lib/python3.8/site-packages/airflow/example_dags/example_sensors.py
[2026-06-04T06:37:35.028+0000] {processor.py:830} INFO - Processing file /home/airflow/.local/lib/python3.8/site-packages/airflow/example_dags/example_sensors.py for tasks to queue
[2026-06-04T06:37:35.032+0000] {logging_mixin.py:188} INFO - [2026-06-04T06:37:35.032+0000] {dagbag.py:538} INFO - Filling up the DagBag from /home/airflow/.local/lib/python3.8/site-packages/airflow/example_dags/example_sensors.py
[2026-06-04T06:37:35.042+0000] {processor.py:840} INFO - DAG(s) 'example_sensors' retrieved from /home/airflow/.local/lib/python3.8/site-packages/airflow/example_dags/example_sensors.py
[2026-06-04T06:37:35.065+0000] {logging_mixin.py:188} INFO - [2026-06-04T06:37:35.065+0000] {dag.py:3033} INFO - Sync 1 DAGs
[2026-06-04T06:37:35.074+0000] {logging_mixin.py:188} INFO - [2026-06-04T06:37:35.074+0000] {dag.py:3820} INFO - Setting next_dagrun for example_sensors to None, run_after=None
[2026-06-04T06:37:35.084+0000] {processor.py:183} INFO - Processing /home/airflow/.local/lib/python3.8/site-packages/airflow/example_dags/example_sensors.py took 0.070 seconds
[2026-06-04T06:38:05.685+0000] {processor.py:161} INFO - Started process (PID=216) to work on /home/airflow/.local/lib/python3.8/site-packages/airflow/example_dags/example_sensors.py
[2026-06-04T06:38:05.687+0000] {processor.py:830} INFO - Processing file /home/airflow/.local/lib/python3.8/site-packages/airflow/example_dags/example_sensors.py for tasks to queue
[2026-06-04T06:38:05.690+0000] {logging_mixin.py:188} INFO - [2026-06-04T06:38:05.689+0000] {dagbag.py:538} INFO - Filling up the DagBag from /home/airflow/.local/lib/python3.8/site-packages/airflow/example_dags/example_sensors.py
[2026-06-04T06:38:05.705+0000] {processor.py:840} INFO - DAG(s) 'example_sensors' retrieved from /home/airflow/.local/lib/python3.8/site-packages/airflow/example_dags/example_sensors.py
[2026-06-04T06:38:05.742+0000] {logging_mixin.py:188} INFO - [2026-06-04T06:38:05.742+0000] {dag.py:3033} INFO - Sync 1 DAGs
[2026-06-04T06:38:05.749+0000] {logging_mixin.py:188} INFO - [2026-06-04T06:38:05.749+0000] {dag.py:3820} INFO - Setting next_dagrun for example_sensors to None, run_after=None
[2026-06-04T06:38:05.762+0000] {processor.py:183} INFO - Processing /home/airflow/.local/lib/python3.8/site-packages/airflow/example_dags/example_sensors.py took 0.079 seconds
[2026-06-04T06:38:35.881+0000] {processor.py:161} INFO - Started process (PID=272) to work on /home/airflow/.local/lib/python3.8/site-packages/airflow/example_dags/example_sensors.py
[2026-06-04T06:38:35.887+0000] {processor.py:830} INFO - Processing file /home/airflow/.local/lib/python3.8/site-packages/airflow/example_dags/example_sensors.py for tasks to queue
[2026-06-04T06:38:35.902+0000] {logging_mixin.py:188} INFO - [2026-06-04T06:38:35.902+0000] {dagbag.py:538} INFO - Filling up the DagBag from /home/airflow/.local/lib/python3.8/site-packages/airflow/example_dags/example_sensors.py
[2026-06-04T06:38:35.912+0000] {processor.py:840} INFO - DAG(s) 'example_sensors' retrieved from /home/airflow/.local/lib/python3.8/site-packages/airflow/example_dags/example_sensors.py
[2026-06-04T06:38:35.939+0000] {logging_mixin.py:188} INFO - [2026-06-04T06:38:35.939+0000] {dag.py:3033} INFO - Sync 1 DAGs
[2026-06-04T06:38:35.947+0000] {logging_mixin.py:188} INFO - [2026-06-04T06:38:35.947+0000] {dag.py:3820} INFO - Setting next_dagrun for example_sensors to None, run_after=None
[2026-06-04T06:38:35.962+0000] {processor.py:183} INFO - Processing /home/airflow/.local/lib/python3.8/site-packages/airflow/example_dags/example_sensors.py took 0.085 seconds
[2026-06-04T06:39:06.581+0000] {processor.py:161} INFO - Started process (PID=327) to work on /home/airflow/.local/lib/python3.8/site-packages/airflow/example_dags/example_sensors.py
[2026-06-04T06:39:06.585+0000] {processor.py:830} INFO - Processing file /home/airflow/.local/lib/python3.8/site-packages/airflow/example_dags/example_sensors.py for tasks to queue
[2026-06-04T06:39:06.591+0000] {logging_mixin.py:188} INFO - [2026-06-04T06:39:06.590+0000] {dagbag.py:538} INFO - Filling up the DagBag from /home/airflow/.local/lib/python3.8/site-packages/airflow/example_dags/example_sensors.py
[2026-06-04T06:39:06.614+0000] {processor.py:840} INFO - DAG(s) 'example_sensors' retrieved from /home/airflow/.local/lib/python3.8/site-packages/airflow/example_dags/example_sensors.py
[2026-06-04T06:39:06.638+0000] {logging_mixin.py:188} INFO - [2026-06-04T06:39:06.638+0000] {dag.py:3033} INFO - Sync 1 DAGs
[2026-06-04T06:39:06.645+0000] {logging_mixin.py:188} INFO - [2026-06-04T06:39:06.645+0000] {dag.py:3820} INFO - Setting next_dagrun for example_sensors to None, run_after=None
[2026-06-04T06:39:06.656+0000] {processor.py:183} INFO - Processing /home/airflow/.local/lib/python3.8/site-packages/airflow/example_dags/example_sensors.py took 0.078 seconds
[2026-06-04T06:39:36.738+0000] {processor.py:161} INFO - Started process (PID=383) to work on /home/airflow/.local/lib/python3.8/site-packages/airflow/example_dags/example_sensors.py
[2026-06-04T06:39:36.740+0000] {processor.py:830} INFO - Processing file /home/airflow/.local/lib/python3.8/site-packages/airflow/example_dags/example_sensors.py for tasks to queue
[2026-06-04T06:39:36.745+0000] {logging_mixin.py:188} INFO - [2026-06-04T06:39:36.745+0000] {dagbag.py:538} INFO - Filling up the DagBag from /home/airflow/.local/lib/python3.8/site-packages/airflow/example_dags/example_sensors.py
[2026-06-04T06:39:36.758+0000] {processor.py:840} INFO - DAG(s) 'example_sensors' retrieved from /home/airflow/.local/lib/python3.8/site-packages/airflow/example_dags/example_sensors.py
[2026-06-04T06:39:36.791+0000] {logging_mixin.py:188} INFO - [2026-06-04T06:39:36.791+0000] {dag.py:3033} INFO - Sync 1 DAGs
[2026-06-04T06:39:36.801+0000] {logging_mixin.py:188} INFO - [2026-06-04T06:39:36.801+0000] {dag.py:3820} INFO - Setting next_dagrun for example_sensors to None, run_after=None
[2026-06-04T06:39:36.813+0000] {processor.py:183} INFO - Processing /home/airflow/.local/lib/python3.8/site-packages/airflow/example_dags/example_sensors.py took 0.085 seconds
[2026-06-04T06:40:07.472+0000] {processor.py:161} INFO - Started process (PID=439) to work on /home/airflow/.local/lib/python3.8/site-packages/airflow/example_dags/example_sensors.py
[2026-06-04T06:40:07.473+0000] {processor.py:830} INFO - Processing file /home/airflow/.local/lib/python3.8/site-packages/airflow/example_dags/example_sensors.py for tasks to queue
[2026-06-04T06:40:07.477+0000] {logging_mixin.py:188} INFO - [2026-06-04T06:40:07.477+0000] {dagbag.py:538} INFO - Filling up the DagBag from /home/airflow/.local/lib/python3.8/site-packages/airflow/example_dags/example_sensors.py
[2026-06-04T06:40:07.486+0000] {processor.py:840} INFO - DAG(s) 'example_sensors' retrieved from /home/airflow/.local/lib/python3.8/site-packages/airflow/example_dags/example_sensors.py
[2026-06-04T06:40:07.521+0000] {logging_mixin.py:188} INFO - [2026-06-04T06:40:07.521+0000] {dag.py:3033} INFO - Sync 1 DAGs
[2026-06-04T06:40:07.530+0000] {logging_mixin.py:188} INFO - [2026-06-04T06:40:07.530+0000] {dag.py:3820} INFO - Setting next_dagrun for example_sensors to None, run_after=None
[2026-06-04T06:40:07.541+0000] {processor.py:183} INFO - Processing /home/airflow/.local/lib/python3.8/site-packages/airflow/example_dags/example_sensors.py took 0.075 seconds
[2026-06-04T06:40:37.614+0000] {processor.py:161} INFO - Started process (PID=495) to work on /home/airflow/.local/lib/python3.8/site-packages/airflow/example_dags/example_sensors.py
[2026-06-04T06:40:37.616+0000] {processor.py:830} INFO - Processing file /home/airflow/.local/lib/python3.8/site-packages/airflow/example_dags/example_sensors.py for tasks to queue
[2026-06-04T06:40:37.620+0000] {logging_mixin.py:188} INFO - [2026-06-04T06:40:37.620+0000] {dagbag.py:538} INFO - Filling up the DagBag from /home/airflow/.local/lib/python3.8/site-packages/airflow/example_dags/example_sensors.py
[2026-06-04T06:40:37.637+0000] {processor.py:840} INFO - DAG(s) 'example_sensors' retrieved from /home/airflow/.local/lib/python3.8/site-packages/airflow/example_dags/example_sensors.py
[2026-06-04T06:40:37.668+0000] {logging_mixin.py:188} INFO - [2026-06-04T06:40:37.668+0000] {dag.py:3033} INFO - Sync 1 DAGs
[2026-06-04T06:40:37.678+0000] {logging_mixin.py:188} INFO - [2026-06-04T06:40:37.678+0000] {dag.py:3820} INFO - Setting next_dagrun for example_sensors to None, run_after=None
[2026-06-04T06:40:37.692+0000] {processor.py:183} INFO - Processing /home/airflow/.local/lib/python3.8/site-packages/airflow/example_dags/example_sensors.py took 0.083 seconds
[2026-06-04T06:41:08.388+0000] {processor.py:161} INFO - Started process (PID=551) to work on /home/airflow/.local/lib/python3.8/site-packages/airflow/example_dags/example_sensors.py
[2026-06-04T06:41:08.389+0000] {processor.py:830} INFO - Processing file /home/airflow/.local/lib/python3.8/site-packages/airflow/example_dags/example_sensors.py for tasks to queue
[2026-06-04T06:41:08.392+0000] {logging_mixin.py:188} INFO - [2026-06-04T06:41:08.392+0000] {dagbag.py:538} INFO - Filling up the DagBag from /home/airflow/.local/lib/python3.8/site-packages/airflow/example_dags/example_sensors.py
[2026-06-04T06:41:08.409+0000] {processor.py:840} INFO - DAG(s) 'example_sensors' retrieved from /home/airflow/.local/lib/python3.8/site-packages/airflow/example_dags/example_sensors.py
[2026-06-04T06:41:08.443+0000] {logging_mixin.py:188} INFO - [2026-06-04T06:41:08.443+0000] {dag.py:3033} INFO - Sync 1 DAGs
[2026-06-04T06:41:08.452+0000] {logging_mixin.py:188} INFO - [2026-06-04T06:41:08.452+0000] {dag.py:3820} INFO - Setting next_dagrun for example_sensors to None, run_after=None
[2026-06-04T06:41:08.464+0000] {processor.py:183} INFO - Processing /home/airflow/.local/lib/python3.8/site-packages/airflow/example_dags/example_sensors.py took 0.080 seconds
[2026-06-04T06:41:39.186+0000] {processor.py:161} INFO - Started process (PID=607) to work on /home/airflow/.local/lib/python3.8/site-packages/airflow/example_dags/example_sensors.py
[2026-06-04T06:41:39.189+0000] {processor.py:830} INFO - Processing file /home/airflow/.local/lib/python3.8/site-packages/airflow/example_dags/example_sensors.py for tasks to queue
[2026-06-04T06:41:39.193+0000] {logging_mixin.py:188} INFO - [2026-06-04T06:41:39.193+0000] {dagbag.py:538} INFO - Filling up the DagBag from /home/airflow/.local/lib/python3.8/site-packages/airflow/example_dags/example_sensors.py
[2026-06-04T06:41:39.212+0000] {processor.py:840} INFO - DAG(s) 'example_sensors' retrieved from /home/airflow/.local/lib/python3.8/site-packages/airflow/example_dags/example_sensors.py
[2026-06-04T06:41:39.244+0000] {logging_mixin.py:188} INFO - [2026-06-04T06:41:39.243+0000] {dag.py:3033} INFO - Sync 1 DAGs
[2026-06-04T06:41:39.250+0000] {logging_mixin.py:188} INFO - [2026-06-04T06:41:39.250+0000] {dag.py:3820} INFO - Setting next_dagrun for example_sensors to None, run_after=None
[2026-06-04T06:41:39.262+0000] {processor.py:183} INFO - Processing /home/airflow/.local/lib/python3.8/site-packages/airflow/example_dags/example_sensors.py took 0.081 seconds
[2026-06-04T06:42:10.118+0000] {processor.py:161} INFO - Started process (PID=663) to work on /home/airflow/.local/lib/python3.8/site-packages/airflow/example_dags/example_sensors.py
[2026-06-04T06:42:10.120+0000] {processor.py:830} INFO - Processing file /home/airflow/.local/lib/python3.8/site-packages/airflow/example_dags/example_sensors.py for tasks to queue
[2026-06-04T06:42:10.124+0000] {logging_mixin.py:188} INFO - [2026-06-04T06:42:10.124+0000] {dagbag.py:538} INFO - Filling up the DagBag from /home/airflow/.local/lib/python3.8/site-packages/airflow/example_dags/example_sensors.py
[2026-06-04T06:42:10.141+0000] {processor.py:840} INFO - DAG(s) 'example_sensors' retrieved from /home/airflow/.local/lib/python3.8/site-packages/airflow/example_dags/example_sensors.py
[2026-06-04T06:42:10.179+0000] {logging_mixin.py:188} INFO - [2026-06-04T06:42:10.178+0000] {dag.py:3033} INFO - Sync 1 DAGs
[2026-06-04T06:42:10.194+0000] {logging_mixin.py:188} INFO - [2026-06-04T06:42:10.193+0000] {dag.py:3820} INFO - Setting next_dagrun for example_sensors to None, run_after=None
[2026-06-04T06:42:10.209+0000] {processor.py:183} INFO - Processing /home/airflow/.local/lib/python3.8/site-packages/airflow/example_dags/example_sensors.py took 0.097 seconds
[2026-06-04T06:42:40.437+0000] {processor.py:161} INFO - Started process (PID=719) to work on /home/airflow/.local/lib/python3.8/site-packages/airflow/example_dags/example_sensors.py
[2026-06-04T06:42:40.440+0000] {processor.py:830} INFO - Processing file /home/airflow/.local/lib/python3.8/site-packages/airflow/example_dags/example_sensors.py for tasks to queue
[2026-06-04T06:42:40.445+0000] {logging_mixin.py:188} INFO - [2026-06-04T06:42:40.444+0000] {dagbag.py:538} INFO - Filling up the DagBag from /home/airflow/.local/lib/python3.8/site-packages/airflow/example_dags/example_sensors.py
[2026-06-04T06:42:40.471+0000] {processor.py:840} INFO - DAG(s) 'example_sensors' retrieved from /home/airflow/.local/lib/python3.8/site-packages/airflow/example_dags/example_sensors.py
[2026-06-04T06:42:40.494+0000] {logging_mixin.py:188} INFO - [2026-06-04T06:42:40.494+0000] {dag.py:3033} INFO - Sync 1 DAGs
[2026-06-04T06:42:40.503+0000] {logging_mixin.py:188} INFO - [2026-06-04T06:42:40.503+0000] {dag.py:3820} INFO - Setting next_dagrun for example_sensors to None, run_after=None
[2026-06-04T06:42:40.516+0000] {processor.py:183} INFO - Processing /home/airflow/.local/lib/python3.8/site-packages/airflow/example_dags/example_sensors.py took 0.084 seconds
[2026-06-04T06:43:10.770+0000] {processor.py:161} INFO - Started process (PID=775) to work on /home/airflow/.local/lib/python3.8/site-packages/airflow/example_dags/example_sensors.py
[2026-06-04T06:43:10.772+0000] {processor.py:830} INFO - Processing file /home/airflow/.local/lib/python3.8/site-packages/airflow/example_dags/example_sensors.py for tasks to queue
[2026-06-04T06:43:10.775+0000] {logging_mixin.py:188} INFO - [2026-06-04T06:43:10.775+0000] {dagbag.py:538} INFO - Filling up the DagBag from /home/airflow/.local/lib/python3.8/site-packages/airflow/example_dags/example_sensors.py
[2026-06-04T06:43:10.786+0000] {processor.py:840} INFO - DAG(s) 'example_sensors' retrieved from /home/airflow/.local/lib/python3.8/site-packages/airflow/example_dags/example_sensors.py
[2026-06-04T06:43:10.813+0000] {logging_mixin.py:188} INFO - [2026-06-04T06:43:10.813+0000] {dag.py:3033} INFO - Sync 1 DAGs
[2026-06-04T06:43:10.830+0000] {logging_mixin.py:188} INFO - [2026-06-04T06:43:10.830+0000] {dag.py:3820} INFO - Setting next_dagrun for example_sensors to None, run_after=None
[2026-06-04T06:43:10.849+0000] {processor.py:183} INFO - Processing /home/airflow/.local/lib/python3.8/site-packages/airflow/example_dags/example_sensors.py took 0.083 seconds
[2026-06-04T06:43:40.910+0000] {processor.py:161} INFO - Started process (PID=831) to work on /home/airflow/.local/lib/python3.8/site-packages/airflow/example_dags/example_sensors.py
[2026-06-04T06:43:40.912+0000] {processor.py:830} INFO - Processing file /home/airflow/.local/lib/python3.8/site-packages/airflow/example_dags/example_sensors.py for tasks to queue
[2026-06-04T06:43:40.916+0000] {logging_mixin.py:188} INFO - [2026-06-04T06:43:40.916+0000] {dagbag.py:538} INFO - Filling up the DagBag from /home/airflow/.local/lib/python3.8/site-packages/airflow/example_dags/example_sensors.py
[2026-06-04T06:43:40.929+0000] {processor.py:840} INFO - DAG(s) 'example_sensors' retrieved from /home/airflow/.local/lib/python3.8/site-packages/airflow/example_dags/example_sensors.py
[2026-06-04T06:43:40.954+0000] {logging_mixin.py:188} INFO - [2026-06-04T06:43:40.953+0000] {dag.py:3033} INFO - Sync 1 DAGs
[2026-06-04T06:43:40.962+0000] {logging_mixin.py:188} INFO - [2026-06-04T06:43:40.962+0000] {dag.py:3820} INFO - Setting next_dagrun for example_sensors to None, run_after=None
[2026-06-04T06:43:40.979+0000] {processor.py:183} INFO - Processing /home/airflow/.local/lib/python3.8/site-packages/airflow/example_dags/example_sensors.py took 0.073 seconds
[2026-06-04T06:44:11.111+0000] {processor.py:161} INFO - Started process (PID=887) to work on /home/airflow/.local/lib/python3.8/site-packages/airflow/example_dags/example_sensors.py
[2026-06-04T06:44:11.112+0000] {processor.py:830} INFO - Processing file /home/airflow/.local/lib/python3.8/site-packages/airflow/example_dags/example_sensors.py for tasks to queue
[2026-06-04T06:44:11.115+0000] {logging_mixin.py:188} INFO - [2026-06-04T06:44:11.115+0000] {dagbag.py:538} INFO - Filling up the DagBag from /home/airflow/.local/lib/python3.8/site-packages/airflow/example_dags/example_sensors.py
[2026-06-04T06:44:11.138+0000] {processor.py:840} INFO - DAG(s) 'example_sensors' retrieved from /home/airflow/.local/lib/python3.8/site-packages/airflow/example_dags/example_sensors.py
[2026-06-04T06:44:11.162+0000] {logging_mixin.py:188} INFO - [2026-06-04T06:44:11.162+0000] {dag.py:3033} INFO - Sync 1 DAGs
[2026-06-04T06:44:11.172+0000] {logging_mixin.py:188} INFO - [2026-06-04T06:44:11.172+0000] {dag.py:3820} INFO - Setting next_dagrun for example_sensors to None, run_after=None
[2026-06-04T06:44:11.183+0000] {processor.py:183} INFO - Processing /home/airflow/.local/lib/python3.8/site-packages/airflow/example_dags/example_sensors.py took 0.078 seconds
[2026-06-04T06:44:41.956+0000] {processor.py:161} INFO - Started process (PID=942) to work on /home/airflow/.local/lib/python3.8/site-packages/airflow/example_dags/example_sensors.py
[2026-06-04T06:44:41.958+0000] {processor.py:830} INFO - Processing file /home/airflow/.local/lib/python3.8/site-packages/airflow/example_dags/example_sensors.py for tasks to queue
[2026-06-04T06:44:41.960+0000] {logging_mixin.py:188} INFO - [2026-06-04T06:44:41.960+0000] {dagbag.py:538} INFO - Filling up the DagBag from /home/airflow/.local/lib/python3.8/site-packages/airflow/example_dags/example_sensors.py
[2026-06-04T06:44:41.969+0000] {processor.py:840} INFO - DAG(s) 'example_sensors' retrieved from /home/airflow/.local/lib/python3.8/site-packages/airflow/example_dags/example_sensors.py
[2026-06-04T06:44:42.003+0000] {logging_mixin.py:188} INFO - [2026-06-04T06:44:42.003+0000] {dag.py:3033} INFO - Sync 1 DAGs
[2026-06-04T06:44:42.011+0000] {logging_mixin.py:188} INFO - [2026-06-04T06:44:42.010+0000] {dag.py:3820} INFO - Setting next_dagrun for example_sensors to None, run_after=None
[2026-06-04T06:44:42.024+0000] {processor.py:183} INFO - Processing /home/airflow/.local/lib/python3.8/site-packages/airflow/example_dags/example_sensors.py took 0.071 seconds
[2026-06-04T06:45:12.152+0000] {processor.py:161} INFO - Started process (PID=998) to work on /home/airflow/.local/lib/python3.8/site-packages/airflow/example_dags/example_sensors.py
[2026-06-04T06:45:12.154+0000] {processor.py:830} INFO - Processing file /home/airflow/.local/lib/python3.8/site-packages/airflow/example_dags/example_sensors.py for tasks to queue
[2026-06-04T06:45:12.156+0000] {logging_mixin.py:188} INFO - [2026-06-04T06:45:12.156+0000] {dagbag.py:538} INFO - Filling up the DagBag from /home/airflow/.local/lib/python3.8/site-packages/airflow/example_dags/example_sensors.py
[2026-06-04T06:45:12.171+0000] {processor.py:840} INFO - DAG(s) 'example_sensors' retrieved from /home/airflow/.local/lib/python3.8/site-packages/airflow/example_dags/example_sensors.py
[2026-06-04T06:45:12.195+0000] {logging_mixin.py:188} INFO - [2026-06-04T06:45:12.195+0000] {dag.py:3033} INFO - Sync 1 DAGs
[2026-06-04T06:45:12.205+0000] {logging_mixin.py:188} INFO - [2026-06-04T06:45:12.205+0000] {dag.py:3820} INFO - Setting next_dagrun for example_sensors to None, run_after=None
[2026-06-04T06:45:12.219+0000] {processor.py:183} INFO - Processing /home/airflow/.local/lib/python3.8/site-packages/airflow/example_dags/example_sensors.py took 0.072 seconds
[2026-06-04T06:45:42.367+0000] {processor.py:161} INFO - Started process (PID=1054) to work on /home/airflow/.local/lib/python3.8/site-packages/airflow/example_dags/example_sensors.py
[2026-06-04T06:45:42.369+0000] {processor.py:830} INFO - Processing file /home/airflow/.local/lib/python3.8/site-packages/airflow/example_dags/example_sensors.py for tasks to queue
[2026-06-04T06:45:42.372+0000] {logging_mixin.py:188} INFO - [2026-06-04T06:45:42.372+0000] {dagbag.py:538} INFO - Filling up the DagBag from /home/airflow/.local/lib/python3.8/site-packages/airflow/example_dags/example_sensors.py
[2026-06-04T06:45:42.382+0000] {processor.py:840} INFO - DAG(s) 'example_sensors' retrieved from /home/airflow/.local/lib/python3.8/site-packages/airflow/example_dags/example_sensors.py
[2026-06-04T06:45:42.418+0000] {logging_mixin.py:188} INFO - [2026-06-04T06:45:42.418+0000] {dag.py:3033} INFO - Sync 1 DAGs
[2026-06-04T06:45:42.429+0000] {logging_mixin.py:188} INFO - [2026-06-04T06:45:42.429+0000] {dag.py:3820} INFO - Setting next_dagrun for example_sensors to None, run_after=None
[2026-06-04T06:45:42.442+0000] {processor.py:183} INFO - Processing /home/airflow/.local/lib/python3.8/site-packages/airflow/example_dags/example_sensors.py took 0.086 seconds
[2026-06-04T06:46:13.243+0000] {processor.py:161} INFO - Started process (PID=1110) to work on /home/airflow/.local/lib/python3.8/site-packages/airflow/example_dags/example_sensors.py
[2026-06-04T06:46:13.244+0000] {processor.py:830} INFO - Processing file /home/airflow/.local/lib/python3.8/site-packages/airflow/example_dags/example_sensors.py for tasks to queue
[2026-06-04T06:46:13.250+0000] {logging_mixin.py:188} INFO - [2026-06-04T06:46:13.249+0000] {dagbag.py:538} INFO - Filling up the DagBag from /home/airflow/.local/lib/python3.8/site-packages/airflow/example_dags/example_sensors.py
[2026-06-04T06:46:13.272+0000] {processor.py:840} INFO - DAG(s) 'example_sensors' retrieved from /home/airflow/.local/lib/python3.8/site-packages/airflow/example_dags/example_sensors.py
[2026-06-04T06:46:13.296+0000] {logging_mixin.py:188} INFO - [2026-06-04T06:46:13.296+0000] {dag.py:3033} INFO - Sync 1 DAGs
[2026-06-04T06:46:13.305+0000] {logging_mixin.py:188} INFO - [2026-06-04T06:46:13.305+0000] {dag.py:3820} INFO - Setting next_dagrun for example_sensors to None, run_after=None
[2026-06-04T06:46:13.328+0000] {processor.py:183} INFO - Processing /home/airflow/.local/lib/python3.8/site-packages/airflow/example_dags/example_sensors.py took 0.090 seconds
[2026-06-04T06:46:43.459+0000] {processor.py:161} INFO - Started process (PID=1166) to work on /home/airflow/.local/lib/python3.8/site-packages/airflow/example_dags/example_sensors.py
[2026-06-04T06:46:43.460+0000] {processor.py:830} INFO - Processing file /home/airflow/.local/lib/python3.8/site-packages/airflow/example_dags/example_sensors.py for tasks to queue
[2026-06-04T06:46:43.464+0000] {logging_mixin.py:188} INFO - [2026-06-04T06:46:43.464+0000] {dagbag.py:538} INFO - Filling up the DagBag from /home/airflow/.local/lib/python3.8/site-packages/airflow/example_dags/example_sensors.py
[2026-06-04T06:46:43.476+0000] {processor.py:840} INFO - DAG(s) 'example_sensors' retrieved from /home/airflow/.local/lib/python3.8/site-packages/airflow/example_dags/example_sensors.py
[2026-06-04T06:46:43.512+0000] {logging_mixin.py:188} INFO - [2026-06-04T06:46:43.512+0000] {dag.py:3033} INFO - Sync 1 DAGs
[2026-06-04T06:46:43.521+0000] {logging_mixin.py:188} INFO - [2026-06-04T06:46:43.521+0000] {dag.py:3820} INFO - Setting next_dagrun for example_sensors to None, run_after=None
[2026-06-04T06:46:43.537+0000] {processor.py:183} INFO - Processing /home/airflow/.local/lib/python3.8/site-packages/airflow/example_dags/example_sensors.py took 0.081 seconds
[2026-06-04T06:47:13.665+0000] {processor.py:161} INFO - Started process (PID=1222) to work on /home/airflow/.local/lib/python3.8/site-packages/airflow/example_dags/example_sensors.py
[2026-06-04T06:47:13.667+0000] {processor.py:830} INFO - Processing file /home/airflow/.local/lib/python3.8/site-packages/airflow/example_dags/example_sensors.py for tasks to queue
[2026-06-04T06:47:13.671+0000] {logging_mixin.py:188} INFO - [2026-06-04T06:47:13.671+0000] {dagbag.py:538} INFO - Filling up the DagBag from /home/airflow/.local/lib/python3.8/site-packages/airflow/example_dags/example_sensors.py
[2026-06-04T06:47:13.679+0000] {processor.py:840} INFO - DAG(s) 'example_sensors' retrieved from /home/airflow/.local/lib/python3.8/site-packages/airflow/example_dags/example_sensors.py
[2026-06-04T06:47:13.718+0000] {logging_mixin.py:188} INFO - [2026-06-04T06:47:13.717+0000] {dag.py:3033} INFO - Sync 1 DAGs
[2026-06-04T06:47:13.725+0000] {logging_mixin.py:188} INFO - [2026-06-04T06:47:13.725+0000] {dag.py:3820} INFO - Setting next_dagrun for example_sensors to None, run_after=None
[2026-06-04T06:47:13.738+0000] {processor.py:183} INFO - Processing /home/airflow/.local/lib/python3.8/site-packages/airflow/example_dags/example_sensors.py took 0.078 seconds
[2026-06-04T06:47:44.621+0000] {processor.py:161} INFO - Started process (PID=1278) to work on /home/airflow/.local/lib/python3.8/site-packages/airflow/example_dags/example_sensors.py
[2026-06-04T06:47:44.622+0000] {processor.py:830} INFO - Processing file /home/airflow/.local/lib/python3.8/site-packages/airflow/example_dags/example_sensors.py for tasks to queue
[2026-06-04T06:47:44.626+0000] {logging_mixin.py:188} INFO - [2026-06-04T06:47:44.625+0000] {dagbag.py:538} INFO - Filling up the DagBag from /home/airflow/.local/lib/python3.8/site-packages/airflow/example_dags/example_sensors.py
[2026-06-04T06:47:44.638+0000] {processor.py:840} INFO - DAG(s) 'example_sensors' retrieved from /home/airflow/.local/lib/python3.8/site-packages/airflow/example_dags/example_sensors.py
[2026-06-04T06:47:44.657+0000] {logging_mixin.py:188} INFO - [2026-06-04T06:47:44.657+0000] {dag.py:3033} INFO - Sync 1 DAGs
[2026-06-04T06:47:44.665+0000] {logging_mixin.py:188} INFO - [2026-06-04T06:47:44.665+0000] {dag.py:3820} INFO - Setting next_dagrun for example_sensors to None, run_after=None
[2026-06-04T06:47:44.677+0000] {processor.py:183} INFO - Processing /home/airflow/.local/lib/python3.8/site-packages/airflow/example_dags/example_sensors.py took 0.060 seconds
[2026-06-04T06:48:15.487+0000] {processor.py:161} INFO - Started process (PID=1334) to work on /home/airflow/.local/lib/python3.8/site-packages/airflow/example_dags/example_sensors.py
[2026-06-04T06:48:15.489+0000] {processor.py:830} INFO - Processing file /home/airflow/.local/lib/python3.8/site-packages/airflow/example_dags/example_sensors.py for tasks to queue
[2026-06-04T06:48:15.490+0000] {logging_mixin.py:188} INFO - [2026-06-04T06:48:15.490+0000] {dagbag.py:538} INFO - Filling up the DagBag from /home/airflow/.local/lib/python3.8/site-packages/airflow/example_dags/example_sensors.py
[2026-06-04T06:48:15.502+0000] {processor.py:840} INFO - DAG(s) 'example_sensors' retrieved from /home/airflow/.local/lib/python3.8/site-packages/airflow/example_dags/example_sensors.py
[2026-06-04T06:48:15.523+0000] {logging_mixin.py:188} INFO - [2026-06-04T06:48:15.523+0000] {dag.py:3033} INFO - Sync 1 DAGs
[2026-06-04T06:48:15.532+0000] {logging_mixin.py:188} INFO - [2026-06-04T06:48:15.532+0000] {dag.py:3820} INFO - Setting next_dagrun for example_sensors to None, run_after=None
[2026-06-04T06:48:15.545+0000] {processor.py:183} INFO - Processing /home/airflow/.local/lib/python3.8/site-packages/airflow/example_dags/example_sensors.py took 0.063 seconds
[2026-06-04T06:48:46.378+0000] {processor.py:161} INFO - Started process (PID=1390) to work on /home/airflow/.local/lib/python3.8/site-packages/airflow/example_dags/example_sensors.py
[2026-06-04T06:48:46.379+0000] {processor.py:830} INFO - Processing file /home/airflow/.local/lib/python3.8/site-packages/airflow/example_dags/example_sensors.py for tasks to queue
[2026-06-04T06:48:46.381+0000] {logging_mixin.py:188} INFO - [2026-06-04T06:48:46.381+0000] {dagbag.py:538} INFO - Filling up the DagBag from /home/airflow/.local/lib/python3.8/site-packages/airflow/example_dags/example_sensors.py
[2026-06-04T06:48:46.393+0000] {processor.py:840} INFO - DAG(s) 'example_sensors' retrieved from /home/airflow/.local/lib/python3.8/site-packages/airflow/example_dags/example_sensors.py
[2026-06-04T06:48:46.418+0000] {logging_mixin.py:188} INFO - [2026-06-04T06:48:46.418+0000] {dag.py:3033} INFO - Sync 1 DAGs
[2026-06-04T06:48:46.434+0000] {logging_mixin.py:188} INFO - [2026-06-04T06:48:46.434+0000] {dag.py:3820} INFO - Setting next_dagrun for example_sensors to None, run_after=None
[2026-06-04T06:48:46.448+0000] {processor.py:183} INFO - Processing /home/airflow/.local/lib/python3.8/site-packages/airflow/example_dags/example_sensors.py took 0.072 seconds
[2026-06-04T06:49:16.937+0000] {processor.py:161} INFO - Started process (PID=1446) to work on /home/airflow/.local/lib/python3.8/site-packages/airflow/example_dags/example_sensors.py
[2026-06-04T06:49:16.939+0000] {processor.py:830} INFO - Processing file /home/airflow/.local/lib/python3.8/site-packages/airflow/example_dags/example_sensors.py for tasks to queue
[2026-06-04T06:49:16.941+0000] {logging_mixin.py:188} INFO - [2026-06-04T06:49:16.941+0000] {dagbag.py:538} INFO - Filling up the DagBag from /home/airflow/.local/lib/python3.8/site-packages/airflow/example_dags/example_sensors.py
[2026-06-04T06:49:16.953+0000] {processor.py:840} INFO - DAG(s) 'example_sensors' retrieved from /home/airflow/.local/lib/python3.8/site-packages/airflow/example_dags/example_sensors.py
[2026-06-04T06:49:16.991+0000] {logging_mixin.py:188} INFO - [2026-06-04T06:49:16.991+0000] {dag.py:3033} INFO - Sync 1 DAGs
[2026-06-04T06:49:17.000+0000] {logging_mixin.py:188} INFO - [2026-06-04T06:49:17.000+0000] {dag.py:3820} INFO - Setting next_dagrun for example_sensors to None, run_after=None
[2026-06-04T06:49:17.013+0000] {processor.py:183} INFO - Processing /home/airflow/.local/lib/python3.8/site-packages/airflow/example_dags/example_sensors.py took 0.080 seconds
[2026-06-04T06:49:47.642+0000] {processor.py:161} INFO - Started process (PID=1502) to work on /home/airflow/.local/lib/python3.8/site-packages/airflow/example_dags/example_sensors.py
[2026-06-04T06:49:47.648+0000] {processor.py:830} INFO - Processing file /home/airflow/.local/lib/python3.8/site-packages/airflow/example_dags/example_sensors.py for tasks to queue
[2026-06-04T06:49:47.656+0000] {logging_mixin.py:188} INFO - [2026-06-04T06:49:47.655+0000] {dagbag.py:538} INFO - Filling up the DagBag from /home/airflow/.local/lib/python3.8/site-packages/airflow/example_dags/example_sensors.py
[2026-06-04T06:49:47.668+0000] {processor.py:840} INFO - DAG(s) 'example_sensors' retrieved from /home/airflow/.local/lib/python3.8/site-packages/airflow/example_dags/example_sensors.py
[2026-06-04T06:49:47.696+0000] {logging_mixin.py:188} INFO - [2026-06-04T06:49:47.696+0000] {dag.py:3033} INFO - Sync 1 DAGs
[2026-06-04T06:49:47.706+0000] {logging_mixin.py:188} INFO - [2026-06-04T06:49:47.706+0000] {dag.py:3820} INFO - Setting next_dagrun for example_sensors to None, run_after=None
[2026-06-04T06:49:47.720+0000] {processor.py:183} INFO - Processing /home/airflow/.local/lib/python3.8/site-packages/airflow/example_dags/example_sensors.py took 0.081 seconds
[2026-06-04T06:50:17.799+0000] {processor.py:161} INFO - Started process (PID=1558) to work on /home/airflow/.local/lib/python3.8/site-packages/airflow/example_dags/example_sensors.py
[2026-06-04T06:50:17.801+0000] {processor.py:830} INFO - Processing file /home/airflow/.local/lib/python3.8/site-packages/airflow/example_dags/example_sensors.py for tasks to queue
[2026-06-04T06:50:17.804+0000] {logging_mixin.py:188} INFO - [2026-06-04T06:50:17.804+0000] {dagbag.py:538} INFO - Filling up the DagBag from /home/airflow/.local/lib/python3.8/site-packages/airflow/example_dags/example_sensors.py
[2026-06-04T06:50:17.834+0000] {processor.py:840} INFO - DAG(s) 'example_sensors' retrieved from /home/airflow/.local/lib/python3.8/site-packages/airflow/example_dags/example_sensors.py
[2026-06-04T06:50:17.862+0000] {logging_mixin.py:188} INFO - [2026-06-04T06:50:17.862+0000] {dag.py:3033} INFO - Sync 1 DAGs
[2026-06-04T06:50:17.872+0000] {logging_mixin.py:188} INFO - [2026-06-04T06:50:17.872+0000] {dag.py:3820} INFO - Setting next_dagrun for example_sensors to None, run_after=None
[2026-06-04T06:50:17.885+0000] {processor.py:183} INFO - Processing /home/airflow/.local/lib/python3.8/site-packages/airflow/example_dags/example_sensors.py took 0.089 seconds
[2026-06-04T06:50:47.939+0000] {processor.py:161} INFO - Started process (PID=1614) to work on /home/airflow/.local/lib/python3.8/site-packages/airflow/example_dags/example_sensors.py
[2026-06-04T06:50:47.941+0000] {processor.py:830} INFO - Processing file /home/airflow/.local/lib/python3.8/site-packages/airflow/example_dags/example_sensors.py for tasks to queue
[2026-06-04T06:50:47.944+0000] {logging_mixin.py:188} INFO - [2026-06-04T06:50:47.943+0000] {dagbag.py:538} INFO - Filling up the DagBag from /home/airflow/.local/lib/python3.8/site-packages/airflow/example_dags/example_sensors.py
[2026-06-04T06:50:47.952+0000] {processor.py:840} INFO - DAG(s) 'example_sensors' retrieved from /home/airflow/.local/lib/python3.8/site-packages/airflow/example_dags/example_sensors.py
[2026-06-04T06:50:47.984+0000] {logging_mixin.py:188} INFO - [2026-06-04T06:50:47.984+0000] {dag.py:3033} INFO - Sync 1 DAGs
[2026-06-04T06:50:47.995+0000] {logging_mixin.py:188} INFO - [2026-06-04T06:50:47.995+0000] {dag.py:3820} INFO - Setting next_dagrun for example_sensors to None, run_after=None
[2026-06-04T06:50:48.008+0000] {processor.py:183} INFO - Processing /home/airflow/.local/lib/python3.8/site-packages/airflow/example_dags/example_sensors.py took 0.072 seconds
[2026-06-04T06:51:18.090+0000] {processor.py:161} INFO - Started process (PID=1670) to work on /home/airflow/.local/lib/python3.8/site-packages/airflow/example_dags/example_sensors.py
[2026-06-04T06:51:18.094+0000] {processor.py:830} INFO - Processing file /home/airflow/.local/lib/python3.8/site-packages/airflow/example_dags/example_sensors.py for tasks to queue
[2026-06-04T06:51:18.105+0000] {logging_mixin.py:188} INFO - [2026-06-04T06:51:18.104+0000] {dagbag.py:538} INFO - Filling up the DagBag from /home/airflow/.local/lib/python3.8/site-packages/airflow/example_dags/example_sensors.py
[2026-06-04T06:51:18.114+0000] {processor.py:840} INFO - DAG(s) 'example_sensors' retrieved from /home/airflow/.local/lib/python3.8/site-packages/airflow/example_dags/example_sensors.py
[2026-06-04T06:51:18.137+0000] {logging_mixin.py:188} INFO - [2026-06-04T06:51:18.137+0000] {dag.py:3033} INFO - Sync 1 DAGs
[2026-06-04T06:51:18.144+0000] {logging_mixin.py:188} INFO - [2026-06-04T06:51:18.144+0000] {dag.py:3820} INFO - Setting next_dagrun for example_sensors to None, run_after=None
[2026-06-04T06:51:18.157+0000] {processor.py:183} INFO - Processing /home/airflow/.local/lib/python3.8/site-packages/airflow/example_dags/example_sensors.py took 0.080 seconds
[2026-06-04T06:51:48.780+0000] {processor.py:161} INFO - Started process (PID=1726) to work on /home/airflow/.local/lib/python3.8/site-packages/airflow/example_dags/example_sensors.py
[2026-06-04T06:51:48.782+0000] {processor.py:830} INFO - Processing file /home/airflow/.local/lib/python3.8/site-packages/airflow/example_dags/example_sensors.py for tasks to queue
[2026-06-04T06:51:48.787+0000] {logging_mixin.py:188} INFO - [2026-06-04T06:51:48.787+0000] {dagbag.py:538} INFO - Filling up the DagBag from /home/airflow/.local/lib/python3.8/site-packages/airflow/example_dags/example_sensors.py
[2026-06-04T06:51:48.794+0000] {processor.py:840} INFO - DAG(s) 'example_sensors' retrieved from /home/airflow/.local/lib/python3.8/site-packages/airflow/example_dags/example_sensors.py
[2026-06-04T06:51:48.816+0000] {logging_mixin.py:188} INFO - [2026-06-04T06:51:48.816+0000] {dag.py:3033} INFO - Sync 1 DAGs
[2026-06-04T06:51:48.834+0000] {logging_mixin.py:188} INFO - [2026-06-04T06:51:48.834+0000] {dag.py:3820} INFO - Setting next_dagrun for example_sensors to None, run_after=None
[2026-06-04T06:51:48.849+0000] {processor.py:183} INFO - Processing /home/airflow/.local/lib/python3.8/site-packages/airflow/example_dags/example_sensors.py took 0.074 seconds
[2026-06-04T06:52:18.959+0000] {processor.py:161} INFO - Started process (PID=1782) to work on /home/airflow/.local/lib/python3.8/site-packages/airflow/example_dags/example_sensors.py
[2026-06-04T06:52:18.962+0000] {processor.py:830} INFO - Processing file /home/airflow/.local/lib/python3.8/site-packages/airflow/example_dags/example_sensors.py for tasks to queue
[2026-06-04T06:52:18.964+0000] {logging_mixin.py:188} INFO - [2026-06-04T06:52:18.964+0000] {dagbag.py:538} INFO - Filling up the DagBag from /home/airflow/.local/lib/python3.8/site-packages/airflow/example_dags/example_sensors.py
[2026-06-04T06:52:18.974+0000] {processor.py:840} INFO - DAG(s) 'example_sensors' retrieved from /home/airflow/.local/lib/python3.8/site-packages/airflow/example_dags/example_sensors.py
[2026-06-04T06:52:18.993+0000] {logging_mixin.py:188} INFO - [2026-06-04T06:52:18.993+0000] {dag.py:3033} INFO - Sync 1 DAGs
[2026-06-04T06:52:19.002+0000] {logging_mixin.py:188} INFO - [2026-06-04T06:52:19.002+0000] {dag.py:3820} INFO - Setting next_dagrun for example_sensors to None, run_after=None
[2026-06-04T06:52:19.174+0000] {processor.py:183} INFO - Processing /home/airflow/.local/lib/python3.8/site-packages/airflow/example_dags/example_sensors.py took 0.218 seconds
[2026-06-04T06:52:49.189+0000] {processor.py:161} INFO - Started process (PID=1838) to work on /home/airflow/.local/lib/python3.8/site-packages/airflow/example_dags/example_sensors.py
[2026-06-04T06:52:49.189+0000] {processor.py:830} INFO - Processing file /home/airflow/.local/lib/python3.8/site-packages/airflow/example_dags/example_sensors.py for tasks to queue
[2026-06-04T06:52:49.191+0000] {logging_mixin.py:188} INFO - [2026-06-04T06:52:49.190+0000] {dagbag.py:538} INFO - Filling up the DagBag from /home/airflow/.local/lib/python3.8/site-packages/airflow/example_dags/example_sensors.py
[2026-06-04T06:52:49.196+0000] {processor.py:840} INFO - DAG(s) 'example_sensors' retrieved from /home/airflow/.local/lib/python3.8/site-packages/airflow/example_dags/example_sensors.py
[2026-06-04T06:52:49.220+0000] {logging_mixin.py:188} INFO - [2026-06-04T06:52:49.220+0000] {dag.py:3033} INFO - Sync 1 DAGs
[2026-06-04T06:52:49.229+0000] {logging_mixin.py:188} INFO - [2026-06-04T06:52:49.229+0000] {dag.py:3820} INFO - Setting next_dagrun for example_sensors to None, run_after=None
[2026-06-04T06:52:49.243+0000] {processor.py:183} INFO - Processing /home/airflow/.local/lib/python3.8/site-packages/airflow/example_dags/example_sensors.py took 0.056 seconds
[2026-06-04T06:53:20.131+0000] {processor.py:161} INFO - Started process (PID=1894) to work on /home/airflow/.local/lib/python3.8/site-packages/airflow/example_dags/example_sensors.py
[2026-06-04T06:53:20.137+0000] {processor.py:830} INFO - Processing file /home/airflow/.local/lib/python3.8/site-packages/airflow/example_dags/example_sensors.py for tasks to queue
[2026-06-04T06:53:20.151+0000] {logging_mixin.py:188} INFO - [2026-06-04T06:53:20.151+0000] {dagbag.py:538} INFO - Filling up the DagBag from /home/airflow/.local/lib/python3.8/site-packages/airflow/example_dags/example_sensors.py
[2026-06-04T06:53:20.171+0000] {processor.py:840} INFO - DAG(s) 'example_sensors' retrieved from /home/airflow/.local/lib/python3.8/site-packages/airflow/example_dags/example_sensors.py
[2026-06-04T06:53:20.207+0000] {logging_mixin.py:188} INFO - [2026-06-04T06:53:20.207+0000] {dag.py:3033} INFO - Sync 1 DAGs
[2026-06-04T06:53:20.222+0000] {logging_mixin.py:188} INFO - [2026-06-04T06:53:20.222+0000] {dag.py:3820} INFO - Setting next_dagrun for example_sensors to None, run_after=None
[2026-06-04T06:53:20.251+0000] {processor.py:183} INFO - Processing /home/airflow/.local/lib/python3.8/site-packages/airflow/example_dags/example_sensors.py took 0.126 seconds
[2026-06-04T06:53:50.628+0000] {processor.py:161} INFO - Started process (PID=1950) to work on /home/airflow/.local/lib/python3.8/site-packages/airflow/example_dags/example_sensors.py
[2026-06-04T06:53:50.629+0000] {processor.py:830} INFO - Processing file /home/airflow/.local/lib/python3.8/site-packages/airflow/example_dags/example_sensors.py for tasks to queue
[2026-06-04T06:53:50.631+0000] {logging_mixin.py:188} INFO - [2026-06-04T06:53:50.631+0000] {dagbag.py:538} INFO - Filling up the DagBag from /home/airflow/.local/lib/python3.8/site-packages/airflow/example_dags/example_sensors.py
[2026-06-04T06:53:50.639+0000] {processor.py:840} INFO - DAG(s) 'example_sensors' retrieved from /home/airflow/.local/lib/python3.8/site-packages/airflow/example_dags/example_sensors.py
[2026-06-04T06:53:50.667+0000] {logging_mixin.py:188} INFO - [2026-06-04T06:53:50.667+0000] {dag.py:3033} INFO - Sync 1 DAGs
[2026-06-04T06:53:50.680+0000] {logging_mixin.py:188} INFO - [2026-06-04T06:53:50.679+0000] {dag.py:3820} INFO - Setting next_dagrun for example_sensors to None, run_after=None
[2026-06-04T06:53:50.694+0000] {processor.py:183} INFO - Processing /home/airflow/.local/lib/python3.8/site-packages/airflow/example_dags/example_sensors.py took 0.068 seconds
[2026-06-04T06:54:21.227+0000] {processor.py:161} INFO - Started process (PID=2006) to work on /home/airflow/.local/lib/python3.8/site-packages/airflow/example_dags/example_sensors.py
[2026-06-04T06:54:21.229+0000] {processor.py:830} INFO - Processing file /home/airflow/.local/lib/python3.8/site-packages/airflow/example_dags/example_sensors.py for tasks to queue
[2026-06-04T06:54:21.232+0000] {logging_mixin.py:188} INFO - [2026-06-04T06:54:21.232+0000] {dagbag.py:538} INFO - Filling up the DagBag from /home/airflow/.local/lib/python3.8/site-packages/airflow/example_dags/example_sensors.py
[2026-06-04T06:54:21.245+0000] {processor.py:840} INFO - DAG(s) 'example_sensors' retrieved from /home/airflow/.local/lib/python3.8/site-packages/airflow/example_dags/example_sensors.py
[2026-06-04T06:54:21.297+0000] {logging_mixin.py:188} INFO - [2026-06-04T06:54:21.297+0000] {dag.py:3033} INFO - Sync 1 DAGs
[2026-06-04T06:54:21.462+0000] {logging_mixin.py:188} INFO - [2026-06-04T06:54:21.462+0000] {dag.py:3820} INFO - Setting next_dagrun for example_sensors to None, run_after=None
[2026-06-04T06:54:21.474+0000] {processor.py:183} INFO - Processing /home/airflow/.local/lib/python3.8/site-packages/airflow/example_dags/example_sensors.py took 0.251 seconds
[2026-06-04T06:54:52.107+0000] {processor.py:161} INFO - Started process (PID=2062) to work on /home/airflow/.local/lib/python3.8/site-packages/airflow/example_dags/example_sensors.py
[2026-06-04T06:54:52.108+0000] {processor.py:830} INFO - Processing file /home/airflow/.local/lib/python3.8/site-packages/airflow/example_dags/example_sensors.py for tasks to queue
[2026-06-04T06:54:52.109+0000] {logging_mixin.py:188} INFO - [2026-06-04T06:54:52.109+0000] {dagbag.py:538} INFO - Filling up the DagBag from /home/airflow/.local/lib/python3.8/site-packages/airflow/example_dags/example_sensors.py
[2026-06-04T06:54:52.119+0000] {processor.py:840} INFO - DAG(s) 'example_sensors' retrieved from /home/airflow/.local/lib/python3.8/site-packages/airflow/example_dags/example_sensors.py
[2026-06-04T06:54:52.155+0000] {logging_mixin.py:188} INFO - [2026-06-04T06:54:52.155+0000] {dag.py:3033} INFO - Sync 1 DAGs
[2026-06-04T06:54:52.163+0000] {logging_mixin.py:188} INFO - [2026-06-04T06:54:52.163+0000] {dag.py:3820} INFO - Setting next_dagrun for example_sensors to None, run_after=None
[2026-06-04T06:54:52.338+0000] {processor.py:183} INFO - Processing /home/airflow/.local/lib/python3.8/site-packages/airflow/example_dags/example_sensors.py took 0.233 seconds
[2026-06-04T06:55:22.721+0000] {processor.py:161} INFO - Started process (PID=2118) to work on /home/airflow/.local/lib/python3.8/site-packages/airflow/example_dags/example_sensors.py
[2026-06-04T06:55:22.722+0000] {processor.py:830} INFO - Processing file /home/airflow/.local/lib/python3.8/site-packages/airflow/example_dags/example_sensors.py for tasks to queue
[2026-06-04T06:55:22.726+0000] {logging_mixin.py:188} INFO - [2026-06-04T06:55:22.726+0000] {dagbag.py:538} INFO - Filling up the DagBag from /home/airflow/.local/lib/python3.8/site-packages/airflow/example_dags/example_sensors.py
[2026-06-04T06:55:22.735+0000] {processor.py:840} INFO - DAG(s) 'example_sensors' retrieved from /home/airflow/.local/lib/python3.8/site-packages/airflow/example_dags/example_sensors.py
[2026-06-04T06:55:22.774+0000] {logging_mixin.py:188} INFO - [2026-06-04T06:55:22.773+0000] {dag.py:3033} INFO - Sync 1 DAGs
[2026-06-04T06:55:22.783+0000] {logging_mixin.py:188} INFO - [2026-06-04T06:55:22.783+0000] {dag.py:3820} INFO - Setting next_dagrun for example_sensors to None, run_after=None
[2026-06-04T06:55:22.815+0000] {processor.py:183} INFO - Processing /home/airflow/.local/lib/python3.8/site-packages/airflow/example_dags/example_sensors.py took 0.097 seconds
[2026-06-04T06:55:53.708+0000] {processor.py:161} INFO - Started process (PID=2174) to work on /home/airflow/.local/lib/python3.8/site-packages/airflow/example_dags/example_sensors.py
[2026-06-04T06:55:53.710+0000] {processor.py:830} INFO - Processing file /home/airflow/.local/lib/python3.8/site-packages/airflow/example_dags/example_sensors.py for tasks to queue
[2026-06-04T06:55:53.713+0000] {logging_mixin.py:188} INFO - [2026-06-04T06:55:53.713+0000] {dagbag.py:538} INFO - Filling up the DagBag from /home/airflow/.local/lib/python3.8/site-packages/airflow/example_dags/example_sensors.py
[2026-06-04T06:55:53.727+0000] {processor.py:840} INFO - DAG(s) 'example_sensors' retrieved from /home/airflow/.local/lib/python3.8/site-packages/airflow/example_dags/example_sensors.py
[2026-06-04T06:55:53.750+0000] {logging_mixin.py:188} INFO - [2026-06-04T06:55:53.750+0000] {dag.py:3033} INFO - Sync 1 DAGs
[2026-06-04T06:55:53.761+0000] {logging_mixin.py:188} INFO - [2026-06-04T06:55:53.760+0000] {dag.py:3820} INFO - Setting next_dagrun for example_sensors to None, run_after=None
[2026-06-04T06:55:53.781+0000] {processor.py:183} INFO - Processing /home/airflow/.local/lib/python3.8/site-packages/airflow/example_dags/example_sensors.py took 0.076 seconds
[2026-06-04T06:56:23.918+0000] {processor.py:161} INFO - Started process (PID=2231) to work on /home/airflow/.local/lib/python3.8/site-packages/airflow/example_dags/example_sensors.py
[2026-06-04T06:56:23.922+0000] {processor.py:830} INFO - Processing file /home/airflow/.local/lib/python3.8/site-packages/airflow/example_dags/example_sensors.py for tasks to queue
[2026-06-04T06:56:23.926+0000] {logging_mixin.py:188} INFO - [2026-06-04T06:56:23.926+0000] {dagbag.py:538} INFO - Filling up the DagBag from /home/airflow/.local/lib/python3.8/site-packages/airflow/example_dags/example_sensors.py
[2026-06-04T06:56:23.936+0000] {processor.py:840} INFO - DAG(s) 'example_sensors' retrieved from /home/airflow/.local/lib/python3.8/site-packages/airflow/example_dags/example_sensors.py
[2026-06-04T06:56:24.252+0000] {logging_mixin.py:188} INFO - [2026-06-04T06:56:24.252+0000] {dag.py:3033} INFO - Sync 1 DAGs
[2026-06-04T06:56:24.260+0000] {logging_mixin.py:188} INFO - [2026-06-04T06:56:24.260+0000] {dag.py:3820} INFO - Setting next_dagrun for example_sensors to None, run_after=None
[2026-06-04T06:56:24.275+0000] {processor.py:183} INFO - Processing /home/airflow/.local/lib/python3.8/site-packages/airflow/example_dags/example_sensors.py took 0.364 seconds
[2026-06-04T06:56:54.665+0000] {processor.py:161} INFO - Started process (PID=2287) to work on /home/airflow/.local/lib/python3.8/site-packages/airflow/example_dags/example_sensors.py
[2026-06-04T06:56:54.668+0000] {processor.py:830} INFO - Processing file /home/airflow/.local/lib/python3.8/site-packages/airflow/example_dags/example_sensors.py for tasks to queue
[2026-06-04T06:56:54.681+0000] {logging_mixin.py:188} INFO - [2026-06-04T06:56:54.680+0000] {dagbag.py:538} INFO - Filling up the DagBag from /home/airflow/.local/lib/python3.8/site-packages/airflow/example_dags/example_sensors.py
[2026-06-04T06:56:54.700+0000] {processor.py:840} INFO - DAG(s) 'example_sensors' retrieved from /home/airflow/.local/lib/python3.8/site-packages/airflow/example_dags/example_sensors.py
[2026-06-04T06:56:54.726+0000] {logging_mixin.py:188} INFO - [2026-06-04T06:56:54.726+0000] {dag.py:3033} INFO - Sync 1 DAGs
[2026-06-04T06:56:54.745+0000] {logging_mixin.py:188} INFO - [2026-06-04T06:56:54.745+0000] {dag.py:3820} INFO - Setting next_dagrun for example_sensors to None, run_after=None
[2026-06-04T06:56:54.760+0000] {processor.py:183} INFO - Processing /home/airflow/.local/lib/python3.8/site-packages/airflow/example_dags/example_sensors.py took 0.101 seconds
[2026-06-04T06:57:25.523+0000] {processor.py:161} INFO - Started process (PID=2343) to work on /home/airflow/.local/lib/python3.8/site-packages/airflow/example_dags/example_sensors.py
[2026-06-04T06:57:25.525+0000] {processor.py:830} INFO - Processing file /home/airflow/.local/lib/python3.8/site-packages/airflow/example_dags/example_sensors.py for tasks to queue
[2026-06-04T06:57:25.530+0000] {logging_mixin.py:188} INFO - [2026-06-04T06:57:25.530+0000] {dagbag.py:538} INFO - Filling up the DagBag from /home/airflow/.local/lib/python3.8/site-packages/airflow/example_dags/example_sensors.py
[2026-06-04T06:57:25.541+0000] {processor.py:840} INFO - DAG(s) 'example_sensors' retrieved from /home/airflow/.local/lib/python3.8/site-packages/airflow/example_dags/example_sensors.py
[2026-06-04T06:57:25.575+0000] {logging_mixin.py:188} INFO - [2026-06-04T06:57:25.575+0000] {dag.py:3033} INFO - Sync 1 DAGs
[2026-06-04T06:57:25.584+0000] {logging_mixin.py:188} INFO - [2026-06-04T06:57:25.584+0000] {dag.py:3820} INFO - Setting next_dagrun for example_sensors to None, run_after=None
[2026-06-04T06:57:25.598+0000] {processor.py:183} INFO - Processing /home/airflow/.local/lib/python3.8/site-packages/airflow/example_dags/example_sensors.py took 0.082 seconds
[2026-06-04T06:57:55.781+0000] {processor.py:161} INFO - Started process (PID=2399) to work on /home/airflow/.local/lib/python3.8/site-packages/airflow/example_dags/example_sensors.py
[2026-06-04T06:57:55.783+0000] {processor.py:830} INFO - Processing file /home/airflow/.local/lib/python3.8/site-packages/airflow/example_dags/example_sensors.py for tasks to queue
[2026-06-04T06:57:55.787+0000] {logging_mixin.py:188} INFO - [2026-06-04T06:57:55.786+0000] {dagbag.py:538} INFO - Filling up the DagBag from /home/airflow/.local/lib/python3.8/site-packages/airflow/example_dags/example_sensors.py
[2026-06-04T06:57:55.805+0000] {processor.py:840} INFO - DAG(s) 'example_sensors' retrieved from /home/airflow/.local/lib/python3.8/site-packages/airflow/example_dags/example_sensors.py
[2026-06-04T06:57:55.830+0000] {logging_mixin.py:188} INFO - [2026-06-04T06:57:55.830+0000] {dag.py:3033} INFO - Sync 1 DAGs
[2026-06-04T06:57:55.848+0000] {logging_mixin.py:188} INFO - [2026-06-04T06:57:55.848+0000] {dag.py:3820} INFO - Setting next_dagrun for example_sensors to None, run_after=None
[2026-06-04T06:57:55.863+0000] {processor.py:183} INFO - Processing /home/airflow/.local/lib/python3.8/site-packages/airflow/example_dags/example_sensors.py took 0.088 seconds
[2026-06-04T06:58:26.191+0000] {processor.py:161} INFO - Started process (PID=2455) to work on /home/airflow/.local/lib/python3.8/site-packages/airflow/example_dags/example_sensors.py
[2026-06-04T06:58:26.193+0000] {processor.py:830} INFO - Processing file /home/airflow/.local/lib/python3.8/site-packages/airflow/example_dags/example_sensors.py for tasks to queue
[2026-06-04T06:58:26.207+0000] {logging_mixin.py:188} INFO - [2026-06-04T06:58:26.206+0000] {dagbag.py:538} INFO - Filling up the DagBag from /home/airflow/.local/lib/python3.8/site-packages/airflow/example_dags/example_sensors.py
[2026-06-04T06:58:26.220+0000] {processor.py:840} INFO - DAG(s) 'example_sensors' retrieved from /home/airflow/.local/lib/python3.8/site-packages/airflow/example_dags/example_sensors.py
[2026-06-04T06:58:26.246+0000] {logging_mixin.py:188} INFO - [2026-06-04T06:58:26.246+0000] {dag.py:3033} INFO - Sync 1 DAGs
[2026-06-04T06:58:26.269+0000] {logging_mixin.py:188} INFO - [2026-06-04T06:58:26.269+0000] {dag.py:3820} INFO - Setting next_dagrun for example_sensors to None, run_after=None
[2026-06-04T06:58:26.292+0000] {processor.py:183} INFO - Processing /home/airflow/.local/lib/python3.8/site-packages/airflow/example_dags/example_sensors.py took 0.106 seconds
[2026-06-04T06:58:56.725+0000] {processor.py:161} INFO - Started process (PID=2511) to work on /home/airflow/.local/lib/python3.8/site-packages/airflow/example_dags/example_sensors.py
[2026-06-04T06:58:56.727+0000] {processor.py:830} INFO - Processing file /home/airflow/.local/lib/python3.8/site-packages/airflow/example_dags/example_sensors.py for tasks to queue
[2026-06-04T06:58:56.731+0000] {logging_mixin.py:188} INFO - [2026-06-04T06:58:56.730+0000] {dagbag.py:538} INFO - Filling up the DagBag from /home/airflow/.local/lib/python3.8/site-packages/airflow/example_dags/example_sensors.py
[2026-06-04T06:58:56.741+0000] {processor.py:840} INFO - DAG(s) 'example_sensors' retrieved from /home/airflow/.local/lib/python3.8/site-packages/airflow/example_dags/example_sensors.py
[2026-06-04T06:58:56.768+0000] {logging_mixin.py:188} INFO - [2026-06-04T06:58:56.768+0000] {dag.py:3033} INFO - Sync 1 DAGs
[2026-06-04T06:58:56.782+0000] {logging_mixin.py:188} INFO - [2026-06-04T06:58:56.782+0000] {dag.py:3820} INFO - Setting next_dagrun for example_sensors to None, run_after=None
[2026-06-04T06:58:56.796+0000] {processor.py:183} INFO - Processing /home/airflow/.local/lib/python3.8/site-packages/airflow/example_dags/example_sensors.py took 0.076 seconds
[2026-06-04T06:59:27.193+0000] {processor.py:161} INFO - Started process (PID=2567) to work on /home/airflow/.local/lib/python3.8/site-packages/airflow/example_dags/example_sensors.py
[2026-06-04T06:59:27.195+0000] {processor.py:830} INFO - Processing file /home/airflow/.local/lib/python3.8/site-packages/airflow/example_dags/example_sensors.py for tasks to queue
[2026-06-04T06:59:27.200+0000] {logging_mixin.py:188} INFO - [2026-06-04T06:59:27.199+0000] {dagbag.py:538} INFO - Filling up the DagBag from /home/airflow/.local/lib/python3.8/site-packages/airflow/example_dags/example_sensors.py
[2026-06-04T06:59:27.231+0000] {processor.py:840} INFO - DAG(s) 'example_sensors' retrieved from /home/airflow/.local/lib/python3.8/site-packages/airflow/example_dags/example_sensors.py
[2026-06-04T06:59:27.294+0000] {logging_mixin.py:188} INFO - [2026-06-04T06:59:27.293+0000] {dag.py:3033} INFO - Sync 1 DAGs
[2026-06-04T06:59:27.355+0000] {logging_mixin.py:188} INFO - [2026-06-04T06:59:27.355+0000] {dag.py:3820} INFO - Setting next_dagrun for example_sensors to None, run_after=None
[2026-06-04T06:59:27.409+0000] {processor.py:183} INFO - Processing /home/airflow/.local/lib/python3.8/site-packages/airflow/example_dags/example_sensors.py took 0.220 seconds
[2026-06-04T06:59:57.699+0000] {processor.py:161} INFO - Started process (PID=2623) to work on /home/airflow/.local/lib/python3.8/site-packages/airflow/example_dags/example_sensors.py
[2026-06-04T06:59:57.700+0000] {processor.py:830} INFO - Processing file /home/airflow/.local/lib/python3.8/site-packages/airflow/example_dags/example_sensors.py for tasks to queue
[2026-06-04T06:59:57.702+0000] {logging_mixin.py:188} INFO - [2026-06-04T06:59:57.702+0000] {dagbag.py:538} INFO - Filling up the DagBag from /home/airflow/.local/lib/python3.8/site-packages/airflow/example_dags/example_sensors.py
[2026-06-04T06:59:57.714+0000] {processor.py:840} INFO - DAG(s) 'example_sensors' retrieved from /home/airflow/.local/lib/python3.8/site-packages/airflow/example_dags/example_sensors.py
[2026-06-04T06:59:57.740+0000] {logging_mixin.py:188} INFO - [2026-06-04T06:59:57.740+0000] {dag.py:3033} INFO - Sync 1 DAGs
[2026-06-04T06:59:57.746+0000] {logging_mixin.py:188} INFO - [2026-06-04T06:59:57.746+0000] {dag.py:3820} INFO - Setting next_dagrun for example_sensors to None, run_after=None
[2026-06-04T06:59:57.757+0000] {processor.py:183} INFO - Processing /home/airflow/.local/lib/python3.8/site-packages/airflow/example_dags/example_sensors.py took 0.063 seconds
[2026-06-04T07:00:28.198+0000] {processor.py:161} INFO - Started process (PID=2679) to work on /home/airflow/.local/lib/python3.8/site-packages/airflow/example_dags/example_sensors.py
[2026-06-04T07:00:28.204+0000] {processor.py:830} INFO - Processing file /home/airflow/.local/lib/python3.8/site-packages/airflow/example_dags/example_sensors.py for tasks to queue
[2026-06-04T07:00:28.208+0000] {logging_mixin.py:188} INFO - [2026-06-04T07:00:28.208+0000] {dagbag.py:538} INFO - Filling up the DagBag from /home/airflow/.local/lib/python3.8/site-packages/airflow/example_dags/example_sensors.py
[2026-06-04T07:00:28.223+0000] {processor.py:840} INFO - DAG(s) 'example_sensors' retrieved from /home/airflow/.local/lib/python3.8/site-packages/airflow/example_dags/example_sensors.py
[2026-06-04T07:00:28.255+0000] {logging_mixin.py:188} INFO - [2026-06-04T07:00:28.255+0000] {dag.py:3033} INFO - Sync 1 DAGs
[2026-06-04T07:00:28.270+0000] {logging_mixin.py:188} INFO - [2026-06-04T07:00:28.270+0000] {dag.py:3820} INFO - Setting next_dagrun for example_sensors to None, run_after=None
[2026-06-04T07:00:28.299+0000] {processor.py:183} INFO - Processing /home/airflow/.local/lib/python3.8/site-packages/airflow/example_dags/example_sensors.py took 0.115 seconds
[2026-06-04T07:00:58.902+0000] {processor.py:161} INFO - Started process (PID=2735) to work on /home/airflow/.local/lib/python3.8/site-packages/airflow/example_dags/example_sensors.py
[2026-06-04T07:00:58.904+0000] {processor.py:830} INFO - Processing file /home/airflow/.local/lib/python3.8/site-packages/airflow/example_dags/example_sensors.py for tasks to queue
[2026-06-04T07:00:58.908+0000] {logging_mixin.py:188} INFO - [2026-06-04T07:00:58.907+0000] {dagbag.py:538} INFO - Filling up the DagBag from /home/airflow/.local/lib/python3.8/site-packages/airflow/example_dags/example_sensors.py
[2026-06-04T07:00:58.917+0000] {processor.py:840} INFO - DAG(s) 'example_sensors' retrieved from /home/airflow/.local/lib/python3.8/site-packages/airflow/example_dags/example_sensors.py
[2026-06-04T07:00:58.960+0000] {logging_mixin.py:188} INFO - [2026-06-04T07:00:58.960+0000] {dag.py:3033} INFO - Sync 1 DAGs
[2026-06-04T07:00:58.970+0000] {logging_mixin.py:188} INFO - [2026-06-04T07:00:58.969+0000] {dag.py:3820} INFO - Setting next_dagrun for example_sensors to None, run_after=None
[2026-06-04T07:00:58.992+0000] {processor.py:183} INFO - Processing /home/airflow/.local/lib/python3.8/site-packages/airflow/example_dags/example_sensors.py took 0.095 seconds
[2026-06-04T07:01:29.241+0000] {processor.py:161} INFO - Started process (PID=2791) to work on /home/airflow/.local/lib/python3.8/site-packages/airflow/example_dags/example_sensors.py
[2026-06-04T07:01:29.243+0000] {processor.py:830} INFO - Processing file /home/airflow/.local/lib/python3.8/site-packages/airflow/example_dags/example_sensors.py for tasks to queue
[2026-06-04T07:01:29.249+0000] {logging_mixin.py:188} INFO - [2026-06-04T07:01:29.249+0000] {dagbag.py:538} INFO - Filling up the DagBag from /home/airflow/.local/lib/python3.8/site-packages/airflow/example_dags/example_sensors.py
[2026-06-04T07:01:29.266+0000] {processor.py:840} INFO - DAG(s) 'example_sensors' retrieved from /home/airflow/.local/lib/python3.8/site-packages/airflow/example_dags/example_sensors.py
[2026-06-04T07:01:29.297+0000] {logging_mixin.py:188} INFO - [2026-06-04T07:01:29.297+0000] {dag.py:3033} INFO - Sync 1 DAGs
[2026-06-04T07:01:29.322+0000] {logging_mixin.py:188} INFO - [2026-06-04T07:01:29.322+0000] {dag.py:3820} INFO - Setting next_dagrun for example_sensors to None, run_after=None
[2026-06-04T07:01:29.342+0000] {processor.py:183} INFO - Processing /home/airflow/.local/lib/python3.8/site-packages/airflow/example_dags/example_sensors.py took 0.106 seconds
[2026-06-04T07:01:59.525+0000] {processor.py:161} INFO - Started process (PID=2847) to work on /home/airflow/.local/lib/python3.8/site-packages/airflow/example_dags/example_sensors.py
[2026-06-04T07:01:59.527+0000] {processor.py:830} INFO - Processing file /home/airflow/.local/lib/python3.8/site-packages/airflow/example_dags/example_sensors.py for tasks to queue
[2026-06-04T07:01:59.530+0000] {logging_mixin.py:188} INFO - [2026-06-04T07:01:59.529+0000] {dagbag.py:538} INFO - Filling up the DagBag from /home/airflow/.local/lib/python3.8/site-packages/airflow/example_dags/example_sensors.py
[2026-06-04T07:01:59.544+0000] {processor.py:840} INFO - DAG(s) 'example_sensors' retrieved from /home/airflow/.local/lib/python3.8/site-packages/airflow/example_dags/example_sensors.py
[2026-06-04T07:01:59.586+0000] {logging_mixin.py:188} INFO - [2026-06-04T07:01:59.586+0000] {dag.py:3033} INFO - Sync 1 DAGs
[2026-06-04T07:01:59.605+0000] {logging_mixin.py:188} INFO - [2026-06-04T07:01:59.605+0000] {dag.py:3820} INFO - Setting next_dagrun for example_sensors to None, run_after=None
[2026-06-04T07:01:59.628+0000] {processor.py:183} INFO - Processing /home/airflow/.local/lib/python3.8/site-packages/airflow/example_dags/example_sensors.py took 0.109 seconds
[2026-06-04T07:02:29.979+0000] {processor.py:161} INFO - Started process (PID=2903) to work on /home/airflow/.local/lib/python3.8/site-packages/airflow/example_dags/example_sensors.py
[2026-06-04T07:02:29.984+0000] {processor.py:830} INFO - Processing file /home/airflow/.local/lib/python3.8/site-packages/airflow/example_dags/example_sensors.py for tasks to queue
[2026-06-04T07:02:29.989+0000] {logging_mixin.py:188} INFO - [2026-06-04T07:02:29.989+0000] {dagbag.py:538} INFO - Filling up the DagBag from /home/airflow/.local/lib/python3.8/site-packages/airflow/example_dags/example_sensors.py
[2026-06-04T07:02:30.043+0000] {processor.py:840} INFO - DAG(s) 'example_sensors' retrieved from /home/airflow/.local/lib/python3.8/site-packages/airflow/example_dags/example_sensors.py
[2026-06-04T07:02:30.107+0000] {logging_mixin.py:188} INFO - [2026-06-04T07:02:30.107+0000] {dag.py:3033} INFO - Sync 1 DAGs
[2026-06-04T07:02:30.119+0000] {logging_mixin.py:188} INFO - [2026-06-04T07:02:30.119+0000] {dag.py:3820} INFO - Setting next_dagrun for example_sensors to None, run_after=None
[2026-06-04T07:02:30.153+0000] {processor.py:183} INFO - Processing /home/airflow/.local/lib/python3.8/site-packages/airflow/example_dags/example_sensors.py took 0.186 seconds
[2026-06-04T07:03:00.421+0000] {processor.py:161} INFO - Started process (PID=2960) to work on /home/airflow/.local/lib/python3.8/site-packages/airflow/example_dags/example_sensors.py
[2026-06-04T07:03:00.424+0000] {processor.py:830} INFO - Processing file /home/airflow/.local/lib/python3.8/site-packages/airflow/example_dags/example_sensors.py for tasks to queue
[2026-06-04T07:03:00.427+0000] {logging_mixin.py:188} INFO - [2026-06-04T07:03:00.427+0000] {dagbag.py:538} INFO - Filling up the DagBag from /home/airflow/.local/lib/python3.8/site-packages/airflow/example_dags/example_sensors.py
[2026-06-04T07:03:00.461+0000] {processor.py:840} INFO - DAG(s) 'example_sensors' retrieved from /home/airflow/.local/lib/python3.8/site-packages/airflow/example_dags/example_sensors.py
[2026-06-04T07:03:00.540+0000] {logging_mixin.py:188} INFO - [2026-06-04T07:03:00.539+0000] {dag.py:3033} INFO - Sync 1 DAGs
[2026-06-04T07:03:00.551+0000] {logging_mixin.py:188} INFO - [2026-06-04T07:03:00.551+0000] {dag.py:3820} INFO - Setting next_dagrun for example_sensors to None, run_after=None
[2026-06-04T07:03:00.577+0000] {processor.py:183} INFO - Processing /home/airflow/.local/lib/python3.8/site-packages/airflow/example_dags/example_sensors.py took 0.174 seconds
[2026-06-04T07:03:30.897+0000] {processor.py:161} INFO - Started process (PID=3016) to work on /home/airflow/.local/lib/python3.8/site-packages/airflow/example_dags/example_sensors.py
[2026-06-04T07:03:30.899+0000] {processor.py:830} INFO - Processing file /home/airflow/.local/lib/python3.8/site-packages/airflow/example_dags/example_sensors.py for tasks to queue
[2026-06-04T07:03:30.904+0000] {logging_mixin.py:188} INFO - [2026-06-04T07:03:30.903+0000] {dagbag.py:538} INFO - Filling up the DagBag from /home/airflow/.local/lib/python3.8/site-packages/airflow/example_dags/example_sensors.py
[2026-06-04T07:03:30.921+0000] {processor.py:840} INFO - DAG(s) 'example_sensors' retrieved from /home/airflow/.local/lib/python3.8/site-packages/airflow/example_dags/example_sensors.py
[2026-06-04T07:03:30.946+0000] {logging_mixin.py:188} INFO - [2026-06-04T07:03:30.946+0000] {dag.py:3033} INFO - Sync 1 DAGs
[2026-06-04T07:03:30.969+0000] {logging_mixin.py:188} INFO - [2026-06-04T07:03:30.969+0000] {dag.py:3820} INFO - Setting next_dagrun for example_sensors to None, run_after=None
[2026-06-04T07:03:30.988+0000] {processor.py:183} INFO - Processing /home/airflow/.local/lib/python3.8/site-packages/airflow/example_dags/example_sensors.py took 0.096 seconds
[2026-06-04T07:04:01.591+0000] {processor.py:161} INFO - Started process (PID=3072) to work on /home/airflow/.local/lib/python3.8/site-packages/airflow/example_dags/example_sensors.py
[2026-06-04T07:04:01.593+0000] {processor.py:830} INFO - Processing file /home/airflow/.local/lib/python3.8/site-packages/airflow/example_dags/example_sensors.py for tasks to queue
[2026-06-04T07:04:01.597+0000] {logging_mixin.py:188} INFO - [2026-06-04T07:04:01.596+0000] {dagbag.py:538} INFO - Filling up the DagBag from /home/airflow/.local/lib/python3.8/site-packages/airflow/example_dags/example_sensors.py
[2026-06-04T07:04:01.609+0000] {processor.py:840} INFO - DAG(s) 'example_sensors' retrieved from /home/airflow/.local/lib/python3.8/site-packages/airflow/example_dags/example_sensors.py
[2026-06-04T07:04:01.649+0000] {logging_mixin.py:188} INFO - [2026-06-04T07:04:01.649+0000] {dag.py:3033} INFO - Sync 1 DAGs
[2026-06-04T07:04:01.662+0000] {logging_mixin.py:188} INFO - [2026-06-04T07:04:01.662+0000] {dag.py:3820} INFO - Setting next_dagrun for example_sensors to None, run_after=None
[2026-06-04T07:04:01.693+0000] {processor.py:183} INFO - Processing /home/airflow/.local/lib/python3.8/site-packages/airflow/example_dags/example_sensors.py took 0.111 seconds
[2026-06-04T07:04:32.509+0000] {processor.py:161} INFO - Started process (PID=3128) to work on /home/airflow/.local/lib/python3.8/site-packages/airflow/example_dags/example_sensors.py
[2026-06-04T07:04:32.511+0000] {processor.py:830} INFO - Processing file /home/airflow/.local/lib/python3.8/site-packages/airflow/example_dags/example_sensors.py for tasks to queue
[2026-06-04T07:04:32.516+0000] {logging_mixin.py:188} INFO - [2026-06-04T07:04:32.515+0000] {dagbag.py:538} INFO - Filling up the DagBag from /home/airflow/.local/lib/python3.8/site-packages/airflow/example_dags/example_sensors.py
[2026-06-04T07:04:32.526+0000] {processor.py:840} INFO - DAG(s) 'example_sensors' retrieved from /home/airflow/.local/lib/python3.8/site-packages/airflow/example_dags/example_sensors.py
[2026-06-04T07:04:32.556+0000] {logging_mixin.py:188} INFO - [2026-06-04T07:04:32.555+0000] {dag.py:3033} INFO - Sync 1 DAGs
[2026-06-04T07:04:32.562+0000] {logging_mixin.py:188} INFO - [2026-06-04T07:04:32.562+0000] {dag.py:3820} INFO - Setting next_dagrun for example_sensors to None, run_after=None
[2026-06-04T07:04:32.584+0000] {processor.py:183} INFO - Processing /home/airflow/.local/lib/python3.8/site-packages/airflow/example_dags/example_sensors.py took 0.081 seconds
[2026-06-04T07:05:03.169+0000] {processor.py:161} INFO - Started process (PID=3183) to work on /home/airflow/.local/lib/python3.8/site-packages/airflow/example_dags/example_sensors.py
[2026-06-04T07:05:03.174+0000] {processor.py:830} INFO - Processing file /home/airflow/.local/lib/python3.8/site-packages/airflow/example_dags/example_sensors.py for tasks to queue
[2026-06-04T07:05:03.182+0000] {logging_mixin.py:188} INFO - [2026-06-04T07:05:03.181+0000] {dagbag.py:538} INFO - Filling up the DagBag from /home/airflow/.local/lib/python3.8/site-packages/airflow/example_dags/example_sensors.py
[2026-06-04T07:05:03.248+0000] {processor.py:840} INFO - DAG(s) 'example_sensors' retrieved from /home/airflow/.local/lib/python3.8/site-packages/airflow/example_dags/example_sensors.py
[2026-06-04T07:05:03.315+0000] {logging_mixin.py:188} INFO - [2026-06-04T07:05:03.315+0000] {dag.py:3033} INFO - Sync 1 DAGs
[2026-06-04T07:05:03.324+0000] {logging_mixin.py:188} INFO - [2026-06-04T07:05:03.324+0000] {dag.py:3820} INFO - Setting next_dagrun for example_sensors to None, run_after=None
[2026-06-04T07:05:03.349+0000] {processor.py:183} INFO - Processing /home/airflow/.local/lib/python3.8/site-packages/airflow/example_dags/example_sensors.py took 0.214 seconds
[2026-06-04T07:05:33.785+0000] {processor.py:161} INFO - Started process (PID=3239) to work on /home/airflow/.local/lib/python3.8/site-packages/airflow/example_dags/example_sensors.py
[2026-06-04T07:05:33.788+0000] {processor.py:830} INFO - Processing file /home/airflow/.local/lib/python3.8/site-packages/airflow/example_dags/example_sensors.py for tasks to queue
[2026-06-04T07:05:33.797+0000] {logging_mixin.py:188} INFO - [2026-06-04T07:05:33.795+0000] {dagbag.py:538} INFO - Filling up the DagBag from /home/airflow/.local/lib/python3.8/site-packages/airflow/example_dags/example_sensors.py
[2026-06-04T07:05:33.821+0000] {processor.py:840} INFO - DAG(s) 'example_sensors' retrieved from /home/airflow/.local/lib/python3.8/site-packages/airflow/example_dags/example_sensors.py
[2026-06-04T07:05:33.853+0000] {logging_mixin.py:188} INFO - [2026-06-04T07:05:33.853+0000] {dag.py:3033} INFO - Sync 1 DAGs
[2026-06-04T07:05:33.871+0000] {logging_mixin.py:188} INFO - [2026-06-04T07:05:33.870+0000] {dag.py:3820} INFO - Setting next_dagrun for example_sensors to None, run_after=None
[2026-06-04T07:05:33.888+0000] {processor.py:183} INFO - Processing /home/airflow/.local/lib/python3.8/site-packages/airflow/example_dags/example_sensors.py took 0.106 seconds
[2026-06-04T07:06:04.127+0000] {processor.py:161} INFO - Started process (PID=3295) to work on /home/airflow/.local/lib/python3.8/site-packages/airflow/example_dags/example_sensors.py
[2026-06-04T07:06:04.130+0000] {processor.py:830} INFO - Processing file /home/airflow/.local/lib/python3.8/site-packages/airflow/example_dags/example_sensors.py for tasks to queue
[2026-06-04T07:06:04.133+0000] {logging_mixin.py:188} INFO - [2026-06-04T07:06:04.133+0000] {dagbag.py:538} INFO - Filling up the DagBag from /home/airflow/.local/lib/python3.8/site-packages/airflow/example_dags/example_sensors.py
[2026-06-04T07:06:04.163+0000] {processor.py:840} INFO - DAG(s) 'example_sensors' retrieved from /home/airflow/.local/lib/python3.8/site-packages/airflow/example_dags/example_sensors.py
[2026-06-04T07:06:04.252+0000] {logging_mixin.py:188} INFO - [2026-06-04T07:06:04.252+0000] {dag.py:3033} INFO - Sync 1 DAGs
[2026-06-04T07:06:04.273+0000] {logging_mixin.py:188} INFO - [2026-06-04T07:06:04.273+0000] {dag.py:3820} INFO - Setting next_dagrun for example_sensors to None, run_after=None
[2026-06-04T07:06:04.316+0000] {processor.py:183} INFO - Processing /home/airflow/.local/lib/python3.8/site-packages/airflow/example_dags/example_sensors.py took 0.195 seconds
[2026-06-04T07:06:34.741+0000] {processor.py:161} INFO - Started process (PID=3351) to work on /home/airflow/.local/lib/python3.8/site-packages/airflow/example_dags/example_sensors.py
[2026-06-04T07:06:34.744+0000] {processor.py:830} INFO - Processing file /home/airflow/.local/lib/python3.8/site-packages/airflow/example_dags/example_sensors.py for tasks to queue
[2026-06-04T07:06:34.749+0000] {logging_mixin.py:188} INFO - [2026-06-04T07:06:34.748+0000] {dagbag.py:538} INFO - Filling up the DagBag from /home/airflow/.local/lib/python3.8/site-packages/airflow/example_dags/example_sensors.py
[2026-06-04T07:06:34.771+0000] {processor.py:840} INFO - DAG(s) 'example_sensors' retrieved from /home/airflow/.local/lib/python3.8/site-packages/airflow/example_dags/example_sensors.py
[2026-06-04T07:06:34.813+0000] {logging_mixin.py:188} INFO - [2026-06-04T07:06:34.813+0000] {dag.py:3033} INFO - Sync 1 DAGs
[2026-06-04T07:06:34.827+0000] {logging_mixin.py:188} INFO - [2026-06-04T07:06:34.827+0000] {dag.py:3820} INFO - Setting next_dagrun for example_sensors to None, run_after=None
[2026-06-04T07:06:34.842+0000] {processor.py:183} INFO - Processing /home/airflow/.local/lib/python3.8/site-packages/airflow/example_dags/example_sensors.py took 0.114 seconds
[2026-06-04T07:07:05.629+0000] {processor.py:161} INFO - Started process (PID=3407) to work on /home/airflow/.local/lib/python3.8/site-packages/airflow/example_dags/example_sensors.py
[2026-06-04T07:07:05.631+0000] {processor.py:830} INFO - Processing file /home/airflow/.local/lib/python3.8/site-packages/airflow/example_dags/example_sensors.py for tasks to queue
[2026-06-04T07:07:05.634+0000] {logging_mixin.py:188} INFO - [2026-06-04T07:07:05.634+0000] {dagbag.py:538} INFO - Filling up the DagBag from /home/airflow/.local/lib/python3.8/site-packages/airflow/example_dags/example_sensors.py
[2026-06-04T07:07:05.651+0000] {processor.py:840} INFO - DAG(s) 'example_sensors' retrieved from /home/airflow/.local/lib/python3.8/site-packages/airflow/example_dags/example_sensors.py
[2026-06-04T07:07:05.703+0000] {logging_mixin.py:188} INFO - [2026-06-04T07:07:05.702+0000] {dag.py:3033} INFO - Sync 1 DAGs
[2026-06-04T07:07:05.725+0000] {logging_mixin.py:188} INFO - [2026-06-04T07:07:05.724+0000] {dag.py:3820} INFO - Setting next_dagrun for example_sensors to None, run_after=None
[2026-06-04T07:07:05.745+0000] {processor.py:183} INFO - Processing /home/airflow/.local/lib/python3.8/site-packages/airflow/example_dags/example_sensors.py took 0.127 seconds
[2026-06-04T07:07:36.205+0000] {processor.py:161} INFO - Started process (PID=3463) to work on /home/airflow/.local/lib/python3.8/site-packages/airflow/example_dags/example_sensors.py
[2026-06-04T07:07:36.212+0000] {processor.py:830} INFO - Processing file /home/airflow/.local/lib/python3.8/site-packages/airflow/example_dags/example_sensors.py for tasks to queue
[2026-06-04T07:07:36.217+0000] {logging_mixin.py:188} INFO - [2026-06-04T07:07:36.217+0000] {dagbag.py:538} INFO - Filling up the DagBag from /home/airflow/.local/lib/python3.8/site-packages/airflow/example_dags/example_sensors.py
[2026-06-04T07:07:36.235+0000] {processor.py:840} INFO - DAG(s) 'example_sensors' retrieved from /home/airflow/.local/lib/python3.8/site-packages/airflow/example_dags/example_sensors.py
[2026-06-04T07:07:36.278+0000] {logging_mixin.py:188} INFO - [2026-06-04T07:07:36.278+0000] {dag.py:3033} INFO - Sync 1 DAGs
[2026-06-04T07:07:36.295+0000] {logging_mixin.py:188} INFO - [2026-06-04T07:07:36.295+0000] {dag.py:3820} INFO - Setting next_dagrun for example_sensors to None, run_after=None
[2026-06-04T07:07:36.312+0000] {processor.py:183} INFO - Processing /home/airflow/.local/lib/python3.8/site-packages/airflow/example_dags/example_sensors.py took 0.118 seconds
[2026-06-04T07:08:07.276+0000] {processor.py:161} INFO - Started process (PID=3519) to work on /home/airflow/.local/lib/python3.8/site-packages/airflow/example_dags/example_sensors.py
[2026-06-04T07:08:07.278+0000] {processor.py:830} INFO - Processing file /home/airflow/.local/lib/python3.8/site-packages/airflow/example_dags/example_sensors.py for tasks to queue
[2026-06-04T07:08:07.282+0000] {logging_mixin.py:188} INFO - [2026-06-04T07:08:07.282+0000] {dagbag.py:538} INFO - Filling up the DagBag from /home/airflow/.local/lib/python3.8/site-packages/airflow/example_dags/example_sensors.py
[2026-06-04T07:08:07.302+0000] {processor.py:840} INFO - DAG(s) 'example_sensors' retrieved from /home/airflow/.local/lib/python3.8/site-packages/airflow/example_dags/example_sensors.py
[2026-06-04T07:08:07.343+0000] {logging_mixin.py:188} INFO - [2026-06-04T07:08:07.343+0000] {dag.py:3033} INFO - Sync 1 DAGs
[2026-06-04T07:08:07.365+0000] {logging_mixin.py:188} INFO - [2026-06-04T07:08:07.365+0000] {dag.py:3820} INFO - Setting next_dagrun for example_sensors to None, run_after=None
[2026-06-04T07:08:07.420+0000] {processor.py:183} INFO - Processing /home/airflow/.local/lib/python3.8/site-packages/airflow/example_dags/example_sensors.py took 0.151 seconds
[2026-06-04T07:08:37.671+0000] {processor.py:161} INFO - Started process (PID=3575) to work on /home/airflow/.local/lib/python3.8/site-packages/airflow/example_dags/example_sensors.py
[2026-06-04T07:08:37.673+0000] {processor.py:830} INFO - Processing file /home/airflow/.local/lib/python3.8/site-packages/airflow/example_dags/example_sensors.py for tasks to queue
[2026-06-04T07:08:37.677+0000] {logging_mixin.py:188} INFO - [2026-06-04T07:08:37.677+0000] {dagbag.py:538} INFO - Filling up the DagBag from /home/airflow/.local/lib/python3.8/site-packages/airflow/example_dags/example_sensors.py
[2026-06-04T07:08:37.693+0000] {processor.py:840} INFO - DAG(s) 'example_sensors' retrieved from /home/airflow/.local/lib/python3.8/site-packages/airflow/example_dags/example_sensors.py
[2026-06-04T07:08:37.735+0000] {logging_mixin.py:188} INFO - [2026-06-04T07:08:37.735+0000] {dag.py:3033} INFO - Sync 1 DAGs
[2026-06-04T07:08:37.750+0000] {logging_mixin.py:188} INFO - [2026-06-04T07:08:37.750+0000] {dag.py:3820} INFO - Setting next_dagrun for example_sensors to None, run_after=None
[2026-06-04T07:08:37.774+0000] {processor.py:183} INFO - Processing /home/airflow/.local/lib/python3.8/site-packages/airflow/example_dags/example_sensors.py took 0.107 seconds
[2026-06-04T07:09:07.917+0000] {processor.py:161} INFO - Started process (PID=3631) to work on /home/airflow/.local/lib/python3.8/site-packages/airflow/example_dags/example_sensors.py
[2026-06-04T07:09:07.919+0000] {processor.py:830} INFO - Processing file /home/airflow/.local/lib/python3.8/site-packages/airflow/example_dags/example_sensors.py for tasks to queue
[2026-06-04T07:09:07.923+0000] {logging_mixin.py:188} INFO - [2026-06-04T07:09:07.922+0000] {dagbag.py:538} INFO - Filling up the DagBag from /home/airflow/.local/lib/python3.8/site-packages/airflow/example_dags/example_sensors.py
[2026-06-04T07:09:07.943+0000] {processor.py:840} INFO - DAG(s) 'example_sensors' retrieved from /home/airflow/.local/lib/python3.8/site-packages/airflow/example_dags/example_sensors.py
[2026-06-04T07:09:07.991+0000] {logging_mixin.py:188} INFO - [2026-06-04T07:09:07.991+0000] {dag.py:3033} INFO - Sync 1 DAGs
[2026-06-04T07:09:08.023+0000] {logging_mixin.py:188} INFO - [2026-06-04T07:09:08.023+0000] {dag.py:3820} INFO - Setting next_dagrun for example_sensors to None, run_after=None
[2026-06-04T07:09:08.084+0000] {processor.py:183} INFO - Processing /home/airflow/.local/lib/python3.8/site-packages/airflow/example_dags/example_sensors.py took 0.171 seconds
[2026-06-04T07:09:38.726+0000] {processor.py:161} INFO - Started process (PID=3687) to work on /home/airflow/.local/lib/python3.8/site-packages/airflow/example_dags/example_sensors.py
[2026-06-04T07:09:38.729+0000] {processor.py:830} INFO - Processing file /home/airflow/.local/lib/python3.8/site-packages/airflow/example_dags/example_sensors.py for tasks to queue
[2026-06-04T07:09:38.734+0000] {logging_mixin.py:188} INFO - [2026-06-04T07:09:38.734+0000] {dagbag.py:538} INFO - Filling up the DagBag from /home/airflow/.local/lib/python3.8/site-packages/airflow/example_dags/example_sensors.py
[2026-06-04T07:09:38.747+0000] {processor.py:840} INFO - DAG(s) 'example_sensors' retrieved from /home/airflow/.local/lib/python3.8/site-packages/airflow/example_dags/example_sensors.py
[2026-06-04T07:09:38.775+0000] {logging_mixin.py:188} INFO - [2026-06-04T07:09:38.775+0000] {dag.py:3033} INFO - Sync 1 DAGs
[2026-06-04T07:09:38.795+0000] {logging_mixin.py:188} INFO - [2026-06-04T07:09:38.795+0000] {dag.py:3820} INFO - Setting next_dagrun for example_sensors to None, run_after=None
[2026-06-04T07:09:38.817+0000] {processor.py:183} INFO - Processing /home/airflow/.local/lib/python3.8/site-packages/airflow/example_dags/example_sensors.py took 0.097 seconds
[2026-06-04T07:10:08.984+0000] {processor.py:161} INFO - Started process (PID=3743) to work on /home/airflow/.local/lib/python3.8/site-packages/airflow/example_dags/example_sensors.py
[2026-06-04T07:10:08.985+0000] {processor.py:830} INFO - Processing file /home/airflow/.local/lib/python3.8/site-packages/airflow/example_dags/example_sensors.py for tasks to queue
[2026-06-04T07:10:08.988+0000] {logging_mixin.py:188} INFO - [2026-06-04T07:10:08.988+0000] {dagbag.py:538} INFO - Filling up the DagBag from /home/airflow/.local/lib/python3.8/site-packages/airflow/example_dags/example_sensors.py
[2026-06-04T07:10:08.995+0000] {processor.py:840} INFO - DAG(s) 'example_sensors' retrieved from /home/airflow/.local/lib/python3.8/site-packages/airflow/example_dags/example_sensors.py
[2026-06-04T07:10:09.030+0000] {logging_mixin.py:188} INFO - [2026-06-04T07:10:09.030+0000] {dag.py:3033} INFO - Sync 1 DAGs
[2026-06-04T07:10:09.047+0000] {logging_mixin.py:188} INFO - [2026-06-04T07:10:09.046+0000] {dag.py:3820} INFO - Setting next_dagrun for example_sensors to None, run_after=None
[2026-06-04T07:10:09.076+0000] {processor.py:183} INFO - Processing /home/airflow/.local/lib/python3.8/site-packages/airflow/example_dags/example_sensors.py took 0.095 seconds
[2026-06-04T07:10:39.788+0000] {processor.py:161} INFO - Started process (PID=3799) to work on /home/airflow/.local/lib/python3.8/site-packages/airflow/example_dags/example_sensors.py
[2026-06-04T07:10:39.788+0000] {processor.py:830} INFO - Processing file /home/airflow/.local/lib/python3.8/site-packages/airflow/example_dags/example_sensors.py for tasks to queue
[2026-06-04T07:10:39.791+0000] {logging_mixin.py:188} INFO - [2026-06-04T07:10:39.790+0000] {dagbag.py:538} INFO - Filling up the DagBag from /home/airflow/.local/lib/python3.8/site-packages/airflow/example_dags/example_sensors.py
[2026-06-04T07:10:39.802+0000] {processor.py:840} INFO - DAG(s) 'example_sensors' retrieved from /home/airflow/.local/lib/python3.8/site-packages/airflow/example_dags/example_sensors.py
[2026-06-04T07:10:39.835+0000] {logging_mixin.py:188} INFO - [2026-06-04T07:10:39.835+0000] {dag.py:3033} INFO - Sync 1 DAGs
[2026-06-04T07:10:39.849+0000] {logging_mixin.py:188} INFO - [2026-06-04T07:10:39.849+0000] {dag.py:3820} INFO - Setting next_dagrun for example_sensors to None, run_after=None
[2026-06-04T07:10:39.869+0000] {processor.py:183} INFO - Processing /home/airflow/.local/lib/python3.8/site-packages/airflow/example_dags/example_sensors.py took 0.086 seconds
[2026-06-04T07:11:10.301+0000] {processor.py:161} INFO - Started process (PID=3853) to work on /home/airflow/.local/lib/python3.8/site-packages/airflow/example_dags/example_sensors.py
[2026-06-04T07:11:10.302+0000] {processor.py:830} INFO - Processing file /home/airflow/.local/lib/python3.8/site-packages/airflow/example_dags/example_sensors.py for tasks to queue
[2026-06-04T07:11:10.305+0000] {logging_mixin.py:188} INFO - [2026-06-04T07:11:10.304+0000] {dagbag.py:538} INFO - Filling up the DagBag from /home/airflow/.local/lib/python3.8/site-packages/airflow/example_dags/example_sensors.py
[2026-06-04T07:11:10.326+0000] {processor.py:840} INFO - DAG(s) 'example_sensors' retrieved from /home/airflow/.local/lib/python3.8/site-packages/airflow/example_dags/example_sensors.py
[2026-06-04T07:11:10.364+0000] {logging_mixin.py:188} INFO - [2026-06-04T07:11:10.364+0000] {dag.py:3033} INFO - Sync 1 DAGs
[2026-06-04T07:11:10.376+0000] {logging_mixin.py:188} INFO - [2026-06-04T07:11:10.376+0000] {dag.py:3820} INFO - Setting next_dagrun for example_sensors to None, run_after=None
[2026-06-04T07:11:10.390+0000] {processor.py:183} INFO - Processing /home/airflow/.local/lib/python3.8/site-packages/airflow/example_dags/example_sensors.py took 0.094 seconds
[2026-06-04T07:11:41.202+0000] {processor.py:161} INFO - Started process (PID=3909) to work on /home/airflow/.local/lib/python3.8/site-packages/airflow/example_dags/example_sensors.py
[2026-06-04T07:11:41.204+0000] {processor.py:830} INFO - Processing file /home/airflow/.local/lib/python3.8/site-packages/airflow/example_dags/example_sensors.py for tasks to queue
[2026-06-04T07:11:41.208+0000] {logging_mixin.py:188} INFO - [2026-06-04T07:11:41.208+0000] {dagbag.py:538} INFO - Filling up the DagBag from /home/airflow/.local/lib/python3.8/site-packages/airflow/example_dags/example_sensors.py
[2026-06-04T07:11:41.220+0000] {processor.py:840} INFO - DAG(s) 'example_sensors' retrieved from /home/airflow/.local/lib/python3.8/site-packages/airflow/example_dags/example_sensors.py
[2026-06-04T07:11:41.264+0000] {logging_mixin.py:188} INFO - [2026-06-04T07:11:41.264+0000] {dag.py:3033} INFO - Sync 1 DAGs
[2026-06-04T07:11:41.280+0000] {logging_mixin.py:188} INFO - [2026-06-04T07:11:41.280+0000] {dag.py:3820} INFO - Setting next_dagrun for example_sensors to None, run_after=None
[2026-06-04T07:11:41.297+0000] {processor.py:183} INFO - Processing /home/airflow/.local/lib/python3.8/site-packages/airflow/example_dags/example_sensors.py took 0.104 seconds
[2026-06-04T07:12:12.275+0000] {processor.py:161} INFO - Started process (PID=3965) to work on /home/airflow/.local/lib/python3.8/site-packages/airflow/example_dags/example_sensors.py
[2026-06-04T07:12:12.279+0000] {processor.py:830} INFO - Processing file /home/airflow/.local/lib/python3.8/site-packages/airflow/example_dags/example_sensors.py for tasks to queue
[2026-06-04T07:12:12.302+0000] {logging_mixin.py:188} INFO - [2026-06-04T07:12:12.301+0000] {dagbag.py:538} INFO - Filling up the DagBag from /home/airflow/.local/lib/python3.8/site-packages/airflow/example_dags/example_sensors.py
[2026-06-04T07:12:12.325+0000] {processor.py:840} INFO - DAG(s) 'example_sensors' retrieved from /home/airflow/.local/lib/python3.8/site-packages/airflow/example_dags/example_sensors.py
[2026-06-04T07:12:12.385+0000] {logging_mixin.py:188} INFO - [2026-06-04T07:12:12.385+0000] {dag.py:3033} INFO - Sync 1 DAGs
[2026-06-04T07:12:12.408+0000] {logging_mixin.py:188} INFO - [2026-06-04T07:12:12.407+0000] {dag.py:3820} INFO - Setting next_dagrun for example_sensors to None, run_after=None
[2026-06-04T07:12:12.428+0000] {processor.py:183} INFO - Processing /home/airflow/.local/lib/python3.8/site-packages/airflow/example_dags/example_sensors.py took 0.169 seconds
[2026-06-04T07:12:43.206+0000] {processor.py:161} INFO - Started process (PID=4021) to work on /home/airflow/.local/lib/python3.8/site-packages/airflow/example_dags/example_sensors.py
[2026-06-04T07:12:43.208+0000] {processor.py:830} INFO - Processing file /home/airflow/.local/lib/python3.8/site-packages/airflow/example_dags/example_sensors.py for tasks to queue
[2026-06-04T07:12:43.212+0000] {logging_mixin.py:188} INFO - [2026-06-04T07:12:43.212+0000] {dagbag.py:538} INFO - Filling up the DagBag from /home/airflow/.local/lib/python3.8/site-packages/airflow/example_dags/example_sensors.py
[2026-06-04T07:12:43.242+0000] {processor.py:840} INFO - DAG(s) 'example_sensors' retrieved from /home/airflow/.local/lib/python3.8/site-packages/airflow/example_dags/example_sensors.py
[2026-06-04T07:12:43.361+0000] {logging_mixin.py:188} INFO - [2026-06-04T07:12:43.361+0000] {dag.py:3033} INFO - Sync 1 DAGs
[2026-06-04T07:12:43.376+0000] {logging_mixin.py:188} INFO - [2026-06-04T07:12:43.375+0000] {dag.py:3820} INFO - Setting next_dagrun for example_sensors to None, run_after=None
[2026-06-04T07:12:43.406+0000] {processor.py:183} INFO - Processing /home/airflow/.local/lib/python3.8/site-packages/airflow/example_dags/example_sensors.py took 0.205 seconds
[2026-06-04T07:13:14.500+0000] {processor.py:161} INFO - Started process (PID=4077) to work on /home/airflow/.local/lib/python3.8/site-packages/airflow/example_dags/example_sensors.py
[2026-06-04T07:13:14.502+0000] {processor.py:830} INFO - Processing file /home/airflow/.local/lib/python3.8/site-packages/airflow/example_dags/example_sensors.py for tasks to queue
[2026-06-04T07:13:14.507+0000] {logging_mixin.py:188} INFO - [2026-06-04T07:13:14.506+0000] {dagbag.py:538} INFO - Filling up the DagBag from /home/airflow/.local/lib/python3.8/site-packages/airflow/example_dags/example_sensors.py
[2026-06-04T07:13:14.525+0000] {processor.py:840} INFO - DAG(s) 'example_sensors' retrieved from /home/airflow/.local/lib/python3.8/site-packages/airflow/example_dags/example_sensors.py
[2026-06-04T07:13:14.574+0000] {logging_mixin.py:188} INFO - [2026-06-04T07:13:14.573+0000] {dag.py:3033} INFO - Sync 1 DAGs
[2026-06-04T07:13:14.600+0000] {logging_mixin.py:188} INFO - [2026-06-04T07:13:14.600+0000] {dag.py:3820} INFO - Setting next_dagrun for example_sensors to None, run_after=None
[2026-06-04T07:13:14.631+0000] {processor.py:183} INFO - Processing /home/airflow/.local/lib/python3.8/site-packages/airflow/example_dags/example_sensors.py took 0.137 seconds
[2026-06-04T07:13:45.792+0000] {processor.py:161} INFO - Started process (PID=4133) to work on /home/airflow/.local/lib/python3.8/site-packages/airflow/example_dags/example_sensors.py
[2026-06-04T07:13:45.803+0000] {processor.py:830} INFO - Processing file /home/airflow/.local/lib/python3.8/site-packages/airflow/example_dags/example_sensors.py for tasks to queue
[2026-06-04T07:13:45.833+0000] {logging_mixin.py:188} INFO - [2026-06-04T07:13:45.832+0000] {dagbag.py:538} INFO - Filling up the DagBag from /home/airflow/.local/lib/python3.8/site-packages/airflow/example_dags/example_sensors.py
[2026-06-04T07:13:45.903+0000] {processor.py:840} INFO - DAG(s) 'example_sensors' retrieved from /home/airflow/.local/lib/python3.8/site-packages/airflow/example_dags/example_sensors.py
[2026-06-04T07:13:45.964+0000] {logging_mixin.py:188} INFO - [2026-06-04T07:13:45.963+0000] {dag.py:3033} INFO - Sync 1 DAGs
[2026-06-04T07:13:45.989+0000] {logging_mixin.py:188} INFO - [2026-06-04T07:13:45.989+0000] {dag.py:3820} INFO - Setting next_dagrun for example_sensors to None, run_after=None
[2026-06-04T07:13:46.013+0000] {processor.py:183} INFO - Processing /home/airflow/.local/lib/python3.8/site-packages/airflow/example_dags/example_sensors.py took 0.233 seconds
[2026-06-04T07:14:16.680+0000] {processor.py:161} INFO - Started process (PID=4189) to work on /home/airflow/.local/lib/python3.8/site-packages/airflow/example_dags/example_sensors.py
[2026-06-04T07:14:16.681+0000] {processor.py:830} INFO - Processing file /home/airflow/.local/lib/python3.8/site-packages/airflow/example_dags/example_sensors.py for tasks to queue
[2026-06-04T07:14:16.687+0000] {logging_mixin.py:188} INFO - [2026-06-04T07:14:16.687+0000] {dagbag.py:538} INFO - Filling up the DagBag from /home/airflow/.local/lib/python3.8/site-packages/airflow/example_dags/example_sensors.py
[2026-06-04T07:14:16.706+0000] {processor.py:840} INFO - DAG(s) 'example_sensors' retrieved from /home/airflow/.local/lib/python3.8/site-packages/airflow/example_dags/example_sensors.py
[2026-06-04T07:14:16.755+0000] {logging_mixin.py:188} INFO - [2026-06-04T07:14:16.755+0000] {dag.py:3033} INFO - Sync 1 DAGs
[2026-06-04T07:14:16.778+0000] {logging_mixin.py:188} INFO - [2026-06-04T07:14:16.778+0000] {dag.py:3820} INFO - Setting next_dagrun for example_sensors to None, run_after=None
[2026-06-04T07:14:16.807+0000] {processor.py:183} INFO - Processing /home/airflow/.local/lib/python3.8/site-packages/airflow/example_dags/example_sensors.py took 0.132 seconds
[2026-06-04T07:14:47.069+0000] {processor.py:161} INFO - Started process (PID=4245) to work on /home/airflow/.local/lib/python3.8/site-packages/airflow/example_dags/example_sensors.py
[2026-06-04T07:14:47.071+0000] {processor.py:830} INFO - Processing file /home/airflow/.local/lib/python3.8/site-packages/airflow/example_dags/example_sensors.py for tasks to queue
[2026-06-04T07:14:47.076+0000] {logging_mixin.py:188} INFO - [2026-06-04T07:14:47.076+0000] {dagbag.py:538} INFO - Filling up the DagBag from /home/airflow/.local/lib/python3.8/site-packages/airflow/example_dags/example_sensors.py
[2026-06-04T07:14:47.126+0000] {processor.py:840} INFO - DAG(s) 'example_sensors' retrieved from /home/airflow/.local/lib/python3.8/site-packages/airflow/example_dags/example_sensors.py
[2026-06-04T07:14:47.191+0000] {logging_mixin.py:188} INFO - [2026-06-04T07:14:47.191+0000] {dag.py:3033} INFO - Sync 1 DAGs
[2026-06-04T07:14:47.245+0000] {logging_mixin.py:188} INFO - [2026-06-04T07:14:47.244+0000] {dag.py:3820} INFO - Setting next_dagrun for example_sensors to None, run_after=None
[2026-06-04T07:14:47.273+0000] {processor.py:183} INFO - Processing /home/airflow/.local/lib/python3.8/site-packages/airflow/example_dags/example_sensors.py took 0.223 seconds
[2026-06-04T07:15:18.050+0000] {processor.py:161} INFO - Started process (PID=4307) to work on /home/airflow/.local/lib/python3.8/site-packages/airflow/example_dags/example_sensors.py
[2026-06-04T07:15:18.054+0000] {processor.py:830} INFO - Processing file /home/airflow/.local/lib/python3.8/site-packages/airflow/example_dags/example_sensors.py for tasks to queue
[2026-06-04T07:15:18.060+0000] {logging_mixin.py:188} INFO - [2026-06-04T07:15:18.060+0000] {dagbag.py:538} INFO - Filling up the DagBag from /home/airflow/.local/lib/python3.8/site-packages/airflow/example_dags/example_sensors.py
[2026-06-04T07:15:18.090+0000] {processor.py:840} INFO - DAG(s) 'example_sensors' retrieved from /home/airflow/.local/lib/python3.8/site-packages/airflow/example_dags/example_sensors.py
[2026-06-04T07:15:18.155+0000] {logging_mixin.py:188} INFO - [2026-06-04T07:15:18.154+0000] {dag.py:3033} INFO - Sync 1 DAGs
[2026-06-04T07:15:18.183+0000] {logging_mixin.py:188} INFO - [2026-06-04T07:15:18.183+0000] {dag.py:3820} INFO - Setting next_dagrun for example_sensors to None, run_after=None
[2026-06-04T07:15:18.215+0000] {processor.py:183} INFO - Processing /home/airflow/.local/lib/python3.8/site-packages/airflow/example_dags/example_sensors.py took 0.173 seconds
[2026-06-04T07:15:48.347+0000] {processor.py:161} INFO - Started process (PID=4363) to work on /home/airflow/.local/lib/python3.8/site-packages/airflow/example_dags/example_sensors.py
[2026-06-04T07:15:48.350+0000] {processor.py:830} INFO - Processing file /home/airflow/.local/lib/python3.8/site-packages/airflow/example_dags/example_sensors.py for tasks to queue
[2026-06-04T07:15:48.355+0000] {logging_mixin.py:188} INFO - [2026-06-04T07:15:48.354+0000] {dagbag.py:538} INFO - Filling up the DagBag from /home/airflow/.local/lib/python3.8/site-packages/airflow/example_dags/example_sensors.py
[2026-06-04T07:15:48.371+0000] {processor.py:840} INFO - DAG(s) 'example_sensors' retrieved from /home/airflow/.local/lib/python3.8/site-packages/airflow/example_dags/example_sensors.py
[2026-06-04T07:15:48.448+0000] {logging_mixin.py:188} INFO - [2026-06-04T07:15:48.447+0000] {dag.py:3033} INFO - Sync 1 DAGs
[2026-06-04T07:15:48.470+0000] {logging_mixin.py:188} INFO - [2026-06-04T07:15:48.469+0000] {dag.py:3820} INFO - Setting next_dagrun for example_sensors to None, run_after=None
[2026-06-04T07:15:48.494+0000] {processor.py:183} INFO - Processing /home/airflow/.local/lib/python3.8/site-packages/airflow/example_dags/example_sensors.py took 0.159 seconds
[2026-06-04T07:16:19.682+0000] {processor.py:161} INFO - Started process (PID=4420) to work on /home/airflow/.local/lib/python3.8/site-packages/airflow/example_dags/example_sensors.py
[2026-06-04T07:16:19.691+0000] {processor.py:830} INFO - Processing file /home/airflow/.local/lib/python3.8/site-packages/airflow/example_dags/example_sensors.py for tasks to queue
[2026-06-04T07:16:19.697+0000] {logging_mixin.py:188} INFO - [2026-06-04T07:16:19.697+0000] {dagbag.py:538} INFO - Filling up the DagBag from /home/airflow/.local/lib/python3.8/site-packages/airflow/example_dags/example_sensors.py
[2026-06-04T07:16:19.711+0000] {processor.py:840} INFO - DAG(s) 'example_sensors' retrieved from /home/airflow/.local/lib/python3.8/site-packages/airflow/example_dags/example_sensors.py
[2026-06-04T07:16:19.804+0000] {logging_mixin.py:188} INFO - [2026-06-04T07:16:19.803+0000] {dag.py:3033} INFO - Sync 1 DAGs
[2026-06-04T07:16:19.817+0000] {logging_mixin.py:188} INFO - [2026-06-04T07:16:19.816+0000] {dag.py:3820} INFO - Setting next_dagrun for example_sensors to None, run_after=None
[2026-06-04T07:16:19.853+0000] {processor.py:183} INFO - Processing /home/airflow/.local/lib/python3.8/site-packages/airflow/example_dags/example_sensors.py took 0.188 seconds
