[2026-06-04T06:36:37.621+0000] {processor.py:161} INFO - Started process (PID=85) to work on /home/airflow/.local/lib/python3.8/site-packages/airflow/example_dags/example_xcom.py
[2026-06-04T06:36:37.622+0000] {processor.py:830} INFO - Processing file /home/airflow/.local/lib/python3.8/site-packages/airflow/example_dags/example_xcom.py for tasks to queue
[2026-06-04T06:36:37.623+0000] {logging_mixin.py:188} INFO - [2026-06-04T06:36:37.623+0000] {dagbag.py:538} INFO - Filling up the DagBag from /home/airflow/.local/lib/python3.8/site-packages/airflow/example_dags/example_xcom.py
[2026-06-04T06:36:37.636+0000] {processor.py:840} INFO - DAG(s) 'example_xcom' retrieved from /home/airflow/.local/lib/python3.8/site-packages/airflow/example_dags/example_xcom.py
[2026-06-04T06:36:37.648+0000] {logging_mixin.py:188} INFO - [2026-06-04T06:36:37.648+0000] {dag.py:3033} INFO - Sync 1 DAGs
[2026-06-04T06:36:37.667+0000] {logging_mixin.py:188} INFO - [2026-06-04T06:36:37.667+0000] {dag.py:3820} INFO - Setting next_dagrun for example_xcom to 2021-01-01T00:00:00+00:00, run_after=2021-01-01T00:00:00+00:00
[2026-06-04T06:36:37.684+0000] {processor.py:183} INFO - Processing /home/airflow/.local/lib/python3.8/site-packages/airflow/example_dags/example_xcom.py took 0.065 seconds
[2026-06-04T06:37:07.924+0000] {processor.py:161} INFO - Started process (PID=142) to work on /home/airflow/.local/lib/python3.8/site-packages/airflow/example_dags/example_xcom.py
[2026-06-04T06:37:07.925+0000] {processor.py:830} INFO - Processing file /home/airflow/.local/lib/python3.8/site-packages/airflow/example_dags/example_xcom.py for tasks to queue
[2026-06-04T06:37:07.926+0000] {logging_mixin.py:188} INFO - [2026-06-04T06:37:07.926+0000] {dagbag.py:538} INFO - Filling up the DagBag from /home/airflow/.local/lib/python3.8/site-packages/airflow/example_dags/example_xcom.py
[2026-06-04T06:37:07.930+0000] {processor.py:840} INFO - DAG(s) 'example_xcom' retrieved from /home/airflow/.local/lib/python3.8/site-packages/airflow/example_dags/example_xcom.py
[2026-06-04T06:37:07.970+0000] {logging_mixin.py:188} INFO - [2026-06-04T06:37:07.970+0000] {dag.py:3033} INFO - Sync 1 DAGs
[2026-06-04T06:37:07.979+0000] {logging_mixin.py:188} INFO - [2026-06-04T06:37:07.979+0000] {dag.py:3820} INFO - Setting next_dagrun for example_xcom to 2021-01-01T00:00:00+00:00, run_after=2021-01-01T00:00:00+00:00
[2026-06-04T06:37:07.986+0000] {processor.py:183} INFO - Processing /home/airflow/.local/lib/python3.8/site-packages/airflow/example_dags/example_xcom.py took 0.064 seconds
[2026-06-04T06:37:38.186+0000] {processor.py:161} INFO - Started process (PID=198) to work on /home/airflow/.local/lib/python3.8/site-packages/airflow/example_dags/example_xcom.py
[2026-06-04T06:37:38.186+0000] {processor.py:830} INFO - Processing file /home/airflow/.local/lib/python3.8/site-packages/airflow/example_dags/example_xcom.py for tasks to queue
[2026-06-04T06:37:38.187+0000] {logging_mixin.py:188} INFO - [2026-06-04T06:37:38.187+0000] {dagbag.py:538} INFO - Filling up the DagBag from /home/airflow/.local/lib/python3.8/site-packages/airflow/example_dags/example_xcom.py
[2026-06-04T06:37:38.190+0000] {processor.py:840} INFO - DAG(s) 'example_xcom' retrieved from /home/airflow/.local/lib/python3.8/site-packages/airflow/example_dags/example_xcom.py
[2026-06-04T06:37:38.199+0000] {logging_mixin.py:188} INFO - [2026-06-04T06:37:38.199+0000] {dag.py:3033} INFO - Sync 1 DAGs
[2026-06-04T06:37:38.206+0000] {logging_mixin.py:188} INFO - [2026-06-04T06:37:38.206+0000] {dag.py:3820} INFO - Setting next_dagrun for example_xcom to 2021-01-01T00:00:00+00:00, run_after=2021-01-01T00:00:00+00:00
[2026-06-04T06:37:38.212+0000] {processor.py:183} INFO - Processing /home/airflow/.local/lib/python3.8/site-packages/airflow/example_dags/example_xcom.py took 0.028 seconds
[2026-06-04T06:38:08.946+0000] {processor.py:161} INFO - Started process (PID=254) to work on /home/airflow/.local/lib/python3.8/site-packages/airflow/example_dags/example_xcom.py
[2026-06-04T06:38:08.946+0000] {processor.py:830} INFO - Processing file /home/airflow/.local/lib/python3.8/site-packages/airflow/example_dags/example_xcom.py for tasks to queue
[2026-06-04T06:38:08.948+0000] {logging_mixin.py:188} INFO - [2026-06-04T06:38:08.948+0000] {dagbag.py:538} INFO - Filling up the DagBag from /home/airflow/.local/lib/python3.8/site-packages/airflow/example_dags/example_xcom.py
[2026-06-04T06:38:08.953+0000] {processor.py:840} INFO - DAG(s) 'example_xcom' retrieved from /home/airflow/.local/lib/python3.8/site-packages/airflow/example_dags/example_xcom.py
[2026-06-04T06:38:08.969+0000] {logging_mixin.py:188} INFO - [2026-06-04T06:38:08.969+0000] {dag.py:3033} INFO - Sync 1 DAGs
[2026-06-04T06:38:08.981+0000] {logging_mixin.py:188} INFO - [2026-06-04T06:38:08.981+0000] {dag.py:3820} INFO - Setting next_dagrun for example_xcom to 2021-01-01T00:00:00+00:00, run_after=2021-01-01T00:00:00+00:00
[2026-06-04T06:38:08.991+0000] {processor.py:183} INFO - Processing /home/airflow/.local/lib/python3.8/site-packages/airflow/example_dags/example_xcom.py took 0.047 seconds
[2026-06-04T06:38:39.073+0000] {processor.py:161} INFO - Started process (PID=310) to work on /home/airflow/.local/lib/python3.8/site-packages/airflow/example_dags/example_xcom.py
[2026-06-04T06:38:39.073+0000] {processor.py:830} INFO - Processing file /home/airflow/.local/lib/python3.8/site-packages/airflow/example_dags/example_xcom.py for tasks to queue
[2026-06-04T06:38:39.074+0000] {logging_mixin.py:188} INFO - [2026-06-04T06:38:39.074+0000] {dagbag.py:538} INFO - Filling up the DagBag from /home/airflow/.local/lib/python3.8/site-packages/airflow/example_dags/example_xcom.py
[2026-06-04T06:38:39.078+0000] {processor.py:840} INFO - DAG(s) 'example_xcom' retrieved from /home/airflow/.local/lib/python3.8/site-packages/airflow/example_dags/example_xcom.py
[2026-06-04T06:38:39.086+0000] {logging_mixin.py:188} INFO - [2026-06-04T06:38:39.086+0000] {dag.py:3033} INFO - Sync 1 DAGs
[2026-06-04T06:38:39.096+0000] {logging_mixin.py:188} INFO - [2026-06-04T06:38:39.096+0000] {dag.py:3820} INFO - Setting next_dagrun for example_xcom to 2021-01-01T00:00:00+00:00, run_after=2021-01-01T00:00:00+00:00
[2026-06-04T06:38:39.108+0000] {processor.py:183} INFO - Processing /home/airflow/.local/lib/python3.8/site-packages/airflow/example_dags/example_xcom.py took 0.037 seconds
[2026-06-04T06:39:09.851+0000] {processor.py:161} INFO - Started process (PID=365) to work on /home/airflow/.local/lib/python3.8/site-packages/airflow/example_dags/example_xcom.py
[2026-06-04T06:39:09.851+0000] {processor.py:830} INFO - Processing file /home/airflow/.local/lib/python3.8/site-packages/airflow/example_dags/example_xcom.py for tasks to queue
[2026-06-04T06:39:09.852+0000] {logging_mixin.py:188} INFO - [2026-06-04T06:39:09.852+0000] {dagbag.py:538} INFO - Filling up the DagBag from /home/airflow/.local/lib/python3.8/site-packages/airflow/example_dags/example_xcom.py
[2026-06-04T06:39:09.855+0000] {processor.py:840} INFO - DAG(s) 'example_xcom' retrieved from /home/airflow/.local/lib/python3.8/site-packages/airflow/example_dags/example_xcom.py
[2026-06-04T06:39:09.867+0000] {logging_mixin.py:188} INFO - [2026-06-04T06:39:09.866+0000] {dag.py:3033} INFO - Sync 1 DAGs
[2026-06-04T06:39:09.876+0000] {logging_mixin.py:188} INFO - [2026-06-04T06:39:09.876+0000] {dag.py:3820} INFO - Setting next_dagrun for example_xcom to 2021-01-01T00:00:00+00:00, run_after=2021-01-01T00:00:00+00:00
[2026-06-04T06:39:09.887+0000] {processor.py:183} INFO - Processing /home/airflow/.local/lib/python3.8/site-packages/airflow/example_dags/example_xcom.py took 0.038 seconds
[2026-06-04T06:39:40.884+0000] {processor.py:161} INFO - Started process (PID=421) to work on /home/airflow/.local/lib/python3.8/site-packages/airflow/example_dags/example_xcom.py
[2026-06-04T06:39:40.885+0000] {processor.py:830} INFO - Processing file /home/airflow/.local/lib/python3.8/site-packages/airflow/example_dags/example_xcom.py for tasks to queue
[2026-06-04T06:39:40.886+0000] {logging_mixin.py:188} INFO - [2026-06-04T06:39:40.885+0000] {dagbag.py:538} INFO - Filling up the DagBag from /home/airflow/.local/lib/python3.8/site-packages/airflow/example_dags/example_xcom.py
[2026-06-04T06:39:40.889+0000] {processor.py:840} INFO - DAG(s) 'example_xcom' retrieved from /home/airflow/.local/lib/python3.8/site-packages/airflow/example_dags/example_xcom.py
[2026-06-04T06:39:40.904+0000] {logging_mixin.py:188} INFO - [2026-06-04T06:39:40.904+0000] {dag.py:3033} INFO - Sync 1 DAGs
[2026-06-04T06:39:40.915+0000] {logging_mixin.py:188} INFO - [2026-06-04T06:39:40.914+0000] {dag.py:3820} INFO - Setting next_dagrun for example_xcom to 2021-01-01T00:00:00+00:00, run_after=2021-01-01T00:00:00+00:00
[2026-06-04T06:39:40.924+0000] {processor.py:183} INFO - Processing /home/airflow/.local/lib/python3.8/site-packages/airflow/example_dags/example_xcom.py took 0.041 seconds
[2026-06-04T06:40:11.707+0000] {processor.py:161} INFO - Started process (PID=477) to work on /home/airflow/.local/lib/python3.8/site-packages/airflow/example_dags/example_xcom.py
[2026-06-04T06:40:11.707+0000] {processor.py:830} INFO - Processing file /home/airflow/.local/lib/python3.8/site-packages/airflow/example_dags/example_xcom.py for tasks to queue
[2026-06-04T06:40:11.708+0000] {logging_mixin.py:188} INFO - [2026-06-04T06:40:11.708+0000] {dagbag.py:538} INFO - Filling up the DagBag from /home/airflow/.local/lib/python3.8/site-packages/airflow/example_dags/example_xcom.py
[2026-06-04T06:40:11.711+0000] {processor.py:840} INFO - DAG(s) 'example_xcom' retrieved from /home/airflow/.local/lib/python3.8/site-packages/airflow/example_dags/example_xcom.py
[2026-06-04T06:40:11.728+0000] {logging_mixin.py:188} INFO - [2026-06-04T06:40:11.728+0000] {dag.py:3033} INFO - Sync 1 DAGs
[2026-06-04T06:40:11.739+0000] {logging_mixin.py:188} INFO - [2026-06-04T06:40:11.739+0000] {dag.py:3820} INFO - Setting next_dagrun for example_xcom to 2021-01-01T00:00:00+00:00, run_after=2021-01-01T00:00:00+00:00
[2026-06-04T06:40:11.750+0000] {processor.py:183} INFO - Processing /home/airflow/.local/lib/python3.8/site-packages/airflow/example_dags/example_xcom.py took 0.045 seconds
[2026-06-04T06:40:42.850+0000] {processor.py:161} INFO - Started process (PID=533) to work on /home/airflow/.local/lib/python3.8/site-packages/airflow/example_dags/example_xcom.py
[2026-06-04T06:40:42.851+0000] {processor.py:830} INFO - Processing file /home/airflow/.local/lib/python3.8/site-packages/airflow/example_dags/example_xcom.py for tasks to queue
[2026-06-04T06:40:42.851+0000] {logging_mixin.py:188} INFO - [2026-06-04T06:40:42.851+0000] {dagbag.py:538} INFO - Filling up the DagBag from /home/airflow/.local/lib/python3.8/site-packages/airflow/example_dags/example_xcom.py
[2026-06-04T06:40:42.854+0000] {processor.py:840} INFO - DAG(s) 'example_xcom' retrieved from /home/airflow/.local/lib/python3.8/site-packages/airflow/example_dags/example_xcom.py
[2026-06-04T06:40:42.865+0000] {logging_mixin.py:188} INFO - [2026-06-04T06:40:42.865+0000] {dag.py:3033} INFO - Sync 1 DAGs
[2026-06-04T06:40:42.875+0000] {logging_mixin.py:188} INFO - [2026-06-04T06:40:42.875+0000] {dag.py:3820} INFO - Setting next_dagrun for example_xcom to 2021-01-01T00:00:00+00:00, run_after=2021-01-01T00:00:00+00:00
[2026-06-04T06:40:42.885+0000] {processor.py:183} INFO - Processing /home/airflow/.local/lib/python3.8/site-packages/airflow/example_dags/example_xcom.py took 0.036 seconds
[2026-06-04T06:41:13.626+0000] {processor.py:161} INFO - Started process (PID=589) to work on /home/airflow/.local/lib/python3.8/site-packages/airflow/example_dags/example_xcom.py
[2026-06-04T06:41:13.626+0000] {processor.py:830} INFO - Processing file /home/airflow/.local/lib/python3.8/site-packages/airflow/example_dags/example_xcom.py for tasks to queue
[2026-06-04T06:41:13.630+0000] {logging_mixin.py:188} INFO - [2026-06-04T06:41:13.630+0000] {dagbag.py:538} INFO - Filling up the DagBag from /home/airflow/.local/lib/python3.8/site-packages/airflow/example_dags/example_xcom.py
[2026-06-04T06:41:13.634+0000] {processor.py:840} INFO - DAG(s) 'example_xcom' retrieved from /home/airflow/.local/lib/python3.8/site-packages/airflow/example_dags/example_xcom.py
[2026-06-04T06:41:13.644+0000] {logging_mixin.py:188} INFO - [2026-06-04T06:41:13.644+0000] {dag.py:3033} INFO - Sync 1 DAGs
[2026-06-04T06:41:13.656+0000] {logging_mixin.py:188} INFO - [2026-06-04T06:41:13.656+0000] {dag.py:3820} INFO - Setting next_dagrun for example_xcom to 2021-01-01T00:00:00+00:00, run_after=2021-01-01T00:00:00+00:00
[2026-06-04T06:41:13.663+0000] {processor.py:183} INFO - Processing /home/airflow/.local/lib/python3.8/site-packages/airflow/example_dags/example_xcom.py took 0.038 seconds
[2026-06-04T06:41:44.459+0000] {processor.py:161} INFO - Started process (PID=645) to work on /home/airflow/.local/lib/python3.8/site-packages/airflow/example_dags/example_xcom.py
[2026-06-04T06:41:44.460+0000] {processor.py:830} INFO - Processing file /home/airflow/.local/lib/python3.8/site-packages/airflow/example_dags/example_xcom.py for tasks to queue
[2026-06-04T06:41:44.460+0000] {logging_mixin.py:188} INFO - [2026-06-04T06:41:44.460+0000] {dagbag.py:538} INFO - Filling up the DagBag from /home/airflow/.local/lib/python3.8/site-packages/airflow/example_dags/example_xcom.py
[2026-06-04T06:41:44.463+0000] {processor.py:840} INFO - DAG(s) 'example_xcom' retrieved from /home/airflow/.local/lib/python3.8/site-packages/airflow/example_dags/example_xcom.py
[2026-06-04T06:41:44.474+0000] {logging_mixin.py:188} INFO - [2026-06-04T06:41:44.473+0000] {dag.py:3033} INFO - Sync 1 DAGs
[2026-06-04T06:41:44.485+0000] {logging_mixin.py:188} INFO - [2026-06-04T06:41:44.485+0000] {dag.py:3820} INFO - Setting next_dagrun for example_xcom to 2021-01-01T00:00:00+00:00, run_after=2021-01-01T00:00:00+00:00
[2026-06-04T06:41:44.495+0000] {processor.py:183} INFO - Processing /home/airflow/.local/lib/python3.8/site-packages/airflow/example_dags/example_xcom.py took 0.037 seconds
[2026-06-04T06:42:15.589+0000] {processor.py:161} INFO - Started process (PID=701) to work on /home/airflow/.local/lib/python3.8/site-packages/airflow/example_dags/example_xcom.py
[2026-06-04T06:42:15.590+0000] {processor.py:830} INFO - Processing file /home/airflow/.local/lib/python3.8/site-packages/airflow/example_dags/example_xcom.py for tasks to queue
[2026-06-04T06:42:15.591+0000] {logging_mixin.py:188} INFO - [2026-06-04T06:42:15.591+0000] {dagbag.py:538} INFO - Filling up the DagBag from /home/airflow/.local/lib/python3.8/site-packages/airflow/example_dags/example_xcom.py
[2026-06-04T06:42:15.594+0000] {processor.py:840} INFO - DAG(s) 'example_xcom' retrieved from /home/airflow/.local/lib/python3.8/site-packages/airflow/example_dags/example_xcom.py
[2026-06-04T06:42:15.603+0000] {logging_mixin.py:188} INFO - [2026-06-04T06:42:15.602+0000] {dag.py:3033} INFO - Sync 1 DAGs
[2026-06-04T06:42:15.611+0000] {logging_mixin.py:188} INFO - [2026-06-04T06:42:15.610+0000] {dag.py:3820} INFO - Setting next_dagrun for example_xcom to 2021-01-01T00:00:00+00:00, run_after=2021-01-01T00:00:00+00:00
[2026-06-04T06:42:15.618+0000] {processor.py:183} INFO - Processing /home/airflow/.local/lib/python3.8/site-packages/airflow/example_dags/example_xcom.py took 0.030 seconds
[2026-06-04T06:42:45.914+0000] {processor.py:161} INFO - Started process (PID=757) to work on /home/airflow/.local/lib/python3.8/site-packages/airflow/example_dags/example_xcom.py
[2026-06-04T06:42:45.915+0000] {processor.py:830} INFO - Processing file /home/airflow/.local/lib/python3.8/site-packages/airflow/example_dags/example_xcom.py for tasks to queue
[2026-06-04T06:42:45.916+0000] {logging_mixin.py:188} INFO - [2026-06-04T06:42:45.916+0000] {dagbag.py:538} INFO - Filling up the DagBag from /home/airflow/.local/lib/python3.8/site-packages/airflow/example_dags/example_xcom.py
[2026-06-04T06:42:45.920+0000] {processor.py:840} INFO - DAG(s) 'example_xcom' retrieved from /home/airflow/.local/lib/python3.8/site-packages/airflow/example_dags/example_xcom.py
[2026-06-04T06:42:45.932+0000] {logging_mixin.py:188} INFO - [2026-06-04T06:42:45.932+0000] {dag.py:3033} INFO - Sync 1 DAGs
[2026-06-04T06:42:45.944+0000] {logging_mixin.py:188} INFO - [2026-06-04T06:42:45.943+0000] {dag.py:3820} INFO - Setting next_dagrun for example_xcom to 2021-01-01T00:00:00+00:00, run_after=2021-01-01T00:00:00+00:00
[2026-06-04T06:42:45.949+0000] {processor.py:183} INFO - Processing /home/airflow/.local/lib/python3.8/site-packages/airflow/example_dags/example_xcom.py took 0.037 seconds
[2026-06-04T06:43:16.119+0000] {processor.py:161} INFO - Started process (PID=813) to work on /home/airflow/.local/lib/python3.8/site-packages/airflow/example_dags/example_xcom.py
[2026-06-04T06:43:16.119+0000] {processor.py:830} INFO - Processing file /home/airflow/.local/lib/python3.8/site-packages/airflow/example_dags/example_xcom.py for tasks to queue
[2026-06-04T06:43:16.120+0000] {logging_mixin.py:188} INFO - [2026-06-04T06:43:16.120+0000] {dagbag.py:538} INFO - Filling up the DagBag from /home/airflow/.local/lib/python3.8/site-packages/airflow/example_dags/example_xcom.py
[2026-06-04T06:43:16.123+0000] {processor.py:840} INFO - DAG(s) 'example_xcom' retrieved from /home/airflow/.local/lib/python3.8/site-packages/airflow/example_dags/example_xcom.py
[2026-06-04T06:43:16.132+0000] {logging_mixin.py:188} INFO - [2026-06-04T06:43:16.132+0000] {dag.py:3033} INFO - Sync 1 DAGs
[2026-06-04T06:43:16.140+0000] {logging_mixin.py:188} INFO - [2026-06-04T06:43:16.140+0000] {dag.py:3820} INFO - Setting next_dagrun for example_xcom to 2021-01-01T00:00:00+00:00, run_after=2021-01-01T00:00:00+00:00
[2026-06-04T06:43:16.146+0000] {processor.py:183} INFO - Processing /home/airflow/.local/lib/python3.8/site-packages/airflow/example_dags/example_xcom.py took 0.029 seconds
[2026-06-04T06:43:46.203+0000] {processor.py:161} INFO - Started process (PID=869) to work on /home/airflow/.local/lib/python3.8/site-packages/airflow/example_dags/example_xcom.py
[2026-06-04T06:43:46.204+0000] {processor.py:830} INFO - Processing file /home/airflow/.local/lib/python3.8/site-packages/airflow/example_dags/example_xcom.py for tasks to queue
[2026-06-04T06:43:46.206+0000] {logging_mixin.py:188} INFO - [2026-06-04T06:43:46.206+0000] {dagbag.py:538} INFO - Filling up the DagBag from /home/airflow/.local/lib/python3.8/site-packages/airflow/example_dags/example_xcom.py
[2026-06-04T06:43:46.209+0000] {processor.py:840} INFO - DAG(s) 'example_xcom' retrieved from /home/airflow/.local/lib/python3.8/site-packages/airflow/example_dags/example_xcom.py
[2026-06-04T06:43:46.219+0000] {logging_mixin.py:188} INFO - [2026-06-04T06:43:46.219+0000] {dag.py:3033} INFO - Sync 1 DAGs
[2026-06-04T06:43:46.228+0000] {logging_mixin.py:188} INFO - [2026-06-04T06:43:46.228+0000] {dag.py:3820} INFO - Setting next_dagrun for example_xcom to 2021-01-01T00:00:00+00:00, run_after=2021-01-01T00:00:00+00:00
[2026-06-04T06:43:46.237+0000] {processor.py:183} INFO - Processing /home/airflow/.local/lib/python3.8/site-packages/airflow/example_dags/example_xcom.py took 0.035 seconds
[2026-06-04T06:44:16.367+0000] {processor.py:161} INFO - Started process (PID=925) to work on /home/airflow/.local/lib/python3.8/site-packages/airflow/example_dags/example_xcom.py
[2026-06-04T06:44:16.369+0000] {processor.py:830} INFO - Processing file /home/airflow/.local/lib/python3.8/site-packages/airflow/example_dags/example_xcom.py for tasks to queue
[2026-06-04T06:44:16.370+0000] {logging_mixin.py:188} INFO - [2026-06-04T06:44:16.370+0000] {dagbag.py:538} INFO - Filling up the DagBag from /home/airflow/.local/lib/python3.8/site-packages/airflow/example_dags/example_xcom.py
[2026-06-04T06:44:16.373+0000] {processor.py:840} INFO - DAG(s) 'example_xcom' retrieved from /home/airflow/.local/lib/python3.8/site-packages/airflow/example_dags/example_xcom.py
[2026-06-04T06:44:16.382+0000] {logging_mixin.py:188} INFO - [2026-06-04T06:44:16.382+0000] {dag.py:3033} INFO - Sync 1 DAGs
[2026-06-04T06:44:16.392+0000] {logging_mixin.py:188} INFO - [2026-06-04T06:44:16.392+0000] {dag.py:3820} INFO - Setting next_dagrun for example_xcom to 2021-01-01T00:00:00+00:00, run_after=2021-01-01T00:00:00+00:00
[2026-06-04T06:44:16.405+0000] {processor.py:183} INFO - Processing /home/airflow/.local/lib/python3.8/site-packages/airflow/example_dags/example_xcom.py took 0.039 seconds
[2026-06-04T06:44:47.241+0000] {processor.py:161} INFO - Started process (PID=980) to work on /home/airflow/.local/lib/python3.8/site-packages/airflow/example_dags/example_xcom.py
[2026-06-04T06:44:47.242+0000] {processor.py:830} INFO - Processing file /home/airflow/.local/lib/python3.8/site-packages/airflow/example_dags/example_xcom.py for tasks to queue
[2026-06-04T06:44:47.243+0000] {logging_mixin.py:188} INFO - [2026-06-04T06:44:47.243+0000] {dagbag.py:538} INFO - Filling up the DagBag from /home/airflow/.local/lib/python3.8/site-packages/airflow/example_dags/example_xcom.py
[2026-06-04T06:44:47.247+0000] {processor.py:840} INFO - DAG(s) 'example_xcom' retrieved from /home/airflow/.local/lib/python3.8/site-packages/airflow/example_dags/example_xcom.py
[2026-06-04T06:44:47.258+0000] {logging_mixin.py:188} INFO - [2026-06-04T06:44:47.258+0000] {dag.py:3033} INFO - Sync 1 DAGs
[2026-06-04T06:44:47.272+0000] {logging_mixin.py:188} INFO - [2026-06-04T06:44:47.271+0000] {dag.py:3820} INFO - Setting next_dagrun for example_xcom to 2021-01-01T00:00:00+00:00, run_after=2021-01-01T00:00:00+00:00
[2026-06-04T06:44:47.281+0000] {processor.py:183} INFO - Processing /home/airflow/.local/lib/python3.8/site-packages/airflow/example_dags/example_xcom.py took 0.041 seconds
[2026-06-04T06:45:17.314+0000] {processor.py:161} INFO - Started process (PID=1035) to work on /home/airflow/.local/lib/python3.8/site-packages/airflow/example_dags/example_xcom.py
[2026-06-04T06:45:17.315+0000] {processor.py:830} INFO - Processing file /home/airflow/.local/lib/python3.8/site-packages/airflow/example_dags/example_xcom.py for tasks to queue
[2026-06-04T06:45:17.316+0000] {logging_mixin.py:188} INFO - [2026-06-04T06:45:17.316+0000] {dagbag.py:538} INFO - Filling up the DagBag from /home/airflow/.local/lib/python3.8/site-packages/airflow/example_dags/example_xcom.py
[2026-06-04T06:45:17.319+0000] {processor.py:840} INFO - DAG(s) 'example_xcom' retrieved from /home/airflow/.local/lib/python3.8/site-packages/airflow/example_dags/example_xcom.py
[2026-06-04T06:45:17.327+0000] {logging_mixin.py:188} INFO - [2026-06-04T06:45:17.327+0000] {dag.py:3033} INFO - Sync 1 DAGs
[2026-06-04T06:45:17.338+0000] {logging_mixin.py:188} INFO - [2026-06-04T06:45:17.338+0000] {dag.py:3820} INFO - Setting next_dagrun for example_xcom to 2021-01-01T00:00:00+00:00, run_after=2021-01-01T00:00:00+00:00
[2026-06-04T06:45:17.349+0000] {processor.py:183} INFO - Processing /home/airflow/.local/lib/python3.8/site-packages/airflow/example_dags/example_xcom.py took 0.036 seconds
[2026-06-04T06:45:47.547+0000] {processor.py:161} INFO - Started process (PID=1091) to work on /home/airflow/.local/lib/python3.8/site-packages/airflow/example_dags/example_xcom.py
[2026-06-04T06:45:47.547+0000] {processor.py:830} INFO - Processing file /home/airflow/.local/lib/python3.8/site-packages/airflow/example_dags/example_xcom.py for tasks to queue
[2026-06-04T06:45:47.548+0000] {logging_mixin.py:188} INFO - [2026-06-04T06:45:47.548+0000] {dagbag.py:538} INFO - Filling up the DagBag from /home/airflow/.local/lib/python3.8/site-packages/airflow/example_dags/example_xcom.py
[2026-06-04T06:45:47.551+0000] {processor.py:840} INFO - DAG(s) 'example_xcom' retrieved from /home/airflow/.local/lib/python3.8/site-packages/airflow/example_dags/example_xcom.py
[2026-06-04T06:45:47.563+0000] {logging_mixin.py:188} INFO - [2026-06-04T06:45:47.563+0000] {dag.py:3033} INFO - Sync 1 DAGs
[2026-06-04T06:45:47.576+0000] {logging_mixin.py:188} INFO - [2026-06-04T06:45:47.576+0000] {dag.py:3820} INFO - Setting next_dagrun for example_xcom to 2021-01-01T00:00:00+00:00, run_after=2021-01-01T00:00:00+00:00
[2026-06-04T06:45:47.588+0000] {processor.py:183} INFO - Processing /home/airflow/.local/lib/python3.8/site-packages/airflow/example_dags/example_xcom.py took 0.042 seconds
[2026-06-04T06:46:18.453+0000] {processor.py:161} INFO - Started process (PID=1147) to work on /home/airflow/.local/lib/python3.8/site-packages/airflow/example_dags/example_xcom.py
[2026-06-04T06:46:18.454+0000] {processor.py:830} INFO - Processing file /home/airflow/.local/lib/python3.8/site-packages/airflow/example_dags/example_xcom.py for tasks to queue
[2026-06-04T06:46:18.454+0000] {logging_mixin.py:188} INFO - [2026-06-04T06:46:18.454+0000] {dagbag.py:538} INFO - Filling up the DagBag from /home/airflow/.local/lib/python3.8/site-packages/airflow/example_dags/example_xcom.py
[2026-06-04T06:46:18.457+0000] {processor.py:840} INFO - DAG(s) 'example_xcom' retrieved from /home/airflow/.local/lib/python3.8/site-packages/airflow/example_dags/example_xcom.py
[2026-06-04T06:46:18.465+0000] {logging_mixin.py:188} INFO - [2026-06-04T06:46:18.465+0000] {dag.py:3033} INFO - Sync 1 DAGs
[2026-06-04T06:46:18.472+0000] {logging_mixin.py:188} INFO - [2026-06-04T06:46:18.472+0000] {dag.py:3820} INFO - Setting next_dagrun for example_xcom to 2021-01-01T00:00:00+00:00, run_after=2021-01-01T00:00:00+00:00
[2026-06-04T06:46:18.478+0000] {processor.py:183} INFO - Processing /home/airflow/.local/lib/python3.8/site-packages/airflow/example_dags/example_xcom.py took 0.025 seconds
[2026-06-04T06:46:48.658+0000] {processor.py:161} INFO - Started process (PID=1203) to work on /home/airflow/.local/lib/python3.8/site-packages/airflow/example_dags/example_xcom.py
[2026-06-04T06:46:48.659+0000] {processor.py:830} INFO - Processing file /home/airflow/.local/lib/python3.8/site-packages/airflow/example_dags/example_xcom.py for tasks to queue
[2026-06-04T06:46:48.660+0000] {logging_mixin.py:188} INFO - [2026-06-04T06:46:48.660+0000] {dagbag.py:538} INFO - Filling up the DagBag from /home/airflow/.local/lib/python3.8/site-packages/airflow/example_dags/example_xcom.py
[2026-06-04T06:46:48.663+0000] {processor.py:840} INFO - DAG(s) 'example_xcom' retrieved from /home/airflow/.local/lib/python3.8/site-packages/airflow/example_dags/example_xcom.py
[2026-06-04T06:46:48.673+0000] {logging_mixin.py:188} INFO - [2026-06-04T06:46:48.673+0000] {dag.py:3033} INFO - Sync 1 DAGs
[2026-06-04T06:46:48.685+0000] {logging_mixin.py:188} INFO - [2026-06-04T06:46:48.685+0000] {dag.py:3820} INFO - Setting next_dagrun for example_xcom to 2021-01-01T00:00:00+00:00, run_after=2021-01-01T00:00:00+00:00
[2026-06-04T06:46:48.702+0000] {processor.py:183} INFO - Processing /home/airflow/.local/lib/python3.8/site-packages/airflow/example_dags/example_xcom.py took 0.046 seconds
[2026-06-04T06:47:18.833+0000] {processor.py:161} INFO - Started process (PID=1259) to work on /home/airflow/.local/lib/python3.8/site-packages/airflow/example_dags/example_xcom.py
[2026-06-04T06:47:18.833+0000] {processor.py:830} INFO - Processing file /home/airflow/.local/lib/python3.8/site-packages/airflow/example_dags/example_xcom.py for tasks to queue
[2026-06-04T06:47:18.834+0000] {logging_mixin.py:188} INFO - [2026-06-04T06:47:18.834+0000] {dagbag.py:538} INFO - Filling up the DagBag from /home/airflow/.local/lib/python3.8/site-packages/airflow/example_dags/example_xcom.py
[2026-06-04T06:47:18.837+0000] {processor.py:840} INFO - DAG(s) 'example_xcom' retrieved from /home/airflow/.local/lib/python3.8/site-packages/airflow/example_dags/example_xcom.py
[2026-06-04T06:47:18.847+0000] {logging_mixin.py:188} INFO - [2026-06-04T06:47:18.847+0000] {dag.py:3033} INFO - Sync 1 DAGs
[2026-06-04T06:47:18.855+0000] {logging_mixin.py:188} INFO - [2026-06-04T06:47:18.855+0000] {dag.py:3820} INFO - Setting next_dagrun for example_xcom to 2021-01-01T00:00:00+00:00, run_after=2021-01-01T00:00:00+00:00
[2026-06-04T06:47:18.867+0000] {processor.py:183} INFO - Processing /home/airflow/.local/lib/python3.8/site-packages/airflow/example_dags/example_xcom.py took 0.036 seconds
[2026-06-04T06:47:49.716+0000] {processor.py:161} INFO - Started process (PID=1315) to work on /home/airflow/.local/lib/python3.8/site-packages/airflow/example_dags/example_xcom.py
[2026-06-04T06:47:49.716+0000] {processor.py:830} INFO - Processing file /home/airflow/.local/lib/python3.8/site-packages/airflow/example_dags/example_xcom.py for tasks to queue
[2026-06-04T06:47:49.717+0000] {logging_mixin.py:188} INFO - [2026-06-04T06:47:49.717+0000] {dagbag.py:538} INFO - Filling up the DagBag from /home/airflow/.local/lib/python3.8/site-packages/airflow/example_dags/example_xcom.py
[2026-06-04T06:47:49.721+0000] {processor.py:840} INFO - DAG(s) 'example_xcom' retrieved from /home/airflow/.local/lib/python3.8/site-packages/airflow/example_dags/example_xcom.py
[2026-06-04T06:47:49.735+0000] {logging_mixin.py:188} INFO - [2026-06-04T06:47:49.735+0000] {dag.py:3033} INFO - Sync 1 DAGs
[2026-06-04T06:47:49.743+0000] {logging_mixin.py:188} INFO - [2026-06-04T06:47:49.743+0000] {dag.py:3820} INFO - Setting next_dagrun for example_xcom to 2021-01-01T00:00:00+00:00, run_after=2021-01-01T00:00:00+00:00
[2026-06-04T06:47:49.749+0000] {processor.py:183} INFO - Processing /home/airflow/.local/lib/python3.8/site-packages/airflow/example_dags/example_xcom.py took 0.035 seconds
[2026-06-04T06:48:20.558+0000] {processor.py:161} INFO - Started process (PID=1371) to work on /home/airflow/.local/lib/python3.8/site-packages/airflow/example_dags/example_xcom.py
[2026-06-04T06:48:20.558+0000] {processor.py:830} INFO - Processing file /home/airflow/.local/lib/python3.8/site-packages/airflow/example_dags/example_xcom.py for tasks to queue
[2026-06-04T06:48:20.559+0000] {logging_mixin.py:188} INFO - [2026-06-04T06:48:20.559+0000] {dagbag.py:538} INFO - Filling up the DagBag from /home/airflow/.local/lib/python3.8/site-packages/airflow/example_dags/example_xcom.py
[2026-06-04T06:48:20.562+0000] {processor.py:840} INFO - DAG(s) 'example_xcom' retrieved from /home/airflow/.local/lib/python3.8/site-packages/airflow/example_dags/example_xcom.py
[2026-06-04T06:48:20.570+0000] {logging_mixin.py:188} INFO - [2026-06-04T06:48:20.570+0000] {dag.py:3033} INFO - Sync 1 DAGs
[2026-06-04T06:48:20.576+0000] {logging_mixin.py:188} INFO - [2026-06-04T06:48:20.576+0000] {dag.py:3820} INFO - Setting next_dagrun for example_xcom to 2021-01-01T00:00:00+00:00, run_after=2021-01-01T00:00:00+00:00
[2026-06-04T06:48:20.583+0000] {processor.py:183} INFO - Processing /home/airflow/.local/lib/python3.8/site-packages/airflow/example_dags/example_xcom.py took 0.026 seconds
[2026-06-04T06:48:51.613+0000] {processor.py:161} INFO - Started process (PID=1427) to work on /home/airflow/.local/lib/python3.8/site-packages/airflow/example_dags/example_xcom.py
[2026-06-04T06:48:51.613+0000] {processor.py:830} INFO - Processing file /home/airflow/.local/lib/python3.8/site-packages/airflow/example_dags/example_xcom.py for tasks to queue
[2026-06-04T06:48:51.614+0000] {logging_mixin.py:188} INFO - [2026-06-04T06:48:51.614+0000] {dagbag.py:538} INFO - Filling up the DagBag from /home/airflow/.local/lib/python3.8/site-packages/airflow/example_dags/example_xcom.py
[2026-06-04T06:48:51.617+0000] {processor.py:840} INFO - DAG(s) 'example_xcom' retrieved from /home/airflow/.local/lib/python3.8/site-packages/airflow/example_dags/example_xcom.py
[2026-06-04T06:48:51.631+0000] {logging_mixin.py:188} INFO - [2026-06-04T06:48:51.631+0000] {dag.py:3033} INFO - Sync 1 DAGs
[2026-06-04T06:48:51.642+0000] {logging_mixin.py:188} INFO - [2026-06-04T06:48:51.642+0000] {dag.py:3820} INFO - Setting next_dagrun for example_xcom to 2021-01-01T00:00:00+00:00, run_after=2021-01-01T00:00:00+00:00
[2026-06-04T06:48:51.652+0000] {processor.py:183} INFO - Processing /home/airflow/.local/lib/python3.8/site-packages/airflow/example_dags/example_xcom.py took 0.040 seconds
[2026-06-04T06:49:22.732+0000] {processor.py:161} INFO - Started process (PID=1483) to work on /home/airflow/.local/lib/python3.8/site-packages/airflow/example_dags/example_xcom.py
[2026-06-04T06:49:22.733+0000] {processor.py:830} INFO - Processing file /home/airflow/.local/lib/python3.8/site-packages/airflow/example_dags/example_xcom.py for tasks to queue
[2026-06-04T06:49:22.735+0000] {logging_mixin.py:188} INFO - [2026-06-04T06:49:22.735+0000] {dagbag.py:538} INFO - Filling up the DagBag from /home/airflow/.local/lib/python3.8/site-packages/airflow/example_dags/example_xcom.py
[2026-06-04T06:49:22.741+0000] {processor.py:840} INFO - DAG(s) 'example_xcom' retrieved from /home/airflow/.local/lib/python3.8/site-packages/airflow/example_dags/example_xcom.py
[2026-06-04T06:49:22.753+0000] {logging_mixin.py:188} INFO - [2026-06-04T06:49:22.753+0000] {dag.py:3033} INFO - Sync 1 DAGs
[2026-06-04T06:49:22.764+0000] {logging_mixin.py:188} INFO - [2026-06-04T06:49:22.764+0000] {dag.py:3820} INFO - Setting next_dagrun for example_xcom to 2021-01-01T00:00:00+00:00, run_after=2021-01-01T00:00:00+00:00
[2026-06-04T06:49:22.772+0000] {processor.py:183} INFO - Processing /home/airflow/.local/lib/python3.8/site-packages/airflow/example_dags/example_xcom.py took 0.041 seconds
[2026-06-04T06:49:52.931+0000] {processor.py:161} INFO - Started process (PID=1539) to work on /home/airflow/.local/lib/python3.8/site-packages/airflow/example_dags/example_xcom.py
[2026-06-04T06:49:52.932+0000] {processor.py:830} INFO - Processing file /home/airflow/.local/lib/python3.8/site-packages/airflow/example_dags/example_xcom.py for tasks to queue
[2026-06-04T06:49:52.934+0000] {logging_mixin.py:188} INFO - [2026-06-04T06:49:52.934+0000] {dagbag.py:538} INFO - Filling up the DagBag from /home/airflow/.local/lib/python3.8/site-packages/airflow/example_dags/example_xcom.py
[2026-06-04T06:49:52.937+0000] {processor.py:840} INFO - DAG(s) 'example_xcom' retrieved from /home/airflow/.local/lib/python3.8/site-packages/airflow/example_dags/example_xcom.py
[2026-06-04T06:49:52.948+0000] {logging_mixin.py:188} INFO - [2026-06-04T06:49:52.948+0000] {dag.py:3033} INFO - Sync 1 DAGs
[2026-06-04T06:49:52.957+0000] {logging_mixin.py:188} INFO - [2026-06-04T06:49:52.957+0000] {dag.py:3820} INFO - Setting next_dagrun for example_xcom to 2021-01-01T00:00:00+00:00, run_after=2021-01-01T00:00:00+00:00
[2026-06-04T06:49:52.968+0000] {processor.py:183} INFO - Processing /home/airflow/.local/lib/python3.8/site-packages/airflow/example_dags/example_xcom.py took 0.038 seconds
[2026-06-04T06:50:23.052+0000] {processor.py:161} INFO - Started process (PID=1595) to work on /home/airflow/.local/lib/python3.8/site-packages/airflow/example_dags/example_xcom.py
[2026-06-04T06:50:23.053+0000] {processor.py:830} INFO - Processing file /home/airflow/.local/lib/python3.8/site-packages/airflow/example_dags/example_xcom.py for tasks to queue
[2026-06-04T06:50:23.056+0000] {logging_mixin.py:188} INFO - [2026-06-04T06:50:23.056+0000] {dagbag.py:538} INFO - Filling up the DagBag from /home/airflow/.local/lib/python3.8/site-packages/airflow/example_dags/example_xcom.py
[2026-06-04T06:50:23.061+0000] {processor.py:840} INFO - DAG(s) 'example_xcom' retrieved from /home/airflow/.local/lib/python3.8/site-packages/airflow/example_dags/example_xcom.py
[2026-06-04T06:50:23.073+0000] {logging_mixin.py:188} INFO - [2026-06-04T06:50:23.073+0000] {dag.py:3033} INFO - Sync 1 DAGs
[2026-06-04T06:50:23.083+0000] {logging_mixin.py:188} INFO - [2026-06-04T06:50:23.083+0000] {dag.py:3820} INFO - Setting next_dagrun for example_xcom to 2021-01-01T00:00:00+00:00, run_after=2021-01-01T00:00:00+00:00
[2026-06-04T06:50:23.092+0000] {processor.py:183} INFO - Processing /home/airflow/.local/lib/python3.8/site-packages/airflow/example_dags/example_xcom.py took 0.042 seconds
[2026-06-04T06:50:54.206+0000] {processor.py:161} INFO - Started process (PID=1651) to work on /home/airflow/.local/lib/python3.8/site-packages/airflow/example_dags/example_xcom.py
[2026-06-04T06:50:54.206+0000] {processor.py:830} INFO - Processing file /home/airflow/.local/lib/python3.8/site-packages/airflow/example_dags/example_xcom.py for tasks to queue
[2026-06-04T06:50:54.207+0000] {logging_mixin.py:188} INFO - [2026-06-04T06:50:54.207+0000] {dagbag.py:538} INFO - Filling up the DagBag from /home/airflow/.local/lib/python3.8/site-packages/airflow/example_dags/example_xcom.py
[2026-06-04T06:50:54.210+0000] {processor.py:840} INFO - DAG(s) 'example_xcom' retrieved from /home/airflow/.local/lib/python3.8/site-packages/airflow/example_dags/example_xcom.py
[2026-06-04T06:50:54.226+0000] {logging_mixin.py:188} INFO - [2026-06-04T06:50:54.226+0000] {dag.py:3033} INFO - Sync 1 DAGs
[2026-06-04T06:50:54.235+0000] {logging_mixin.py:188} INFO - [2026-06-04T06:50:54.235+0000] {dag.py:3820} INFO - Setting next_dagrun for example_xcom to 2021-01-01T00:00:00+00:00, run_after=2021-01-01T00:00:00+00:00
[2026-06-04T06:50:54.339+0000] {processor.py:183} INFO - Processing /home/airflow/.local/lib/python3.8/site-packages/airflow/example_dags/example_xcom.py took 0.135 seconds
[2026-06-04T06:51:25.231+0000] {processor.py:161} INFO - Started process (PID=1708) to work on /home/airflow/.local/lib/python3.8/site-packages/airflow/example_dags/example_xcom.py
[2026-06-04T06:51:25.231+0000] {processor.py:830} INFO - Processing file /home/airflow/.local/lib/python3.8/site-packages/airflow/example_dags/example_xcom.py for tasks to queue
[2026-06-04T06:51:25.235+0000] {logging_mixin.py:188} INFO - [2026-06-04T06:51:25.235+0000] {dagbag.py:538} INFO - Filling up the DagBag from /home/airflow/.local/lib/python3.8/site-packages/airflow/example_dags/example_xcom.py
[2026-06-04T06:51:25.238+0000] {processor.py:840} INFO - DAG(s) 'example_xcom' retrieved from /home/airflow/.local/lib/python3.8/site-packages/airflow/example_dags/example_xcom.py
[2026-06-04T06:51:25.250+0000] {logging_mixin.py:188} INFO - [2026-06-04T06:51:25.250+0000] {dag.py:3033} INFO - Sync 1 DAGs
[2026-06-04T06:51:25.260+0000] {logging_mixin.py:188} INFO - [2026-06-04T06:51:25.260+0000] {dag.py:3820} INFO - Setting next_dagrun for example_xcom to 2021-01-01T00:00:00+00:00, run_after=2021-01-01T00:00:00+00:00
[2026-06-04T06:51:25.271+0000] {processor.py:183} INFO - Processing /home/airflow/.local/lib/python3.8/site-packages/airflow/example_dags/example_xcom.py took 0.041 seconds
[2026-06-04T06:51:55.970+0000] {processor.py:161} INFO - Started process (PID=1763) to work on /home/airflow/.local/lib/python3.8/site-packages/airflow/example_dags/example_xcom.py
[2026-06-04T06:51:55.971+0000] {processor.py:830} INFO - Processing file /home/airflow/.local/lib/python3.8/site-packages/airflow/example_dags/example_xcom.py for tasks to queue
[2026-06-04T06:51:55.972+0000] {logging_mixin.py:188} INFO - [2026-06-04T06:51:55.972+0000] {dagbag.py:538} INFO - Filling up the DagBag from /home/airflow/.local/lib/python3.8/site-packages/airflow/example_dags/example_xcom.py
[2026-06-04T06:51:55.975+0000] {processor.py:840} INFO - DAG(s) 'example_xcom' retrieved from /home/airflow/.local/lib/python3.8/site-packages/airflow/example_dags/example_xcom.py
[2026-06-04T06:51:55.986+0000] {logging_mixin.py:188} INFO - [2026-06-04T06:51:55.986+0000] {dag.py:3033} INFO - Sync 1 DAGs
[2026-06-04T06:51:55.997+0000] {logging_mixin.py:188} INFO - [2026-06-04T06:51:55.997+0000] {dag.py:3820} INFO - Setting next_dagrun for example_xcom to 2021-01-01T00:00:00+00:00, run_after=2021-01-01T00:00:00+00:00
[2026-06-04T06:51:56.007+0000] {processor.py:183} INFO - Processing /home/airflow/.local/lib/python3.8/site-packages/airflow/example_dags/example_xcom.py took 0.039 seconds
[2026-06-04T06:52:26.296+0000] {processor.py:161} INFO - Started process (PID=1819) to work on /home/airflow/.local/lib/python3.8/site-packages/airflow/example_dags/example_xcom.py
[2026-06-04T06:52:26.297+0000] {processor.py:830} INFO - Processing file /home/airflow/.local/lib/python3.8/site-packages/airflow/example_dags/example_xcom.py for tasks to queue
[2026-06-04T06:52:26.298+0000] {logging_mixin.py:188} INFO - [2026-06-04T06:52:26.298+0000] {dagbag.py:538} INFO - Filling up the DagBag from /home/airflow/.local/lib/python3.8/site-packages/airflow/example_dags/example_xcom.py
[2026-06-04T06:52:26.302+0000] {processor.py:840} INFO - DAG(s) 'example_xcom' retrieved from /home/airflow/.local/lib/python3.8/site-packages/airflow/example_dags/example_xcom.py
[2026-06-04T06:52:26.312+0000] {logging_mixin.py:188} INFO - [2026-06-04T06:52:26.312+0000] {dag.py:3033} INFO - Sync 1 DAGs
[2026-06-04T06:52:26.321+0000] {logging_mixin.py:188} INFO - [2026-06-04T06:52:26.321+0000] {dag.py:3820} INFO - Setting next_dagrun for example_xcom to 2021-01-01T00:00:00+00:00, run_after=2021-01-01T00:00:00+00:00
[2026-06-04T06:52:26.335+0000] {processor.py:183} INFO - Processing /home/airflow/.local/lib/python3.8/site-packages/airflow/example_dags/example_xcom.py took 0.041 seconds
[2026-06-04T06:52:56.839+0000] {processor.py:161} INFO - Started process (PID=1875) to work on /home/airflow/.local/lib/python3.8/site-packages/airflow/example_dags/example_xcom.py
[2026-06-04T06:52:56.839+0000] {processor.py:830} INFO - Processing file /home/airflow/.local/lib/python3.8/site-packages/airflow/example_dags/example_xcom.py for tasks to queue
[2026-06-04T06:52:56.840+0000] {logging_mixin.py:188} INFO - [2026-06-04T06:52:56.840+0000] {dagbag.py:538} INFO - Filling up the DagBag from /home/airflow/.local/lib/python3.8/site-packages/airflow/example_dags/example_xcom.py
[2026-06-04T06:52:56.843+0000] {processor.py:840} INFO - DAG(s) 'example_xcom' retrieved from /home/airflow/.local/lib/python3.8/site-packages/airflow/example_dags/example_xcom.py
[2026-06-04T06:52:56.859+0000] {logging_mixin.py:188} INFO - [2026-06-04T06:52:56.858+0000] {dag.py:3033} INFO - Sync 1 DAGs
[2026-06-04T06:52:56.869+0000] {logging_mixin.py:188} INFO - [2026-06-04T06:52:56.869+0000] {dag.py:3820} INFO - Setting next_dagrun for example_xcom to 2021-01-01T00:00:00+00:00, run_after=2021-01-01T00:00:00+00:00
[2026-06-04T06:52:56.879+0000] {processor.py:183} INFO - Processing /home/airflow/.local/lib/python3.8/site-packages/airflow/example_dags/example_xcom.py took 0.042 seconds
[2026-06-04T06:53:28.358+0000] {processor.py:161} INFO - Started process (PID=1931) to work on /home/airflow/.local/lib/python3.8/site-packages/airflow/example_dags/example_xcom.py
[2026-06-04T06:53:28.360+0000] {processor.py:830} INFO - Processing file /home/airflow/.local/lib/python3.8/site-packages/airflow/example_dags/example_xcom.py for tasks to queue
[2026-06-04T06:53:28.361+0000] {logging_mixin.py:188} INFO - [2026-06-04T06:53:28.361+0000] {dagbag.py:538} INFO - Filling up the DagBag from /home/airflow/.local/lib/python3.8/site-packages/airflow/example_dags/example_xcom.py
[2026-06-04T06:53:28.365+0000] {processor.py:840} INFO - DAG(s) 'example_xcom' retrieved from /home/airflow/.local/lib/python3.8/site-packages/airflow/example_dags/example_xcom.py
[2026-06-04T06:53:28.377+0000] {logging_mixin.py:188} INFO - [2026-06-04T06:53:28.377+0000] {dag.py:3033} INFO - Sync 1 DAGs
[2026-06-04T06:53:28.388+0000] {logging_mixin.py:188} INFO - [2026-06-04T06:53:28.388+0000] {dag.py:3820} INFO - Setting next_dagrun for example_xcom to 2021-01-01T00:00:00+00:00, run_after=2021-01-01T00:00:00+00:00
[2026-06-04T06:53:28.558+0000] {processor.py:183} INFO - Processing /home/airflow/.local/lib/python3.8/site-packages/airflow/example_dags/example_xcom.py took 0.201 seconds
[2026-06-04T06:53:59.072+0000] {processor.py:161} INFO - Started process (PID=1987) to work on /home/airflow/.local/lib/python3.8/site-packages/airflow/example_dags/example_xcom.py
[2026-06-04T06:53:59.073+0000] {processor.py:830} INFO - Processing file /home/airflow/.local/lib/python3.8/site-packages/airflow/example_dags/example_xcom.py for tasks to queue
[2026-06-04T06:53:59.074+0000] {logging_mixin.py:188} INFO - [2026-06-04T06:53:59.074+0000] {dagbag.py:538} INFO - Filling up the DagBag from /home/airflow/.local/lib/python3.8/site-packages/airflow/example_dags/example_xcom.py
[2026-06-04T06:53:59.079+0000] {processor.py:840} INFO - DAG(s) 'example_xcom' retrieved from /home/airflow/.local/lib/python3.8/site-packages/airflow/example_dags/example_xcom.py
[2026-06-04T06:53:59.088+0000] {logging_mixin.py:188} INFO - [2026-06-04T06:53:59.088+0000] {dag.py:3033} INFO - Sync 1 DAGs
[2026-06-04T06:53:59.098+0000] {logging_mixin.py:188} INFO - [2026-06-04T06:53:59.098+0000] {dag.py:3820} INFO - Setting next_dagrun for example_xcom to 2021-01-01T00:00:00+00:00, run_after=2021-01-01T00:00:00+00:00
[2026-06-04T06:53:59.191+0000] {processor.py:183} INFO - Processing /home/airflow/.local/lib/python3.8/site-packages/airflow/example_dags/example_xcom.py took 0.120 seconds
[2026-06-04T06:54:29.210+0000] {processor.py:161} INFO - Started process (PID=2044) to work on /home/airflow/.local/lib/python3.8/site-packages/airflow/example_dags/example_xcom.py
[2026-06-04T06:54:29.212+0000] {processor.py:830} INFO - Processing file /home/airflow/.local/lib/python3.8/site-packages/airflow/example_dags/example_xcom.py for tasks to queue
[2026-06-04T06:54:29.215+0000] {logging_mixin.py:188} INFO - [2026-06-04T06:54:29.214+0000] {dagbag.py:538} INFO - Filling up the DagBag from /home/airflow/.local/lib/python3.8/site-packages/airflow/example_dags/example_xcom.py
[2026-06-04T06:54:29.219+0000] {processor.py:840} INFO - DAG(s) 'example_xcom' retrieved from /home/airflow/.local/lib/python3.8/site-packages/airflow/example_dags/example_xcom.py
[2026-06-04T06:54:29.230+0000] {logging_mixin.py:188} INFO - [2026-06-04T06:54:29.230+0000] {dag.py:3033} INFO - Sync 1 DAGs
[2026-06-04T06:54:29.238+0000] {logging_mixin.py:188} INFO - [2026-06-04T06:54:29.238+0000] {dag.py:3820} INFO - Setting next_dagrun for example_xcom to 2021-01-01T00:00:00+00:00, run_after=2021-01-01T00:00:00+00:00
[2026-06-04T06:54:29.244+0000] {processor.py:183} INFO - Processing /home/airflow/.local/lib/python3.8/site-packages/airflow/example_dags/example_xcom.py took 0.035 seconds
[2026-06-04T06:55:00.851+0000] {processor.py:161} INFO - Started process (PID=2099) to work on /home/airflow/.local/lib/python3.8/site-packages/airflow/example_dags/example_xcom.py
[2026-06-04T06:55:00.851+0000] {processor.py:830} INFO - Processing file /home/airflow/.local/lib/python3.8/site-packages/airflow/example_dags/example_xcom.py for tasks to queue
[2026-06-04T06:55:00.852+0000] {logging_mixin.py:188} INFO - [2026-06-04T06:55:00.852+0000] {dagbag.py:538} INFO - Filling up the DagBag from /home/airflow/.local/lib/python3.8/site-packages/airflow/example_dags/example_xcom.py
[2026-06-04T06:55:00.856+0000] {processor.py:840} INFO - DAG(s) 'example_xcom' retrieved from /home/airflow/.local/lib/python3.8/site-packages/airflow/example_dags/example_xcom.py
[2026-06-04T06:55:00.867+0000] {logging_mixin.py:188} INFO - [2026-06-04T06:55:00.867+0000] {dag.py:3033} INFO - Sync 1 DAGs
[2026-06-04T06:55:00.879+0000] {logging_mixin.py:188} INFO - [2026-06-04T06:55:00.879+0000] {dag.py:3820} INFO - Setting next_dagrun for example_xcom to 2021-01-01T00:00:00+00:00, run_after=2021-01-01T00:00:00+00:00
[2026-06-04T06:55:00.890+0000] {processor.py:183} INFO - Processing /home/airflow/.local/lib/python3.8/site-packages/airflow/example_dags/example_xcom.py took 0.040 seconds
[2026-06-04T06:55:31.430+0000] {processor.py:161} INFO - Started process (PID=2155) to work on /home/airflow/.local/lib/python3.8/site-packages/airflow/example_dags/example_xcom.py
[2026-06-04T06:55:31.430+0000] {processor.py:830} INFO - Processing file /home/airflow/.local/lib/python3.8/site-packages/airflow/example_dags/example_xcom.py for tasks to queue
[2026-06-04T06:55:31.431+0000] {logging_mixin.py:188} INFO - [2026-06-04T06:55:31.431+0000] {dagbag.py:538} INFO - Filling up the DagBag from /home/airflow/.local/lib/python3.8/site-packages/airflow/example_dags/example_xcom.py
[2026-06-04T06:55:31.435+0000] {processor.py:840} INFO - DAG(s) 'example_xcom' retrieved from /home/airflow/.local/lib/python3.8/site-packages/airflow/example_dags/example_xcom.py
[2026-06-04T06:55:31.444+0000] {logging_mixin.py:188} INFO - [2026-06-04T06:55:31.444+0000] {dag.py:3033} INFO - Sync 1 DAGs
[2026-06-04T06:55:31.558+0000] {logging_mixin.py:188} INFO - [2026-06-04T06:55:31.558+0000] {dag.py:3820} INFO - Setting next_dagrun for example_xcom to 2021-01-01T00:00:00+00:00, run_after=2021-01-01T00:00:00+00:00
[2026-06-04T06:55:31.566+0000] {processor.py:183} INFO - Processing /home/airflow/.local/lib/python3.8/site-packages/airflow/example_dags/example_xcom.py took 0.138 seconds
[2026-06-04T06:56:02.488+0000] {processor.py:161} INFO - Started process (PID=2211) to work on /home/airflow/.local/lib/python3.8/site-packages/airflow/example_dags/example_xcom.py
[2026-06-04T06:56:02.489+0000] {processor.py:830} INFO - Processing file /home/airflow/.local/lib/python3.8/site-packages/airflow/example_dags/example_xcom.py for tasks to queue
[2026-06-04T06:56:02.491+0000] {logging_mixin.py:188} INFO - [2026-06-04T06:56:02.491+0000] {dagbag.py:538} INFO - Filling up the DagBag from /home/airflow/.local/lib/python3.8/site-packages/airflow/example_dags/example_xcom.py
[2026-06-04T06:56:02.496+0000] {processor.py:840} INFO - DAG(s) 'example_xcom' retrieved from /home/airflow/.local/lib/python3.8/site-packages/airflow/example_dags/example_xcom.py
[2026-06-04T06:56:02.512+0000] {logging_mixin.py:188} INFO - [2026-06-04T06:56:02.511+0000] {dag.py:3033} INFO - Sync 1 DAGs
[2026-06-04T06:56:02.622+0000] {logging_mixin.py:188} INFO - [2026-06-04T06:56:02.622+0000] {dag.py:3820} INFO - Setting next_dagrun for example_xcom to 2021-01-01T00:00:00+00:00, run_after=2021-01-01T00:00:00+00:00
[2026-06-04T06:56:02.642+0000] {processor.py:183} INFO - Processing /home/airflow/.local/lib/python3.8/site-packages/airflow/example_dags/example_xcom.py took 0.156 seconds
[2026-06-04T06:56:33.366+0000] {processor.py:161} INFO - Started process (PID=2268) to work on /home/airflow/.local/lib/python3.8/site-packages/airflow/example_dags/example_xcom.py
[2026-06-04T06:56:33.367+0000] {processor.py:830} INFO - Processing file /home/airflow/.local/lib/python3.8/site-packages/airflow/example_dags/example_xcom.py for tasks to queue
[2026-06-04T06:56:33.369+0000] {logging_mixin.py:188} INFO - [2026-06-04T06:56:33.368+0000] {dagbag.py:538} INFO - Filling up the DagBag from /home/airflow/.local/lib/python3.8/site-packages/airflow/example_dags/example_xcom.py
[2026-06-04T06:56:33.384+0000] {processor.py:840} INFO - DAG(s) 'example_xcom' retrieved from /home/airflow/.local/lib/python3.8/site-packages/airflow/example_dags/example_xcom.py
[2026-06-04T06:56:33.419+0000] {logging_mixin.py:188} INFO - [2026-06-04T06:56:33.419+0000] {dag.py:3033} INFO - Sync 1 DAGs
[2026-06-04T06:56:33.453+0000] {logging_mixin.py:188} INFO - [2026-06-04T06:56:33.452+0000] {dag.py:3820} INFO - Setting next_dagrun for example_xcom to 2021-01-01T00:00:00+00:00, run_after=2021-01-01T00:00:00+00:00
[2026-06-04T06:56:33.478+0000] {processor.py:183} INFO - Processing /home/airflow/.local/lib/python3.8/site-packages/airflow/example_dags/example_xcom.py took 0.113 seconds
[2026-06-04T06:57:03.555+0000] {processor.py:161} INFO - Started process (PID=2324) to work on /home/airflow/.local/lib/python3.8/site-packages/airflow/example_dags/example_xcom.py
[2026-06-04T06:57:03.556+0000] {processor.py:830} INFO - Processing file /home/airflow/.local/lib/python3.8/site-packages/airflow/example_dags/example_xcom.py for tasks to queue
[2026-06-04T06:57:03.557+0000] {logging_mixin.py:188} INFO - [2026-06-04T06:57:03.557+0000] {dagbag.py:538} INFO - Filling up the DagBag from /home/airflow/.local/lib/python3.8/site-packages/airflow/example_dags/example_xcom.py
[2026-06-04T06:57:03.561+0000] {processor.py:840} INFO - DAG(s) 'example_xcom' retrieved from /home/airflow/.local/lib/python3.8/site-packages/airflow/example_dags/example_xcom.py
[2026-06-04T06:57:03.576+0000] {logging_mixin.py:188} INFO - [2026-06-04T06:57:03.575+0000] {dag.py:3033} INFO - Sync 1 DAGs
[2026-06-04T06:57:03.596+0000] {logging_mixin.py:188} INFO - [2026-06-04T06:57:03.594+0000] {dag.py:3820} INFO - Setting next_dagrun for example_xcom to 2021-01-01T00:00:00+00:00, run_after=2021-01-01T00:00:00+00:00
[2026-06-04T06:57:03.611+0000] {processor.py:183} INFO - Processing /home/airflow/.local/lib/python3.8/site-packages/airflow/example_dags/example_xcom.py took 0.058 seconds
[2026-06-04T06:57:34.008+0000] {processor.py:161} INFO - Started process (PID=2380) to work on /home/airflow/.local/lib/python3.8/site-packages/airflow/example_dags/example_xcom.py
[2026-06-04T06:57:34.009+0000] {processor.py:830} INFO - Processing file /home/airflow/.local/lib/python3.8/site-packages/airflow/example_dags/example_xcom.py for tasks to queue
[2026-06-04T06:57:34.010+0000] {logging_mixin.py:188} INFO - [2026-06-04T06:57:34.010+0000] {dagbag.py:538} INFO - Filling up the DagBag from /home/airflow/.local/lib/python3.8/site-packages/airflow/example_dags/example_xcom.py
[2026-06-04T06:57:34.017+0000] {processor.py:840} INFO - DAG(s) 'example_xcom' retrieved from /home/airflow/.local/lib/python3.8/site-packages/airflow/example_dags/example_xcom.py
[2026-06-04T06:57:34.033+0000] {logging_mixin.py:188} INFO - [2026-06-04T06:57:34.033+0000] {dag.py:3033} INFO - Sync 1 DAGs
[2026-06-04T06:57:34.044+0000] {logging_mixin.py:188} INFO - [2026-06-04T06:57:34.044+0000] {dag.py:3820} INFO - Setting next_dagrun for example_xcom to 2021-01-01T00:00:00+00:00, run_after=2021-01-01T00:00:00+00:00
[2026-06-04T06:57:34.054+0000] {processor.py:183} INFO - Processing /home/airflow/.local/lib/python3.8/site-packages/airflow/example_dags/example_xcom.py took 0.048 seconds
[2026-06-04T06:58:05.202+0000] {processor.py:161} INFO - Started process (PID=2436) to work on /home/airflow/.local/lib/python3.8/site-packages/airflow/example_dags/example_xcom.py
[2026-06-04T06:58:05.203+0000] {processor.py:830} INFO - Processing file /home/airflow/.local/lib/python3.8/site-packages/airflow/example_dags/example_xcom.py for tasks to queue
[2026-06-04T06:58:05.205+0000] {logging_mixin.py:188} INFO - [2026-06-04T06:58:05.205+0000] {dagbag.py:538} INFO - Filling up the DagBag from /home/airflow/.local/lib/python3.8/site-packages/airflow/example_dags/example_xcom.py
[2026-06-04T06:58:05.210+0000] {processor.py:840} INFO - DAG(s) 'example_xcom' retrieved from /home/airflow/.local/lib/python3.8/site-packages/airflow/example_dags/example_xcom.py
[2026-06-04T06:58:05.224+0000] {logging_mixin.py:188} INFO - [2026-06-04T06:58:05.224+0000] {dag.py:3033} INFO - Sync 1 DAGs
[2026-06-04T06:58:05.236+0000] {logging_mixin.py:188} INFO - [2026-06-04T06:58:05.236+0000] {dag.py:3820} INFO - Setting next_dagrun for example_xcom to 2021-01-01T00:00:00+00:00, run_after=2021-01-01T00:00:00+00:00
[2026-06-04T06:58:05.247+0000] {processor.py:183} INFO - Processing /home/airflow/.local/lib/python3.8/site-packages/airflow/example_dags/example_xcom.py took 0.047 seconds
[2026-06-04T06:58:35.863+0000] {processor.py:161} INFO - Started process (PID=2492) to work on /home/airflow/.local/lib/python3.8/site-packages/airflow/example_dags/example_xcom.py
[2026-06-04T06:58:35.863+0000] {processor.py:830} INFO - Processing file /home/airflow/.local/lib/python3.8/site-packages/airflow/example_dags/example_xcom.py for tasks to queue
[2026-06-04T06:58:35.865+0000] {logging_mixin.py:188} INFO - [2026-06-04T06:58:35.865+0000] {dagbag.py:538} INFO - Filling up the DagBag from /home/airflow/.local/lib/python3.8/site-packages/airflow/example_dags/example_xcom.py
[2026-06-04T06:58:35.869+0000] {processor.py:840} INFO - DAG(s) 'example_xcom' retrieved from /home/airflow/.local/lib/python3.8/site-packages/airflow/example_dags/example_xcom.py
[2026-06-04T06:58:35.884+0000] {logging_mixin.py:188} INFO - [2026-06-04T06:58:35.884+0000] {dag.py:3033} INFO - Sync 1 DAGs
[2026-06-04T06:58:35.899+0000] {logging_mixin.py:188} INFO - [2026-06-04T06:58:35.899+0000] {dag.py:3820} INFO - Setting next_dagrun for example_xcom to 2021-01-01T00:00:00+00:00, run_after=2021-01-01T00:00:00+00:00
[2026-06-04T06:58:35.906+0000] {processor.py:183} INFO - Processing /home/airflow/.local/lib/python3.8/site-packages/airflow/example_dags/example_xcom.py took 0.045 seconds
[2026-06-04T06:59:06.246+0000] {processor.py:161} INFO - Started process (PID=2548) to work on /home/airflow/.local/lib/python3.8/site-packages/airflow/example_dags/example_xcom.py
[2026-06-04T06:59:06.247+0000] {processor.py:830} INFO - Processing file /home/airflow/.local/lib/python3.8/site-packages/airflow/example_dags/example_xcom.py for tasks to queue
[2026-06-04T06:59:06.249+0000] {logging_mixin.py:188} INFO - [2026-06-04T06:59:06.248+0000] {dagbag.py:538} INFO - Filling up the DagBag from /home/airflow/.local/lib/python3.8/site-packages/airflow/example_dags/example_xcom.py
[2026-06-04T06:59:06.254+0000] {processor.py:840} INFO - DAG(s) 'example_xcom' retrieved from /home/airflow/.local/lib/python3.8/site-packages/airflow/example_dags/example_xcom.py
[2026-06-04T06:59:06.271+0000] {logging_mixin.py:188} INFO - [2026-06-04T06:59:06.271+0000] {dag.py:3033} INFO - Sync 1 DAGs
[2026-06-04T06:59:06.286+0000] {logging_mixin.py:188} INFO - [2026-06-04T06:59:06.285+0000] {dag.py:3820} INFO - Setting next_dagrun for example_xcom to 2021-01-01T00:00:00+00:00, run_after=2021-01-01T00:00:00+00:00
[2026-06-04T06:59:06.295+0000] {processor.py:183} INFO - Processing /home/airflow/.local/lib/python3.8/site-packages/airflow/example_dags/example_xcom.py took 0.051 seconds
[2026-06-04T06:59:37.805+0000] {processor.py:161} INFO - Started process (PID=2604) to work on /home/airflow/.local/lib/python3.8/site-packages/airflow/example_dags/example_xcom.py
[2026-06-04T06:59:37.806+0000] {processor.py:830} INFO - Processing file /home/airflow/.local/lib/python3.8/site-packages/airflow/example_dags/example_xcom.py for tasks to queue
[2026-06-04T06:59:37.807+0000] {logging_mixin.py:188} INFO - [2026-06-04T06:59:37.807+0000] {dagbag.py:538} INFO - Filling up the DagBag from /home/airflow/.local/lib/python3.8/site-packages/airflow/example_dags/example_xcom.py
[2026-06-04T06:59:37.814+0000] {processor.py:840} INFO - DAG(s) 'example_xcom' retrieved from /home/airflow/.local/lib/python3.8/site-packages/airflow/example_dags/example_xcom.py
[2026-06-04T06:59:37.827+0000] {logging_mixin.py:188} INFO - [2026-06-04T06:59:37.827+0000] {dag.py:3033} INFO - Sync 1 DAGs
[2026-06-04T06:59:37.837+0000] {logging_mixin.py:188} INFO - [2026-06-04T06:59:37.837+0000] {dag.py:3820} INFO - Setting next_dagrun for example_xcom to 2021-01-01T00:00:00+00:00, run_after=2021-01-01T00:00:00+00:00
[2026-06-04T06:59:37.851+0000] {processor.py:183} INFO - Processing /home/airflow/.local/lib/python3.8/site-packages/airflow/example_dags/example_xcom.py took 0.047 seconds
[2026-06-04T07:00:08.376+0000] {processor.py:161} INFO - Started process (PID=2660) to work on /home/airflow/.local/lib/python3.8/site-packages/airflow/example_dags/example_xcom.py
[2026-06-04T07:00:08.377+0000] {processor.py:830} INFO - Processing file /home/airflow/.local/lib/python3.8/site-packages/airflow/example_dags/example_xcom.py for tasks to queue
[2026-06-04T07:00:08.380+0000] {logging_mixin.py:188} INFO - [2026-06-04T07:00:08.380+0000] {dagbag.py:538} INFO - Filling up the DagBag from /home/airflow/.local/lib/python3.8/site-packages/airflow/example_dags/example_xcom.py
[2026-06-04T07:00:08.385+0000] {processor.py:840} INFO - DAG(s) 'example_xcom' retrieved from /home/airflow/.local/lib/python3.8/site-packages/airflow/example_dags/example_xcom.py
[2026-06-04T07:00:08.408+0000] {logging_mixin.py:188} INFO - [2026-06-04T07:00:08.408+0000] {dag.py:3033} INFO - Sync 1 DAGs
[2026-06-04T07:00:08.420+0000] {logging_mixin.py:188} INFO - [2026-06-04T07:00:08.420+0000] {dag.py:3820} INFO - Setting next_dagrun for example_xcom to 2021-01-01T00:00:00+00:00, run_after=2021-01-01T00:00:00+00:00
[2026-06-04T07:00:08.427+0000] {processor.py:183} INFO - Processing /home/airflow/.local/lib/python3.8/site-packages/airflow/example_dags/example_xcom.py took 0.054 seconds
[2026-06-04T07:00:39.100+0000] {processor.py:161} INFO - Started process (PID=2716) to work on /home/airflow/.local/lib/python3.8/site-packages/airflow/example_dags/example_xcom.py
[2026-06-04T07:00:39.100+0000] {processor.py:830} INFO - Processing file /home/airflow/.local/lib/python3.8/site-packages/airflow/example_dags/example_xcom.py for tasks to queue
[2026-06-04T07:00:39.101+0000] {logging_mixin.py:188} INFO - [2026-06-04T07:00:39.101+0000] {dagbag.py:538} INFO - Filling up the DagBag from /home/airflow/.local/lib/python3.8/site-packages/airflow/example_dags/example_xcom.py
[2026-06-04T07:00:39.105+0000] {processor.py:840} INFO - DAG(s) 'example_xcom' retrieved from /home/airflow/.local/lib/python3.8/site-packages/airflow/example_dags/example_xcom.py
[2026-06-04T07:00:39.115+0000] {logging_mixin.py:188} INFO - [2026-06-04T07:00:39.115+0000] {dag.py:3033} INFO - Sync 1 DAGs
[2026-06-04T07:00:39.129+0000] {logging_mixin.py:188} INFO - [2026-06-04T07:00:39.128+0000] {dag.py:3820} INFO - Setting next_dagrun for example_xcom to 2021-01-01T00:00:00+00:00, run_after=2021-01-01T00:00:00+00:00
[2026-06-04T07:00:39.137+0000] {processor.py:183} INFO - Processing /home/airflow/.local/lib/python3.8/site-packages/airflow/example_dags/example_xcom.py took 0.039 seconds
[2026-06-04T07:01:10.261+0000] {processor.py:161} INFO - Started process (PID=2772) to work on /home/airflow/.local/lib/python3.8/site-packages/airflow/example_dags/example_xcom.py
[2026-06-04T07:01:10.263+0000] {processor.py:830} INFO - Processing file /home/airflow/.local/lib/python3.8/site-packages/airflow/example_dags/example_xcom.py for tasks to queue
[2026-06-04T07:01:10.265+0000] {logging_mixin.py:188} INFO - [2026-06-04T07:01:10.265+0000] {dagbag.py:538} INFO - Filling up the DagBag from /home/airflow/.local/lib/python3.8/site-packages/airflow/example_dags/example_xcom.py
[2026-06-04T07:01:10.272+0000] {processor.py:840} INFO - DAG(s) 'example_xcom' retrieved from /home/airflow/.local/lib/python3.8/site-packages/airflow/example_dags/example_xcom.py
[2026-06-04T07:01:10.291+0000] {logging_mixin.py:188} INFO - [2026-06-04T07:01:10.291+0000] {dag.py:3033} INFO - Sync 1 DAGs
[2026-06-04T07:01:10.310+0000] {logging_mixin.py:188} INFO - [2026-06-04T07:01:10.310+0000] {dag.py:3820} INFO - Setting next_dagrun for example_xcom to 2021-01-01T00:00:00+00:00, run_after=2021-01-01T00:00:00+00:00
[2026-06-04T07:01:10.322+0000] {processor.py:183} INFO - Processing /home/airflow/.local/lib/python3.8/site-packages/airflow/example_dags/example_xcom.py took 0.063 seconds
[2026-06-04T07:01:40.474+0000] {processor.py:161} INFO - Started process (PID=2828) to work on /home/airflow/.local/lib/python3.8/site-packages/airflow/example_dags/example_xcom.py
[2026-06-04T07:01:40.476+0000] {processor.py:830} INFO - Processing file /home/airflow/.local/lib/python3.8/site-packages/airflow/example_dags/example_xcom.py for tasks to queue
[2026-06-04T07:01:40.477+0000] {logging_mixin.py:188} INFO - [2026-06-04T07:01:40.477+0000] {dagbag.py:538} INFO - Filling up the DagBag from /home/airflow/.local/lib/python3.8/site-packages/airflow/example_dags/example_xcom.py
[2026-06-04T07:01:40.481+0000] {processor.py:840} INFO - DAG(s) 'example_xcom' retrieved from /home/airflow/.local/lib/python3.8/site-packages/airflow/example_dags/example_xcom.py
[2026-06-04T07:01:40.495+0000] {logging_mixin.py:188} INFO - [2026-06-04T07:01:40.495+0000] {dag.py:3033} INFO - Sync 1 DAGs
[2026-06-04T07:01:40.512+0000] {logging_mixin.py:188} INFO - [2026-06-04T07:01:40.512+0000] {dag.py:3820} INFO - Setting next_dagrun for example_xcom to 2021-01-01T00:00:00+00:00, run_after=2021-01-01T00:00:00+00:00
[2026-06-04T07:01:40.523+0000] {processor.py:183} INFO - Processing /home/airflow/.local/lib/python3.8/site-packages/airflow/example_dags/example_xcom.py took 0.052 seconds
[2026-06-04T07:02:15.551+0000] {processor.py:161} INFO - Started process (PID=2891) to work on /home/airflow/.local/lib/python3.8/site-packages/airflow/example_dags/example_xcom.py
[2026-06-04T07:02:15.552+0000] {processor.py:830} INFO - Processing file /home/airflow/.local/lib/python3.8/site-packages/airflow/example_dags/example_xcom.py for tasks to queue
[2026-06-04T07:02:15.577+0000] {logging_mixin.py:188} INFO - [2026-06-04T07:02:15.576+0000] {dagbag.py:538} INFO - Filling up the DagBag from /home/airflow/.local/lib/python3.8/site-packages/airflow/example_dags/example_xcom.py
[2026-06-04T07:02:15.592+0000] {processor.py:840} INFO - DAG(s) 'example_xcom' retrieved from /home/airflow/.local/lib/python3.8/site-packages/airflow/example_dags/example_xcom.py
[2026-06-04T07:02:15.628+0000] {logging_mixin.py:188} INFO - [2026-06-04T07:02:15.628+0000] {dag.py:3033} INFO - Sync 1 DAGs
[2026-06-04T07:02:15.639+0000] {logging_mixin.py:188} INFO - [2026-06-04T07:02:15.639+0000] {dag.py:3820} INFO - Setting next_dagrun for example_xcom to 2021-01-01T00:00:00+00:00, run_after=2021-01-01T00:00:00+00:00
[2026-06-04T07:02:15.647+0000] {processor.py:183} INFO - Processing /home/airflow/.local/lib/python3.8/site-packages/airflow/example_dags/example_xcom.py took 0.100 seconds
[2026-06-04T07:02:46.454+0000] {processor.py:161} INFO - Started process (PID=2948) to work on /home/airflow/.local/lib/python3.8/site-packages/airflow/example_dags/example_xcom.py
[2026-06-04T07:02:46.454+0000] {processor.py:830} INFO - Processing file /home/airflow/.local/lib/python3.8/site-packages/airflow/example_dags/example_xcom.py for tasks to queue
[2026-06-04T07:02:46.456+0000] {logging_mixin.py:188} INFO - [2026-06-04T07:02:46.455+0000] {dagbag.py:538} INFO - Filling up the DagBag from /home/airflow/.local/lib/python3.8/site-packages/airflow/example_dags/example_xcom.py
[2026-06-04T07:02:46.460+0000] {processor.py:840} INFO - DAG(s) 'example_xcom' retrieved from /home/airflow/.local/lib/python3.8/site-packages/airflow/example_dags/example_xcom.py
[2026-06-04T07:02:46.480+0000] {logging_mixin.py:188} INFO - [2026-06-04T07:02:46.479+0000] {dag.py:3033} INFO - Sync 1 DAGs
[2026-06-04T07:02:46.493+0000] {logging_mixin.py:188} INFO - [2026-06-04T07:02:46.493+0000] {dag.py:3820} INFO - Setting next_dagrun for example_xcom to 2021-01-01T00:00:00+00:00, run_after=2021-01-01T00:00:00+00:00
[2026-06-04T07:02:46.506+0000] {processor.py:183} INFO - Processing /home/airflow/.local/lib/python3.8/site-packages/airflow/example_dags/example_xcom.py took 0.054 seconds
[2026-06-04T07:03:16.669+0000] {processor.py:161} INFO - Started process (PID=3004) to work on /home/airflow/.local/lib/python3.8/site-packages/airflow/example_dags/example_xcom.py
[2026-06-04T07:03:16.670+0000] {processor.py:830} INFO - Processing file /home/airflow/.local/lib/python3.8/site-packages/airflow/example_dags/example_xcom.py for tasks to queue
[2026-06-04T07:03:16.671+0000] {logging_mixin.py:188} INFO - [2026-06-04T07:03:16.671+0000] {dagbag.py:538} INFO - Filling up the DagBag from /home/airflow/.local/lib/python3.8/site-packages/airflow/example_dags/example_xcom.py
[2026-06-04T07:03:16.677+0000] {processor.py:840} INFO - DAG(s) 'example_xcom' retrieved from /home/airflow/.local/lib/python3.8/site-packages/airflow/example_dags/example_xcom.py
[2026-06-04T07:03:16.692+0000] {logging_mixin.py:188} INFO - [2026-06-04T07:03:16.692+0000] {dag.py:3033} INFO - Sync 1 DAGs
[2026-06-04T07:03:16.704+0000] {logging_mixin.py:188} INFO - [2026-06-04T07:03:16.704+0000] {dag.py:3820} INFO - Setting next_dagrun for example_xcom to 2021-01-01T00:00:00+00:00, run_after=2021-01-01T00:00:00+00:00
[2026-06-04T07:03:16.718+0000] {processor.py:183} INFO - Processing /home/airflow/.local/lib/python3.8/site-packages/airflow/example_dags/example_xcom.py took 0.051 seconds
[2026-06-04T07:03:46.914+0000] {processor.py:161} INFO - Started process (PID=3060) to work on /home/airflow/.local/lib/python3.8/site-packages/airflow/example_dags/example_xcom.py
[2026-06-04T07:03:46.914+0000] {processor.py:830} INFO - Processing file /home/airflow/.local/lib/python3.8/site-packages/airflow/example_dags/example_xcom.py for tasks to queue
[2026-06-04T07:03:46.915+0000] {logging_mixin.py:188} INFO - [2026-06-04T07:03:46.915+0000] {dagbag.py:538} INFO - Filling up the DagBag from /home/airflow/.local/lib/python3.8/site-packages/airflow/example_dags/example_xcom.py
[2026-06-04T07:03:46.918+0000] {processor.py:840} INFO - DAG(s) 'example_xcom' retrieved from /home/airflow/.local/lib/python3.8/site-packages/airflow/example_dags/example_xcom.py
[2026-06-04T07:03:46.926+0000] {logging_mixin.py:188} INFO - [2026-06-04T07:03:46.926+0000] {dag.py:3033} INFO - Sync 1 DAGs
[2026-06-04T07:03:46.934+0000] {logging_mixin.py:188} INFO - [2026-06-04T07:03:46.934+0000] {dag.py:3820} INFO - Setting next_dagrun for example_xcom to 2021-01-01T00:00:00+00:00, run_after=2021-01-01T00:00:00+00:00
[2026-06-04T07:03:46.940+0000] {processor.py:183} INFO - Processing /home/airflow/.local/lib/python3.8/site-packages/airflow/example_dags/example_xcom.py took 0.028 seconds
[2026-06-04T07:04:17.872+0000] {processor.py:161} INFO - Started process (PID=3116) to work on /home/airflow/.local/lib/python3.8/site-packages/airflow/example_dags/example_xcom.py
[2026-06-04T07:04:17.873+0000] {processor.py:830} INFO - Processing file /home/airflow/.local/lib/python3.8/site-packages/airflow/example_dags/example_xcom.py for tasks to queue
[2026-06-04T07:04:17.874+0000] {logging_mixin.py:188} INFO - [2026-06-04T07:04:17.874+0000] {dagbag.py:538} INFO - Filling up the DagBag from /home/airflow/.local/lib/python3.8/site-packages/airflow/example_dags/example_xcom.py
[2026-06-04T07:04:17.878+0000] {processor.py:840} INFO - DAG(s) 'example_xcom' retrieved from /home/airflow/.local/lib/python3.8/site-packages/airflow/example_dags/example_xcom.py
[2026-06-04T07:04:17.887+0000] {logging_mixin.py:188} INFO - [2026-06-04T07:04:17.887+0000] {dag.py:3033} INFO - Sync 1 DAGs
[2026-06-04T07:04:17.895+0000] {logging_mixin.py:188} INFO - [2026-06-04T07:04:17.895+0000] {dag.py:3820} INFO - Setting next_dagrun for example_xcom to 2021-01-01T00:00:00+00:00, run_after=2021-01-01T00:00:00+00:00
[2026-06-04T07:04:17.905+0000] {processor.py:183} INFO - Processing /home/airflow/.local/lib/python3.8/site-packages/airflow/example_dags/example_xcom.py took 0.035 seconds
[2026-06-04T07:04:48.379+0000] {processor.py:161} INFO - Started process (PID=3171) to work on /home/airflow/.local/lib/python3.8/site-packages/airflow/example_dags/example_xcom.py
[2026-06-04T07:04:48.380+0000] {processor.py:830} INFO - Processing file /home/airflow/.local/lib/python3.8/site-packages/airflow/example_dags/example_xcom.py for tasks to queue
[2026-06-04T07:04:48.381+0000] {logging_mixin.py:188} INFO - [2026-06-04T07:04:48.381+0000] {dagbag.py:538} INFO - Filling up the DagBag from /home/airflow/.local/lib/python3.8/site-packages/airflow/example_dags/example_xcom.py
[2026-06-04T07:04:48.385+0000] {processor.py:840} INFO - DAG(s) 'example_xcom' retrieved from /home/airflow/.local/lib/python3.8/site-packages/airflow/example_dags/example_xcom.py
[2026-06-04T07:04:48.399+0000] {logging_mixin.py:188} INFO - [2026-06-04T07:04:48.398+0000] {dag.py:3033} INFO - Sync 1 DAGs
[2026-06-04T07:04:48.410+0000] {logging_mixin.py:188} INFO - [2026-06-04T07:04:48.410+0000] {dag.py:3820} INFO - Setting next_dagrun for example_xcom to 2021-01-01T00:00:00+00:00, run_after=2021-01-01T00:00:00+00:00
[2026-06-04T07:04:48.423+0000] {processor.py:183} INFO - Processing /home/airflow/.local/lib/python3.8/site-packages/airflow/example_dags/example_xcom.py took 0.046 seconds
[2026-06-04T07:05:19.063+0000] {processor.py:161} INFO - Started process (PID=3227) to work on /home/airflow/.local/lib/python3.8/site-packages/airflow/example_dags/example_xcom.py
[2026-06-04T07:05:19.064+0000] {processor.py:830} INFO - Processing file /home/airflow/.local/lib/python3.8/site-packages/airflow/example_dags/example_xcom.py for tasks to queue
[2026-06-04T07:05:19.064+0000] {logging_mixin.py:188} INFO - [2026-06-04T07:05:19.064+0000] {dagbag.py:538} INFO - Filling up the DagBag from /home/airflow/.local/lib/python3.8/site-packages/airflow/example_dags/example_xcom.py
[2026-06-04T07:05:19.068+0000] {processor.py:840} INFO - DAG(s) 'example_xcom' retrieved from /home/airflow/.local/lib/python3.8/site-packages/airflow/example_dags/example_xcom.py
[2026-06-04T07:05:19.080+0000] {logging_mixin.py:188} INFO - [2026-06-04T07:05:19.079+0000] {dag.py:3033} INFO - Sync 1 DAGs
[2026-06-04T07:05:19.092+0000] {logging_mixin.py:188} INFO - [2026-06-04T07:05:19.092+0000] {dag.py:3820} INFO - Setting next_dagrun for example_xcom to 2021-01-01T00:00:00+00:00, run_after=2021-01-01T00:00:00+00:00
[2026-06-04T07:05:19.099+0000] {processor.py:183} INFO - Processing /home/airflow/.local/lib/python3.8/site-packages/airflow/example_dags/example_xcom.py took 0.038 seconds
[2026-06-04T07:05:50.284+0000] {processor.py:161} INFO - Started process (PID=3283) to work on /home/airflow/.local/lib/python3.8/site-packages/airflow/example_dags/example_xcom.py
[2026-06-04T07:05:50.286+0000] {processor.py:830} INFO - Processing file /home/airflow/.local/lib/python3.8/site-packages/airflow/example_dags/example_xcom.py for tasks to queue
[2026-06-04T07:05:50.288+0000] {logging_mixin.py:188} INFO - [2026-06-04T07:05:50.288+0000] {dagbag.py:538} INFO - Filling up the DagBag from /home/airflow/.local/lib/python3.8/site-packages/airflow/example_dags/example_xcom.py
[2026-06-04T07:05:50.299+0000] {processor.py:840} INFO - DAG(s) 'example_xcom' retrieved from /home/airflow/.local/lib/python3.8/site-packages/airflow/example_dags/example_xcom.py
[2026-06-04T07:05:50.336+0000] {logging_mixin.py:188} INFO - [2026-06-04T07:05:50.336+0000] {dag.py:3033} INFO - Sync 1 DAGs
[2026-06-04T07:05:50.349+0000] {logging_mixin.py:188} INFO - [2026-06-04T07:05:50.349+0000] {dag.py:3820} INFO - Setting next_dagrun for example_xcom to 2021-01-01T00:00:00+00:00, run_after=2021-01-01T00:00:00+00:00
[2026-06-04T07:05:50.369+0000] {processor.py:183} INFO - Processing /home/airflow/.local/lib/python3.8/site-packages/airflow/example_dags/example_xcom.py took 0.086 seconds
[2026-06-04T07:06:20.703+0000] {processor.py:161} INFO - Started process (PID=3339) to work on /home/airflow/.local/lib/python3.8/site-packages/airflow/example_dags/example_xcom.py
[2026-06-04T07:06:20.703+0000] {processor.py:830} INFO - Processing file /home/airflow/.local/lib/python3.8/site-packages/airflow/example_dags/example_xcom.py for tasks to queue
[2026-06-04T07:06:20.704+0000] {logging_mixin.py:188} INFO - [2026-06-04T07:06:20.704+0000] {dagbag.py:538} INFO - Filling up the DagBag from /home/airflow/.local/lib/python3.8/site-packages/airflow/example_dags/example_xcom.py
[2026-06-04T07:06:20.709+0000] {processor.py:840} INFO - DAG(s) 'example_xcom' retrieved from /home/airflow/.local/lib/python3.8/site-packages/airflow/example_dags/example_xcom.py
[2026-06-04T07:06:20.732+0000] {logging_mixin.py:188} INFO - [2026-06-04T07:06:20.731+0000] {dag.py:3033} INFO - Sync 1 DAGs
[2026-06-04T07:06:20.744+0000] {logging_mixin.py:188} INFO - [2026-06-04T07:06:20.743+0000] {dag.py:3820} INFO - Setting next_dagrun for example_xcom to 2021-01-01T00:00:00+00:00, run_after=2021-01-01T00:00:00+00:00
[2026-06-04T07:06:20.755+0000] {processor.py:183} INFO - Processing /home/airflow/.local/lib/python3.8/site-packages/airflow/example_dags/example_xcom.py took 0.054 seconds
[2026-06-04T07:06:51.844+0000] {processor.py:161} INFO - Started process (PID=3395) to work on /home/airflow/.local/lib/python3.8/site-packages/airflow/example_dags/example_xcom.py
[2026-06-04T07:06:51.845+0000] {processor.py:830} INFO - Processing file /home/airflow/.local/lib/python3.8/site-packages/airflow/example_dags/example_xcom.py for tasks to queue
[2026-06-04T07:06:51.846+0000] {logging_mixin.py:188} INFO - [2026-06-04T07:06:51.846+0000] {dagbag.py:538} INFO - Filling up the DagBag from /home/airflow/.local/lib/python3.8/site-packages/airflow/example_dags/example_xcom.py
[2026-06-04T07:06:51.850+0000] {processor.py:840} INFO - DAG(s) 'example_xcom' retrieved from /home/airflow/.local/lib/python3.8/site-packages/airflow/example_dags/example_xcom.py
[2026-06-04T07:06:51.860+0000] {logging_mixin.py:188} INFO - [2026-06-04T07:06:51.859+0000] {dag.py:3033} INFO - Sync 1 DAGs
[2026-06-04T07:06:51.875+0000] {logging_mixin.py:188} INFO - [2026-06-04T07:06:51.874+0000] {dag.py:3820} INFO - Setting next_dagrun for example_xcom to 2021-01-01T00:00:00+00:00, run_after=2021-01-01T00:00:00+00:00
[2026-06-04T07:06:51.888+0000] {processor.py:183} INFO - Processing /home/airflow/.local/lib/python3.8/site-packages/airflow/example_dags/example_xcom.py took 0.046 seconds
[2026-06-04T07:07:22.581+0000] {processor.py:161} INFO - Started process (PID=3451) to work on /home/airflow/.local/lib/python3.8/site-packages/airflow/example_dags/example_xcom.py
[2026-06-04T07:07:22.582+0000] {processor.py:830} INFO - Processing file /home/airflow/.local/lib/python3.8/site-packages/airflow/example_dags/example_xcom.py for tasks to queue
[2026-06-04T07:07:22.585+0000] {logging_mixin.py:188} INFO - [2026-06-04T07:07:22.585+0000] {dagbag.py:538} INFO - Filling up the DagBag from /home/airflow/.local/lib/python3.8/site-packages/airflow/example_dags/example_xcom.py
[2026-06-04T07:07:22.589+0000] {processor.py:840} INFO - DAG(s) 'example_xcom' retrieved from /home/airflow/.local/lib/python3.8/site-packages/airflow/example_dags/example_xcom.py
[2026-06-04T07:07:22.603+0000] {logging_mixin.py:188} INFO - [2026-06-04T07:07:22.603+0000] {dag.py:3033} INFO - Sync 1 DAGs
[2026-06-04T07:07:22.613+0000] {logging_mixin.py:188} INFO - [2026-06-04T07:07:22.612+0000] {dag.py:3820} INFO - Setting next_dagrun for example_xcom to 2021-01-01T00:00:00+00:00, run_after=2021-01-01T00:00:00+00:00
[2026-06-04T07:07:22.621+0000] {processor.py:183} INFO - Processing /home/airflow/.local/lib/python3.8/site-packages/airflow/example_dags/example_xcom.py took 0.043 seconds
[2026-06-04T07:07:53.666+0000] {processor.py:161} INFO - Started process (PID=3507) to work on /home/airflow/.local/lib/python3.8/site-packages/airflow/example_dags/example_xcom.py
[2026-06-04T07:07:53.667+0000] {processor.py:830} INFO - Processing file /home/airflow/.local/lib/python3.8/site-packages/airflow/example_dags/example_xcom.py for tasks to queue
[2026-06-04T07:07:53.670+0000] {logging_mixin.py:188} INFO - [2026-06-04T07:07:53.669+0000] {dagbag.py:538} INFO - Filling up the DagBag from /home/airflow/.local/lib/python3.8/site-packages/airflow/example_dags/example_xcom.py
[2026-06-04T07:07:53.674+0000] {processor.py:840} INFO - DAG(s) 'example_xcom' retrieved from /home/airflow/.local/lib/python3.8/site-packages/airflow/example_dags/example_xcom.py
[2026-06-04T07:07:53.697+0000] {logging_mixin.py:188} INFO - [2026-06-04T07:07:53.697+0000] {dag.py:3033} INFO - Sync 1 DAGs
[2026-06-04T07:07:53.709+0000] {logging_mixin.py:188} INFO - [2026-06-04T07:07:53.709+0000] {dag.py:3820} INFO - Setting next_dagrun for example_xcom to 2021-01-01T00:00:00+00:00, run_after=2021-01-01T00:00:00+00:00
[2026-06-04T07:07:53.725+0000] {processor.py:183} INFO - Processing /home/airflow/.local/lib/python3.8/site-packages/airflow/example_dags/example_xcom.py took 0.062 seconds
[2026-06-04T07:08:25.737+0000] {processor.py:161} INFO - Started process (PID=3563) to work on /home/airflow/.local/lib/python3.8/site-packages/airflow/example_dags/example_xcom.py
[2026-06-04T07:08:25.741+0000] {processor.py:830} INFO - Processing file /home/airflow/.local/lib/python3.8/site-packages/airflow/example_dags/example_xcom.py for tasks to queue
[2026-06-04T07:08:25.743+0000] {logging_mixin.py:188} INFO - [2026-06-04T07:08:25.743+0000] {dagbag.py:538} INFO - Filling up the DagBag from /home/airflow/.local/lib/python3.8/site-packages/airflow/example_dags/example_xcom.py
[2026-06-04T07:08:25.757+0000] {processor.py:840} INFO - DAG(s) 'example_xcom' retrieved from /home/airflow/.local/lib/python3.8/site-packages/airflow/example_dags/example_xcom.py
[2026-06-04T07:08:25.817+0000] {logging_mixin.py:188} INFO - [2026-06-04T07:08:25.816+0000] {dag.py:3033} INFO - Sync 1 DAGs
[2026-06-04T07:08:25.846+0000] {logging_mixin.py:188} INFO - [2026-06-04T07:08:25.845+0000] {dag.py:3820} INFO - Setting next_dagrun for example_xcom to 2021-01-01T00:00:00+00:00, run_after=2021-01-01T00:00:00+00:00
[2026-06-04T07:08:25.869+0000] {processor.py:183} INFO - Processing /home/airflow/.local/lib/python3.8/site-packages/airflow/example_dags/example_xcom.py took 0.142 seconds
[2026-06-04T07:08:56.337+0000] {processor.py:161} INFO - Started process (PID=3619) to work on /home/airflow/.local/lib/python3.8/site-packages/airflow/example_dags/example_xcom.py
[2026-06-04T07:08:56.339+0000] {processor.py:830} INFO - Processing file /home/airflow/.local/lib/python3.8/site-packages/airflow/example_dags/example_xcom.py for tasks to queue
[2026-06-04T07:08:56.346+0000] {logging_mixin.py:188} INFO - [2026-06-04T07:08:56.346+0000] {dagbag.py:538} INFO - Filling up the DagBag from /home/airflow/.local/lib/python3.8/site-packages/airflow/example_dags/example_xcom.py
[2026-06-04T07:08:56.356+0000] {processor.py:840} INFO - DAG(s) 'example_xcom' retrieved from /home/airflow/.local/lib/python3.8/site-packages/airflow/example_dags/example_xcom.py
[2026-06-04T07:08:56.371+0000] {logging_mixin.py:188} INFO - [2026-06-04T07:08:56.371+0000] {dag.py:3033} INFO - Sync 1 DAGs
[2026-06-04T07:08:56.382+0000] {logging_mixin.py:188} INFO - [2026-06-04T07:08:56.382+0000] {dag.py:3820} INFO - Setting next_dagrun for example_xcom to 2021-01-01T00:00:00+00:00, run_after=2021-01-01T00:00:00+00:00
[2026-06-04T07:08:56.393+0000] {processor.py:183} INFO - Processing /home/airflow/.local/lib/python3.8/site-packages/airflow/example_dags/example_xcom.py took 0.067 seconds
[2026-06-04T07:09:27.460+0000] {processor.py:161} INFO - Started process (PID=3675) to work on /home/airflow/.local/lib/python3.8/site-packages/airflow/example_dags/example_xcom.py
[2026-06-04T07:09:27.461+0000] {processor.py:830} INFO - Processing file /home/airflow/.local/lib/python3.8/site-packages/airflow/example_dags/example_xcom.py for tasks to queue
[2026-06-04T07:09:27.462+0000] {logging_mixin.py:188} INFO - [2026-06-04T07:09:27.462+0000] {dagbag.py:538} INFO - Filling up the DagBag from /home/airflow/.local/lib/python3.8/site-packages/airflow/example_dags/example_xcom.py
[2026-06-04T07:09:27.465+0000] {processor.py:840} INFO - DAG(s) 'example_xcom' retrieved from /home/airflow/.local/lib/python3.8/site-packages/airflow/example_dags/example_xcom.py
[2026-06-04T07:09:27.484+0000] {logging_mixin.py:188} INFO - [2026-06-04T07:09:27.484+0000] {dag.py:3033} INFO - Sync 1 DAGs
[2026-06-04T07:09:27.498+0000] {logging_mixin.py:188} INFO - [2026-06-04T07:09:27.498+0000] {dag.py:3820} INFO - Setting next_dagrun for example_xcom to 2021-01-01T00:00:00+00:00, run_after=2021-01-01T00:00:00+00:00
[2026-06-04T07:09:27.512+0000] {processor.py:183} INFO - Processing /home/airflow/.local/lib/python3.8/site-packages/airflow/example_dags/example_xcom.py took 0.053 seconds
[2026-06-04T07:09:58.460+0000] {processor.py:161} INFO - Started process (PID=3731) to work on /home/airflow/.local/lib/python3.8/site-packages/airflow/example_dags/example_xcom.py
[2026-06-04T07:09:58.460+0000] {processor.py:830} INFO - Processing file /home/airflow/.local/lib/python3.8/site-packages/airflow/example_dags/example_xcom.py for tasks to queue
[2026-06-04T07:09:58.462+0000] {logging_mixin.py:188} INFO - [2026-06-04T07:09:58.462+0000] {dagbag.py:538} INFO - Filling up the DagBag from /home/airflow/.local/lib/python3.8/site-packages/airflow/example_dags/example_xcom.py
[2026-06-04T07:09:58.466+0000] {processor.py:840} INFO - DAG(s) 'example_xcom' retrieved from /home/airflow/.local/lib/python3.8/site-packages/airflow/example_dags/example_xcom.py
[2026-06-04T07:09:58.477+0000] {logging_mixin.py:188} INFO - [2026-06-04T07:09:58.477+0000] {dag.py:3033} INFO - Sync 1 DAGs
[2026-06-04T07:09:58.490+0000] {logging_mixin.py:188} INFO - [2026-06-04T07:09:58.490+0000] {dag.py:3820} INFO - Setting next_dagrun for example_xcom to 2021-01-01T00:00:00+00:00, run_after=2021-01-01T00:00:00+00:00
[2026-06-04T07:09:58.497+0000] {processor.py:183} INFO - Processing /home/airflow/.local/lib/python3.8/site-packages/airflow/example_dags/example_xcom.py took 0.040 seconds
[2026-06-04T07:10:29.392+0000] {processor.py:161} INFO - Started process (PID=3787) to work on /home/airflow/.local/lib/python3.8/site-packages/airflow/example_dags/example_xcom.py
[2026-06-04T07:10:29.393+0000] {processor.py:830} INFO - Processing file /home/airflow/.local/lib/python3.8/site-packages/airflow/example_dags/example_xcom.py for tasks to queue
[2026-06-04T07:10:29.395+0000] {logging_mixin.py:188} INFO - [2026-06-04T07:10:29.395+0000] {dagbag.py:538} INFO - Filling up the DagBag from /home/airflow/.local/lib/python3.8/site-packages/airflow/example_dags/example_xcom.py
[2026-06-04T07:10:29.399+0000] {processor.py:840} INFO - DAG(s) 'example_xcom' retrieved from /home/airflow/.local/lib/python3.8/site-packages/airflow/example_dags/example_xcom.py
[2026-06-04T07:10:29.409+0000] {logging_mixin.py:188} INFO - [2026-06-04T07:10:29.409+0000] {dag.py:3033} INFO - Sync 1 DAGs
[2026-06-04T07:10:29.418+0000] {logging_mixin.py:188} INFO - [2026-06-04T07:10:29.418+0000] {dag.py:3820} INFO - Setting next_dagrun for example_xcom to 2021-01-01T00:00:00+00:00, run_after=2021-01-01T00:00:00+00:00
[2026-06-04T07:10:29.427+0000] {processor.py:183} INFO - Processing /home/airflow/.local/lib/python3.8/site-packages/airflow/example_dags/example_xcom.py took 0.038 seconds
[2026-06-04T07:10:59.655+0000] {processor.py:161} INFO - Started process (PID=3843) to work on /home/airflow/.local/lib/python3.8/site-packages/airflow/example_dags/example_xcom.py
[2026-06-04T07:10:59.655+0000] {processor.py:830} INFO - Processing file /home/airflow/.local/lib/python3.8/site-packages/airflow/example_dags/example_xcom.py for tasks to queue
[2026-06-04T07:10:59.656+0000] {logging_mixin.py:188} INFO - [2026-06-04T07:10:59.656+0000] {dagbag.py:538} INFO - Filling up the DagBag from /home/airflow/.local/lib/python3.8/site-packages/airflow/example_dags/example_xcom.py
[2026-06-04T07:10:59.660+0000] {processor.py:840} INFO - DAG(s) 'example_xcom' retrieved from /home/airflow/.local/lib/python3.8/site-packages/airflow/example_dags/example_xcom.py
[2026-06-04T07:10:59.671+0000] {logging_mixin.py:188} INFO - [2026-06-04T07:10:59.671+0000] {dag.py:3033} INFO - Sync 1 DAGs
[2026-06-04T07:10:59.682+0000] {logging_mixin.py:188} INFO - [2026-06-04T07:10:59.682+0000] {dag.py:3820} INFO - Setting next_dagrun for example_xcom to 2021-01-01T00:00:00+00:00, run_after=2021-01-01T00:00:00+00:00
[2026-06-04T07:10:59.689+0000] {processor.py:183} INFO - Processing /home/airflow/.local/lib/python3.8/site-packages/airflow/example_dags/example_xcom.py took 0.036 seconds
[2026-06-04T07:11:30.485+0000] {processor.py:161} INFO - Started process (PID=3899) to work on /home/airflow/.local/lib/python3.8/site-packages/airflow/example_dags/example_xcom.py
[2026-06-04T07:11:30.488+0000] {processor.py:830} INFO - Processing file /home/airflow/.local/lib/python3.8/site-packages/airflow/example_dags/example_xcom.py for tasks to queue
[2026-06-04T07:11:30.489+0000] {logging_mixin.py:188} INFO - [2026-06-04T07:11:30.489+0000] {dagbag.py:538} INFO - Filling up the DagBag from /home/airflow/.local/lib/python3.8/site-packages/airflow/example_dags/example_xcom.py
[2026-06-04T07:11:30.494+0000] {processor.py:840} INFO - DAG(s) 'example_xcom' retrieved from /home/airflow/.local/lib/python3.8/site-packages/airflow/example_dags/example_xcom.py
[2026-06-04T07:11:30.514+0000] {logging_mixin.py:188} INFO - [2026-06-04T07:11:30.514+0000] {dag.py:3033} INFO - Sync 1 DAGs
[2026-06-04T07:11:30.527+0000] {logging_mixin.py:188} INFO - [2026-06-04T07:11:30.527+0000] {dag.py:3820} INFO - Setting next_dagrun for example_xcom to 2021-01-01T00:00:00+00:00, run_after=2021-01-01T00:00:00+00:00
[2026-06-04T07:11:30.543+0000] {processor.py:183} INFO - Processing /home/airflow/.local/lib/python3.8/site-packages/airflow/example_dags/example_xcom.py took 0.066 seconds
[2026-06-04T07:12:01.194+0000] {processor.py:161} INFO - Started process (PID=3955) to work on /home/airflow/.local/lib/python3.8/site-packages/airflow/example_dags/example_xcom.py
[2026-06-04T07:12:01.195+0000] {processor.py:830} INFO - Processing file /home/airflow/.local/lib/python3.8/site-packages/airflow/example_dags/example_xcom.py for tasks to queue
[2026-06-04T07:12:01.196+0000] {logging_mixin.py:188} INFO - [2026-06-04T07:12:01.196+0000] {dagbag.py:538} INFO - Filling up the DagBag from /home/airflow/.local/lib/python3.8/site-packages/airflow/example_dags/example_xcom.py
[2026-06-04T07:12:01.200+0000] {processor.py:840} INFO - DAG(s) 'example_xcom' retrieved from /home/airflow/.local/lib/python3.8/site-packages/airflow/example_dags/example_xcom.py
[2026-06-04T07:12:01.218+0000] {logging_mixin.py:188} INFO - [2026-06-04T07:12:01.218+0000] {dag.py:3033} INFO - Sync 1 DAGs
[2026-06-04T07:12:01.234+0000] {logging_mixin.py:188} INFO - [2026-06-04T07:12:01.233+0000] {dag.py:3820} INFO - Setting next_dagrun for example_xcom to 2021-01-01T00:00:00+00:00, run_after=2021-01-01T00:00:00+00:00
[2026-06-04T07:12:01.251+0000] {processor.py:183} INFO - Processing /home/airflow/.local/lib/python3.8/site-packages/airflow/example_dags/example_xcom.py took 0.059 seconds
[2026-06-04T07:12:32.386+0000] {processor.py:161} INFO - Started process (PID=4011) to work on /home/airflow/.local/lib/python3.8/site-packages/airflow/example_dags/example_xcom.py
[2026-06-04T07:12:32.389+0000] {processor.py:830} INFO - Processing file /home/airflow/.local/lib/python3.8/site-packages/airflow/example_dags/example_xcom.py for tasks to queue
[2026-06-04T07:12:32.390+0000] {logging_mixin.py:188} INFO - [2026-06-04T07:12:32.390+0000] {dagbag.py:538} INFO - Filling up the DagBag from /home/airflow/.local/lib/python3.8/site-packages/airflow/example_dags/example_xcom.py
[2026-06-04T07:12:32.394+0000] {processor.py:840} INFO - DAG(s) 'example_xcom' retrieved from /home/airflow/.local/lib/python3.8/site-packages/airflow/example_dags/example_xcom.py
[2026-06-04T07:12:32.410+0000] {logging_mixin.py:188} INFO - [2026-06-04T07:12:32.410+0000] {dag.py:3033} INFO - Sync 1 DAGs
[2026-06-04T07:12:32.436+0000] {logging_mixin.py:188} INFO - [2026-06-04T07:12:32.436+0000] {dag.py:3820} INFO - Setting next_dagrun for example_xcom to 2021-01-01T00:00:00+00:00, run_after=2021-01-01T00:00:00+00:00
[2026-06-04T07:12:32.453+0000] {processor.py:183} INFO - Processing /home/airflow/.local/lib/python3.8/site-packages/airflow/example_dags/example_xcom.py took 0.069 seconds
[2026-06-04T07:13:02.615+0000] {processor.py:161} INFO - Started process (PID=4066) to work on /home/airflow/.local/lib/python3.8/site-packages/airflow/example_dags/example_xcom.py
[2026-06-04T07:13:02.616+0000] {processor.py:830} INFO - Processing file /home/airflow/.local/lib/python3.8/site-packages/airflow/example_dags/example_xcom.py for tasks to queue
[2026-06-04T07:13:02.617+0000] {logging_mixin.py:188} INFO - [2026-06-04T07:13:02.617+0000] {dagbag.py:538} INFO - Filling up the DagBag from /home/airflow/.local/lib/python3.8/site-packages/airflow/example_dags/example_xcom.py
[2026-06-04T07:13:02.622+0000] {processor.py:840} INFO - DAG(s) 'example_xcom' retrieved from /home/airflow/.local/lib/python3.8/site-packages/airflow/example_dags/example_xcom.py
[2026-06-04T07:13:02.632+0000] {logging_mixin.py:188} INFO - [2026-06-04T07:13:02.632+0000] {dag.py:3033} INFO - Sync 1 DAGs
[2026-06-04T07:13:02.649+0000] {logging_mixin.py:188} INFO - [2026-06-04T07:13:02.649+0000] {dag.py:3820} INFO - Setting next_dagrun for example_xcom to 2021-01-01T00:00:00+00:00, run_after=2021-01-01T00:00:00+00:00
[2026-06-04T07:13:02.667+0000] {processor.py:183} INFO - Processing /home/airflow/.local/lib/python3.8/site-packages/airflow/example_dags/example_xcom.py took 0.054 seconds
[2026-06-04T07:13:35.961+0000] {processor.py:161} INFO - Started process (PID=4123) to work on /home/airflow/.local/lib/python3.8/site-packages/airflow/example_dags/example_xcom.py
[2026-06-04T07:13:35.962+0000] {processor.py:830} INFO - Processing file /home/airflow/.local/lib/python3.8/site-packages/airflow/example_dags/example_xcom.py for tasks to queue
[2026-06-04T07:13:35.963+0000] {logging_mixin.py:188} INFO - [2026-06-04T07:13:35.962+0000] {dagbag.py:538} INFO - Filling up the DagBag from /home/airflow/.local/lib/python3.8/site-packages/airflow/example_dags/example_xcom.py
[2026-06-04T07:13:35.969+0000] {processor.py:840} INFO - DAG(s) 'example_xcom' retrieved from /home/airflow/.local/lib/python3.8/site-packages/airflow/example_dags/example_xcom.py
[2026-06-04T07:13:36.003+0000] {logging_mixin.py:188} INFO - [2026-06-04T07:13:36.003+0000] {dag.py:3033} INFO - Sync 1 DAGs
[2026-06-04T07:13:36.036+0000] {logging_mixin.py:188} INFO - [2026-06-04T07:13:36.036+0000] {dag.py:3820} INFO - Setting next_dagrun for example_xcom to 2021-01-01T00:00:00+00:00, run_after=2021-01-01T00:00:00+00:00
[2026-06-04T07:13:36.047+0000] {processor.py:183} INFO - Processing /home/airflow/.local/lib/python3.8/site-packages/airflow/example_dags/example_xcom.py took 0.089 seconds
[2026-06-04T07:14:07.516+0000] {processor.py:161} INFO - Started process (PID=4179) to work on /home/airflow/.local/lib/python3.8/site-packages/airflow/example_dags/example_xcom.py
[2026-06-04T07:14:07.518+0000] {processor.py:830} INFO - Processing file /home/airflow/.local/lib/python3.8/site-packages/airflow/example_dags/example_xcom.py for tasks to queue
[2026-06-04T07:14:07.522+0000] {logging_mixin.py:188} INFO - [2026-06-04T07:14:07.521+0000] {dagbag.py:538} INFO - Filling up the DagBag from /home/airflow/.local/lib/python3.8/site-packages/airflow/example_dags/example_xcom.py
[2026-06-04T07:14:07.534+0000] {processor.py:840} INFO - DAG(s) 'example_xcom' retrieved from /home/airflow/.local/lib/python3.8/site-packages/airflow/example_dags/example_xcom.py
[2026-06-04T07:14:07.578+0000] {logging_mixin.py:188} INFO - [2026-06-04T07:14:07.578+0000] {dag.py:3033} INFO - Sync 1 DAGs
[2026-06-04T07:14:07.611+0000] {logging_mixin.py:188} INFO - [2026-06-04T07:14:07.611+0000] {dag.py:3820} INFO - Setting next_dagrun for example_xcom to 2021-01-01T00:00:00+00:00, run_after=2021-01-01T00:00:00+00:00
[2026-06-04T07:14:07.666+0000] {processor.py:183} INFO - Processing /home/airflow/.local/lib/python3.8/site-packages/airflow/example_dags/example_xcom.py took 0.158 seconds
[2026-06-04T07:14:37.918+0000] {processor.py:161} INFO - Started process (PID=4235) to work on /home/airflow/.local/lib/python3.8/site-packages/airflow/example_dags/example_xcom.py
[2026-06-04T07:14:37.928+0000] {processor.py:830} INFO - Processing file /home/airflow/.local/lib/python3.8/site-packages/airflow/example_dags/example_xcom.py for tasks to queue
[2026-06-04T07:14:37.943+0000] {logging_mixin.py:188} INFO - [2026-06-04T07:14:37.942+0000] {dagbag.py:538} INFO - Filling up the DagBag from /home/airflow/.local/lib/python3.8/site-packages/airflow/example_dags/example_xcom.py
[2026-06-04T07:14:37.970+0000] {processor.py:840} INFO - DAG(s) 'example_xcom' retrieved from /home/airflow/.local/lib/python3.8/site-packages/airflow/example_dags/example_xcom.py
[2026-06-04T07:14:38.018+0000] {logging_mixin.py:188} INFO - [2026-06-04T07:14:38.017+0000] {dag.py:3033} INFO - Sync 1 DAGs
[2026-06-04T07:14:38.040+0000] {logging_mixin.py:188} INFO - [2026-06-04T07:14:38.040+0000] {dag.py:3820} INFO - Setting next_dagrun for example_xcom to 2021-01-01T00:00:00+00:00, run_after=2021-01-01T00:00:00+00:00
[2026-06-04T07:14:38.072+0000] {processor.py:183} INFO - Processing /home/airflow/.local/lib/python3.8/site-packages/airflow/example_dags/example_xcom.py took 0.180 seconds
[2026-06-04T07:15:08.317+0000] {processor.py:161} INFO - Started process (PID=4291) to work on /home/airflow/.local/lib/python3.8/site-packages/airflow/example_dags/example_xcom.py
[2026-06-04T07:15:08.318+0000] {processor.py:830} INFO - Processing file /home/airflow/.local/lib/python3.8/site-packages/airflow/example_dags/example_xcom.py for tasks to queue
[2026-06-04T07:15:08.320+0000] {logging_mixin.py:188} INFO - [2026-06-04T07:15:08.320+0000] {dagbag.py:538} INFO - Filling up the DagBag from /home/airflow/.local/lib/python3.8/site-packages/airflow/example_dags/example_xcom.py
[2026-06-04T07:15:08.323+0000] {processor.py:840} INFO - DAG(s) 'example_xcom' retrieved from /home/airflow/.local/lib/python3.8/site-packages/airflow/example_dags/example_xcom.py
[2026-06-04T07:15:08.340+0000] {logging_mixin.py:188} INFO - [2026-06-04T07:15:08.340+0000] {dag.py:3033} INFO - Sync 1 DAGs
[2026-06-04T07:15:08.359+0000] {logging_mixin.py:188} INFO - [2026-06-04T07:15:08.359+0000] {dag.py:3820} INFO - Setting next_dagrun for example_xcom to 2021-01-01T00:00:00+00:00, run_after=2021-01-01T00:00:00+00:00
[2026-06-04T07:15:08.373+0000] {processor.py:183} INFO - Processing /home/airflow/.local/lib/python3.8/site-packages/airflow/example_dags/example_xcom.py took 0.058 seconds
[2026-06-04T07:15:38.558+0000] {processor.py:161} INFO - Started process (PID=4347) to work on /home/airflow/.local/lib/python3.8/site-packages/airflow/example_dags/example_xcom.py
[2026-06-04T07:15:38.559+0000] {processor.py:830} INFO - Processing file /home/airflow/.local/lib/python3.8/site-packages/airflow/example_dags/example_xcom.py for tasks to queue
[2026-06-04T07:15:38.559+0000] {logging_mixin.py:188} INFO - [2026-06-04T07:15:38.559+0000] {dagbag.py:538} INFO - Filling up the DagBag from /home/airflow/.local/lib/python3.8/site-packages/airflow/example_dags/example_xcom.py
[2026-06-04T07:15:38.563+0000] {processor.py:840} INFO - DAG(s) 'example_xcom' retrieved from /home/airflow/.local/lib/python3.8/site-packages/airflow/example_dags/example_xcom.py
[2026-06-04T07:15:38.572+0000] {logging_mixin.py:188} INFO - [2026-06-04T07:15:38.572+0000] {dag.py:3033} INFO - Sync 1 DAGs
[2026-06-04T07:15:38.579+0000] {logging_mixin.py:188} INFO - [2026-06-04T07:15:38.579+0000] {dag.py:3820} INFO - Setting next_dagrun for example_xcom to 2021-01-01T00:00:00+00:00, run_after=2021-01-01T00:00:00+00:00
[2026-06-04T07:15:38.585+0000] {processor.py:183} INFO - Processing /home/airflow/.local/lib/python3.8/site-packages/airflow/example_dags/example_xcom.py took 0.028 seconds
[2026-06-04T07:16:09.710+0000] {processor.py:161} INFO - Started process (PID=4403) to work on /home/airflow/.local/lib/python3.8/site-packages/airflow/example_dags/example_xcom.py
[2026-06-04T07:16:09.711+0000] {processor.py:830} INFO - Processing file /home/airflow/.local/lib/python3.8/site-packages/airflow/example_dags/example_xcom.py for tasks to queue
[2026-06-04T07:16:09.713+0000] {logging_mixin.py:188} INFO - [2026-06-04T07:16:09.713+0000] {dagbag.py:538} INFO - Filling up the DagBag from /home/airflow/.local/lib/python3.8/site-packages/airflow/example_dags/example_xcom.py
[2026-06-04T07:16:09.757+0000] {processor.py:840} INFO - DAG(s) 'example_xcom' retrieved from /home/airflow/.local/lib/python3.8/site-packages/airflow/example_dags/example_xcom.py
[2026-06-04T07:16:09.873+0000] {logging_mixin.py:188} INFO - [2026-06-04T07:16:09.872+0000] {dag.py:3033} INFO - Sync 1 DAGs
[2026-06-04T07:16:09.913+0000] {logging_mixin.py:188} INFO - [2026-06-04T07:16:09.912+0000] {dag.py:3820} INFO - Setting next_dagrun for example_xcom to 2021-01-01T00:00:00+00:00, run_after=2021-01-01T00:00:00+00:00
[2026-06-04T07:16:09.948+0000] {processor.py:183} INFO - Processing /home/airflow/.local/lib/python3.8/site-packages/airflow/example_dags/example_xcom.py took 0.245 seconds
