[2026-06-04T06:36:34.992+0000] {processor.py:161} INFO - Started process (PID=52) to work on /home/airflow/.local/lib/python3.8/site-packages/airflow/example_dags/tutorial_dag.py
[2026-06-04T06:36:34.997+0000] {processor.py:830} INFO - Processing file /home/airflow/.local/lib/python3.8/site-packages/airflow/example_dags/tutorial_dag.py for tasks to queue
[2026-06-04T06:36:34.999+0000] {logging_mixin.py:188} INFO - [2026-06-04T06:36:34.999+0000] {dagbag.py:538} INFO - Filling up the DagBag from /home/airflow/.local/lib/python3.8/site-packages/airflow/example_dags/tutorial_dag.py
[2026-06-04T06:36:35.008+0000] {processor.py:840} INFO - DAG(s) 'tutorial_dag' retrieved from /home/airflow/.local/lib/python3.8/site-packages/airflow/example_dags/tutorial_dag.py
[2026-06-04T06:36:35.052+0000] {logging_mixin.py:188} INFO - [2026-06-04T06:36:35.051+0000] {dag.py:3033} INFO - Sync 1 DAGs
[2026-06-04T06:36:35.117+0000] {logging_mixin.py:188} INFO - [2026-06-04T06:36:35.117+0000] {dag.py:3820} INFO - Setting next_dagrun for tutorial_dag to None, run_after=None
[2026-06-04T06:36:35.183+0000] {processor.py:183} INFO - Processing /home/airflow/.local/lib/python3.8/site-packages/airflow/example_dags/tutorial_dag.py took 0.195 seconds
[2026-06-04T06:37:05.240+0000] {processor.py:161} INFO - Started process (PID=109) to work on /home/airflow/.local/lib/python3.8/site-packages/airflow/example_dags/tutorial_dag.py
[2026-06-04T06:37:05.241+0000] {processor.py:830} INFO - Processing file /home/airflow/.local/lib/python3.8/site-packages/airflow/example_dags/tutorial_dag.py for tasks to queue
[2026-06-04T06:37:05.242+0000] {logging_mixin.py:188} INFO - [2026-06-04T06:37:05.242+0000] {dagbag.py:538} INFO - Filling up the DagBag from /home/airflow/.local/lib/python3.8/site-packages/airflow/example_dags/tutorial_dag.py
[2026-06-04T06:37:05.244+0000] {processor.py:840} INFO - DAG(s) 'tutorial_dag' retrieved from /home/airflow/.local/lib/python3.8/site-packages/airflow/example_dags/tutorial_dag.py
[2026-06-04T06:37:05.284+0000] {logging_mixin.py:188} INFO - [2026-06-04T06:37:05.284+0000] {dag.py:3033} INFO - Sync 1 DAGs
[2026-06-04T06:37:05.288+0000] {logging_mixin.py:188} INFO - [2026-06-04T06:37:05.288+0000] {dag.py:3820} INFO - Setting next_dagrun for tutorial_dag to None, run_after=None
[2026-06-04T06:37:05.295+0000] {processor.py:183} INFO - Processing /home/airflow/.local/lib/python3.8/site-packages/airflow/example_dags/tutorial_dag.py took 0.056 seconds
[2026-06-04T06:37:36.190+0000] {processor.py:161} INFO - Started process (PID=165) to work on /home/airflow/.local/lib/python3.8/site-packages/airflow/example_dags/tutorial_dag.py
[2026-06-04T06:37:36.191+0000] {processor.py:830} INFO - Processing file /home/airflow/.local/lib/python3.8/site-packages/airflow/example_dags/tutorial_dag.py for tasks to queue
[2026-06-04T06:37:36.193+0000] {logging_mixin.py:188} INFO - [2026-06-04T06:37:36.193+0000] {dagbag.py:538} INFO - Filling up the DagBag from /home/airflow/.local/lib/python3.8/site-packages/airflow/example_dags/tutorial_dag.py
[2026-06-04T06:37:36.197+0000] {processor.py:840} INFO - DAG(s) 'tutorial_dag' retrieved from /home/airflow/.local/lib/python3.8/site-packages/airflow/example_dags/tutorial_dag.py
[2026-06-04T06:37:36.211+0000] {logging_mixin.py:188} INFO - [2026-06-04T06:37:36.211+0000] {dag.py:3033} INFO - Sync 1 DAGs
[2026-06-04T06:37:36.221+0000] {logging_mixin.py:188} INFO - [2026-06-04T06:37:36.221+0000] {dag.py:3820} INFO - Setting next_dagrun for tutorial_dag to None, run_after=None
[2026-06-04T06:37:36.233+0000] {processor.py:183} INFO - Processing /home/airflow/.local/lib/python3.8/site-packages/airflow/example_dags/tutorial_dag.py took 0.045 seconds
[2026-06-04T06:38:06.896+0000] {processor.py:161} INFO - Started process (PID=221) to work on /home/airflow/.local/lib/python3.8/site-packages/airflow/example_dags/tutorial_dag.py
[2026-06-04T06:38:06.897+0000] {processor.py:830} INFO - Processing file /home/airflow/.local/lib/python3.8/site-packages/airflow/example_dags/tutorial_dag.py for tasks to queue
[2026-06-04T06:38:06.899+0000] {logging_mixin.py:188} INFO - [2026-06-04T06:38:06.899+0000] {dagbag.py:538} INFO - Filling up the DagBag from /home/airflow/.local/lib/python3.8/site-packages/airflow/example_dags/tutorial_dag.py
[2026-06-04T06:38:06.904+0000] {processor.py:840} INFO - DAG(s) 'tutorial_dag' retrieved from /home/airflow/.local/lib/python3.8/site-packages/airflow/example_dags/tutorial_dag.py
[2026-06-04T06:38:06.924+0000] {logging_mixin.py:188} INFO - [2026-06-04T06:38:06.924+0000] {dag.py:3033} INFO - Sync 1 DAGs
[2026-06-04T06:38:06.936+0000] {logging_mixin.py:188} INFO - [2026-06-04T06:38:06.936+0000] {dag.py:3820} INFO - Setting next_dagrun for tutorial_dag to None, run_after=None
[2026-06-04T06:38:06.957+0000] {processor.py:183} INFO - Processing /home/airflow/.local/lib/python3.8/site-packages/airflow/example_dags/tutorial_dag.py took 0.064 seconds
[2026-06-04T06:38:37.105+0000] {processor.py:161} INFO - Started process (PID=277) to work on /home/airflow/.local/lib/python3.8/site-packages/airflow/example_dags/tutorial_dag.py
[2026-06-04T06:38:37.107+0000] {processor.py:830} INFO - Processing file /home/airflow/.local/lib/python3.8/site-packages/airflow/example_dags/tutorial_dag.py for tasks to queue
[2026-06-04T06:38:37.110+0000] {logging_mixin.py:188} INFO - [2026-06-04T06:38:37.109+0000] {dagbag.py:538} INFO - Filling up the DagBag from /home/airflow/.local/lib/python3.8/site-packages/airflow/example_dags/tutorial_dag.py
[2026-06-04T06:38:37.114+0000] {processor.py:840} INFO - DAG(s) 'tutorial_dag' retrieved from /home/airflow/.local/lib/python3.8/site-packages/airflow/example_dags/tutorial_dag.py
[2026-06-04T06:38:37.131+0000] {logging_mixin.py:188} INFO - [2026-06-04T06:38:37.131+0000] {dag.py:3033} INFO - Sync 1 DAGs
[2026-06-04T06:38:37.138+0000] {logging_mixin.py:188} INFO - [2026-06-04T06:38:37.138+0000] {dag.py:3820} INFO - Setting next_dagrun for tutorial_dag to None, run_after=None
[2026-06-04T06:38:37.152+0000] {processor.py:183} INFO - Processing /home/airflow/.local/lib/python3.8/site-packages/airflow/example_dags/tutorial_dag.py took 0.049 seconds
[2026-06-04T06:39:07.814+0000] {processor.py:161} INFO - Started process (PID=332) to work on /home/airflow/.local/lib/python3.8/site-packages/airflow/example_dags/tutorial_dag.py
[2026-06-04T06:39:07.815+0000] {processor.py:830} INFO - Processing file /home/airflow/.local/lib/python3.8/site-packages/airflow/example_dags/tutorial_dag.py for tasks to queue
[2026-06-04T06:39:07.818+0000] {logging_mixin.py:188} INFO - [2026-06-04T06:39:07.817+0000] {dagbag.py:538} INFO - Filling up the DagBag from /home/airflow/.local/lib/python3.8/site-packages/airflow/example_dags/tutorial_dag.py
[2026-06-04T06:39:07.822+0000] {processor.py:840} INFO - DAG(s) 'tutorial_dag' retrieved from /home/airflow/.local/lib/python3.8/site-packages/airflow/example_dags/tutorial_dag.py
[2026-06-04T06:39:07.834+0000] {logging_mixin.py:188} INFO - [2026-06-04T06:39:07.834+0000] {dag.py:3033} INFO - Sync 1 DAGs
[2026-06-04T06:39:07.842+0000] {logging_mixin.py:188} INFO - [2026-06-04T06:39:07.842+0000] {dag.py:3820} INFO - Setting next_dagrun for tutorial_dag to None, run_after=None
[2026-06-04T06:39:07.853+0000] {processor.py:183} INFO - Processing /home/airflow/.local/lib/python3.8/site-packages/airflow/example_dags/tutorial_dag.py took 0.042 seconds
[2026-06-04T06:39:37.923+0000] {processor.py:161} INFO - Started process (PID=388) to work on /home/airflow/.local/lib/python3.8/site-packages/airflow/example_dags/tutorial_dag.py
[2026-06-04T06:39:37.925+0000] {processor.py:830} INFO - Processing file /home/airflow/.local/lib/python3.8/site-packages/airflow/example_dags/tutorial_dag.py for tasks to queue
[2026-06-04T06:39:37.932+0000] {logging_mixin.py:188} INFO - [2026-06-04T06:39:37.931+0000] {dagbag.py:538} INFO - Filling up the DagBag from /home/airflow/.local/lib/python3.8/site-packages/airflow/example_dags/tutorial_dag.py
[2026-06-04T06:39:37.943+0000] {processor.py:840} INFO - DAG(s) 'tutorial_dag' retrieved from /home/airflow/.local/lib/python3.8/site-packages/airflow/example_dags/tutorial_dag.py
[2026-06-04T06:39:37.961+0000] {logging_mixin.py:188} INFO - [2026-06-04T06:39:37.961+0000] {dag.py:3033} INFO - Sync 1 DAGs
[2026-06-04T06:39:37.968+0000] {logging_mixin.py:188} INFO - [2026-06-04T06:39:37.968+0000] {dag.py:3820} INFO - Setting next_dagrun for tutorial_dag to None, run_after=None
[2026-06-04T06:39:37.980+0000] {processor.py:183} INFO - Processing /home/airflow/.local/lib/python3.8/site-packages/airflow/example_dags/tutorial_dag.py took 0.061 seconds
[2026-06-04T06:40:08.675+0000] {processor.py:161} INFO - Started process (PID=444) to work on /home/airflow/.local/lib/python3.8/site-packages/airflow/example_dags/tutorial_dag.py
[2026-06-04T06:40:08.676+0000] {processor.py:830} INFO - Processing file /home/airflow/.local/lib/python3.8/site-packages/airflow/example_dags/tutorial_dag.py for tasks to queue
[2026-06-04T06:40:08.677+0000] {logging_mixin.py:188} INFO - [2026-06-04T06:40:08.677+0000] {dagbag.py:538} INFO - Filling up the DagBag from /home/airflow/.local/lib/python3.8/site-packages/airflow/example_dags/tutorial_dag.py
[2026-06-04T06:40:08.681+0000] {processor.py:840} INFO - DAG(s) 'tutorial_dag' retrieved from /home/airflow/.local/lib/python3.8/site-packages/airflow/example_dags/tutorial_dag.py
[2026-06-04T06:40:08.693+0000] {logging_mixin.py:188} INFO - [2026-06-04T06:40:08.693+0000] {dag.py:3033} INFO - Sync 1 DAGs
[2026-06-04T06:40:08.701+0000] {logging_mixin.py:188} INFO - [2026-06-04T06:40:08.701+0000] {dag.py:3820} INFO - Setting next_dagrun for tutorial_dag to None, run_after=None
[2026-06-04T06:40:08.718+0000] {processor.py:183} INFO - Processing /home/airflow/.local/lib/python3.8/site-packages/airflow/example_dags/tutorial_dag.py took 0.045 seconds
[2026-06-04T06:40:38.774+0000] {processor.py:161} INFO - Started process (PID=500) to work on /home/airflow/.local/lib/python3.8/site-packages/airflow/example_dags/tutorial_dag.py
[2026-06-04T06:40:38.779+0000] {processor.py:830} INFO - Processing file /home/airflow/.local/lib/python3.8/site-packages/airflow/example_dags/tutorial_dag.py for tasks to queue
[2026-06-04T06:40:38.780+0000] {logging_mixin.py:188} INFO - [2026-06-04T06:40:38.780+0000] {dagbag.py:538} INFO - Filling up the DagBag from /home/airflow/.local/lib/python3.8/site-packages/airflow/example_dags/tutorial_dag.py
[2026-06-04T06:40:38.785+0000] {processor.py:840} INFO - DAG(s) 'tutorial_dag' retrieved from /home/airflow/.local/lib/python3.8/site-packages/airflow/example_dags/tutorial_dag.py
[2026-06-04T06:40:38.801+0000] {logging_mixin.py:188} INFO - [2026-06-04T06:40:38.801+0000] {dag.py:3033} INFO - Sync 1 DAGs
[2026-06-04T06:40:38.807+0000] {logging_mixin.py:188} INFO - [2026-06-04T06:40:38.807+0000] {dag.py:3820} INFO - Setting next_dagrun for tutorial_dag to None, run_after=None
[2026-06-04T06:40:38.820+0000] {processor.py:183} INFO - Processing /home/airflow/.local/lib/python3.8/site-packages/airflow/example_dags/tutorial_dag.py took 0.049 seconds
[2026-06-04T06:41:09.598+0000] {processor.py:161} INFO - Started process (PID=556) to work on /home/airflow/.local/lib/python3.8/site-packages/airflow/example_dags/tutorial_dag.py
[2026-06-04T06:41:09.599+0000] {processor.py:830} INFO - Processing file /home/airflow/.local/lib/python3.8/site-packages/airflow/example_dags/tutorial_dag.py for tasks to queue
[2026-06-04T06:41:09.600+0000] {logging_mixin.py:188} INFO - [2026-06-04T06:41:09.600+0000] {dagbag.py:538} INFO - Filling up the DagBag from /home/airflow/.local/lib/python3.8/site-packages/airflow/example_dags/tutorial_dag.py
[2026-06-04T06:41:09.604+0000] {processor.py:840} INFO - DAG(s) 'tutorial_dag' retrieved from /home/airflow/.local/lib/python3.8/site-packages/airflow/example_dags/tutorial_dag.py
[2026-06-04T06:41:09.617+0000] {logging_mixin.py:188} INFO - [2026-06-04T06:41:09.617+0000] {dag.py:3033} INFO - Sync 1 DAGs
[2026-06-04T06:41:09.626+0000] {logging_mixin.py:188} INFO - [2026-06-04T06:41:09.626+0000] {dag.py:3820} INFO - Setting next_dagrun for tutorial_dag to None, run_after=None
[2026-06-04T06:41:09.634+0000] {processor.py:183} INFO - Processing /home/airflow/.local/lib/python3.8/site-packages/airflow/example_dags/tutorial_dag.py took 0.039 seconds
[2026-06-04T06:41:40.386+0000] {processor.py:161} INFO - Started process (PID=612) to work on /home/airflow/.local/lib/python3.8/site-packages/airflow/example_dags/tutorial_dag.py
[2026-06-04T06:41:40.387+0000] {processor.py:830} INFO - Processing file /home/airflow/.local/lib/python3.8/site-packages/airflow/example_dags/tutorial_dag.py for tasks to queue
[2026-06-04T06:41:40.389+0000] {logging_mixin.py:188} INFO - [2026-06-04T06:41:40.389+0000] {dagbag.py:538} INFO - Filling up the DagBag from /home/airflow/.local/lib/python3.8/site-packages/airflow/example_dags/tutorial_dag.py
[2026-06-04T06:41:40.393+0000] {processor.py:840} INFO - DAG(s) 'tutorial_dag' retrieved from /home/airflow/.local/lib/python3.8/site-packages/airflow/example_dags/tutorial_dag.py
[2026-06-04T06:41:40.405+0000] {logging_mixin.py:188} INFO - [2026-06-04T06:41:40.405+0000] {dag.py:3033} INFO - Sync 1 DAGs
[2026-06-04T06:41:40.412+0000] {logging_mixin.py:188} INFO - [2026-06-04T06:41:40.412+0000] {dag.py:3820} INFO - Setting next_dagrun for tutorial_dag to None, run_after=None
[2026-06-04T06:41:40.423+0000] {processor.py:183} INFO - Processing /home/airflow/.local/lib/python3.8/site-packages/airflow/example_dags/tutorial_dag.py took 0.039 seconds
[2026-06-04T06:42:11.363+0000] {processor.py:161} INFO - Started process (PID=668) to work on /home/airflow/.local/lib/python3.8/site-packages/airflow/example_dags/tutorial_dag.py
[2026-06-04T06:42:11.364+0000] {processor.py:830} INFO - Processing file /home/airflow/.local/lib/python3.8/site-packages/airflow/example_dags/tutorial_dag.py for tasks to queue
[2026-06-04T06:42:11.366+0000] {logging_mixin.py:188} INFO - [2026-06-04T06:42:11.366+0000] {dagbag.py:538} INFO - Filling up the DagBag from /home/airflow/.local/lib/python3.8/site-packages/airflow/example_dags/tutorial_dag.py
[2026-06-04T06:42:11.378+0000] {processor.py:840} INFO - DAG(s) 'tutorial_dag' retrieved from /home/airflow/.local/lib/python3.8/site-packages/airflow/example_dags/tutorial_dag.py
[2026-06-04T06:42:11.430+0000] {logging_mixin.py:188} INFO - [2026-06-04T06:42:11.430+0000] {dag.py:3033} INFO - Sync 1 DAGs
[2026-06-04T06:42:11.445+0000] {logging_mixin.py:188} INFO - [2026-06-04T06:42:11.445+0000] {dag.py:3820} INFO - Setting next_dagrun for tutorial_dag to None, run_after=None
[2026-06-04T06:42:11.461+0000] {processor.py:183} INFO - Processing /home/airflow/.local/lib/python3.8/site-packages/airflow/example_dags/tutorial_dag.py took 0.101 seconds
[2026-06-04T06:42:41.643+0000] {processor.py:161} INFO - Started process (PID=724) to work on /home/airflow/.local/lib/python3.8/site-packages/airflow/example_dags/tutorial_dag.py
[2026-06-04T06:42:41.645+0000] {processor.py:830} INFO - Processing file /home/airflow/.local/lib/python3.8/site-packages/airflow/example_dags/tutorial_dag.py for tasks to queue
[2026-06-04T06:42:41.649+0000] {logging_mixin.py:188} INFO - [2026-06-04T06:42:41.649+0000] {dagbag.py:538} INFO - Filling up the DagBag from /home/airflow/.local/lib/python3.8/site-packages/airflow/example_dags/tutorial_dag.py
[2026-06-04T06:42:41.652+0000] {processor.py:840} INFO - DAG(s) 'tutorial_dag' retrieved from /home/airflow/.local/lib/python3.8/site-packages/airflow/example_dags/tutorial_dag.py
[2026-06-04T06:42:41.667+0000] {logging_mixin.py:188} INFO - [2026-06-04T06:42:41.667+0000] {dag.py:3033} INFO - Sync 1 DAGs
[2026-06-04T06:42:41.674+0000] {logging_mixin.py:188} INFO - [2026-06-04T06:42:41.674+0000] {dag.py:3820} INFO - Setting next_dagrun for tutorial_dag to None, run_after=None
[2026-06-04T06:42:41.685+0000] {processor.py:183} INFO - Processing /home/airflow/.local/lib/python3.8/site-packages/airflow/example_dags/tutorial_dag.py took 0.044 seconds
[2026-06-04T06:43:11.980+0000] {processor.py:161} INFO - Started process (PID=780) to work on /home/airflow/.local/lib/python3.8/site-packages/airflow/example_dags/tutorial_dag.py
[2026-06-04T06:43:11.982+0000] {processor.py:830} INFO - Processing file /home/airflow/.local/lib/python3.8/site-packages/airflow/example_dags/tutorial_dag.py for tasks to queue
[2026-06-04T06:43:11.984+0000] {logging_mixin.py:188} INFO - [2026-06-04T06:43:11.984+0000] {dagbag.py:538} INFO - Filling up the DagBag from /home/airflow/.local/lib/python3.8/site-packages/airflow/example_dags/tutorial_dag.py
[2026-06-04T06:43:11.987+0000] {processor.py:840} INFO - DAG(s) 'tutorial_dag' retrieved from /home/airflow/.local/lib/python3.8/site-packages/airflow/example_dags/tutorial_dag.py
[2026-06-04T06:43:12.002+0000] {logging_mixin.py:188} INFO - [2026-06-04T06:43:12.002+0000] {dag.py:3033} INFO - Sync 1 DAGs
[2026-06-04T06:43:12.008+0000] {logging_mixin.py:188} INFO - [2026-06-04T06:43:12.008+0000] {dag.py:3820} INFO - Setting next_dagrun for tutorial_dag to None, run_after=None
[2026-06-04T06:43:12.021+0000] {processor.py:183} INFO - Processing /home/airflow/.local/lib/python3.8/site-packages/airflow/example_dags/tutorial_dag.py took 0.044 seconds
[2026-06-04T06:43:42.114+0000] {processor.py:161} INFO - Started process (PID=836) to work on /home/airflow/.local/lib/python3.8/site-packages/airflow/example_dags/tutorial_dag.py
[2026-06-04T06:43:42.116+0000] {processor.py:830} INFO - Processing file /home/airflow/.local/lib/python3.8/site-packages/airflow/example_dags/tutorial_dag.py for tasks to queue
[2026-06-04T06:43:42.118+0000] {logging_mixin.py:188} INFO - [2026-06-04T06:43:42.118+0000] {dagbag.py:538} INFO - Filling up the DagBag from /home/airflow/.local/lib/python3.8/site-packages/airflow/example_dags/tutorial_dag.py
[2026-06-04T06:43:42.123+0000] {processor.py:840} INFO - DAG(s) 'tutorial_dag' retrieved from /home/airflow/.local/lib/python3.8/site-packages/airflow/example_dags/tutorial_dag.py
[2026-06-04T06:43:42.148+0000] {logging_mixin.py:188} INFO - [2026-06-04T06:43:42.148+0000] {dag.py:3033} INFO - Sync 1 DAGs
[2026-06-04T06:43:42.157+0000] {logging_mixin.py:188} INFO - [2026-06-04T06:43:42.157+0000] {dag.py:3820} INFO - Setting next_dagrun for tutorial_dag to None, run_after=None
[2026-06-04T06:43:42.172+0000] {processor.py:183} INFO - Processing /home/airflow/.local/lib/python3.8/site-packages/airflow/example_dags/tutorial_dag.py took 0.062 seconds
[2026-06-04T06:44:12.318+0000] {processor.py:161} INFO - Started process (PID=892) to work on /home/airflow/.local/lib/python3.8/site-packages/airflow/example_dags/tutorial_dag.py
[2026-06-04T06:44:12.321+0000] {processor.py:830} INFO - Processing file /home/airflow/.local/lib/python3.8/site-packages/airflow/example_dags/tutorial_dag.py for tasks to queue
[2026-06-04T06:44:12.323+0000] {logging_mixin.py:188} INFO - [2026-06-04T06:44:12.323+0000] {dagbag.py:538} INFO - Filling up the DagBag from /home/airflow/.local/lib/python3.8/site-packages/airflow/example_dags/tutorial_dag.py
[2026-06-04T06:44:12.329+0000] {processor.py:840} INFO - DAG(s) 'tutorial_dag' retrieved from /home/airflow/.local/lib/python3.8/site-packages/airflow/example_dags/tutorial_dag.py
[2026-06-04T06:44:12.343+0000] {logging_mixin.py:188} INFO - [2026-06-04T06:44:12.343+0000] {dag.py:3033} INFO - Sync 1 DAGs
[2026-06-04T06:44:12.352+0000] {logging_mixin.py:188} INFO - [2026-06-04T06:44:12.352+0000] {dag.py:3820} INFO - Setting next_dagrun for tutorial_dag to None, run_after=None
[2026-06-04T06:44:12.363+0000] {processor.py:183} INFO - Processing /home/airflow/.local/lib/python3.8/site-packages/airflow/example_dags/tutorial_dag.py took 0.047 seconds
[2026-06-04T06:44:43.142+0000] {processor.py:161} INFO - Started process (PID=947) to work on /home/airflow/.local/lib/python3.8/site-packages/airflow/example_dags/tutorial_dag.py
[2026-06-04T06:44:43.144+0000] {processor.py:830} INFO - Processing file /home/airflow/.local/lib/python3.8/site-packages/airflow/example_dags/tutorial_dag.py for tasks to queue
[2026-06-04T06:44:43.146+0000] {logging_mixin.py:188} INFO - [2026-06-04T06:44:43.146+0000] {dagbag.py:538} INFO - Filling up the DagBag from /home/airflow/.local/lib/python3.8/site-packages/airflow/example_dags/tutorial_dag.py
[2026-06-04T06:44:43.151+0000] {processor.py:840} INFO - DAG(s) 'tutorial_dag' retrieved from /home/airflow/.local/lib/python3.8/site-packages/airflow/example_dags/tutorial_dag.py
[2026-06-04T06:44:43.169+0000] {logging_mixin.py:188} INFO - [2026-06-04T06:44:43.169+0000] {dag.py:3033} INFO - Sync 1 DAGs
[2026-06-04T06:44:43.176+0000] {logging_mixin.py:188} INFO - [2026-06-04T06:44:43.176+0000] {dag.py:3820} INFO - Setting next_dagrun for tutorial_dag to None, run_after=None
[2026-06-04T06:44:43.191+0000] {processor.py:183} INFO - Processing /home/airflow/.local/lib/python3.8/site-packages/airflow/example_dags/tutorial_dag.py took 0.052 seconds
[2026-06-04T06:45:13.358+0000] {processor.py:161} INFO - Started process (PID=1003) to work on /home/airflow/.local/lib/python3.8/site-packages/airflow/example_dags/tutorial_dag.py
[2026-06-04T06:45:13.362+0000] {processor.py:830} INFO - Processing file /home/airflow/.local/lib/python3.8/site-packages/airflow/example_dags/tutorial_dag.py for tasks to queue
[2026-06-04T06:45:13.363+0000] {logging_mixin.py:188} INFO - [2026-06-04T06:45:13.363+0000] {dagbag.py:538} INFO - Filling up the DagBag from /home/airflow/.local/lib/python3.8/site-packages/airflow/example_dags/tutorial_dag.py
[2026-06-04T06:45:13.366+0000] {processor.py:840} INFO - DAG(s) 'tutorial_dag' retrieved from /home/airflow/.local/lib/python3.8/site-packages/airflow/example_dags/tutorial_dag.py
[2026-06-04T06:45:13.379+0000] {logging_mixin.py:188} INFO - [2026-06-04T06:45:13.379+0000] {dag.py:3033} INFO - Sync 1 DAGs
[2026-06-04T06:45:13.387+0000] {logging_mixin.py:188} INFO - [2026-06-04T06:45:13.387+0000] {dag.py:3820} INFO - Setting next_dagrun for tutorial_dag to None, run_after=None
[2026-06-04T06:45:13.401+0000] {processor.py:183} INFO - Processing /home/airflow/.local/lib/python3.8/site-packages/airflow/example_dags/tutorial_dag.py took 0.046 seconds
[2026-06-04T06:45:43.575+0000] {processor.py:161} INFO - Started process (PID=1059) to work on /home/airflow/.local/lib/python3.8/site-packages/airflow/example_dags/tutorial_dag.py
[2026-06-04T06:45:43.577+0000] {processor.py:830} INFO - Processing file /home/airflow/.local/lib/python3.8/site-packages/airflow/example_dags/tutorial_dag.py for tasks to queue
[2026-06-04T06:45:43.581+0000] {logging_mixin.py:188} INFO - [2026-06-04T06:45:43.581+0000] {dagbag.py:538} INFO - Filling up the DagBag from /home/airflow/.local/lib/python3.8/site-packages/airflow/example_dags/tutorial_dag.py
[2026-06-04T06:45:43.584+0000] {processor.py:840} INFO - DAG(s) 'tutorial_dag' retrieved from /home/airflow/.local/lib/python3.8/site-packages/airflow/example_dags/tutorial_dag.py
[2026-06-04T06:45:43.599+0000] {logging_mixin.py:188} INFO - [2026-06-04T06:45:43.598+0000] {dag.py:3033} INFO - Sync 1 DAGs
[2026-06-04T06:45:43.607+0000] {logging_mixin.py:188} INFO - [2026-06-04T06:45:43.607+0000] {dag.py:3820} INFO - Setting next_dagrun for tutorial_dag to None, run_after=None
[2026-06-04T06:45:43.623+0000] {processor.py:183} INFO - Processing /home/airflow/.local/lib/python3.8/site-packages/airflow/example_dags/tutorial_dag.py took 0.050 seconds
[2026-06-04T06:46:14.466+0000] {processor.py:161} INFO - Started process (PID=1115) to work on /home/airflow/.local/lib/python3.8/site-packages/airflow/example_dags/tutorial_dag.py
[2026-06-04T06:46:14.469+0000] {processor.py:830} INFO - Processing file /home/airflow/.local/lib/python3.8/site-packages/airflow/example_dags/tutorial_dag.py for tasks to queue
[2026-06-04T06:46:14.471+0000] {logging_mixin.py:188} INFO - [2026-06-04T06:46:14.470+0000] {dagbag.py:538} INFO - Filling up the DagBag from /home/airflow/.local/lib/python3.8/site-packages/airflow/example_dags/tutorial_dag.py
[2026-06-04T06:46:14.474+0000] {processor.py:840} INFO - DAG(s) 'tutorial_dag' retrieved from /home/airflow/.local/lib/python3.8/site-packages/airflow/example_dags/tutorial_dag.py
[2026-06-04T06:46:14.489+0000] {logging_mixin.py:188} INFO - [2026-06-04T06:46:14.489+0000] {dag.py:3033} INFO - Sync 1 DAGs
[2026-06-04T06:46:14.496+0000] {logging_mixin.py:188} INFO - [2026-06-04T06:46:14.496+0000] {dag.py:3820} INFO - Setting next_dagrun for tutorial_dag to None, run_after=None
[2026-06-04T06:46:14.510+0000] {processor.py:183} INFO - Processing /home/airflow/.local/lib/python3.8/site-packages/airflow/example_dags/tutorial_dag.py took 0.047 seconds
[2026-06-04T06:46:44.666+0000] {processor.py:161} INFO - Started process (PID=1171) to work on /home/airflow/.local/lib/python3.8/site-packages/airflow/example_dags/tutorial_dag.py
[2026-06-04T06:46:44.669+0000] {processor.py:830} INFO - Processing file /home/airflow/.local/lib/python3.8/site-packages/airflow/example_dags/tutorial_dag.py for tasks to queue
[2026-06-04T06:46:44.671+0000] {logging_mixin.py:188} INFO - [2026-06-04T06:46:44.671+0000] {dagbag.py:538} INFO - Filling up the DagBag from /home/airflow/.local/lib/python3.8/site-packages/airflow/example_dags/tutorial_dag.py
[2026-06-04T06:46:44.677+0000] {processor.py:840} INFO - DAG(s) 'tutorial_dag' retrieved from /home/airflow/.local/lib/python3.8/site-packages/airflow/example_dags/tutorial_dag.py
[2026-06-04T06:46:44.694+0000] {logging_mixin.py:188} INFO - [2026-06-04T06:46:44.694+0000] {dag.py:3033} INFO - Sync 1 DAGs
[2026-06-04T06:46:44.702+0000] {logging_mixin.py:188} INFO - [2026-06-04T06:46:44.702+0000] {dag.py:3820} INFO - Setting next_dagrun for tutorial_dag to None, run_after=None
[2026-06-04T06:46:44.716+0000] {processor.py:183} INFO - Processing /home/airflow/.local/lib/python3.8/site-packages/airflow/example_dags/tutorial_dag.py took 0.052 seconds
[2026-06-04T06:47:14.872+0000] {processor.py:161} INFO - Started process (PID=1227) to work on /home/airflow/.local/lib/python3.8/site-packages/airflow/example_dags/tutorial_dag.py
[2026-06-04T06:47:14.874+0000] {processor.py:830} INFO - Processing file /home/airflow/.local/lib/python3.8/site-packages/airflow/example_dags/tutorial_dag.py for tasks to queue
[2026-06-04T06:47:14.877+0000] {logging_mixin.py:188} INFO - [2026-06-04T06:47:14.877+0000] {dagbag.py:538} INFO - Filling up the DagBag from /home/airflow/.local/lib/python3.8/site-packages/airflow/example_dags/tutorial_dag.py
[2026-06-04T06:47:14.881+0000] {processor.py:840} INFO - DAG(s) 'tutorial_dag' retrieved from /home/airflow/.local/lib/python3.8/site-packages/airflow/example_dags/tutorial_dag.py
[2026-06-04T06:47:14.897+0000] {logging_mixin.py:188} INFO - [2026-06-04T06:47:14.897+0000] {dag.py:3033} INFO - Sync 1 DAGs
[2026-06-04T06:47:14.903+0000] {logging_mixin.py:188} INFO - [2026-06-04T06:47:14.903+0000] {dag.py:3820} INFO - Setting next_dagrun for tutorial_dag to None, run_after=None
[2026-06-04T06:47:14.916+0000] {processor.py:183} INFO - Processing /home/airflow/.local/lib/python3.8/site-packages/airflow/example_dags/tutorial_dag.py took 0.046 seconds
[2026-06-04T06:47:45.775+0000] {processor.py:161} INFO - Started process (PID=1283) to work on /home/airflow/.local/lib/python3.8/site-packages/airflow/example_dags/tutorial_dag.py
[2026-06-04T06:47:45.776+0000] {processor.py:830} INFO - Processing file /home/airflow/.local/lib/python3.8/site-packages/airflow/example_dags/tutorial_dag.py for tasks to queue
[2026-06-04T06:47:45.778+0000] {logging_mixin.py:188} INFO - [2026-06-04T06:47:45.778+0000] {dagbag.py:538} INFO - Filling up the DagBag from /home/airflow/.local/lib/python3.8/site-packages/airflow/example_dags/tutorial_dag.py
[2026-06-04T06:47:45.783+0000] {processor.py:840} INFO - DAG(s) 'tutorial_dag' retrieved from /home/airflow/.local/lib/python3.8/site-packages/airflow/example_dags/tutorial_dag.py
[2026-06-04T06:47:45.798+0000] {logging_mixin.py:188} INFO - [2026-06-04T06:47:45.798+0000] {dag.py:3033} INFO - Sync 1 DAGs
[2026-06-04T06:47:45.804+0000] {logging_mixin.py:188} INFO - [2026-06-04T06:47:45.804+0000] {dag.py:3820} INFO - Setting next_dagrun for tutorial_dag to None, run_after=None
[2026-06-04T06:47:45.816+0000] {processor.py:183} INFO - Processing /home/airflow/.local/lib/python3.8/site-packages/airflow/example_dags/tutorial_dag.py took 0.044 seconds
[2026-06-04T06:48:16.621+0000] {processor.py:161} INFO - Started process (PID=1339) to work on /home/airflow/.local/lib/python3.8/site-packages/airflow/example_dags/tutorial_dag.py
[2026-06-04T06:48:16.623+0000] {processor.py:830} INFO - Processing file /home/airflow/.local/lib/python3.8/site-packages/airflow/example_dags/tutorial_dag.py for tasks to queue
[2026-06-04T06:48:16.626+0000] {logging_mixin.py:188} INFO - [2026-06-04T06:48:16.626+0000] {dagbag.py:538} INFO - Filling up the DagBag from /home/airflow/.local/lib/python3.8/site-packages/airflow/example_dags/tutorial_dag.py
[2026-06-04T06:48:16.631+0000] {processor.py:840} INFO - DAG(s) 'tutorial_dag' retrieved from /home/airflow/.local/lib/python3.8/site-packages/airflow/example_dags/tutorial_dag.py
[2026-06-04T06:48:16.648+0000] {logging_mixin.py:188} INFO - [2026-06-04T06:48:16.647+0000] {dag.py:3033} INFO - Sync 1 DAGs
[2026-06-04T06:48:16.655+0000] {logging_mixin.py:188} INFO - [2026-06-04T06:48:16.655+0000] {dag.py:3820} INFO - Setting next_dagrun for tutorial_dag to None, run_after=None
[2026-06-04T06:48:16.670+0000] {processor.py:183} INFO - Processing /home/airflow/.local/lib/python3.8/site-packages/airflow/example_dags/tutorial_dag.py took 0.052 seconds
[2026-06-04T06:48:47.581+0000] {processor.py:161} INFO - Started process (PID=1395) to work on /home/airflow/.local/lib/python3.8/site-packages/airflow/example_dags/tutorial_dag.py
[2026-06-04T06:48:47.583+0000] {processor.py:830} INFO - Processing file /home/airflow/.local/lib/python3.8/site-packages/airflow/example_dags/tutorial_dag.py for tasks to queue
[2026-06-04T06:48:47.586+0000] {logging_mixin.py:188} INFO - [2026-06-04T06:48:47.586+0000] {dagbag.py:538} INFO - Filling up the DagBag from /home/airflow/.local/lib/python3.8/site-packages/airflow/example_dags/tutorial_dag.py
[2026-06-04T06:48:47.589+0000] {processor.py:840} INFO - DAG(s) 'tutorial_dag' retrieved from /home/airflow/.local/lib/python3.8/site-packages/airflow/example_dags/tutorial_dag.py
[2026-06-04T06:48:47.603+0000] {logging_mixin.py:188} INFO - [2026-06-04T06:48:47.603+0000] {dag.py:3033} INFO - Sync 1 DAGs
[2026-06-04T06:48:47.615+0000] {logging_mixin.py:188} INFO - [2026-06-04T06:48:47.615+0000] {dag.py:3820} INFO - Setting next_dagrun for tutorial_dag to None, run_after=None
[2026-06-04T06:48:47.628+0000] {processor.py:183} INFO - Processing /home/airflow/.local/lib/python3.8/site-packages/airflow/example_dags/tutorial_dag.py took 0.051 seconds
[2026-06-04T06:49:18.190+0000] {processor.py:161} INFO - Started process (PID=1451) to work on /home/airflow/.local/lib/python3.8/site-packages/airflow/example_dags/tutorial_dag.py
[2026-06-04T06:49:18.193+0000] {processor.py:830} INFO - Processing file /home/airflow/.local/lib/python3.8/site-packages/airflow/example_dags/tutorial_dag.py for tasks to queue
[2026-06-04T06:49:18.195+0000] {logging_mixin.py:188} INFO - [2026-06-04T06:49:18.194+0000] {dagbag.py:538} INFO - Filling up the DagBag from /home/airflow/.local/lib/python3.8/site-packages/airflow/example_dags/tutorial_dag.py
[2026-06-04T06:49:18.200+0000] {processor.py:840} INFO - DAG(s) 'tutorial_dag' retrieved from /home/airflow/.local/lib/python3.8/site-packages/airflow/example_dags/tutorial_dag.py
[2026-06-04T06:49:18.235+0000] {logging_mixin.py:188} INFO - [2026-06-04T06:49:18.235+0000] {dag.py:3033} INFO - Sync 1 DAGs
[2026-06-04T06:49:18.247+0000] {logging_mixin.py:188} INFO - [2026-06-04T06:49:18.247+0000] {dag.py:3820} INFO - Setting next_dagrun for tutorial_dag to None, run_after=None
[2026-06-04T06:49:18.262+0000] {processor.py:183} INFO - Processing /home/airflow/.local/lib/python3.8/site-packages/airflow/example_dags/tutorial_dag.py took 0.076 seconds
[2026-06-04T06:49:48.843+0000] {processor.py:161} INFO - Started process (PID=1507) to work on /home/airflow/.local/lib/python3.8/site-packages/airflow/example_dags/tutorial_dag.py
[2026-06-04T06:49:48.844+0000] {processor.py:830} INFO - Processing file /home/airflow/.local/lib/python3.8/site-packages/airflow/example_dags/tutorial_dag.py for tasks to queue
[2026-06-04T06:49:48.846+0000] {logging_mixin.py:188} INFO - [2026-06-04T06:49:48.846+0000] {dagbag.py:538} INFO - Filling up the DagBag from /home/airflow/.local/lib/python3.8/site-packages/airflow/example_dags/tutorial_dag.py
[2026-06-04T06:49:48.849+0000] {processor.py:840} INFO - DAG(s) 'tutorial_dag' retrieved from /home/airflow/.local/lib/python3.8/site-packages/airflow/example_dags/tutorial_dag.py
[2026-06-04T06:49:48.861+0000] {logging_mixin.py:188} INFO - [2026-06-04T06:49:48.861+0000] {dag.py:3033} INFO - Sync 1 DAGs
[2026-06-04T06:49:48.868+0000] {logging_mixin.py:188} INFO - [2026-06-04T06:49:48.867+0000] {dag.py:3820} INFO - Setting next_dagrun for tutorial_dag to None, run_after=None
[2026-06-04T06:49:48.878+0000] {processor.py:183} INFO - Processing /home/airflow/.local/lib/python3.8/site-packages/airflow/example_dags/tutorial_dag.py took 0.038 seconds
[2026-06-04T06:50:19.017+0000] {processor.py:161} INFO - Started process (PID=1563) to work on /home/airflow/.local/lib/python3.8/site-packages/airflow/example_dags/tutorial_dag.py
[2026-06-04T06:50:19.019+0000] {processor.py:830} INFO - Processing file /home/airflow/.local/lib/python3.8/site-packages/airflow/example_dags/tutorial_dag.py for tasks to queue
[2026-06-04T06:50:19.021+0000] {logging_mixin.py:188} INFO - [2026-06-04T06:50:19.021+0000] {dagbag.py:538} INFO - Filling up the DagBag from /home/airflow/.local/lib/python3.8/site-packages/airflow/example_dags/tutorial_dag.py
[2026-06-04T06:50:19.025+0000] {processor.py:840} INFO - DAG(s) 'tutorial_dag' retrieved from /home/airflow/.local/lib/python3.8/site-packages/airflow/example_dags/tutorial_dag.py
[2026-06-04T06:50:19.040+0000] {logging_mixin.py:188} INFO - [2026-06-04T06:50:19.040+0000] {dag.py:3033} INFO - Sync 1 DAGs
[2026-06-04T06:50:19.048+0000] {logging_mixin.py:188} INFO - [2026-06-04T06:50:19.048+0000] {dag.py:3820} INFO - Setting next_dagrun for tutorial_dag to None, run_after=None
[2026-06-04T06:50:19.063+0000] {processor.py:183} INFO - Processing /home/airflow/.local/lib/python3.8/site-packages/airflow/example_dags/tutorial_dag.py took 0.048 seconds
[2026-06-04T06:50:49.139+0000] {processor.py:161} INFO - Started process (PID=1619) to work on /home/airflow/.local/lib/python3.8/site-packages/airflow/example_dags/tutorial_dag.py
[2026-06-04T06:50:49.141+0000] {processor.py:830} INFO - Processing file /home/airflow/.local/lib/python3.8/site-packages/airflow/example_dags/tutorial_dag.py for tasks to queue
[2026-06-04T06:50:49.145+0000] {logging_mixin.py:188} INFO - [2026-06-04T06:50:49.145+0000] {dagbag.py:538} INFO - Filling up the DagBag from /home/airflow/.local/lib/python3.8/site-packages/airflow/example_dags/tutorial_dag.py
[2026-06-04T06:50:49.151+0000] {processor.py:840} INFO - DAG(s) 'tutorial_dag' retrieved from /home/airflow/.local/lib/python3.8/site-packages/airflow/example_dags/tutorial_dag.py
[2026-06-04T06:50:49.169+0000] {logging_mixin.py:188} INFO - [2026-06-04T06:50:49.169+0000] {dag.py:3033} INFO - Sync 1 DAGs
[2026-06-04T06:50:49.175+0000] {logging_mixin.py:188} INFO - [2026-06-04T06:50:49.175+0000] {dag.py:3820} INFO - Setting next_dagrun for tutorial_dag to None, run_after=None
[2026-06-04T06:50:49.186+0000] {processor.py:183} INFO - Processing /home/airflow/.local/lib/python3.8/site-packages/airflow/example_dags/tutorial_dag.py took 0.050 seconds
[2026-06-04T06:51:19.247+0000] {processor.py:161} INFO - Started process (PID=1675) to work on /home/airflow/.local/lib/python3.8/site-packages/airflow/example_dags/tutorial_dag.py
[2026-06-04T06:51:19.249+0000] {processor.py:830} INFO - Processing file /home/airflow/.local/lib/python3.8/site-packages/airflow/example_dags/tutorial_dag.py for tasks to queue
[2026-06-04T06:51:19.250+0000] {logging_mixin.py:188} INFO - [2026-06-04T06:51:19.250+0000] {dagbag.py:538} INFO - Filling up the DagBag from /home/airflow/.local/lib/python3.8/site-packages/airflow/example_dags/tutorial_dag.py
[2026-06-04T06:51:19.253+0000] {processor.py:840} INFO - DAG(s) 'tutorial_dag' retrieved from /home/airflow/.local/lib/python3.8/site-packages/airflow/example_dags/tutorial_dag.py
[2026-06-04T06:51:19.268+0000] {logging_mixin.py:188} INFO - [2026-06-04T06:51:19.268+0000] {dag.py:3033} INFO - Sync 1 DAGs
[2026-06-04T06:51:19.276+0000] {logging_mixin.py:188} INFO - [2026-06-04T06:51:19.275+0000] {dag.py:3820} INFO - Setting next_dagrun for tutorial_dag to None, run_after=None
[2026-06-04T06:51:19.290+0000] {processor.py:183} INFO - Processing /home/airflow/.local/lib/python3.8/site-packages/airflow/example_dags/tutorial_dag.py took 0.046 seconds
[2026-06-04T06:51:49.991+0000] {processor.py:161} INFO - Started process (PID=1731) to work on /home/airflow/.local/lib/python3.8/site-packages/airflow/example_dags/tutorial_dag.py
[2026-06-04T06:51:49.994+0000] {processor.py:830} INFO - Processing file /home/airflow/.local/lib/python3.8/site-packages/airflow/example_dags/tutorial_dag.py for tasks to queue
[2026-06-04T06:51:49.996+0000] {logging_mixin.py:188} INFO - [2026-06-04T06:51:49.996+0000] {dagbag.py:538} INFO - Filling up the DagBag from /home/airflow/.local/lib/python3.8/site-packages/airflow/example_dags/tutorial_dag.py
[2026-06-04T06:51:49.999+0000] {processor.py:840} INFO - DAG(s) 'tutorial_dag' retrieved from /home/airflow/.local/lib/python3.8/site-packages/airflow/example_dags/tutorial_dag.py
[2026-06-04T06:51:50.015+0000] {logging_mixin.py:188} INFO - [2026-06-04T06:51:50.015+0000] {dag.py:3033} INFO - Sync 1 DAGs
[2026-06-04T06:51:50.024+0000] {logging_mixin.py:188} INFO - [2026-06-04T06:51:50.024+0000] {dag.py:3820} INFO - Setting next_dagrun for tutorial_dag to None, run_after=None
[2026-06-04T06:51:50.032+0000] {processor.py:183} INFO - Processing /home/airflow/.local/lib/python3.8/site-packages/airflow/example_dags/tutorial_dag.py took 0.043 seconds
[2026-06-04T06:52:20.229+0000] {processor.py:161} INFO - Started process (PID=1787) to work on /home/airflow/.local/lib/python3.8/site-packages/airflow/example_dags/tutorial_dag.py
[2026-06-04T06:52:20.231+0000] {processor.py:830} INFO - Processing file /home/airflow/.local/lib/python3.8/site-packages/airflow/example_dags/tutorial_dag.py for tasks to queue
[2026-06-04T06:52:20.235+0000] {logging_mixin.py:188} INFO - [2026-06-04T06:52:20.235+0000] {dagbag.py:538} INFO - Filling up the DagBag from /home/airflow/.local/lib/python3.8/site-packages/airflow/example_dags/tutorial_dag.py
[2026-06-04T06:52:20.238+0000] {processor.py:840} INFO - DAG(s) 'tutorial_dag' retrieved from /home/airflow/.local/lib/python3.8/site-packages/airflow/example_dags/tutorial_dag.py
[2026-06-04T06:52:20.259+0000] {logging_mixin.py:188} INFO - [2026-06-04T06:52:20.259+0000] {dag.py:3033} INFO - Sync 1 DAGs
[2026-06-04T06:52:20.267+0000] {logging_mixin.py:188} INFO - [2026-06-04T06:52:20.267+0000] {dag.py:3820} INFO - Setting next_dagrun for tutorial_dag to None, run_after=None
[2026-06-04T06:52:20.355+0000] {processor.py:183} INFO - Processing /home/airflow/.local/lib/python3.8/site-packages/airflow/example_dags/tutorial_dag.py took 0.130 seconds
[2026-06-04T06:52:50.444+0000] {processor.py:161} INFO - Started process (PID=1843) to work on /home/airflow/.local/lib/python3.8/site-packages/airflow/example_dags/tutorial_dag.py
[2026-06-04T06:52:50.444+0000] {processor.py:830} INFO - Processing file /home/airflow/.local/lib/python3.8/site-packages/airflow/example_dags/tutorial_dag.py for tasks to queue
[2026-06-04T06:52:50.445+0000] {logging_mixin.py:188} INFO - [2026-06-04T06:52:50.445+0000] {dagbag.py:538} INFO - Filling up the DagBag from /home/airflow/.local/lib/python3.8/site-packages/airflow/example_dags/tutorial_dag.py
[2026-06-04T06:52:50.448+0000] {processor.py:840} INFO - DAG(s) 'tutorial_dag' retrieved from /home/airflow/.local/lib/python3.8/site-packages/airflow/example_dags/tutorial_dag.py
[2026-06-04T06:52:50.456+0000] {logging_mixin.py:188} INFO - [2026-06-04T06:52:50.456+0000] {dag.py:3033} INFO - Sync 1 DAGs
[2026-06-04T06:52:50.461+0000] {logging_mixin.py:188} INFO - [2026-06-04T06:52:50.461+0000] {dag.py:3820} INFO - Setting next_dagrun for tutorial_dag to None, run_after=None
[2026-06-04T06:52:50.467+0000] {processor.py:183} INFO - Processing /home/airflow/.local/lib/python3.8/site-packages/airflow/example_dags/tutorial_dag.py took 0.025 seconds
[2026-06-04T06:53:21.419+0000] {processor.py:161} INFO - Started process (PID=1899) to work on /home/airflow/.local/lib/python3.8/site-packages/airflow/example_dags/tutorial_dag.py
[2026-06-04T06:53:21.421+0000] {processor.py:830} INFO - Processing file /home/airflow/.local/lib/python3.8/site-packages/airflow/example_dags/tutorial_dag.py for tasks to queue
[2026-06-04T06:53:21.425+0000] {logging_mixin.py:188} INFO - [2026-06-04T06:53:21.424+0000] {dagbag.py:538} INFO - Filling up the DagBag from /home/airflow/.local/lib/python3.8/site-packages/airflow/example_dags/tutorial_dag.py
[2026-06-04T06:53:21.435+0000] {processor.py:840} INFO - DAG(s) 'tutorial_dag' retrieved from /home/airflow/.local/lib/python3.8/site-packages/airflow/example_dags/tutorial_dag.py
[2026-06-04T06:53:21.476+0000] {logging_mixin.py:188} INFO - [2026-06-04T06:53:21.476+0000] {dag.py:3033} INFO - Sync 1 DAGs
[2026-06-04T06:53:21.494+0000] {logging_mixin.py:188} INFO - [2026-06-04T06:53:21.494+0000] {dag.py:3820} INFO - Setting next_dagrun for tutorial_dag to None, run_after=None
[2026-06-04T06:53:21.510+0000] {processor.py:183} INFO - Processing /home/airflow/.local/lib/python3.8/site-packages/airflow/example_dags/tutorial_dag.py took 0.099 seconds
[2026-06-04T06:53:51.841+0000] {processor.py:161} INFO - Started process (PID=1955) to work on /home/airflow/.local/lib/python3.8/site-packages/airflow/example_dags/tutorial_dag.py
[2026-06-04T06:53:51.842+0000] {processor.py:830} INFO - Processing file /home/airflow/.local/lib/python3.8/site-packages/airflow/example_dags/tutorial_dag.py for tasks to queue
[2026-06-04T06:53:51.845+0000] {logging_mixin.py:188} INFO - [2026-06-04T06:53:51.844+0000] {dagbag.py:538} INFO - Filling up the DagBag from /home/airflow/.local/lib/python3.8/site-packages/airflow/example_dags/tutorial_dag.py
[2026-06-04T06:53:51.848+0000] {processor.py:840} INFO - DAG(s) 'tutorial_dag' retrieved from /home/airflow/.local/lib/python3.8/site-packages/airflow/example_dags/tutorial_dag.py
[2026-06-04T06:53:51.862+0000] {logging_mixin.py:188} INFO - [2026-06-04T06:53:51.862+0000] {dag.py:3033} INFO - Sync 1 DAGs
[2026-06-04T06:53:51.870+0000] {logging_mixin.py:188} INFO - [2026-06-04T06:53:51.870+0000] {dag.py:3820} INFO - Setting next_dagrun for tutorial_dag to None, run_after=None
[2026-06-04T06:53:51.882+0000] {processor.py:183} INFO - Processing /home/airflow/.local/lib/python3.8/site-packages/airflow/example_dags/tutorial_dag.py took 0.044 seconds
[2026-06-04T06:54:22.668+0000] {processor.py:161} INFO - Started process (PID=2011) to work on /home/airflow/.local/lib/python3.8/site-packages/airflow/example_dags/tutorial_dag.py
[2026-06-04T06:54:22.672+0000] {processor.py:830} INFO - Processing file /home/airflow/.local/lib/python3.8/site-packages/airflow/example_dags/tutorial_dag.py for tasks to queue
[2026-06-04T06:54:22.679+0000] {logging_mixin.py:188} INFO - [2026-06-04T06:54:22.678+0000] {dagbag.py:538} INFO - Filling up the DagBag from /home/airflow/.local/lib/python3.8/site-packages/airflow/example_dags/tutorial_dag.py
[2026-06-04T06:54:22.689+0000] {processor.py:840} INFO - DAG(s) 'tutorial_dag' retrieved from /home/airflow/.local/lib/python3.8/site-packages/airflow/example_dags/tutorial_dag.py
[2026-06-04T06:54:22.715+0000] {logging_mixin.py:188} INFO - [2026-06-04T06:54:22.715+0000] {dag.py:3033} INFO - Sync 1 DAGs
[2026-06-04T06:54:22.845+0000] {logging_mixin.py:188} INFO - [2026-06-04T06:54:22.845+0000] {dag.py:3820} INFO - Setting next_dagrun for tutorial_dag to None, run_after=None
[2026-06-04T06:54:22.858+0000] {processor.py:183} INFO - Processing /home/airflow/.local/lib/python3.8/site-packages/airflow/example_dags/tutorial_dag.py took 0.197 seconds
[2026-06-04T06:54:53.384+0000] {processor.py:161} INFO - Started process (PID=2067) to work on /home/airflow/.local/lib/python3.8/site-packages/airflow/example_dags/tutorial_dag.py
[2026-06-04T06:54:53.386+0000] {processor.py:830} INFO - Processing file /home/airflow/.local/lib/python3.8/site-packages/airflow/example_dags/tutorial_dag.py for tasks to queue
[2026-06-04T06:54:53.388+0000] {logging_mixin.py:188} INFO - [2026-06-04T06:54:53.387+0000] {dagbag.py:538} INFO - Filling up the DagBag from /home/airflow/.local/lib/python3.8/site-packages/airflow/example_dags/tutorial_dag.py
[2026-06-04T06:54:53.392+0000] {processor.py:840} INFO - DAG(s) 'tutorial_dag' retrieved from /home/airflow/.local/lib/python3.8/site-packages/airflow/example_dags/tutorial_dag.py
[2026-06-04T06:54:53.410+0000] {logging_mixin.py:188} INFO - [2026-06-04T06:54:53.410+0000] {dag.py:3033} INFO - Sync 1 DAGs
[2026-06-04T06:54:53.416+0000] {logging_mixin.py:188} INFO - [2026-06-04T06:54:53.416+0000] {dag.py:3820} INFO - Setting next_dagrun for tutorial_dag to None, run_after=None
[2026-06-04T06:54:53.537+0000] {processor.py:183} INFO - Processing /home/airflow/.local/lib/python3.8/site-packages/airflow/example_dags/tutorial_dag.py took 0.156 seconds
[2026-06-04T06:55:23.995+0000] {processor.py:161} INFO - Started process (PID=2123) to work on /home/airflow/.local/lib/python3.8/site-packages/airflow/example_dags/tutorial_dag.py
[2026-06-04T06:55:23.996+0000] {processor.py:830} INFO - Processing file /home/airflow/.local/lib/python3.8/site-packages/airflow/example_dags/tutorial_dag.py for tasks to queue
[2026-06-04T06:55:23.997+0000] {logging_mixin.py:188} INFO - [2026-06-04T06:55:23.997+0000] {dagbag.py:538} INFO - Filling up the DagBag from /home/airflow/.local/lib/python3.8/site-packages/airflow/example_dags/tutorial_dag.py
[2026-06-04T06:55:24.001+0000] {processor.py:840} INFO - DAG(s) 'tutorial_dag' retrieved from /home/airflow/.local/lib/python3.8/site-packages/airflow/example_dags/tutorial_dag.py
[2026-06-04T06:55:24.019+0000] {logging_mixin.py:188} INFO - [2026-06-04T06:55:24.018+0000] {dag.py:3033} INFO - Sync 1 DAGs
[2026-06-04T06:55:24.025+0000] {logging_mixin.py:188} INFO - [2026-06-04T06:55:24.025+0000] {dag.py:3820} INFO - Setting next_dagrun for tutorial_dag to None, run_after=None
[2026-06-04T06:55:24.037+0000] {processor.py:183} INFO - Processing /home/airflow/.local/lib/python3.8/site-packages/airflow/example_dags/tutorial_dag.py took 0.043 seconds
[2026-06-04T06:55:54.970+0000] {processor.py:161} INFO - Started process (PID=2179) to work on /home/airflow/.local/lib/python3.8/site-packages/airflow/example_dags/tutorial_dag.py
[2026-06-04T06:55:54.973+0000] {processor.py:830} INFO - Processing file /home/airflow/.local/lib/python3.8/site-packages/airflow/example_dags/tutorial_dag.py for tasks to queue
[2026-06-04T06:55:54.977+0000] {logging_mixin.py:188} INFO - [2026-06-04T06:55:54.976+0000] {dagbag.py:538} INFO - Filling up the DagBag from /home/airflow/.local/lib/python3.8/site-packages/airflow/example_dags/tutorial_dag.py
[2026-06-04T06:55:54.984+0000] {processor.py:840} INFO - DAG(s) 'tutorial_dag' retrieved from /home/airflow/.local/lib/python3.8/site-packages/airflow/example_dags/tutorial_dag.py
[2026-06-04T06:55:55.012+0000] {logging_mixin.py:188} INFO - [2026-06-04T06:55:55.012+0000] {dag.py:3033} INFO - Sync 1 DAGs
[2026-06-04T06:55:55.032+0000] {logging_mixin.py:188} INFO - [2026-06-04T06:55:55.032+0000] {dag.py:3820} INFO - Setting next_dagrun for tutorial_dag to None, run_after=None
[2026-06-04T06:55:55.053+0000] {processor.py:183} INFO - Processing /home/airflow/.local/lib/python3.8/site-packages/airflow/example_dags/tutorial_dag.py took 0.089 seconds
[2026-06-04T06:56:25.699+0000] {processor.py:161} INFO - Started process (PID=2236) to work on /home/airflow/.local/lib/python3.8/site-packages/airflow/example_dags/tutorial_dag.py
[2026-06-04T06:56:25.701+0000] {processor.py:830} INFO - Processing file /home/airflow/.local/lib/python3.8/site-packages/airflow/example_dags/tutorial_dag.py for tasks to queue
[2026-06-04T06:56:25.705+0000] {logging_mixin.py:188} INFO - [2026-06-04T06:56:25.705+0000] {dagbag.py:538} INFO - Filling up the DagBag from /home/airflow/.local/lib/python3.8/site-packages/airflow/example_dags/tutorial_dag.py
[2026-06-04T06:56:25.715+0000] {processor.py:840} INFO - DAG(s) 'tutorial_dag' retrieved from /home/airflow/.local/lib/python3.8/site-packages/airflow/example_dags/tutorial_dag.py
[2026-06-04T06:56:25.961+0000] {logging_mixin.py:188} INFO - [2026-06-04T06:56:25.961+0000] {dag.py:3033} INFO - Sync 1 DAGs
[2026-06-04T06:56:25.979+0000] {logging_mixin.py:188} INFO - [2026-06-04T06:56:25.979+0000] {dag.py:3820} INFO - Setting next_dagrun for tutorial_dag to None, run_after=None
[2026-06-04T06:56:25.994+0000] {processor.py:183} INFO - Processing /home/airflow/.local/lib/python3.8/site-packages/airflow/example_dags/tutorial_dag.py took 0.297 seconds
[2026-06-04T06:56:56.875+0000] {processor.py:161} INFO - Started process (PID=2292) to work on /home/airflow/.local/lib/python3.8/site-packages/airflow/example_dags/tutorial_dag.py
[2026-06-04T06:56:56.877+0000] {processor.py:830} INFO - Processing file /home/airflow/.local/lib/python3.8/site-packages/airflow/example_dags/tutorial_dag.py for tasks to queue
[2026-06-04T06:56:56.879+0000] {logging_mixin.py:188} INFO - [2026-06-04T06:56:56.878+0000] {dagbag.py:538} INFO - Filling up the DagBag from /home/airflow/.local/lib/python3.8/site-packages/airflow/example_dags/tutorial_dag.py
[2026-06-04T06:56:56.892+0000] {processor.py:840} INFO - DAG(s) 'tutorial_dag' retrieved from /home/airflow/.local/lib/python3.8/site-packages/airflow/example_dags/tutorial_dag.py
[2026-06-04T06:56:56.943+0000] {logging_mixin.py:188} INFO - [2026-06-04T06:56:56.943+0000] {dag.py:3033} INFO - Sync 1 DAGs
[2026-06-04T06:56:56.955+0000] {logging_mixin.py:188} INFO - [2026-06-04T06:56:56.955+0000] {dag.py:3820} INFO - Setting next_dagrun for tutorial_dag to None, run_after=None
[2026-06-04T06:56:56.967+0000] {processor.py:183} INFO - Processing /home/airflow/.local/lib/python3.8/site-packages/airflow/example_dags/tutorial_dag.py took 0.095 seconds
[2026-06-04T06:57:27.769+0000] {processor.py:161} INFO - Started process (PID=2348) to work on /home/airflow/.local/lib/python3.8/site-packages/airflow/example_dags/tutorial_dag.py
[2026-06-04T06:57:27.772+0000] {processor.py:830} INFO - Processing file /home/airflow/.local/lib/python3.8/site-packages/airflow/example_dags/tutorial_dag.py for tasks to queue
[2026-06-04T06:57:27.775+0000] {logging_mixin.py:188} INFO - [2026-06-04T06:57:27.774+0000] {dagbag.py:538} INFO - Filling up the DagBag from /home/airflow/.local/lib/python3.8/site-packages/airflow/example_dags/tutorial_dag.py
[2026-06-04T06:57:27.809+0000] {processor.py:840} INFO - DAG(s) 'tutorial_dag' retrieved from /home/airflow/.local/lib/python3.8/site-packages/airflow/example_dags/tutorial_dag.py
[2026-06-04T06:57:27.900+0000] {logging_mixin.py:188} INFO - [2026-06-04T06:57:27.900+0000] {dag.py:3033} INFO - Sync 1 DAGs
[2026-06-04T06:57:27.913+0000] {logging_mixin.py:188} INFO - [2026-06-04T06:57:27.913+0000] {dag.py:3820} INFO - Setting next_dagrun for tutorial_dag to None, run_after=None
[2026-06-04T06:57:27.936+0000] {processor.py:183} INFO - Processing /home/airflow/.local/lib/python3.8/site-packages/airflow/example_dags/tutorial_dag.py took 0.178 seconds
[2026-06-04T06:57:57.996+0000] {processor.py:161} INFO - Started process (PID=2404) to work on /home/airflow/.local/lib/python3.8/site-packages/airflow/example_dags/tutorial_dag.py
[2026-06-04T06:57:57.997+0000] {processor.py:830} INFO - Processing file /home/airflow/.local/lib/python3.8/site-packages/airflow/example_dags/tutorial_dag.py for tasks to queue
[2026-06-04T06:57:58.001+0000] {logging_mixin.py:188} INFO - [2026-06-04T06:57:58.001+0000] {dagbag.py:538} INFO - Filling up the DagBag from /home/airflow/.local/lib/python3.8/site-packages/airflow/example_dags/tutorial_dag.py
[2026-06-04T06:57:58.005+0000] {processor.py:840} INFO - DAG(s) 'tutorial_dag' retrieved from /home/airflow/.local/lib/python3.8/site-packages/airflow/example_dags/tutorial_dag.py
[2026-06-04T06:57:58.045+0000] {logging_mixin.py:188} INFO - [2026-06-04T06:57:58.045+0000] {dag.py:3033} INFO - Sync 1 DAGs
[2026-06-04T06:57:58.054+0000] {logging_mixin.py:188} INFO - [2026-06-04T06:57:58.054+0000] {dag.py:3820} INFO - Setting next_dagrun for tutorial_dag to None, run_after=None
[2026-06-04T06:57:58.071+0000] {processor.py:183} INFO - Processing /home/airflow/.local/lib/python3.8/site-packages/airflow/example_dags/tutorial_dag.py took 0.077 seconds
[2026-06-04T06:58:28.528+0000] {processor.py:161} INFO - Started process (PID=2460) to work on /home/airflow/.local/lib/python3.8/site-packages/airflow/example_dags/tutorial_dag.py
[2026-06-04T06:58:28.530+0000] {processor.py:830} INFO - Processing file /home/airflow/.local/lib/python3.8/site-packages/airflow/example_dags/tutorial_dag.py for tasks to queue
[2026-06-04T06:58:28.533+0000] {logging_mixin.py:188} INFO - [2026-06-04T06:58:28.533+0000] {dagbag.py:538} INFO - Filling up the DagBag from /home/airflow/.local/lib/python3.8/site-packages/airflow/example_dags/tutorial_dag.py
[2026-06-04T06:58:28.541+0000] {processor.py:840} INFO - DAG(s) 'tutorial_dag' retrieved from /home/airflow/.local/lib/python3.8/site-packages/airflow/example_dags/tutorial_dag.py
[2026-06-04T06:58:28.588+0000] {logging_mixin.py:188} INFO - [2026-06-04T06:58:28.588+0000] {dag.py:3033} INFO - Sync 1 DAGs
[2026-06-04T06:58:28.613+0000] {logging_mixin.py:188} INFO - [2026-06-04T06:58:28.613+0000] {dag.py:3820} INFO - Setting next_dagrun for tutorial_dag to None, run_after=None
[2026-06-04T06:58:28.643+0000] {processor.py:183} INFO - Processing /home/airflow/.local/lib/python3.8/site-packages/airflow/example_dags/tutorial_dag.py took 0.127 seconds
[2026-06-04T06:58:58.984+0000] {processor.py:161} INFO - Started process (PID=2516) to work on /home/airflow/.local/lib/python3.8/site-packages/airflow/example_dags/tutorial_dag.py
[2026-06-04T06:58:58.986+0000] {processor.py:830} INFO - Processing file /home/airflow/.local/lib/python3.8/site-packages/airflow/example_dags/tutorial_dag.py for tasks to queue
[2026-06-04T06:58:58.989+0000] {logging_mixin.py:188} INFO - [2026-06-04T06:58:58.989+0000] {dagbag.py:538} INFO - Filling up the DagBag from /home/airflow/.local/lib/python3.8/site-packages/airflow/example_dags/tutorial_dag.py
[2026-06-04T06:58:58.995+0000] {processor.py:840} INFO - DAG(s) 'tutorial_dag' retrieved from /home/airflow/.local/lib/python3.8/site-packages/airflow/example_dags/tutorial_dag.py
[2026-06-04T06:58:59.015+0000] {logging_mixin.py:188} INFO - [2026-06-04T06:58:59.015+0000] {dag.py:3033} INFO - Sync 1 DAGs
[2026-06-04T06:58:59.027+0000] {logging_mixin.py:188} INFO - [2026-06-04T06:58:59.027+0000] {dag.py:3820} INFO - Setting next_dagrun for tutorial_dag to None, run_after=None
[2026-06-04T06:58:59.040+0000] {processor.py:183} INFO - Processing /home/airflow/.local/lib/python3.8/site-packages/airflow/example_dags/tutorial_dag.py took 0.064 seconds
[2026-06-04T06:59:29.918+0000] {processor.py:161} INFO - Started process (PID=2572) to work on /home/airflow/.local/lib/python3.8/site-packages/airflow/example_dags/tutorial_dag.py
[2026-06-04T06:59:29.922+0000] {processor.py:830} INFO - Processing file /home/airflow/.local/lib/python3.8/site-packages/airflow/example_dags/tutorial_dag.py for tasks to queue
[2026-06-04T06:59:29.924+0000] {logging_mixin.py:188} INFO - [2026-06-04T06:59:29.924+0000] {dagbag.py:538} INFO - Filling up the DagBag from /home/airflow/.local/lib/python3.8/site-packages/airflow/example_dags/tutorial_dag.py
[2026-06-04T06:59:29.932+0000] {processor.py:840} INFO - DAG(s) 'tutorial_dag' retrieved from /home/airflow/.local/lib/python3.8/site-packages/airflow/example_dags/tutorial_dag.py
[2026-06-04T06:59:29.989+0000] {logging_mixin.py:188} INFO - [2026-06-04T06:59:29.989+0000] {dag.py:3033} INFO - Sync 1 DAGs
[2026-06-04T06:59:30.003+0000] {logging_mixin.py:188} INFO - [2026-06-04T06:59:30.003+0000] {dag.py:3820} INFO - Setting next_dagrun for tutorial_dag to None, run_after=None
[2026-06-04T06:59:30.028+0000] {processor.py:183} INFO - Processing /home/airflow/.local/lib/python3.8/site-packages/airflow/example_dags/tutorial_dag.py took 0.114 seconds
[2026-06-04T07:00:00.929+0000] {processor.py:161} INFO - Started process (PID=2628) to work on /home/airflow/.local/lib/python3.8/site-packages/airflow/example_dags/tutorial_dag.py
[2026-06-04T07:00:00.932+0000] {processor.py:830} INFO - Processing file /home/airflow/.local/lib/python3.8/site-packages/airflow/example_dags/tutorial_dag.py for tasks to queue
[2026-06-04T07:00:00.936+0000] {logging_mixin.py:188} INFO - [2026-06-04T07:00:00.935+0000] {dagbag.py:538} INFO - Filling up the DagBag from /home/airflow/.local/lib/python3.8/site-packages/airflow/example_dags/tutorial_dag.py
[2026-06-04T07:00:00.951+0000] {processor.py:840} INFO - DAG(s) 'tutorial_dag' retrieved from /home/airflow/.local/lib/python3.8/site-packages/airflow/example_dags/tutorial_dag.py
[2026-06-04T07:00:01.011+0000] {logging_mixin.py:188} INFO - [2026-06-04T07:00:01.011+0000] {dag.py:3033} INFO - Sync 1 DAGs
[2026-06-04T07:00:01.027+0000] {logging_mixin.py:188} INFO - [2026-06-04T07:00:01.027+0000] {dag.py:3820} INFO - Setting next_dagrun for tutorial_dag to None, run_after=None
[2026-06-04T07:00:01.050+0000] {processor.py:183} INFO - Processing /home/airflow/.local/lib/python3.8/site-packages/airflow/example_dags/tutorial_dag.py took 0.129 seconds
[2026-06-04T07:00:31.553+0000] {processor.py:161} INFO - Started process (PID=2684) to work on /home/airflow/.local/lib/python3.8/site-packages/airflow/example_dags/tutorial_dag.py
[2026-06-04T07:00:31.558+0000] {processor.py:830} INFO - Processing file /home/airflow/.local/lib/python3.8/site-packages/airflow/example_dags/tutorial_dag.py for tasks to queue
[2026-06-04T07:00:31.571+0000] {logging_mixin.py:188} INFO - [2026-06-04T07:00:31.571+0000] {dagbag.py:538} INFO - Filling up the DagBag from /home/airflow/.local/lib/python3.8/site-packages/airflow/example_dags/tutorial_dag.py
[2026-06-04T07:00:31.590+0000] {processor.py:840} INFO - DAG(s) 'tutorial_dag' retrieved from /home/airflow/.local/lib/python3.8/site-packages/airflow/example_dags/tutorial_dag.py
[2026-06-04T07:00:31.651+0000] {logging_mixin.py:188} INFO - [2026-06-04T07:00:31.651+0000] {dag.py:3033} INFO - Sync 1 DAGs
[2026-06-04T07:00:31.675+0000] {logging_mixin.py:188} INFO - [2026-06-04T07:00:31.675+0000] {dag.py:3820} INFO - Setting next_dagrun for tutorial_dag to None, run_after=None
[2026-06-04T07:00:31.712+0000] {processor.py:183} INFO - Processing /home/airflow/.local/lib/python3.8/site-packages/airflow/example_dags/tutorial_dag.py took 0.163 seconds
[2026-06-04T07:01:02.446+0000] {processor.py:161} INFO - Started process (PID=2740) to work on /home/airflow/.local/lib/python3.8/site-packages/airflow/example_dags/tutorial_dag.py
[2026-06-04T07:01:02.448+0000] {processor.py:830} INFO - Processing file /home/airflow/.local/lib/python3.8/site-packages/airflow/example_dags/tutorial_dag.py for tasks to queue
[2026-06-04T07:01:02.452+0000] {logging_mixin.py:188} INFO - [2026-06-04T07:01:02.452+0000] {dagbag.py:538} INFO - Filling up the DagBag from /home/airflow/.local/lib/python3.8/site-packages/airflow/example_dags/tutorial_dag.py
[2026-06-04T07:01:02.475+0000] {processor.py:840} INFO - DAG(s) 'tutorial_dag' retrieved from /home/airflow/.local/lib/python3.8/site-packages/airflow/example_dags/tutorial_dag.py
[2026-06-04T07:01:02.522+0000] {logging_mixin.py:188} INFO - [2026-06-04T07:01:02.522+0000] {dag.py:3033} INFO - Sync 1 DAGs
[2026-06-04T07:01:02.531+0000] {logging_mixin.py:188} INFO - [2026-06-04T07:01:02.531+0000] {dag.py:3820} INFO - Setting next_dagrun for tutorial_dag to None, run_after=None
[2026-06-04T07:01:02.565+0000] {processor.py:183} INFO - Processing /home/airflow/.local/lib/python3.8/site-packages/airflow/example_dags/tutorial_dag.py took 0.126 seconds
[2026-06-04T07:01:33.621+0000] {processor.py:161} INFO - Started process (PID=2796) to work on /home/airflow/.local/lib/python3.8/site-packages/airflow/example_dags/tutorial_dag.py
[2026-06-04T07:01:33.623+0000] {processor.py:830} INFO - Processing file /home/airflow/.local/lib/python3.8/site-packages/airflow/example_dags/tutorial_dag.py for tasks to queue
[2026-06-04T07:01:33.632+0000] {logging_mixin.py:188} INFO - [2026-06-04T07:01:33.631+0000] {dagbag.py:538} INFO - Filling up the DagBag from /home/airflow/.local/lib/python3.8/site-packages/airflow/example_dags/tutorial_dag.py
[2026-06-04T07:01:33.643+0000] {processor.py:840} INFO - DAG(s) 'tutorial_dag' retrieved from /home/airflow/.local/lib/python3.8/site-packages/airflow/example_dags/tutorial_dag.py
[2026-06-04T07:01:33.683+0000] {logging_mixin.py:188} INFO - [2026-06-04T07:01:33.682+0000] {dag.py:3033} INFO - Sync 1 DAGs
[2026-06-04T07:01:33.694+0000] {logging_mixin.py:188} INFO - [2026-06-04T07:01:33.693+0000] {dag.py:3820} INFO - Setting next_dagrun for tutorial_dag to None, run_after=None
[2026-06-04T07:01:33.710+0000] {processor.py:183} INFO - Processing /home/airflow/.local/lib/python3.8/site-packages/airflow/example_dags/tutorial_dag.py took 0.093 seconds
[2026-06-04T07:02:03.919+0000] {processor.py:161} INFO - Started process (PID=2852) to work on /home/airflow/.local/lib/python3.8/site-packages/airflow/example_dags/tutorial_dag.py
[2026-06-04T07:02:03.921+0000] {processor.py:830} INFO - Processing file /home/airflow/.local/lib/python3.8/site-packages/airflow/example_dags/tutorial_dag.py for tasks to queue
[2026-06-04T07:02:03.927+0000] {logging_mixin.py:188} INFO - [2026-06-04T07:02:03.927+0000] {dagbag.py:538} INFO - Filling up the DagBag from /home/airflow/.local/lib/python3.8/site-packages/airflow/example_dags/tutorial_dag.py
[2026-06-04T07:02:03.937+0000] {processor.py:840} INFO - DAG(s) 'tutorial_dag' retrieved from /home/airflow/.local/lib/python3.8/site-packages/airflow/example_dags/tutorial_dag.py
[2026-06-04T07:02:03.991+0000] {logging_mixin.py:188} INFO - [2026-06-04T07:02:03.991+0000] {dag.py:3033} INFO - Sync 1 DAGs
[2026-06-04T07:02:04.001+0000] {logging_mixin.py:188} INFO - [2026-06-04T07:02:04.001+0000] {dag.py:3820} INFO - Setting next_dagrun for tutorial_dag to None, run_after=None
[2026-06-04T07:02:04.021+0000] {processor.py:183} INFO - Processing /home/airflow/.local/lib/python3.8/site-packages/airflow/example_dags/tutorial_dag.py took 0.106 seconds
[2026-06-04T07:02:34.149+0000] {processor.py:161} INFO - Started process (PID=2908) to work on /home/airflow/.local/lib/python3.8/site-packages/airflow/example_dags/tutorial_dag.py
[2026-06-04T07:02:34.151+0000] {processor.py:830} INFO - Processing file /home/airflow/.local/lib/python3.8/site-packages/airflow/example_dags/tutorial_dag.py for tasks to queue
[2026-06-04T07:02:34.156+0000] {logging_mixin.py:188} INFO - [2026-06-04T07:02:34.156+0000] {dagbag.py:538} INFO - Filling up the DagBag from /home/airflow/.local/lib/python3.8/site-packages/airflow/example_dags/tutorial_dag.py
[2026-06-04T07:02:34.167+0000] {processor.py:840} INFO - DAG(s) 'tutorial_dag' retrieved from /home/airflow/.local/lib/python3.8/site-packages/airflow/example_dags/tutorial_dag.py
[2026-06-04T07:02:34.199+0000] {logging_mixin.py:188} INFO - [2026-06-04T07:02:34.199+0000] {dag.py:3033} INFO - Sync 1 DAGs
[2026-06-04T07:02:34.217+0000] {logging_mixin.py:188} INFO - [2026-06-04T07:02:34.217+0000] {dag.py:3820} INFO - Setting next_dagrun for tutorial_dag to None, run_after=None
[2026-06-04T07:02:34.244+0000] {processor.py:183} INFO - Processing /home/airflow/.local/lib/python3.8/site-packages/airflow/example_dags/tutorial_dag.py took 0.100 seconds
[2026-06-04T07:03:04.772+0000] {processor.py:161} INFO - Started process (PID=2965) to work on /home/airflow/.local/lib/python3.8/site-packages/airflow/example_dags/tutorial_dag.py
[2026-06-04T07:03:04.774+0000] {processor.py:830} INFO - Processing file /home/airflow/.local/lib/python3.8/site-packages/airflow/example_dags/tutorial_dag.py for tasks to queue
[2026-06-04T07:03:04.777+0000] {logging_mixin.py:188} INFO - [2026-06-04T07:03:04.777+0000] {dagbag.py:538} INFO - Filling up the DagBag from /home/airflow/.local/lib/python3.8/site-packages/airflow/example_dags/tutorial_dag.py
[2026-06-04T07:03:04.786+0000] {processor.py:840} INFO - DAG(s) 'tutorial_dag' retrieved from /home/airflow/.local/lib/python3.8/site-packages/airflow/example_dags/tutorial_dag.py
[2026-06-04T07:03:04.829+0000] {logging_mixin.py:188} INFO - [2026-06-04T07:03:04.829+0000] {dag.py:3033} INFO - Sync 1 DAGs
[2026-06-04T07:03:04.845+0000] {logging_mixin.py:188} INFO - [2026-06-04T07:03:04.845+0000] {dag.py:3820} INFO - Setting next_dagrun for tutorial_dag to None, run_after=None
[2026-06-04T07:03:04.864+0000] {processor.py:183} INFO - Processing /home/airflow/.local/lib/python3.8/site-packages/airflow/example_dags/tutorial_dag.py took 0.109 seconds
[2026-06-04T07:03:35.252+0000] {processor.py:161} INFO - Started process (PID=3021) to work on /home/airflow/.local/lib/python3.8/site-packages/airflow/example_dags/tutorial_dag.py
[2026-06-04T07:03:35.254+0000] {processor.py:830} INFO - Processing file /home/airflow/.local/lib/python3.8/site-packages/airflow/example_dags/tutorial_dag.py for tasks to queue
[2026-06-04T07:03:35.256+0000] {logging_mixin.py:188} INFO - [2026-06-04T07:03:35.256+0000] {dagbag.py:538} INFO - Filling up the DagBag from /home/airflow/.local/lib/python3.8/site-packages/airflow/example_dags/tutorial_dag.py
[2026-06-04T07:03:35.274+0000] {processor.py:840} INFO - DAG(s) 'tutorial_dag' retrieved from /home/airflow/.local/lib/python3.8/site-packages/airflow/example_dags/tutorial_dag.py
[2026-06-04T07:03:35.306+0000] {logging_mixin.py:188} INFO - [2026-06-04T07:03:35.305+0000] {dag.py:3033} INFO - Sync 1 DAGs
[2026-06-04T07:03:35.324+0000] {logging_mixin.py:188} INFO - [2026-06-04T07:03:35.324+0000] {dag.py:3820} INFO - Setting next_dagrun for tutorial_dag to None, run_after=None
[2026-06-04T07:03:35.338+0000] {processor.py:183} INFO - Processing /home/airflow/.local/lib/python3.8/site-packages/airflow/example_dags/tutorial_dag.py took 0.091 seconds
[2026-06-04T07:04:06.019+0000] {processor.py:161} INFO - Started process (PID=3077) to work on /home/airflow/.local/lib/python3.8/site-packages/airflow/example_dags/tutorial_dag.py
[2026-06-04T07:04:06.022+0000] {processor.py:830} INFO - Processing file /home/airflow/.local/lib/python3.8/site-packages/airflow/example_dags/tutorial_dag.py for tasks to queue
[2026-06-04T07:04:06.032+0000] {logging_mixin.py:188} INFO - [2026-06-04T07:04:06.031+0000] {dagbag.py:538} INFO - Filling up the DagBag from /home/airflow/.local/lib/python3.8/site-packages/airflow/example_dags/tutorial_dag.py
[2026-06-04T07:04:06.043+0000] {processor.py:840} INFO - DAG(s) 'tutorial_dag' retrieved from /home/airflow/.local/lib/python3.8/site-packages/airflow/example_dags/tutorial_dag.py
[2026-06-04T07:04:06.081+0000] {logging_mixin.py:188} INFO - [2026-06-04T07:04:06.081+0000] {dag.py:3033} INFO - Sync 1 DAGs
[2026-06-04T07:04:06.094+0000] {logging_mixin.py:188} INFO - [2026-06-04T07:04:06.094+0000] {dag.py:3820} INFO - Setting next_dagrun for tutorial_dag to None, run_after=None
[2026-06-04T07:04:06.117+0000] {processor.py:183} INFO - Processing /home/airflow/.local/lib/python3.8/site-packages/airflow/example_dags/tutorial_dag.py took 0.102 seconds
[2026-06-04T07:04:37.036+0000] {processor.py:161} INFO - Started process (PID=3133) to work on /home/airflow/.local/lib/python3.8/site-packages/airflow/example_dags/tutorial_dag.py
[2026-06-04T07:04:37.039+0000] {processor.py:830} INFO - Processing file /home/airflow/.local/lib/python3.8/site-packages/airflow/example_dags/tutorial_dag.py for tasks to queue
[2026-06-04T07:04:37.044+0000] {logging_mixin.py:188} INFO - [2026-06-04T07:04:37.044+0000] {dagbag.py:538} INFO - Filling up the DagBag from /home/airflow/.local/lib/python3.8/site-packages/airflow/example_dags/tutorial_dag.py
[2026-06-04T07:04:37.061+0000] {processor.py:840} INFO - DAG(s) 'tutorial_dag' retrieved from /home/airflow/.local/lib/python3.8/site-packages/airflow/example_dags/tutorial_dag.py
[2026-06-04T07:04:37.093+0000] {logging_mixin.py:188} INFO - [2026-06-04T07:04:37.093+0000] {dag.py:3033} INFO - Sync 1 DAGs
[2026-06-04T07:04:37.116+0000] {logging_mixin.py:188} INFO - [2026-06-04T07:04:37.116+0000] {dag.py:3820} INFO - Setting next_dagrun for tutorial_dag to None, run_after=None
[2026-06-04T07:04:37.140+0000] {processor.py:183} INFO - Processing /home/airflow/.local/lib/python3.8/site-packages/airflow/example_dags/tutorial_dag.py took 0.109 seconds
[2026-06-04T07:05:08.173+0000] {processor.py:161} INFO - Started process (PID=3188) to work on /home/airflow/.local/lib/python3.8/site-packages/airflow/example_dags/tutorial_dag.py
[2026-06-04T07:05:08.177+0000] {processor.py:830} INFO - Processing file /home/airflow/.local/lib/python3.8/site-packages/airflow/example_dags/tutorial_dag.py for tasks to queue
[2026-06-04T07:05:08.198+0000] {logging_mixin.py:188} INFO - [2026-06-04T07:05:08.197+0000] {dagbag.py:538} INFO - Filling up the DagBag from /home/airflow/.local/lib/python3.8/site-packages/airflow/example_dags/tutorial_dag.py
[2026-06-04T07:05:08.216+0000] {processor.py:840} INFO - DAG(s) 'tutorial_dag' retrieved from /home/airflow/.local/lib/python3.8/site-packages/airflow/example_dags/tutorial_dag.py
[2026-06-04T07:05:08.268+0000] {logging_mixin.py:188} INFO - [2026-06-04T07:05:08.268+0000] {dag.py:3033} INFO - Sync 1 DAGs
[2026-06-04T07:05:08.278+0000] {logging_mixin.py:188} INFO - [2026-06-04T07:05:08.278+0000] {dag.py:3820} INFO - Setting next_dagrun for tutorial_dag to None, run_after=None
[2026-06-04T07:05:08.299+0000] {processor.py:183} INFO - Processing /home/airflow/.local/lib/python3.8/site-packages/airflow/example_dags/tutorial_dag.py took 0.141 seconds
[2026-06-04T07:05:39.082+0000] {processor.py:161} INFO - Started process (PID=3244) to work on /home/airflow/.local/lib/python3.8/site-packages/airflow/example_dags/tutorial_dag.py
[2026-06-04T07:05:39.082+0000] {processor.py:830} INFO - Processing file /home/airflow/.local/lib/python3.8/site-packages/airflow/example_dags/tutorial_dag.py for tasks to queue
[2026-06-04T07:05:39.085+0000] {logging_mixin.py:188} INFO - [2026-06-04T07:05:39.085+0000] {dagbag.py:538} INFO - Filling up the DagBag from /home/airflow/.local/lib/python3.8/site-packages/airflow/example_dags/tutorial_dag.py
[2026-06-04T07:05:39.103+0000] {processor.py:840} INFO - DAG(s) 'tutorial_dag' retrieved from /home/airflow/.local/lib/python3.8/site-packages/airflow/example_dags/tutorial_dag.py
[2026-06-04T07:05:39.198+0000] {logging_mixin.py:188} INFO - [2026-06-04T07:05:39.198+0000] {dag.py:3033} INFO - Sync 1 DAGs
[2026-06-04T07:05:39.214+0000] {logging_mixin.py:188} INFO - [2026-06-04T07:05:39.214+0000] {dag.py:3820} INFO - Setting next_dagrun for tutorial_dag to None, run_after=None
[2026-06-04T07:05:39.241+0000] {processor.py:183} INFO - Processing /home/airflow/.local/lib/python3.8/site-packages/airflow/example_dags/tutorial_dag.py took 0.162 seconds
[2026-06-04T07:06:09.616+0000] {processor.py:161} INFO - Started process (PID=3300) to work on /home/airflow/.local/lib/python3.8/site-packages/airflow/example_dags/tutorial_dag.py
[2026-06-04T07:06:09.617+0000] {processor.py:830} INFO - Processing file /home/airflow/.local/lib/python3.8/site-packages/airflow/example_dags/tutorial_dag.py for tasks to queue
[2026-06-04T07:06:09.620+0000] {logging_mixin.py:188} INFO - [2026-06-04T07:06:09.620+0000] {dagbag.py:538} INFO - Filling up the DagBag from /home/airflow/.local/lib/python3.8/site-packages/airflow/example_dags/tutorial_dag.py
[2026-06-04T07:06:09.631+0000] {processor.py:840} INFO - DAG(s) 'tutorial_dag' retrieved from /home/airflow/.local/lib/python3.8/site-packages/airflow/example_dags/tutorial_dag.py
[2026-06-04T07:06:09.687+0000] {logging_mixin.py:188} INFO - [2026-06-04T07:06:09.687+0000] {dag.py:3033} INFO - Sync 1 DAGs
[2026-06-04T07:06:09.711+0000] {logging_mixin.py:188} INFO - [2026-06-04T07:06:09.711+0000] {dag.py:3820} INFO - Setting next_dagrun for tutorial_dag to None, run_after=None
[2026-06-04T07:06:09.735+0000] {processor.py:183} INFO - Processing /home/airflow/.local/lib/python3.8/site-packages/airflow/example_dags/tutorial_dag.py took 0.128 seconds
[2026-06-04T07:06:40.169+0000] {processor.py:161} INFO - Started process (PID=3356) to work on /home/airflow/.local/lib/python3.8/site-packages/airflow/example_dags/tutorial_dag.py
[2026-06-04T07:06:40.172+0000] {processor.py:830} INFO - Processing file /home/airflow/.local/lib/python3.8/site-packages/airflow/example_dags/tutorial_dag.py for tasks to queue
[2026-06-04T07:06:40.175+0000] {logging_mixin.py:188} INFO - [2026-06-04T07:06:40.175+0000] {dagbag.py:538} INFO - Filling up the DagBag from /home/airflow/.local/lib/python3.8/site-packages/airflow/example_dags/tutorial_dag.py
[2026-06-04T07:06:40.188+0000] {processor.py:840} INFO - DAG(s) 'tutorial_dag' retrieved from /home/airflow/.local/lib/python3.8/site-packages/airflow/example_dags/tutorial_dag.py
[2026-06-04T07:06:40.237+0000] {logging_mixin.py:188} INFO - [2026-06-04T07:06:40.237+0000] {dag.py:3033} INFO - Sync 1 DAGs
[2026-06-04T07:06:40.249+0000] {logging_mixin.py:188} INFO - [2026-06-04T07:06:40.249+0000] {dag.py:3820} INFO - Setting next_dagrun for tutorial_dag to None, run_after=None
[2026-06-04T07:06:40.265+0000] {processor.py:183} INFO - Processing /home/airflow/.local/lib/python3.8/site-packages/airflow/example_dags/tutorial_dag.py took 0.108 seconds
[2026-06-04T07:07:11.144+0000] {processor.py:161} INFO - Started process (PID=3412) to work on /home/airflow/.local/lib/python3.8/site-packages/airflow/example_dags/tutorial_dag.py
[2026-06-04T07:07:11.149+0000] {processor.py:830} INFO - Processing file /home/airflow/.local/lib/python3.8/site-packages/airflow/example_dags/tutorial_dag.py for tasks to queue
[2026-06-04T07:07:11.152+0000] {logging_mixin.py:188} INFO - [2026-06-04T07:07:11.152+0000] {dagbag.py:538} INFO - Filling up the DagBag from /home/airflow/.local/lib/python3.8/site-packages/airflow/example_dags/tutorial_dag.py
[2026-06-04T07:07:11.162+0000] {processor.py:840} INFO - DAG(s) 'tutorial_dag' retrieved from /home/airflow/.local/lib/python3.8/site-packages/airflow/example_dags/tutorial_dag.py
[2026-06-04T07:07:11.225+0000] {logging_mixin.py:188} INFO - [2026-06-04T07:07:11.224+0000] {dag.py:3033} INFO - Sync 1 DAGs
[2026-06-04T07:07:11.238+0000] {logging_mixin.py:188} INFO - [2026-06-04T07:07:11.238+0000] {dag.py:3820} INFO - Setting next_dagrun for tutorial_dag to None, run_after=None
[2026-06-04T07:07:11.260+0000] {processor.py:183} INFO - Processing /home/airflow/.local/lib/python3.8/site-packages/airflow/example_dags/tutorial_dag.py took 0.129 seconds
[2026-06-04T07:07:41.558+0000] {processor.py:161} INFO - Started process (PID=3468) to work on /home/airflow/.local/lib/python3.8/site-packages/airflow/example_dags/tutorial_dag.py
[2026-06-04T07:07:41.561+0000] {processor.py:830} INFO - Processing file /home/airflow/.local/lib/python3.8/site-packages/airflow/example_dags/tutorial_dag.py for tasks to queue
[2026-06-04T07:07:41.565+0000] {logging_mixin.py:188} INFO - [2026-06-04T07:07:41.565+0000] {dagbag.py:538} INFO - Filling up the DagBag from /home/airflow/.local/lib/python3.8/site-packages/airflow/example_dags/tutorial_dag.py
[2026-06-04T07:07:41.575+0000] {processor.py:840} INFO - DAG(s) 'tutorial_dag' retrieved from /home/airflow/.local/lib/python3.8/site-packages/airflow/example_dags/tutorial_dag.py
[2026-06-04T07:07:41.635+0000] {logging_mixin.py:188} INFO - [2026-06-04T07:07:41.635+0000] {dag.py:3033} INFO - Sync 1 DAGs
[2026-06-04T07:07:41.658+0000] {logging_mixin.py:188} INFO - [2026-06-04T07:07:41.658+0000] {dag.py:3820} INFO - Setting next_dagrun for tutorial_dag to None, run_after=None
[2026-06-04T07:07:41.673+0000] {processor.py:183} INFO - Processing /home/airflow/.local/lib/python3.8/site-packages/airflow/example_dags/tutorial_dag.py took 0.132 seconds
[2026-06-04T07:08:11.775+0000] {processor.py:161} INFO - Started process (PID=3523) to work on /home/airflow/.local/lib/python3.8/site-packages/airflow/example_dags/tutorial_dag.py
[2026-06-04T07:08:11.777+0000] {processor.py:830} INFO - Processing file /home/airflow/.local/lib/python3.8/site-packages/airflow/example_dags/tutorial_dag.py for tasks to queue
[2026-06-04T07:08:11.781+0000] {logging_mixin.py:188} INFO - [2026-06-04T07:08:11.780+0000] {dagbag.py:538} INFO - Filling up the DagBag from /home/airflow/.local/lib/python3.8/site-packages/airflow/example_dags/tutorial_dag.py
[2026-06-04T07:08:11.795+0000] {processor.py:840} INFO - DAG(s) 'tutorial_dag' retrieved from /home/airflow/.local/lib/python3.8/site-packages/airflow/example_dags/tutorial_dag.py
[2026-06-04T07:08:11.841+0000] {logging_mixin.py:188} INFO - [2026-06-04T07:08:11.841+0000] {dag.py:3033} INFO - Sync 1 DAGs
[2026-06-04T07:08:11.856+0000] {logging_mixin.py:188} INFO - [2026-06-04T07:08:11.856+0000] {dag.py:3820} INFO - Setting next_dagrun for tutorial_dag to None, run_after=None
[2026-06-04T07:08:11.871+0000] {processor.py:183} INFO - Processing /home/airflow/.local/lib/python3.8/site-packages/airflow/example_dags/tutorial_dag.py took 0.110 seconds
[2026-06-04T07:08:42.094+0000] {processor.py:161} INFO - Started process (PID=3580) to work on /home/airflow/.local/lib/python3.8/site-packages/airflow/example_dags/tutorial_dag.py
[2026-06-04T07:08:42.096+0000] {processor.py:830} INFO - Processing file /home/airflow/.local/lib/python3.8/site-packages/airflow/example_dags/tutorial_dag.py for tasks to queue
[2026-06-04T07:08:42.101+0000] {logging_mixin.py:188} INFO - [2026-06-04T07:08:42.100+0000] {dagbag.py:538} INFO - Filling up the DagBag from /home/airflow/.local/lib/python3.8/site-packages/airflow/example_dags/tutorial_dag.py
[2026-06-04T07:08:42.119+0000] {processor.py:840} INFO - DAG(s) 'tutorial_dag' retrieved from /home/airflow/.local/lib/python3.8/site-packages/airflow/example_dags/tutorial_dag.py
[2026-06-04T07:08:42.175+0000] {logging_mixin.py:188} INFO - [2026-06-04T07:08:42.174+0000] {dag.py:3033} INFO - Sync 1 DAGs
[2026-06-04T07:08:42.195+0000] {logging_mixin.py:188} INFO - [2026-06-04T07:08:42.195+0000] {dag.py:3820} INFO - Setting next_dagrun for tutorial_dag to None, run_after=None
[2026-06-04T07:08:42.217+0000] {processor.py:183} INFO - Processing /home/airflow/.local/lib/python3.8/site-packages/airflow/example_dags/tutorial_dag.py took 0.129 seconds
[2026-06-04T07:09:12.389+0000] {processor.py:161} INFO - Started process (PID=3636) to work on /home/airflow/.local/lib/python3.8/site-packages/airflow/example_dags/tutorial_dag.py
[2026-06-04T07:09:12.392+0000] {processor.py:830} INFO - Processing file /home/airflow/.local/lib/python3.8/site-packages/airflow/example_dags/tutorial_dag.py for tasks to queue
[2026-06-04T07:09:12.396+0000] {logging_mixin.py:188} INFO - [2026-06-04T07:09:12.396+0000] {dagbag.py:538} INFO - Filling up the DagBag from /home/airflow/.local/lib/python3.8/site-packages/airflow/example_dags/tutorial_dag.py
[2026-06-04T07:09:12.406+0000] {processor.py:840} INFO - DAG(s) 'tutorial_dag' retrieved from /home/airflow/.local/lib/python3.8/site-packages/airflow/example_dags/tutorial_dag.py
[2026-06-04T07:09:12.470+0000] {logging_mixin.py:188} INFO - [2026-06-04T07:09:12.469+0000] {dag.py:3033} INFO - Sync 1 DAGs
[2026-06-04T07:09:12.501+0000] {logging_mixin.py:188} INFO - [2026-06-04T07:09:12.500+0000] {dag.py:3820} INFO - Setting next_dagrun for tutorial_dag to None, run_after=None
[2026-06-04T07:09:12.528+0000] {processor.py:183} INFO - Processing /home/airflow/.local/lib/python3.8/site-packages/airflow/example_dags/tutorial_dag.py took 0.152 seconds
[2026-06-04T07:09:43.072+0000] {processor.py:161} INFO - Started process (PID=3692) to work on /home/airflow/.local/lib/python3.8/site-packages/airflow/example_dags/tutorial_dag.py
[2026-06-04T07:09:43.078+0000] {processor.py:830} INFO - Processing file /home/airflow/.local/lib/python3.8/site-packages/airflow/example_dags/tutorial_dag.py for tasks to queue
[2026-06-04T07:09:43.095+0000] {logging_mixin.py:188} INFO - [2026-06-04T07:09:43.094+0000] {dagbag.py:538} INFO - Filling up the DagBag from /home/airflow/.local/lib/python3.8/site-packages/airflow/example_dags/tutorial_dag.py
[2026-06-04T07:09:43.105+0000] {processor.py:840} INFO - DAG(s) 'tutorial_dag' retrieved from /home/airflow/.local/lib/python3.8/site-packages/airflow/example_dags/tutorial_dag.py
[2026-06-04T07:09:43.180+0000] {logging_mixin.py:188} INFO - [2026-06-04T07:09:43.180+0000] {dag.py:3033} INFO - Sync 1 DAGs
[2026-06-04T07:09:43.199+0000] {logging_mixin.py:188} INFO - [2026-06-04T07:09:43.199+0000] {dag.py:3820} INFO - Setting next_dagrun for tutorial_dag to None, run_after=None
[2026-06-04T07:09:43.224+0000] {processor.py:183} INFO - Processing /home/airflow/.local/lib/python3.8/site-packages/airflow/example_dags/tutorial_dag.py took 0.170 seconds
[2026-06-04T07:10:13.577+0000] {processor.py:161} INFO - Started process (PID=3748) to work on /home/airflow/.local/lib/python3.8/site-packages/airflow/example_dags/tutorial_dag.py
[2026-06-04T07:10:13.586+0000] {processor.py:830} INFO - Processing file /home/airflow/.local/lib/python3.8/site-packages/airflow/example_dags/tutorial_dag.py for tasks to queue
[2026-06-04T07:10:13.589+0000] {logging_mixin.py:188} INFO - [2026-06-04T07:10:13.589+0000] {dagbag.py:538} INFO - Filling up the DagBag from /home/airflow/.local/lib/python3.8/site-packages/airflow/example_dags/tutorial_dag.py
[2026-06-04T07:10:13.629+0000] {processor.py:840} INFO - DAG(s) 'tutorial_dag' retrieved from /home/airflow/.local/lib/python3.8/site-packages/airflow/example_dags/tutorial_dag.py
[2026-06-04T07:10:13.716+0000] {logging_mixin.py:188} INFO - [2026-06-04T07:10:13.715+0000] {dag.py:3033} INFO - Sync 1 DAGs
[2026-06-04T07:10:13.758+0000] {logging_mixin.py:188} INFO - [2026-06-04T07:10:13.758+0000] {dag.py:3820} INFO - Setting next_dagrun for tutorial_dag to None, run_after=None
[2026-06-04T07:10:13.780+0000] {processor.py:183} INFO - Processing /home/airflow/.local/lib/python3.8/site-packages/airflow/example_dags/tutorial_dag.py took 0.219 seconds
[2026-06-04T07:10:44.453+0000] {processor.py:161} INFO - Started process (PID=3804) to work on /home/airflow/.local/lib/python3.8/site-packages/airflow/example_dags/tutorial_dag.py
[2026-06-04T07:10:44.457+0000] {processor.py:830} INFO - Processing file /home/airflow/.local/lib/python3.8/site-packages/airflow/example_dags/tutorial_dag.py for tasks to queue
[2026-06-04T07:10:44.462+0000] {logging_mixin.py:188} INFO - [2026-06-04T07:10:44.461+0000] {dagbag.py:538} INFO - Filling up the DagBag from /home/airflow/.local/lib/python3.8/site-packages/airflow/example_dags/tutorial_dag.py
[2026-06-04T07:10:44.485+0000] {processor.py:840} INFO - DAG(s) 'tutorial_dag' retrieved from /home/airflow/.local/lib/python3.8/site-packages/airflow/example_dags/tutorial_dag.py
[2026-06-04T07:10:44.535+0000] {logging_mixin.py:188} INFO - [2026-06-04T07:10:44.535+0000] {dag.py:3033} INFO - Sync 1 DAGs
[2026-06-04T07:10:44.558+0000] {logging_mixin.py:188} INFO - [2026-06-04T07:10:44.558+0000] {dag.py:3820} INFO - Setting next_dagrun for tutorial_dag to None, run_after=None
[2026-06-04T07:10:44.583+0000] {processor.py:183} INFO - Processing /home/airflow/.local/lib/python3.8/site-packages/airflow/example_dags/tutorial_dag.py took 0.158 seconds
[2026-06-04T07:11:14.695+0000] {processor.py:161} INFO - Started process (PID=3859) to work on /home/airflow/.local/lib/python3.8/site-packages/airflow/example_dags/tutorial_dag.py
[2026-06-04T07:11:14.696+0000] {processor.py:830} INFO - Processing file /home/airflow/.local/lib/python3.8/site-packages/airflow/example_dags/tutorial_dag.py for tasks to queue
[2026-06-04T07:11:14.698+0000] {logging_mixin.py:188} INFO - [2026-06-04T07:11:14.698+0000] {dagbag.py:538} INFO - Filling up the DagBag from /home/airflow/.local/lib/python3.8/site-packages/airflow/example_dags/tutorial_dag.py
[2026-06-04T07:11:14.703+0000] {processor.py:840} INFO - DAG(s) 'tutorial_dag' retrieved from /home/airflow/.local/lib/python3.8/site-packages/airflow/example_dags/tutorial_dag.py
[2026-06-04T07:11:14.720+0000] {logging_mixin.py:188} INFO - [2026-06-04T07:11:14.720+0000] {dag.py:3033} INFO - Sync 1 DAGs
[2026-06-04T07:11:14.727+0000] {logging_mixin.py:188} INFO - [2026-06-04T07:11:14.727+0000] {dag.py:3820} INFO - Setting next_dagrun for tutorial_dag to None, run_after=None
[2026-06-04T07:11:14.737+0000] {processor.py:183} INFO - Processing /home/airflow/.local/lib/python3.8/site-packages/airflow/example_dags/tutorial_dag.py took 0.046 seconds
[2026-06-04T07:11:44.773+0000] {processor.py:161} INFO - Started process (PID=3915) to work on /home/airflow/.local/lib/python3.8/site-packages/airflow/example_dags/tutorial_dag.py
[2026-06-04T07:11:44.774+0000] {processor.py:830} INFO - Processing file /home/airflow/.local/lib/python3.8/site-packages/airflow/example_dags/tutorial_dag.py for tasks to queue
[2026-06-04T07:11:44.775+0000] {logging_mixin.py:188} INFO - [2026-06-04T07:11:44.775+0000] {dagbag.py:538} INFO - Filling up the DagBag from /home/airflow/.local/lib/python3.8/site-packages/airflow/example_dags/tutorial_dag.py
[2026-06-04T07:11:44.780+0000] {processor.py:840} INFO - DAG(s) 'tutorial_dag' retrieved from /home/airflow/.local/lib/python3.8/site-packages/airflow/example_dags/tutorial_dag.py
[2026-06-04T07:11:44.791+0000] {logging_mixin.py:188} INFO - [2026-06-04T07:11:44.791+0000] {dag.py:3033} INFO - Sync 1 DAGs
[2026-06-04T07:11:44.796+0000] {logging_mixin.py:188} INFO - [2026-06-04T07:11:44.796+0000] {dag.py:3820} INFO - Setting next_dagrun for tutorial_dag to None, run_after=None
[2026-06-04T07:11:44.804+0000] {processor.py:183} INFO - Processing /home/airflow/.local/lib/python3.8/site-packages/airflow/example_dags/tutorial_dag.py took 0.035 seconds
[2026-06-04T07:12:14.889+0000] {processor.py:161} INFO - Started process (PID=3971) to work on /home/airflow/.local/lib/python3.8/site-packages/airflow/example_dags/tutorial_dag.py
[2026-06-04T07:12:14.891+0000] {processor.py:830} INFO - Processing file /home/airflow/.local/lib/python3.8/site-packages/airflow/example_dags/tutorial_dag.py for tasks to queue
[2026-06-04T07:12:14.894+0000] {logging_mixin.py:188} INFO - [2026-06-04T07:12:14.894+0000] {dagbag.py:538} INFO - Filling up the DagBag from /home/airflow/.local/lib/python3.8/site-packages/airflow/example_dags/tutorial_dag.py
[2026-06-04T07:12:14.902+0000] {processor.py:840} INFO - DAG(s) 'tutorial_dag' retrieved from /home/airflow/.local/lib/python3.8/site-packages/airflow/example_dags/tutorial_dag.py
[2026-06-04T07:12:14.955+0000] {logging_mixin.py:188} INFO - [2026-06-04T07:12:14.955+0000] {dag.py:3033} INFO - Sync 1 DAGs
[2026-06-04T07:12:14.987+0000] {logging_mixin.py:188} INFO - [2026-06-04T07:12:14.987+0000] {dag.py:3820} INFO - Setting next_dagrun for tutorial_dag to None, run_after=None
[2026-06-04T07:12:15.005+0000] {processor.py:183} INFO - Processing /home/airflow/.local/lib/python3.8/site-packages/airflow/example_dags/tutorial_dag.py took 0.124 seconds
[2026-06-04T07:12:45.765+0000] {processor.py:161} INFO - Started process (PID=4028) to work on /home/airflow/.local/lib/python3.8/site-packages/airflow/example_dags/tutorial_dag.py
[2026-06-04T07:12:45.770+0000] {processor.py:830} INFO - Processing file /home/airflow/.local/lib/python3.8/site-packages/airflow/example_dags/tutorial_dag.py for tasks to queue
[2026-06-04T07:12:45.772+0000] {logging_mixin.py:188} INFO - [2026-06-04T07:12:45.772+0000] {dagbag.py:538} INFO - Filling up the DagBag from /home/airflow/.local/lib/python3.8/site-packages/airflow/example_dags/tutorial_dag.py
[2026-06-04T07:12:45.778+0000] {processor.py:840} INFO - DAG(s) 'tutorial_dag' retrieved from /home/airflow/.local/lib/python3.8/site-packages/airflow/example_dags/tutorial_dag.py
[2026-06-04T07:12:45.797+0000] {logging_mixin.py:188} INFO - [2026-06-04T07:12:45.797+0000] {dag.py:3033} INFO - Sync 1 DAGs
[2026-06-04T07:12:45.805+0000] {logging_mixin.py:188} INFO - [2026-06-04T07:12:45.805+0000] {dag.py:3820} INFO - Setting next_dagrun for tutorial_dag to None, run_after=None
[2026-06-04T07:12:45.817+0000] {processor.py:183} INFO - Processing /home/airflow/.local/lib/python3.8/site-packages/airflow/example_dags/tutorial_dag.py took 0.056 seconds
[2026-06-04T07:13:16.330+0000] {processor.py:161} INFO - Started process (PID=4084) to work on /home/airflow/.local/lib/python3.8/site-packages/airflow/example_dags/tutorial_dag.py
[2026-06-04T07:13:16.332+0000] {processor.py:830} INFO - Processing file /home/airflow/.local/lib/python3.8/site-packages/airflow/example_dags/tutorial_dag.py for tasks to queue
[2026-06-04T07:13:16.335+0000] {logging_mixin.py:188} INFO - [2026-06-04T07:13:16.335+0000] {dagbag.py:538} INFO - Filling up the DagBag from /home/airflow/.local/lib/python3.8/site-packages/airflow/example_dags/tutorial_dag.py
[2026-06-04T07:13:16.345+0000] {processor.py:840} INFO - DAG(s) 'tutorial_dag' retrieved from /home/airflow/.local/lib/python3.8/site-packages/airflow/example_dags/tutorial_dag.py
[2026-06-04T07:13:16.392+0000] {logging_mixin.py:188} INFO - [2026-06-04T07:13:16.391+0000] {dag.py:3033} INFO - Sync 1 DAGs
[2026-06-04T07:13:16.416+0000] {logging_mixin.py:188} INFO - [2026-06-04T07:13:16.415+0000] {dag.py:3820} INFO - Setting next_dagrun for tutorial_dag to None, run_after=None
[2026-06-04T07:13:16.429+0000] {processor.py:183} INFO - Processing /home/airflow/.local/lib/python3.8/site-packages/airflow/example_dags/tutorial_dag.py took 0.110 seconds
[2026-06-04T07:13:46.654+0000] {processor.py:161} INFO - Started process (PID=4140) to work on /home/airflow/.local/lib/python3.8/site-packages/airflow/example_dags/tutorial_dag.py
[2026-06-04T07:13:46.657+0000] {processor.py:830} INFO - Processing file /home/airflow/.local/lib/python3.8/site-packages/airflow/example_dags/tutorial_dag.py for tasks to queue
[2026-06-04T07:13:46.659+0000] {logging_mixin.py:188} INFO - [2026-06-04T07:13:46.658+0000] {dagbag.py:538} INFO - Filling up the DagBag from /home/airflow/.local/lib/python3.8/site-packages/airflow/example_dags/tutorial_dag.py
[2026-06-04T07:13:46.662+0000] {processor.py:840} INFO - DAG(s) 'tutorial_dag' retrieved from /home/airflow/.local/lib/python3.8/site-packages/airflow/example_dags/tutorial_dag.py
[2026-06-04T07:13:46.673+0000] {logging_mixin.py:188} INFO - [2026-06-04T07:13:46.673+0000] {dag.py:3033} INFO - Sync 1 DAGs
[2026-06-04T07:13:46.678+0000] {logging_mixin.py:188} INFO - [2026-06-04T07:13:46.678+0000] {dag.py:3820} INFO - Setting next_dagrun for tutorial_dag to None, run_after=None
[2026-06-04T07:13:46.686+0000] {processor.py:183} INFO - Processing /home/airflow/.local/lib/python3.8/site-packages/airflow/example_dags/tutorial_dag.py took 0.042 seconds
[2026-06-04T07:14:17.280+0000] {processor.py:161} INFO - Started process (PID=4202) to work on /home/airflow/.local/lib/python3.8/site-packages/airflow/example_dags/tutorial_dag.py
[2026-06-04T07:14:17.281+0000] {processor.py:830} INFO - Processing file /home/airflow/.local/lib/python3.8/site-packages/airflow/example_dags/tutorial_dag.py for tasks to queue
[2026-06-04T07:14:17.282+0000] {logging_mixin.py:188} INFO - [2026-06-04T07:14:17.282+0000] {dagbag.py:538} INFO - Filling up the DagBag from /home/airflow/.local/lib/python3.8/site-packages/airflow/example_dags/tutorial_dag.py
[2026-06-04T07:14:17.285+0000] {processor.py:840} INFO - DAG(s) 'tutorial_dag' retrieved from /home/airflow/.local/lib/python3.8/site-packages/airflow/example_dags/tutorial_dag.py
[2026-06-04T07:14:17.296+0000] {logging_mixin.py:188} INFO - [2026-06-04T07:14:17.295+0000] {dag.py:3033} INFO - Sync 1 DAGs
[2026-06-04T07:14:17.301+0000] {logging_mixin.py:188} INFO - [2026-06-04T07:14:17.301+0000] {dag.py:3820} INFO - Setting next_dagrun for tutorial_dag to None, run_after=None
[2026-06-04T07:14:17.308+0000] {processor.py:183} INFO - Processing /home/airflow/.local/lib/python3.8/site-packages/airflow/example_dags/tutorial_dag.py took 0.030 seconds
[2026-06-04T07:14:47.476+0000] {processor.py:161} INFO - Started process (PID=4256) to work on /home/airflow/.local/lib/python3.8/site-packages/airflow/example_dags/tutorial_dag.py
[2026-06-04T07:14:47.478+0000] {processor.py:830} INFO - Processing file /home/airflow/.local/lib/python3.8/site-packages/airflow/example_dags/tutorial_dag.py for tasks to queue
[2026-06-04T07:14:47.481+0000] {logging_mixin.py:188} INFO - [2026-06-04T07:14:47.480+0000] {dagbag.py:538} INFO - Filling up the DagBag from /home/airflow/.local/lib/python3.8/site-packages/airflow/example_dags/tutorial_dag.py
[2026-06-04T07:14:47.485+0000] {processor.py:840} INFO - DAG(s) 'tutorial_dag' retrieved from /home/airflow/.local/lib/python3.8/site-packages/airflow/example_dags/tutorial_dag.py
[2026-06-04T07:14:47.498+0000] {logging_mixin.py:188} INFO - [2026-06-04T07:14:47.498+0000] {dag.py:3033} INFO - Sync 1 DAGs
[2026-06-04T07:14:47.507+0000] {logging_mixin.py:188} INFO - [2026-06-04T07:14:47.507+0000] {dag.py:3820} INFO - Setting next_dagrun for tutorial_dag to None, run_after=None
[2026-06-04T07:14:47.527+0000] {processor.py:183} INFO - Processing /home/airflow/.local/lib/python3.8/site-packages/airflow/example_dags/tutorial_dag.py took 0.053 seconds
[2026-06-04T07:15:18.694+0000] {processor.py:161} INFO - Started process (PID=4312) to work on /home/airflow/.local/lib/python3.8/site-packages/airflow/example_dags/tutorial_dag.py
[2026-06-04T07:15:18.697+0000] {processor.py:830} INFO - Processing file /home/airflow/.local/lib/python3.8/site-packages/airflow/example_dags/tutorial_dag.py for tasks to queue
[2026-06-04T07:15:18.704+0000] {logging_mixin.py:188} INFO - [2026-06-04T07:15:18.703+0000] {dagbag.py:538} INFO - Filling up the DagBag from /home/airflow/.local/lib/python3.8/site-packages/airflow/example_dags/tutorial_dag.py
[2026-06-04T07:15:18.722+0000] {processor.py:840} INFO - DAG(s) 'tutorial_dag' retrieved from /home/airflow/.local/lib/python3.8/site-packages/airflow/example_dags/tutorial_dag.py
[2026-06-04T07:15:18.760+0000] {logging_mixin.py:188} INFO - [2026-06-04T07:15:18.760+0000] {dag.py:3033} INFO - Sync 1 DAGs
[2026-06-04T07:15:18.778+0000] {logging_mixin.py:188} INFO - [2026-06-04T07:15:18.778+0000] {dag.py:3820} INFO - Setting next_dagrun for tutorial_dag to None, run_after=None
[2026-06-04T07:15:18.825+0000] {processor.py:183} INFO - Processing /home/airflow/.local/lib/python3.8/site-packages/airflow/example_dags/tutorial_dag.py took 0.137 seconds
[2026-06-04T07:15:49.785+0000] {processor.py:161} INFO - Started process (PID=4368) to work on /home/airflow/.local/lib/python3.8/site-packages/airflow/example_dags/tutorial_dag.py
[2026-06-04T07:15:49.788+0000] {processor.py:830} INFO - Processing file /home/airflow/.local/lib/python3.8/site-packages/airflow/example_dags/tutorial_dag.py for tasks to queue
[2026-06-04T07:15:49.791+0000] {logging_mixin.py:188} INFO - [2026-06-04T07:15:49.791+0000] {dagbag.py:538} INFO - Filling up the DagBag from /home/airflow/.local/lib/python3.8/site-packages/airflow/example_dags/tutorial_dag.py
[2026-06-04T07:15:49.797+0000] {processor.py:840} INFO - DAG(s) 'tutorial_dag' retrieved from /home/airflow/.local/lib/python3.8/site-packages/airflow/example_dags/tutorial_dag.py
[2026-06-04T07:15:49.815+0000] {logging_mixin.py:188} INFO - [2026-06-04T07:15:49.814+0000] {dag.py:3033} INFO - Sync 1 DAGs
[2026-06-04T07:15:49.827+0000] {logging_mixin.py:188} INFO - [2026-06-04T07:15:49.827+0000] {dag.py:3820} INFO - Setting next_dagrun for tutorial_dag to None, run_after=None
[2026-06-04T07:15:49.846+0000] {processor.py:183} INFO - Processing /home/airflow/.local/lib/python3.8/site-packages/airflow/example_dags/tutorial_dag.py took 0.063 seconds
[2026-06-04T07:16:20.064+0000] {processor.py:161} INFO - Started process (PID=4425) to work on /home/airflow/.local/lib/python3.8/site-packages/airflow/example_dags/tutorial_dag.py
[2026-06-04T07:16:20.065+0000] {processor.py:830} INFO - Processing file /home/airflow/.local/lib/python3.8/site-packages/airflow/example_dags/tutorial_dag.py for tasks to queue
[2026-06-04T07:16:20.068+0000] {logging_mixin.py:188} INFO - [2026-06-04T07:16:20.068+0000] {dagbag.py:538} INFO - Filling up the DagBag from /home/airflow/.local/lib/python3.8/site-packages/airflow/example_dags/tutorial_dag.py
[2026-06-04T07:16:20.071+0000] {processor.py:840} INFO - DAG(s) 'tutorial_dag' retrieved from /home/airflow/.local/lib/python3.8/site-packages/airflow/example_dags/tutorial_dag.py
[2026-06-04T07:16:20.082+0000] {logging_mixin.py:188} INFO - [2026-06-04T07:16:20.082+0000] {dag.py:3033} INFO - Sync 1 DAGs
[2026-06-04T07:16:20.088+0000] {logging_mixin.py:188} INFO - [2026-06-04T07:16:20.088+0000] {dag.py:3820} INFO - Setting next_dagrun for tutorial_dag to None, run_after=None
[2026-06-04T07:16:20.096+0000] {processor.py:183} INFO - Processing /home/airflow/.local/lib/python3.8/site-packages/airflow/example_dags/tutorial_dag.py took 0.035 seconds
