[2026-06-04T07:03:25.512+0000] {taskinstance.py:1957} INFO - Dependencies all met for dep_context=non-requeueable deps ti=<TaskInstance: medallion_pipeline.bronze manual__2026-06-04T07:03:22.642241+00:00 [queued]>
[2026-06-04T07:03:25.517+0000] {taskinstance.py:1957} INFO - Dependencies all met for dep_context=requeueable deps ti=<TaskInstance: medallion_pipeline.bronze manual__2026-06-04T07:03:22.642241+00:00 [queued]>
[2026-06-04T07:03:25.517+0000] {taskinstance.py:2171} INFO - Starting attempt 1 of 1
[2026-06-04T07:03:25.536+0000] {taskinstance.py:2192} INFO - Executing <Task(BashOperator): bronze> on 2026-06-04 07:03:22.642241+00:00
[2026-06-04T07:03:25.547+0000] {standard_task_runner.py:60} INFO - Started process 503 to run task
[2026-06-04T07:03:25.551+0000] {standard_task_runner.py:87} INFO - Running: ['***', 'tasks', 'run', 'medallion_pipeline', 'bronze', 'manual__2026-06-04T07:03:22.642241+00:00', '--job-id', '11', '--raw', '--subdir', 'DAGS_FOLDER/medallion_dag.py', '--cfg-path', '/tmp/tmpw8ab11nz']
[2026-06-04T07:03:25.557+0000] {standard_task_runner.py:88} INFO - Job 11: Subtask bronze
[2026-06-04T07:03:25.600+0000] {task_command.py:423} INFO - Running <TaskInstance: medallion_pipeline.bronze manual__2026-06-04T07:03:22.642241+00:00 [running]> on host e0cbfcd70c95
[2026-06-04T07:03:25.634+0000] {taskinstance.py:2481} INFO - Exporting env vars: AIRFLOW_CTX_DAG_OWNER='***' AIRFLOW_CTX_DAG_ID='medallion_pipeline' AIRFLOW_CTX_TASK_ID='bronze' AIRFLOW_CTX_EXECUTION_DATE='2026-06-04T07:03:22.642241+00:00' AIRFLOW_CTX_TRY_NUMBER='1' AIRFLOW_CTX_DAG_RUN_ID='manual__2026-06-04T07:03:22.642241+00:00'
[2026-06-04T07:03:25.638+0000] {subprocess.py:63} INFO - Tmp dir root location: /tmp
[2026-06-04T07:03:25.638+0000] {subprocess.py:75} INFO - Running command: ['/usr/bin/bash', '-c', 'python3 /opt/medallion/pipeline.py bronze']
[2026-06-04T07:03:25.649+0000] {subprocess.py:86} INFO - Output:
[2026-06-04T07:03:26.161+0000] {subprocess.py:93} INFO - Traceback (most recent call last):
[2026-06-04T07:03:26.165+0000] {subprocess.py:93} INFO -   File "/opt/medallion/pipeline.py", line 47, in <module>
[2026-06-04T07:03:26.165+0000] {subprocess.py:93} INFO -     if step == "bronze": bronze()
[2026-06-04T07:03:26.165+0000] {subprocess.py:93} INFO -   File "/opt/medallion/pipeline.py", line 9, in bronze
[2026-06-04T07:03:26.165+0000] {subprocess.py:93} INFO -     shutil.copy(
[2026-06-04T07:03:26.165+0000] {subprocess.py:93} INFO -   File "/usr/local/lib/python3.8/shutil.py", line 418, in copy
[2026-06-04T07:03:26.165+0000] {subprocess.py:93} INFO -     copyfile(src, dst, follow_symlinks=follow_symlinks)
[2026-06-04T07:03:26.165+0000] {subprocess.py:93} INFO -   File "/usr/local/lib/python3.8/shutil.py", line 264, in copyfile
[2026-06-04T07:03:26.165+0000] {subprocess.py:93} INFO -     with open(src, 'rb') as fsrc, open(dst, 'wb') as fdst:
[2026-06-04T07:03:26.165+0000] {subprocess.py:93} INFO - FileNotFoundError: [Errno 2] No such file or directory: '/opt/medallion/data/yellow_tripdata_2024-01.parquet'
[2026-06-04T07:03:26.211+0000] {subprocess.py:97} INFO - Command exited with return code 1
[2026-06-04T07:03:26.226+0000] {taskinstance.py:2699} ERROR - Task failed with exception
Traceback (most recent call last):
  File "/home/airflow/.local/lib/python3.8/site-packages/airflow/models/taskinstance.py", line 433, in _execute_task
    result = execute_callable(context=context, **execute_callable_kwargs)
  File "/home/airflow/.local/lib/python3.8/site-packages/airflow/operators/bash.py", line 212, in execute
    raise AirflowException(
airflow.exceptions.AirflowException: Bash command failed. The command returned a non-zero exit code 1.
[2026-06-04T07:03:26.229+0000] {taskinstance.py:1138} INFO - Marking task as FAILED. dag_id=medallion_pipeline, task_id=bronze, execution_date=20260604T070322, start_date=20260604T070325, end_date=20260604T070326
[2026-06-04T07:03:26.252+0000] {standard_task_runner.py:107} ERROR - Failed to execute job 11 for task bronze (Bash command failed. The command returned a non-zero exit code 1.; 503)
[2026-06-04T07:03:26.277+0000] {local_task_job_runner.py:234} INFO - Task exited with return code 1
[2026-06-04T07:03:26.303+0000] {taskinstance.py:3281} INFO - 0 downstream tasks scheduled from follow-on schedule check
