[2026-06-04T07:15:45.968+0000] {taskinstance.py:1957} INFO - Dependencies all met for dep_context=non-requeueable deps ti=<TaskInstance: medallion_pipeline.silver manual__2026-06-04T07:15:39.162837+00:00 [queued]>
[2026-06-04T07:15:45.972+0000] {taskinstance.py:1957} INFO - Dependencies all met for dep_context=requeueable deps ti=<TaskInstance: medallion_pipeline.silver manual__2026-06-04T07:15:39.162837+00:00 [queued]>
[2026-06-04T07:15:45.972+0000] {taskinstance.py:2171} INFO - Starting attempt 1 of 1
[2026-06-04T07:15:45.977+0000] {taskinstance.py:2192} INFO - Executing <Task(BashOperator): silver> on 2026-06-04 07:15:39.162837+00:00
[2026-06-04T07:15:45.982+0000] {standard_task_runner.py:60} INFO - Started process 870 to run task
[2026-06-04T07:15:45.985+0000] {standard_task_runner.py:87} INFO - Running: ['***', 'tasks', 'run', 'medallion_pipeline', 'silver', 'manual__2026-06-04T07:15:39.162837+00:00', '--job-id', '21', '--raw', '--subdir', 'DAGS_FOLDER/medallion_dag.py', '--cfg-path', '/tmp/tmp8svg9le9']
[2026-06-04T07:15:45.988+0000] {standard_task_runner.py:88} INFO - Job 21: Subtask silver
[2026-06-04T07:15:46.011+0000] {task_command.py:423} INFO - Running <TaskInstance: medallion_pipeline.silver manual__2026-06-04T07:15:39.162837+00:00 [running]> on host e0cbfcd70c95
[2026-06-04T07:15:46.051+0000] {taskinstance.py:2481} INFO - Exporting env vars: AIRFLOW_CTX_DAG_OWNER='***' AIRFLOW_CTX_DAG_ID='medallion_pipeline' AIRFLOW_CTX_TASK_ID='silver' AIRFLOW_CTX_EXECUTION_DATE='2026-06-04T07:15:39.162837+00:00' AIRFLOW_CTX_TRY_NUMBER='1' AIRFLOW_CTX_DAG_RUN_ID='manual__2026-06-04T07:15:39.162837+00:00'
[2026-06-04T07:15:46.053+0000] {subprocess.py:63} INFO - Tmp dir root location: /tmp
[2026-06-04T07:15:46.053+0000] {subprocess.py:75} INFO - Running command: ['/usr/bin/bash', '-c', 'python3 /opt/medallion/pipeline.py silver']
[2026-06-04T07:15:46.060+0000] {subprocess.py:86} INFO - Output:
[2026-06-04T07:15:48.199+0000] {subprocess.py:97} INFO - Command exited with return code -9
[2026-06-04T07:15:48.328+0000] {taskinstance.py:2699} ERROR - Task failed with exception
Traceback (most recent call last):
  File "/home/airflow/.local/lib/python3.8/site-packages/airflow/models/taskinstance.py", line 433, in _execute_task
    result = execute_callable(context=context, **execute_callable_kwargs)
  File "/home/airflow/.local/lib/python3.8/site-packages/airflow/operators/bash.py", line 212, in execute
    raise AirflowException(
airflow.exceptions.AirflowException: Bash command failed. The command returned a non-zero exit code -9.
[2026-06-04T07:15:48.364+0000] {taskinstance.py:1138} INFO - Marking task as FAILED. dag_id=medallion_pipeline, task_id=silver, execution_date=20260604T071539, start_date=20260604T071545, end_date=20260604T071548
[2026-06-04T07:15:48.413+0000] {standard_task_runner.py:107} ERROR - Failed to execute job 21 for task silver (Bash command failed. The command returned a non-zero exit code -9.; 870)
[2026-06-04T07:15:48.452+0000] {local_task_job_runner.py:234} INFO - Task exited with return code 1
[2026-06-04T07:15:48.522+0000] {taskinstance.py:3281} INFO - 0 downstream tasks scheduled from follow-on schedule check
