[2026-06-04T06:36:33.944+0000] {processor.py:161} INFO - Started process (PID=40) to work on /opt/airflow/dags/medallion_dag.py
[2026-06-04T06:36:33.957+0000] {processor.py:830} INFO - Processing file /opt/airflow/dags/medallion_dag.py for tasks to queue
[2026-06-04T06:36:33.982+0000] {logging_mixin.py:188} INFO - [2026-06-04T06:36:33.981+0000] {dagbag.py:538} INFO - Filling up the DagBag from /opt/airflow/dags/medallion_dag.py
[2026-06-04T06:36:34.058+0000] {processor.py:840} INFO - DAG(s) 'medallion_pipeline' retrieved from /opt/airflow/dags/medallion_dag.py
[2026-06-04T06:36:34.768+0000] {logging_mixin.py:188} INFO - [2026-06-04T06:36:34.767+0000] {dag.py:3033} INFO - Sync 1 DAGs
[2026-06-04T06:36:34.779+0000] {logging_mixin.py:188} INFO - [2026-06-04T06:36:34.778+0000] {dag.py:3820} INFO - Setting next_dagrun for medallion_pipeline to None, run_after=None
[2026-06-04T06:36:34.806+0000] {processor.py:183} INFO - Processing /opt/airflow/dags/medallion_dag.py took 0.909 seconds
[2026-06-04T06:37:04.876+0000] {processor.py:161} INFO - Started process (PID=98) to work on /opt/airflow/dags/medallion_dag.py
[2026-06-04T06:37:04.877+0000] {processor.py:830} INFO - Processing file /opt/airflow/dags/medallion_dag.py for tasks to queue
[2026-06-04T06:37:04.878+0000] {logging_mixin.py:188} INFO - [2026-06-04T06:37:04.878+0000] {dagbag.py:538} INFO - Filling up the DagBag from /opt/airflow/dags/medallion_dag.py
[2026-06-04T06:37:04.884+0000] {processor.py:840} INFO - DAG(s) 'medallion_pipeline' retrieved from /opt/airflow/dags/medallion_dag.py
[2026-06-04T06:37:04.899+0000] {logging_mixin.py:188} INFO - [2026-06-04T06:37:04.899+0000] {dag.py:3033} INFO - Sync 1 DAGs
[2026-06-04T06:37:04.904+0000] {logging_mixin.py:188} INFO - [2026-06-04T06:37:04.904+0000] {dag.py:3820} INFO - Setting next_dagrun for medallion_pipeline to None, run_after=None
[2026-06-04T06:37:04.918+0000] {processor.py:183} INFO - Processing /opt/airflow/dags/medallion_dag.py took 0.044 seconds
[2026-06-04T06:37:35.015+0000] {processor.py:161} INFO - Started process (PID=153) to work on /opt/airflow/dags/medallion_dag.py
[2026-06-04T06:37:35.018+0000] {processor.py:830} INFO - Processing file /opt/airflow/dags/medallion_dag.py for tasks to queue
[2026-06-04T06:37:35.021+0000] {logging_mixin.py:188} INFO - [2026-06-04T06:37:35.020+0000] {dagbag.py:538} INFO - Filling up the DagBag from /opt/airflow/dags/medallion_dag.py
[2026-06-04T06:37:35.028+0000] {processor.py:840} INFO - DAG(s) 'medallion_pipeline' retrieved from /opt/airflow/dags/medallion_dag.py
[2026-06-04T06:37:35.050+0000] {logging_mixin.py:188} INFO - [2026-06-04T06:37:35.050+0000] {dag.py:3033} INFO - Sync 1 DAGs
[2026-06-04T06:37:35.062+0000] {logging_mixin.py:188} INFO - [2026-06-04T06:37:35.062+0000] {dag.py:3820} INFO - Setting next_dagrun for medallion_pipeline to None, run_after=None
[2026-06-04T06:37:35.076+0000] {processor.py:183} INFO - Processing /opt/airflow/dags/medallion_dag.py took 0.084 seconds
[2026-06-04T06:38:05.685+0000] {processor.py:161} INFO - Started process (PID=215) to work on /opt/airflow/dags/medallion_dag.py
[2026-06-04T06:38:05.688+0000] {processor.py:830} INFO - Processing file /opt/airflow/dags/medallion_dag.py for tasks to queue
[2026-06-04T06:38:05.691+0000] {logging_mixin.py:188} INFO - [2026-06-04T06:38:05.691+0000] {dagbag.py:538} INFO - Filling up the DagBag from /opt/airflow/dags/medallion_dag.py
[2026-06-04T06:38:05.698+0000] {processor.py:840} INFO - DAG(s) 'medallion_pipeline' retrieved from /opt/airflow/dags/medallion_dag.py
[2026-06-04T06:38:05.738+0000] {logging_mixin.py:188} INFO - [2026-06-04T06:38:05.737+0000] {dag.py:3033} INFO - Sync 1 DAGs
[2026-06-04T06:38:05.748+0000] {logging_mixin.py:188} INFO - [2026-06-04T06:38:05.748+0000] {dag.py:3820} INFO - Setting next_dagrun for medallion_pipeline to None, run_after=None
[2026-06-04T06:38:05.762+0000] {processor.py:183} INFO - Processing /opt/airflow/dags/medallion_dag.py took 0.084 seconds
[2026-06-04T06:38:35.874+0000] {processor.py:161} INFO - Started process (PID=271) to work on /opt/airflow/dags/medallion_dag.py
[2026-06-04T06:38:35.876+0000] {processor.py:830} INFO - Processing file /opt/airflow/dags/medallion_dag.py for tasks to queue
[2026-06-04T06:38:35.879+0000] {logging_mixin.py:188} INFO - [2026-06-04T06:38:35.879+0000] {dagbag.py:538} INFO - Filling up the DagBag from /opt/airflow/dags/medallion_dag.py
[2026-06-04T06:38:35.907+0000] {processor.py:840} INFO - DAG(s) 'medallion_pipeline' retrieved from /opt/airflow/dags/medallion_dag.py
[2026-06-04T06:38:35.938+0000] {logging_mixin.py:188} INFO - [2026-06-04T06:38:35.938+0000] {dag.py:3033} INFO - Sync 1 DAGs
[2026-06-04T06:38:35.946+0000] {logging_mixin.py:188} INFO - [2026-06-04T06:38:35.946+0000] {dag.py:3820} INFO - Setting next_dagrun for medallion_pipeline to None, run_after=None
[2026-06-04T06:38:35.958+0000] {processor.py:183} INFO - Processing /opt/airflow/dags/medallion_dag.py took 0.090 seconds
[2026-06-04T06:39:06.576+0000] {processor.py:161} INFO - Started process (PID=326) to work on /opt/airflow/dags/medallion_dag.py
[2026-06-04T06:39:06.578+0000] {processor.py:830} INFO - Processing file /opt/airflow/dags/medallion_dag.py for tasks to queue
[2026-06-04T06:39:06.581+0000] {logging_mixin.py:188} INFO - [2026-06-04T06:39:06.580+0000] {dagbag.py:538} INFO - Filling up the DagBag from /opt/airflow/dags/medallion_dag.py
[2026-06-04T06:39:06.611+0000] {processor.py:840} INFO - DAG(s) 'medallion_pipeline' retrieved from /opt/airflow/dags/medallion_dag.py
[2026-06-04T06:39:06.635+0000] {logging_mixin.py:188} INFO - [2026-06-04T06:39:06.634+0000] {dag.py:3033} INFO - Sync 1 DAGs
[2026-06-04T06:39:06.644+0000] {logging_mixin.py:188} INFO - [2026-06-04T06:39:06.644+0000] {dag.py:3820} INFO - Setting next_dagrun for medallion_pipeline to None, run_after=None
[2026-06-04T06:39:06.656+0000] {processor.py:183} INFO - Processing /opt/airflow/dags/medallion_dag.py took 0.086 seconds
[2026-06-04T06:39:36.721+0000] {processor.py:161} INFO - Started process (PID=382) to work on /opt/airflow/dags/medallion_dag.py
[2026-06-04T06:39:36.725+0000] {processor.py:830} INFO - Processing file /opt/airflow/dags/medallion_dag.py for tasks to queue
[2026-06-04T06:39:36.738+0000] {logging_mixin.py:188} INFO - [2026-06-04T06:39:36.737+0000] {dagbag.py:538} INFO - Filling up the DagBag from /opt/airflow/dags/medallion_dag.py
[2026-06-04T06:39:36.751+0000] {processor.py:840} INFO - DAG(s) 'medallion_pipeline' retrieved from /opt/airflow/dags/medallion_dag.py
[2026-06-04T06:39:36.789+0000] {logging_mixin.py:188} INFO - [2026-06-04T06:39:36.789+0000] {dag.py:3033} INFO - Sync 1 DAGs
[2026-06-04T06:39:36.801+0000] {logging_mixin.py:188} INFO - [2026-06-04T06:39:36.801+0000] {dag.py:3820} INFO - Setting next_dagrun for medallion_pipeline to None, run_after=None
[2026-06-04T06:39:36.814+0000] {processor.py:183} INFO - Processing /opt/airflow/dags/medallion_dag.py took 0.110 seconds
[2026-06-04T06:40:07.466+0000] {processor.py:161} INFO - Started process (PID=438) to work on /opt/airflow/dags/medallion_dag.py
[2026-06-04T06:40:07.467+0000] {processor.py:830} INFO - Processing file /opt/airflow/dags/medallion_dag.py for tasks to queue
[2026-06-04T06:40:07.471+0000] {logging_mixin.py:188} INFO - [2026-06-04T06:40:07.471+0000] {dagbag.py:538} INFO - Filling up the DagBag from /opt/airflow/dags/medallion_dag.py
[2026-06-04T06:40:07.484+0000] {processor.py:840} INFO - DAG(s) 'medallion_pipeline' retrieved from /opt/airflow/dags/medallion_dag.py
[2026-06-04T06:40:07.521+0000] {logging_mixin.py:188} INFO - [2026-06-04T06:40:07.521+0000] {dag.py:3033} INFO - Sync 1 DAGs
[2026-06-04T06:40:07.529+0000] {logging_mixin.py:188} INFO - [2026-06-04T06:40:07.529+0000] {dag.py:3820} INFO - Setting next_dagrun for medallion_pipeline to None, run_after=None
[2026-06-04T06:40:07.545+0000] {processor.py:183} INFO - Processing /opt/airflow/dags/medallion_dag.py took 0.088 seconds
[2026-06-04T06:40:37.607+0000] {processor.py:161} INFO - Started process (PID=494) to work on /opt/airflow/dags/medallion_dag.py
[2026-06-04T06:40:37.608+0000] {processor.py:830} INFO - Processing file /opt/airflow/dags/medallion_dag.py for tasks to queue
[2026-06-04T06:40:37.613+0000] {logging_mixin.py:188} INFO - [2026-06-04T06:40:37.612+0000] {dagbag.py:538} INFO - Filling up the DagBag from /opt/airflow/dags/medallion_dag.py
[2026-06-04T06:40:37.625+0000] {processor.py:840} INFO - DAG(s) 'medallion_pipeline' retrieved from /opt/airflow/dags/medallion_dag.py
[2026-06-04T06:40:37.666+0000] {logging_mixin.py:188} INFO - [2026-06-04T06:40:37.666+0000] {dag.py:3033} INFO - Sync 1 DAGs
[2026-06-04T06:40:37.677+0000] {logging_mixin.py:188} INFO - [2026-06-04T06:40:37.677+0000] {dag.py:3820} INFO - Setting next_dagrun for medallion_pipeline to None, run_after=None
[2026-06-04T06:40:37.693+0000] {processor.py:183} INFO - Processing /opt/airflow/dags/medallion_dag.py took 0.092 seconds
[2026-06-04T06:41:08.383+0000] {processor.py:161} INFO - Started process (PID=550) to work on /opt/airflow/dags/medallion_dag.py
[2026-06-04T06:41:08.384+0000] {processor.py:830} INFO - Processing file /opt/airflow/dags/medallion_dag.py for tasks to queue
[2026-06-04T06:41:08.387+0000] {logging_mixin.py:188} INFO - [2026-06-04T06:41:08.386+0000] {dagbag.py:538} INFO - Filling up the DagBag from /opt/airflow/dags/medallion_dag.py
[2026-06-04T06:41:08.403+0000] {processor.py:840} INFO - DAG(s) 'medallion_pipeline' retrieved from /opt/airflow/dags/medallion_dag.py
[2026-06-04T06:41:08.438+0000] {logging_mixin.py:188} INFO - [2026-06-04T06:41:08.438+0000] {dag.py:3033} INFO - Sync 1 DAGs
[2026-06-04T06:41:08.450+0000] {logging_mixin.py:188} INFO - [2026-06-04T06:41:08.450+0000] {dag.py:3820} INFO - Setting next_dagrun for medallion_pipeline to None, run_after=None
[2026-06-04T06:41:08.463+0000] {processor.py:183} INFO - Processing /opt/airflow/dags/medallion_dag.py took 0.086 seconds
[2026-06-04T06:41:39.183+0000] {processor.py:161} INFO - Started process (PID=606) to work on /opt/airflow/dags/medallion_dag.py
[2026-06-04T06:41:39.185+0000] {processor.py:830} INFO - Processing file /opt/airflow/dags/medallion_dag.py for tasks to queue
[2026-06-04T06:41:39.191+0000] {logging_mixin.py:188} INFO - [2026-06-04T06:41:39.191+0000] {dagbag.py:538} INFO - Filling up the DagBag from /opt/airflow/dags/medallion_dag.py
[2026-06-04T06:41:39.208+0000] {processor.py:840} INFO - DAG(s) 'medallion_pipeline' retrieved from /opt/airflow/dags/medallion_dag.py
[2026-06-04T06:41:39.242+0000] {logging_mixin.py:188} INFO - [2026-06-04T06:41:39.242+0000] {dag.py:3033} INFO - Sync 1 DAGs
[2026-06-04T06:41:39.251+0000] {logging_mixin.py:188} INFO - [2026-06-04T06:41:39.251+0000] {dag.py:3820} INFO - Setting next_dagrun for medallion_pipeline to None, run_after=None
[2026-06-04T06:41:39.262+0000] {processor.py:183} INFO - Processing /opt/airflow/dags/medallion_dag.py took 0.087 seconds
[2026-06-04T06:42:10.109+0000] {processor.py:161} INFO - Started process (PID=662) to work on /opt/airflow/dags/medallion_dag.py
[2026-06-04T06:42:10.112+0000] {processor.py:830} INFO - Processing file /opt/airflow/dags/medallion_dag.py for tasks to queue
[2026-06-04T06:42:10.117+0000] {logging_mixin.py:188} INFO - [2026-06-04T06:42:10.117+0000] {dagbag.py:538} INFO - Filling up the DagBag from /opt/airflow/dags/medallion_dag.py
[2026-06-04T06:42:10.130+0000] {processor.py:840} INFO - DAG(s) 'medallion_pipeline' retrieved from /opt/airflow/dags/medallion_dag.py
[2026-06-04T06:42:10.163+0000] {logging_mixin.py:188} INFO - [2026-06-04T06:42:10.162+0000] {dag.py:3033} INFO - Sync 1 DAGs
[2026-06-04T06:42:10.190+0000] {logging_mixin.py:188} INFO - [2026-06-04T06:42:10.189+0000] {dag.py:3820} INFO - Setting next_dagrun for medallion_pipeline to None, run_after=None
[2026-06-04T06:42:10.204+0000] {processor.py:183} INFO - Processing /opt/airflow/dags/medallion_dag.py took 0.104 seconds
[2026-06-04T06:42:40.432+0000] {processor.py:161} INFO - Started process (PID=718) to work on /opt/airflow/dags/medallion_dag.py
[2026-06-04T06:42:40.433+0000] {processor.py:830} INFO - Processing file /opt/airflow/dags/medallion_dag.py for tasks to queue
[2026-06-04T06:42:40.437+0000] {logging_mixin.py:188} INFO - [2026-06-04T06:42:40.437+0000] {dagbag.py:538} INFO - Filling up the DagBag from /opt/airflow/dags/medallion_dag.py
[2026-06-04T06:42:40.461+0000] {processor.py:840} INFO - DAG(s) 'medallion_pipeline' retrieved from /opt/airflow/dags/medallion_dag.py
[2026-06-04T06:42:40.493+0000] {logging_mixin.py:188} INFO - [2026-06-04T06:42:40.493+0000] {dag.py:3033} INFO - Sync 1 DAGs
[2026-06-04T06:42:40.504+0000] {logging_mixin.py:188} INFO - [2026-06-04T06:42:40.504+0000] {dag.py:3820} INFO - Setting next_dagrun for medallion_pipeline to None, run_after=None
[2026-06-04T06:42:40.516+0000] {processor.py:183} INFO - Processing /opt/airflow/dags/medallion_dag.py took 0.092 seconds
[2026-06-04T06:43:10.763+0000] {processor.py:161} INFO - Started process (PID=774) to work on /opt/airflow/dags/medallion_dag.py
[2026-06-04T06:43:10.765+0000] {processor.py:830} INFO - Processing file /opt/airflow/dags/medallion_dag.py for tasks to queue
[2026-06-04T06:43:10.770+0000] {logging_mixin.py:188} INFO - [2026-06-04T06:43:10.770+0000] {dagbag.py:538} INFO - Filling up the DagBag from /opt/airflow/dags/medallion_dag.py
[2026-06-04T06:43:10.781+0000] {processor.py:840} INFO - DAG(s) 'medallion_pipeline' retrieved from /opt/airflow/dags/medallion_dag.py
[2026-06-04T06:43:10.805+0000] {logging_mixin.py:188} INFO - [2026-06-04T06:43:10.805+0000] {dag.py:3033} INFO - Sync 1 DAGs
[2026-06-04T06:43:10.826+0000] {logging_mixin.py:188} INFO - [2026-06-04T06:43:10.825+0000] {dag.py:3820} INFO - Setting next_dagrun for medallion_pipeline to None, run_after=None
[2026-06-04T06:43:10.848+0000] {processor.py:183} INFO - Processing /opt/airflow/dags/medallion_dag.py took 0.091 seconds
[2026-06-04T06:43:40.905+0000] {processor.py:161} INFO - Started process (PID=830) to work on /opt/airflow/dags/medallion_dag.py
[2026-06-04T06:43:40.906+0000] {processor.py:830} INFO - Processing file /opt/airflow/dags/medallion_dag.py for tasks to queue
[2026-06-04T06:43:40.910+0000] {logging_mixin.py:188} INFO - [2026-06-04T06:43:40.910+0000] {dagbag.py:538} INFO - Filling up the DagBag from /opt/airflow/dags/medallion_dag.py
[2026-06-04T06:43:40.923+0000] {processor.py:840} INFO - DAG(s) 'medallion_pipeline' retrieved from /opt/airflow/dags/medallion_dag.py
[2026-06-04T06:43:40.951+0000] {logging_mixin.py:188} INFO - [2026-06-04T06:43:40.951+0000] {dag.py:3033} INFO - Sync 1 DAGs
[2026-06-04T06:43:40.962+0000] {logging_mixin.py:188} INFO - [2026-06-04T06:43:40.961+0000] {dag.py:3820} INFO - Setting next_dagrun for medallion_pipeline to None, run_after=None
[2026-06-04T06:43:40.979+0000] {processor.py:183} INFO - Processing /opt/airflow/dags/medallion_dag.py took 0.079 seconds
[2026-06-04T06:44:11.101+0000] {processor.py:161} INFO - Started process (PID=886) to work on /opt/airflow/dags/medallion_dag.py
[2026-06-04T06:44:11.103+0000] {processor.py:830} INFO - Processing file /opt/airflow/dags/medallion_dag.py for tasks to queue
[2026-06-04T06:44:11.107+0000] {logging_mixin.py:188} INFO - [2026-06-04T06:44:11.107+0000] {dagbag.py:538} INFO - Filling up the DagBag from /opt/airflow/dags/medallion_dag.py
[2026-06-04T06:44:11.125+0000] {processor.py:840} INFO - DAG(s) 'medallion_pipeline' retrieved from /opt/airflow/dags/medallion_dag.py
[2026-06-04T06:44:11.158+0000] {logging_mixin.py:188} INFO - [2026-06-04T06:44:11.157+0000] {dag.py:3033} INFO - Sync 1 DAGs
[2026-06-04T06:44:11.169+0000] {logging_mixin.py:188} INFO - [2026-06-04T06:44:11.169+0000] {dag.py:3820} INFO - Setting next_dagrun for medallion_pipeline to None, run_after=None
[2026-06-04T06:44:11.184+0000] {processor.py:183} INFO - Processing /opt/airflow/dags/medallion_dag.py took 0.087 seconds
[2026-06-04T06:44:41.953+0000] {processor.py:161} INFO - Started process (PID=941) to work on /opt/airflow/dags/medallion_dag.py
[2026-06-04T06:44:41.954+0000] {processor.py:830} INFO - Processing file /opt/airflow/dags/medallion_dag.py for tasks to queue
[2026-06-04T06:44:41.956+0000] {logging_mixin.py:188} INFO - [2026-06-04T06:44:41.956+0000] {dagbag.py:538} INFO - Filling up the DagBag from /opt/airflow/dags/medallion_dag.py
[2026-06-04T06:44:41.967+0000] {processor.py:840} INFO - DAG(s) 'medallion_pipeline' retrieved from /opt/airflow/dags/medallion_dag.py
[2026-06-04T06:44:42.002+0000] {logging_mixin.py:188} INFO - [2026-06-04T06:44:42.002+0000] {dag.py:3033} INFO - Sync 1 DAGs
[2026-06-04T06:44:42.012+0000] {logging_mixin.py:188} INFO - [2026-06-04T06:44:42.011+0000] {dag.py:3820} INFO - Setting next_dagrun for medallion_pipeline to None, run_after=None
[2026-06-04T06:44:42.024+0000] {processor.py:183} INFO - Processing /opt/airflow/dags/medallion_dag.py took 0.076 seconds
[2026-06-04T06:45:12.145+0000] {processor.py:161} INFO - Started process (PID=997) to work on /opt/airflow/dags/medallion_dag.py
[2026-06-04T06:45:12.147+0000] {processor.py:830} INFO - Processing file /opt/airflow/dags/medallion_dag.py for tasks to queue
[2026-06-04T06:45:12.151+0000] {logging_mixin.py:188} INFO - [2026-06-04T06:45:12.150+0000] {dagbag.py:538} INFO - Filling up the DagBag from /opt/airflow/dags/medallion_dag.py
[2026-06-04T06:45:12.167+0000] {processor.py:840} INFO - DAG(s) 'medallion_pipeline' retrieved from /opt/airflow/dags/medallion_dag.py
[2026-06-04T06:45:12.191+0000] {logging_mixin.py:188} INFO - [2026-06-04T06:45:12.191+0000] {dag.py:3033} INFO - Sync 1 DAGs
[2026-06-04T06:45:12.206+0000] {logging_mixin.py:188} INFO - [2026-06-04T06:45:12.205+0000] {dag.py:3820} INFO - Setting next_dagrun for medallion_pipeline to None, run_after=None
[2026-06-04T06:45:12.219+0000] {processor.py:183} INFO - Processing /opt/airflow/dags/medallion_dag.py took 0.092 seconds
[2026-06-04T06:45:42.350+0000] {processor.py:161} INFO - Started process (PID=1053) to work on /opt/airflow/dags/medallion_dag.py
[2026-06-04T06:45:42.352+0000] {processor.py:830} INFO - Processing file /opt/airflow/dags/medallion_dag.py for tasks to queue
[2026-06-04T06:45:42.360+0000] {logging_mixin.py:188} INFO - [2026-06-04T06:45:42.359+0000] {dagbag.py:538} INFO - Filling up the DagBag from /opt/airflow/dags/medallion_dag.py
[2026-06-04T06:45:42.376+0000] {processor.py:840} INFO - DAG(s) 'medallion_pipeline' retrieved from /opt/airflow/dags/medallion_dag.py
[2026-06-04T06:45:42.399+0000] {logging_mixin.py:188} INFO - [2026-06-04T06:45:42.399+0000] {dag.py:3033} INFO - Sync 1 DAGs
[2026-06-04T06:45:42.420+0000] {logging_mixin.py:188} INFO - [2026-06-04T06:45:42.420+0000] {dag.py:3820} INFO - Setting next_dagrun for medallion_pipeline to None, run_after=None
[2026-06-04T06:45:42.436+0000] {processor.py:183} INFO - Processing /opt/airflow/dags/medallion_dag.py took 0.100 seconds
[2026-06-04T06:46:13.238+0000] {processor.py:161} INFO - Started process (PID=1109) to work on /opt/airflow/dags/medallion_dag.py
[2026-06-04T06:46:13.239+0000] {processor.py:830} INFO - Processing file /opt/airflow/dags/medallion_dag.py for tasks to queue
[2026-06-04T06:46:13.242+0000] {logging_mixin.py:188} INFO - [2026-06-04T06:46:13.242+0000] {dagbag.py:538} INFO - Filling up the DagBag from /opt/airflow/dags/medallion_dag.py
[2026-06-04T06:46:13.269+0000] {processor.py:840} INFO - DAG(s) 'medallion_pipeline' retrieved from /opt/airflow/dags/medallion_dag.py
[2026-06-04T06:46:13.295+0000] {logging_mixin.py:188} INFO - [2026-06-04T06:46:13.295+0000] {dag.py:3033} INFO - Sync 1 DAGs
[2026-06-04T06:46:13.305+0000] {logging_mixin.py:188} INFO - [2026-06-04T06:46:13.305+0000] {dag.py:3820} INFO - Setting next_dagrun for medallion_pipeline to None, run_after=None
[2026-06-04T06:46:13.328+0000] {processor.py:183} INFO - Processing /opt/airflow/dags/medallion_dag.py took 0.096 seconds
[2026-06-04T06:46:43.453+0000] {processor.py:161} INFO - Started process (PID=1165) to work on /opt/airflow/dags/medallion_dag.py
[2026-06-04T06:46:43.456+0000] {processor.py:830} INFO - Processing file /opt/airflow/dags/medallion_dag.py for tasks to queue
[2026-06-04T06:46:43.462+0000] {logging_mixin.py:188} INFO - [2026-06-04T06:46:43.462+0000] {dagbag.py:538} INFO - Filling up the DagBag from /opt/airflow/dags/medallion_dag.py
[2026-06-04T06:46:43.474+0000] {processor.py:840} INFO - DAG(s) 'medallion_pipeline' retrieved from /opt/airflow/dags/medallion_dag.py
[2026-06-04T06:46:43.511+0000] {logging_mixin.py:188} INFO - [2026-06-04T06:46:43.511+0000] {dag.py:3033} INFO - Sync 1 DAGs
[2026-06-04T06:46:43.522+0000] {logging_mixin.py:188} INFO - [2026-06-04T06:46:43.521+0000] {dag.py:3820} INFO - Setting next_dagrun for medallion_pipeline to None, run_after=None
[2026-06-04T06:46:43.536+0000] {processor.py:183} INFO - Processing /opt/airflow/dags/medallion_dag.py took 0.089 seconds
[2026-06-04T06:47:13.657+0000] {processor.py:161} INFO - Started process (PID=1221) to work on /opt/airflow/dags/medallion_dag.py
[2026-06-04T06:47:13.659+0000] {processor.py:830} INFO - Processing file /opt/airflow/dags/medallion_dag.py for tasks to queue
[2026-06-04T06:47:13.663+0000] {logging_mixin.py:188} INFO - [2026-06-04T06:47:13.663+0000] {dagbag.py:538} INFO - Filling up the DagBag from /opt/airflow/dags/medallion_dag.py
[2026-06-04T06:47:13.676+0000] {processor.py:840} INFO - DAG(s) 'medallion_pipeline' retrieved from /opt/airflow/dags/medallion_dag.py
[2026-06-04T06:47:13.715+0000] {logging_mixin.py:188} INFO - [2026-06-04T06:47:13.715+0000] {dag.py:3033} INFO - Sync 1 DAGs
[2026-06-04T06:47:13.725+0000] {logging_mixin.py:188} INFO - [2026-06-04T06:47:13.724+0000] {dag.py:3820} INFO - Setting next_dagrun for medallion_pipeline to None, run_after=None
[2026-06-04T06:47:13.738+0000] {processor.py:183} INFO - Processing /opt/airflow/dags/medallion_dag.py took 0.088 seconds
[2026-06-04T06:47:44.617+0000] {processor.py:161} INFO - Started process (PID=1277) to work on /opt/airflow/dags/medallion_dag.py
[2026-06-04T06:47:44.619+0000] {processor.py:830} INFO - Processing file /opt/airflow/dags/medallion_dag.py for tasks to queue
[2026-06-04T06:47:44.625+0000] {logging_mixin.py:188} INFO - [2026-06-04T06:47:44.625+0000] {dagbag.py:538} INFO - Filling up the DagBag from /opt/airflow/dags/medallion_dag.py
[2026-06-04T06:47:44.635+0000] {processor.py:840} INFO - DAG(s) 'medallion_pipeline' retrieved from /opt/airflow/dags/medallion_dag.py
[2026-06-04T06:47:44.656+0000] {logging_mixin.py:188} INFO - [2026-06-04T06:47:44.656+0000] {dag.py:3033} INFO - Sync 1 DAGs
[2026-06-04T06:47:44.664+0000] {logging_mixin.py:188} INFO - [2026-06-04T06:47:44.664+0000] {dag.py:3820} INFO - Setting next_dagrun for medallion_pipeline to None, run_after=None
[2026-06-04T06:47:44.677+0000] {processor.py:183} INFO - Processing /opt/airflow/dags/medallion_dag.py took 0.065 seconds
[2026-06-04T06:48:15.483+0000] {processor.py:161} INFO - Started process (PID=1333) to work on /opt/airflow/dags/medallion_dag.py
[2026-06-04T06:48:15.485+0000] {processor.py:830} INFO - Processing file /opt/airflow/dags/medallion_dag.py for tasks to queue
[2026-06-04T06:48:15.489+0000] {logging_mixin.py:188} INFO - [2026-06-04T06:48:15.488+0000] {dagbag.py:538} INFO - Filling up the DagBag from /opt/airflow/dags/medallion_dag.py
[2026-06-04T06:48:15.499+0000] {processor.py:840} INFO - DAG(s) 'medallion_pipeline' retrieved from /opt/airflow/dags/medallion_dag.py
[2026-06-04T06:48:15.523+0000] {logging_mixin.py:188} INFO - [2026-06-04T06:48:15.523+0000] {dag.py:3033} INFO - Sync 1 DAGs
[2026-06-04T06:48:15.533+0000] {logging_mixin.py:188} INFO - [2026-06-04T06:48:15.533+0000] {dag.py:3820} INFO - Setting next_dagrun for medallion_pipeline to None, run_after=None
[2026-06-04T06:48:15.546+0000] {processor.py:183} INFO - Processing /opt/airflow/dags/medallion_dag.py took 0.071 seconds
[2026-06-04T06:48:46.376+0000] {processor.py:161} INFO - Started process (PID=1389) to work on /opt/airflow/dags/medallion_dag.py
[2026-06-04T06:48:46.377+0000] {processor.py:830} INFO - Processing file /opt/airflow/dags/medallion_dag.py for tasks to queue
[2026-06-04T06:48:46.381+0000] {logging_mixin.py:188} INFO - [2026-06-04T06:48:46.380+0000] {dagbag.py:538} INFO - Filling up the DagBag from /opt/airflow/dags/medallion_dag.py
[2026-06-04T06:48:46.390+0000] {processor.py:840} INFO - DAG(s) 'medallion_pipeline' retrieved from /opt/airflow/dags/medallion_dag.py
[2026-06-04T06:48:46.418+0000] {logging_mixin.py:188} INFO - [2026-06-04T06:48:46.418+0000] {dag.py:3033} INFO - Sync 1 DAGs
[2026-06-04T06:48:46.434+0000] {logging_mixin.py:188} INFO - [2026-06-04T06:48:46.434+0000] {dag.py:3820} INFO - Setting next_dagrun for medallion_pipeline to None, run_after=None
[2026-06-04T06:48:46.448+0000] {processor.py:183} INFO - Processing /opt/airflow/dags/medallion_dag.py took 0.079 seconds
[2026-06-04T06:49:16.936+0000] {processor.py:161} INFO - Started process (PID=1445) to work on /opt/airflow/dags/medallion_dag.py
[2026-06-04T06:49:16.937+0000] {processor.py:830} INFO - Processing file /opt/airflow/dags/medallion_dag.py for tasks to queue
[2026-06-04T06:49:16.941+0000] {logging_mixin.py:188} INFO - [2026-06-04T06:49:16.940+0000] {dagbag.py:538} INFO - Filling up the DagBag from /opt/airflow/dags/medallion_dag.py
[2026-06-04T06:49:16.952+0000] {processor.py:840} INFO - DAG(s) 'medallion_pipeline' retrieved from /opt/airflow/dags/medallion_dag.py
[2026-06-04T06:49:16.990+0000] {logging_mixin.py:188} INFO - [2026-06-04T06:49:16.990+0000] {dag.py:3033} INFO - Sync 1 DAGs
[2026-06-04T06:49:17.001+0000] {logging_mixin.py:188} INFO - [2026-06-04T06:49:17.001+0000] {dag.py:3820} INFO - Setting next_dagrun for medallion_pipeline to None, run_after=None
[2026-06-04T06:49:17.013+0000] {processor.py:183} INFO - Processing /opt/airflow/dags/medallion_dag.py took 0.092 seconds
[2026-06-04T06:49:47.640+0000] {processor.py:161} INFO - Started process (PID=1501) to work on /opt/airflow/dags/medallion_dag.py
[2026-06-04T06:49:47.641+0000] {processor.py:830} INFO - Processing file /opt/airflow/dags/medallion_dag.py for tasks to queue
[2026-06-04T06:49:47.656+0000] {logging_mixin.py:188} INFO - [2026-06-04T06:49:47.655+0000] {dagbag.py:538} INFO - Filling up the DagBag from /opt/airflow/dags/medallion_dag.py
[2026-06-04T06:49:47.666+0000] {processor.py:840} INFO - DAG(s) 'medallion_pipeline' retrieved from /opt/airflow/dags/medallion_dag.py
[2026-06-04T06:49:47.691+0000] {logging_mixin.py:188} INFO - [2026-06-04T06:49:47.691+0000] {dag.py:3033} INFO - Sync 1 DAGs
[2026-06-04T06:49:47.705+0000] {logging_mixin.py:188} INFO - [2026-06-04T06:49:47.705+0000] {dag.py:3820} INFO - Setting next_dagrun for medallion_pipeline to None, run_after=None
[2026-06-04T06:49:47.719+0000] {processor.py:183} INFO - Processing /opt/airflow/dags/medallion_dag.py took 0.084 seconds
[2026-06-04T06:50:17.795+0000] {processor.py:161} INFO - Started process (PID=1557) to work on /opt/airflow/dags/medallion_dag.py
[2026-06-04T06:50:17.798+0000] {processor.py:830} INFO - Processing file /opt/airflow/dags/medallion_dag.py for tasks to queue
[2026-06-04T06:50:17.803+0000] {logging_mixin.py:188} INFO - [2026-06-04T06:50:17.802+0000] {dagbag.py:538} INFO - Filling up the DagBag from /opt/airflow/dags/medallion_dag.py
[2026-06-04T06:50:17.831+0000] {processor.py:840} INFO - DAG(s) 'medallion_pipeline' retrieved from /opt/airflow/dags/medallion_dag.py
[2026-06-04T06:50:17.860+0000] {logging_mixin.py:188} INFO - [2026-06-04T06:50:17.860+0000] {dag.py:3033} INFO - Sync 1 DAGs
[2026-06-04T06:50:17.872+0000] {logging_mixin.py:188} INFO - [2026-06-04T06:50:17.872+0000] {dag.py:3820} INFO - Setting next_dagrun for medallion_pipeline to None, run_after=None
[2026-06-04T06:50:17.884+0000] {processor.py:183} INFO - Processing /opt/airflow/dags/medallion_dag.py took 0.096 seconds
[2026-06-04T06:50:47.935+0000] {processor.py:161} INFO - Started process (PID=1613) to work on /opt/airflow/dags/medallion_dag.py
[2026-06-04T06:50:47.937+0000] {processor.py:830} INFO - Processing file /opt/airflow/dags/medallion_dag.py for tasks to queue
[2026-06-04T06:50:47.940+0000] {logging_mixin.py:188} INFO - [2026-06-04T06:50:47.940+0000] {dagbag.py:538} INFO - Filling up the DagBag from /opt/airflow/dags/medallion_dag.py
[2026-06-04T06:50:47.950+0000] {processor.py:840} INFO - DAG(s) 'medallion_pipeline' retrieved from /opt/airflow/dags/medallion_dag.py
[2026-06-04T06:50:47.985+0000] {logging_mixin.py:188} INFO - [2026-06-04T06:50:47.985+0000] {dag.py:3033} INFO - Sync 1 DAGs
[2026-06-04T06:50:47.995+0000] {logging_mixin.py:188} INFO - [2026-06-04T06:50:47.995+0000] {dag.py:3820} INFO - Setting next_dagrun for medallion_pipeline to None, run_after=None
[2026-06-04T06:50:48.008+0000] {processor.py:183} INFO - Processing /opt/airflow/dags/medallion_dag.py took 0.079 seconds
[2026-06-04T06:51:18.071+0000] {processor.py:161} INFO - Started process (PID=1669) to work on /opt/airflow/dags/medallion_dag.py
[2026-06-04T06:51:18.073+0000] {processor.py:830} INFO - Processing file /opt/airflow/dags/medallion_dag.py for tasks to queue
[2026-06-04T06:51:18.093+0000] {logging_mixin.py:188} INFO - [2026-06-04T06:51:18.091+0000] {dagbag.py:538} INFO - Filling up the DagBag from /opt/airflow/dags/medallion_dag.py
[2026-06-04T06:51:18.112+0000] {processor.py:840} INFO - DAG(s) 'medallion_pipeline' retrieved from /opt/airflow/dags/medallion_dag.py
[2026-06-04T06:51:18.135+0000] {logging_mixin.py:188} INFO - [2026-06-04T06:51:18.134+0000] {dag.py:3033} INFO - Sync 1 DAGs
[2026-06-04T06:51:18.143+0000] {logging_mixin.py:188} INFO - [2026-06-04T06:51:18.143+0000] {dag.py:3820} INFO - Setting next_dagrun for medallion_pipeline to None, run_after=None
[2026-06-04T06:51:18.157+0000] {processor.py:183} INFO - Processing /opt/airflow/dags/medallion_dag.py took 0.094 seconds
[2026-06-04T06:51:48.772+0000] {processor.py:161} INFO - Started process (PID=1725) to work on /opt/airflow/dags/medallion_dag.py
[2026-06-04T06:51:48.774+0000] {processor.py:830} INFO - Processing file /opt/airflow/dags/medallion_dag.py for tasks to queue
[2026-06-04T06:51:48.779+0000] {logging_mixin.py:188} INFO - [2026-06-04T06:51:48.778+0000] {dagbag.py:538} INFO - Filling up the DagBag from /opt/airflow/dags/medallion_dag.py
[2026-06-04T06:51:48.792+0000] {processor.py:840} INFO - DAG(s) 'medallion_pipeline' retrieved from /opt/airflow/dags/medallion_dag.py
[2026-06-04T06:51:48.812+0000] {logging_mixin.py:188} INFO - [2026-06-04T06:51:48.811+0000] {dag.py:3033} INFO - Sync 1 DAGs
[2026-06-04T06:51:48.835+0000] {logging_mixin.py:188} INFO - [2026-06-04T06:51:48.835+0000] {dag.py:3820} INFO - Setting next_dagrun for medallion_pipeline to None, run_after=None
[2026-06-04T06:51:48.849+0000] {processor.py:183} INFO - Processing /opt/airflow/dags/medallion_dag.py took 0.083 seconds
[2026-06-04T06:52:18.957+0000] {processor.py:161} INFO - Started process (PID=1781) to work on /opt/airflow/dags/medallion_dag.py
[2026-06-04T06:52:18.958+0000] {processor.py:830} INFO - Processing file /opt/airflow/dags/medallion_dag.py for tasks to queue
[2026-06-04T06:52:18.963+0000] {logging_mixin.py:188} INFO - [2026-06-04T06:52:18.962+0000] {dagbag.py:538} INFO - Filling up the DagBag from /opt/airflow/dags/medallion_dag.py
[2026-06-04T06:52:18.972+0000] {processor.py:840} INFO - DAG(s) 'medallion_pipeline' retrieved from /opt/airflow/dags/medallion_dag.py
[2026-06-04T06:52:18.993+0000] {logging_mixin.py:188} INFO - [2026-06-04T06:52:18.993+0000] {dag.py:3033} INFO - Sync 1 DAGs
[2026-06-04T06:52:19.001+0000] {logging_mixin.py:188} INFO - [2026-06-04T06:52:19.001+0000] {dag.py:3820} INFO - Setting next_dagrun for medallion_pipeline to None, run_after=None
[2026-06-04T06:52:19.016+0000] {processor.py:183} INFO - Processing /opt/airflow/dags/medallion_dag.py took 0.067 seconds
[2026-06-04T06:52:49.114+0000] {processor.py:161} INFO - Started process (PID=1837) to work on /opt/airflow/dags/medallion_dag.py
[2026-06-04T06:52:49.116+0000] {processor.py:830} INFO - Processing file /opt/airflow/dags/medallion_dag.py for tasks to queue
[2026-06-04T06:52:49.120+0000] {logging_mixin.py:188} INFO - [2026-06-04T06:52:49.120+0000] {dagbag.py:538} INFO - Filling up the DagBag from /opt/airflow/dags/medallion_dag.py
[2026-06-04T06:52:49.129+0000] {processor.py:840} INFO - DAG(s) 'medallion_pipeline' retrieved from /opt/airflow/dags/medallion_dag.py
[2026-06-04T06:52:49.149+0000] {logging_mixin.py:188} INFO - [2026-06-04T06:52:49.149+0000] {dag.py:3033} INFO - Sync 1 DAGs
[2026-06-04T06:52:49.167+0000] {logging_mixin.py:188} INFO - [2026-06-04T06:52:49.167+0000] {dag.py:3820} INFO - Setting next_dagrun for medallion_pipeline to None, run_after=None
[2026-06-04T06:52:49.177+0000] {processor.py:183} INFO - Processing /opt/airflow/dags/medallion_dag.py took 0.068 seconds
[2026-06-04T06:53:20.120+0000] {processor.py:161} INFO - Started process (PID=1893) to work on /opt/airflow/dags/medallion_dag.py
[2026-06-04T06:53:20.125+0000] {processor.py:830} INFO - Processing file /opt/airflow/dags/medallion_dag.py for tasks to queue
[2026-06-04T06:53:20.133+0000] {logging_mixin.py:188} INFO - [2026-06-04T06:53:20.131+0000] {dagbag.py:538} INFO - Filling up the DagBag from /opt/airflow/dags/medallion_dag.py
[2026-06-04T06:53:20.169+0000] {processor.py:840} INFO - DAG(s) 'medallion_pipeline' retrieved from /opt/airflow/dags/medallion_dag.py
[2026-06-04T06:53:20.206+0000] {logging_mixin.py:188} INFO - [2026-06-04T06:53:20.206+0000] {dag.py:3033} INFO - Sync 1 DAGs
[2026-06-04T06:53:20.222+0000] {logging_mixin.py:188} INFO - [2026-06-04T06:53:20.222+0000] {dag.py:3820} INFO - Setting next_dagrun for medallion_pipeline to None, run_after=None
[2026-06-04T06:53:20.251+0000] {processor.py:183} INFO - Processing /opt/airflow/dags/medallion_dag.py took 0.153 seconds
[2026-06-04T06:53:50.625+0000] {processor.py:161} INFO - Started process (PID=1949) to work on /opt/airflow/dags/medallion_dag.py
[2026-06-04T06:53:50.626+0000] {processor.py:830} INFO - Processing file /opt/airflow/dags/medallion_dag.py for tasks to queue
[2026-06-04T06:53:50.629+0000] {logging_mixin.py:188} INFO - [2026-06-04T06:53:50.629+0000] {dagbag.py:538} INFO - Filling up the DagBag from /opt/airflow/dags/medallion_dag.py
[2026-06-04T06:53:50.637+0000] {processor.py:840} INFO - DAG(s) 'medallion_pipeline' retrieved from /opt/airflow/dags/medallion_dag.py
[2026-06-04T06:53:50.667+0000] {logging_mixin.py:188} INFO - [2026-06-04T06:53:50.666+0000] {dag.py:3033} INFO - Sync 1 DAGs
[2026-06-04T06:53:50.680+0000] {logging_mixin.py:188} INFO - [2026-06-04T06:53:50.679+0000] {dag.py:3820} INFO - Setting next_dagrun for medallion_pipeline to None, run_after=None
[2026-06-04T06:53:50.694+0000] {processor.py:183} INFO - Processing /opt/airflow/dags/medallion_dag.py took 0.075 seconds
[2026-06-04T06:54:21.222+0000] {processor.py:161} INFO - Started process (PID=2005) to work on /opt/airflow/dags/medallion_dag.py
[2026-06-04T06:54:21.224+0000] {processor.py:830} INFO - Processing file /opt/airflow/dags/medallion_dag.py for tasks to queue
[2026-06-04T06:54:21.230+0000] {logging_mixin.py:188} INFO - [2026-06-04T06:54:21.230+0000] {dagbag.py:538} INFO - Filling up the DagBag from /opt/airflow/dags/medallion_dag.py
[2026-06-04T06:54:21.241+0000] {processor.py:840} INFO - DAG(s) 'medallion_pipeline' retrieved from /opt/airflow/dags/medallion_dag.py
[2026-06-04T06:54:21.297+0000] {logging_mixin.py:188} INFO - [2026-06-04T06:54:21.297+0000] {dag.py:3033} INFO - Sync 1 DAGs
[2026-06-04T06:54:21.311+0000] {logging_mixin.py:188} INFO - [2026-06-04T06:54:21.311+0000] {dag.py:3820} INFO - Setting next_dagrun for medallion_pipeline to None, run_after=None
[2026-06-04T06:54:21.466+0000] {processor.py:183} INFO - Processing /opt/airflow/dags/medallion_dag.py took 0.262 seconds
[2026-06-04T06:54:52.101+0000] {processor.py:161} INFO - Started process (PID=2061) to work on /opt/airflow/dags/medallion_dag.py
[2026-06-04T06:54:52.105+0000] {processor.py:830} INFO - Processing file /opt/airflow/dags/medallion_dag.py for tasks to queue
[2026-06-04T06:54:52.109+0000] {logging_mixin.py:188} INFO - [2026-06-04T06:54:52.109+0000] {dagbag.py:538} INFO - Filling up the DagBag from /opt/airflow/dags/medallion_dag.py
[2026-06-04T06:54:52.119+0000] {processor.py:840} INFO - DAG(s) 'medallion_pipeline' retrieved from /opt/airflow/dags/medallion_dag.py
[2026-06-04T06:54:52.154+0000] {logging_mixin.py:188} INFO - [2026-06-04T06:54:52.154+0000] {dag.py:3033} INFO - Sync 1 DAGs
[2026-06-04T06:54:52.162+0000] {logging_mixin.py:188} INFO - [2026-06-04T06:54:52.162+0000] {dag.py:3820} INFO - Setting next_dagrun for medallion_pipeline to None, run_after=None
[2026-06-04T06:54:52.177+0000] {processor.py:183} INFO - Processing /opt/airflow/dags/medallion_dag.py took 0.082 seconds
[2026-06-04T06:55:22.714+0000] {processor.py:161} INFO - Started process (PID=2117) to work on /opt/airflow/dags/medallion_dag.py
[2026-06-04T06:55:22.718+0000] {processor.py:830} INFO - Processing file /opt/airflow/dags/medallion_dag.py for tasks to queue
[2026-06-04T06:55:22.723+0000] {logging_mixin.py:188} INFO - [2026-06-04T06:55:22.723+0000] {dagbag.py:538} INFO - Filling up the DagBag from /opt/airflow/dags/medallion_dag.py
[2026-06-04T06:55:22.734+0000] {processor.py:840} INFO - DAG(s) 'medallion_pipeline' retrieved from /opt/airflow/dags/medallion_dag.py
[2026-06-04T06:55:22.772+0000] {logging_mixin.py:188} INFO - [2026-06-04T06:55:22.772+0000] {dag.py:3033} INFO - Sync 1 DAGs
[2026-06-04T06:55:22.785+0000] {logging_mixin.py:188} INFO - [2026-06-04T06:55:22.784+0000] {dag.py:3820} INFO - Setting next_dagrun for medallion_pipeline to None, run_after=None
[2026-06-04T06:55:22.813+0000] {processor.py:183} INFO - Processing /opt/airflow/dags/medallion_dag.py took 0.107 seconds
[2026-06-04T06:55:53.701+0000] {processor.py:161} INFO - Started process (PID=2173) to work on /opt/airflow/dags/medallion_dag.py
[2026-06-04T06:55:53.702+0000] {processor.py:830} INFO - Processing file /opt/airflow/dags/medallion_dag.py for tasks to queue
[2026-06-04T06:55:53.709+0000] {logging_mixin.py:188} INFO - [2026-06-04T06:55:53.707+0000] {dagbag.py:538} INFO - Filling up the DagBag from /opt/airflow/dags/medallion_dag.py
[2026-06-04T06:55:53.727+0000] {processor.py:840} INFO - DAG(s) 'medallion_pipeline' retrieved from /opt/airflow/dags/medallion_dag.py
[2026-06-04T06:55:53.750+0000] {logging_mixin.py:188} INFO - [2026-06-04T06:55:53.750+0000] {dag.py:3033} INFO - Sync 1 DAGs
[2026-06-04T06:55:53.761+0000] {logging_mixin.py:188} INFO - [2026-06-04T06:55:53.760+0000] {dag.py:3820} INFO - Setting next_dagrun for medallion_pipeline to None, run_after=None
[2026-06-04T06:55:53.781+0000] {processor.py:183} INFO - Processing /opt/airflow/dags/medallion_dag.py took 0.084 seconds
[2026-06-04T06:56:23.910+0000] {processor.py:161} INFO - Started process (PID=2230) to work on /opt/airflow/dags/medallion_dag.py
[2026-06-04T06:56:23.913+0000] {processor.py:830} INFO - Processing file /opt/airflow/dags/medallion_dag.py for tasks to queue
[2026-06-04T06:56:23.924+0000] {logging_mixin.py:188} INFO - [2026-06-04T06:56:23.923+0000] {dagbag.py:538} INFO - Filling up the DagBag from /opt/airflow/dags/medallion_dag.py
[2026-06-04T06:56:23.934+0000] {processor.py:840} INFO - DAG(s) 'medallion_pipeline' retrieved from /opt/airflow/dags/medallion_dag.py
[2026-06-04T06:56:24.246+0000] {logging_mixin.py:188} INFO - [2026-06-04T06:56:24.245+0000] {dag.py:3033} INFO - Sync 1 DAGs
[2026-06-04T06:56:24.256+0000] {logging_mixin.py:188} INFO - [2026-06-04T06:56:24.256+0000] {dag.py:3820} INFO - Setting next_dagrun for medallion_pipeline to None, run_after=None
[2026-06-04T06:56:24.269+0000] {processor.py:183} INFO - Processing /opt/airflow/dags/medallion_dag.py took 0.369 seconds
[2026-06-04T06:56:54.658+0000] {processor.py:161} INFO - Started process (PID=2286) to work on /opt/airflow/dags/medallion_dag.py
[2026-06-04T06:56:54.659+0000] {processor.py:830} INFO - Processing file /opt/airflow/dags/medallion_dag.py for tasks to queue
[2026-06-04T06:56:54.664+0000] {logging_mixin.py:188} INFO - [2026-06-04T06:56:54.663+0000] {dagbag.py:538} INFO - Filling up the DagBag from /opt/airflow/dags/medallion_dag.py
[2026-06-04T06:56:54.697+0000] {processor.py:840} INFO - DAG(s) 'medallion_pipeline' retrieved from /opt/airflow/dags/medallion_dag.py
[2026-06-04T06:56:54.724+0000] {logging_mixin.py:188} INFO - [2026-06-04T06:56:54.724+0000] {dag.py:3033} INFO - Sync 1 DAGs
[2026-06-04T06:56:54.745+0000] {logging_mixin.py:188} INFO - [2026-06-04T06:56:54.745+0000] {dag.py:3820} INFO - Setting next_dagrun for medallion_pipeline to None, run_after=None
[2026-06-04T06:56:54.760+0000] {processor.py:183} INFO - Processing /opt/airflow/dags/medallion_dag.py took 0.110 seconds
[2026-06-04T06:57:25.509+0000] {processor.py:161} INFO - Started process (PID=2342) to work on /opt/airflow/dags/medallion_dag.py
[2026-06-04T06:57:25.515+0000] {processor.py:830} INFO - Processing file /opt/airflow/dags/medallion_dag.py for tasks to queue
[2026-06-04T06:57:25.528+0000] {logging_mixin.py:188} INFO - [2026-06-04T06:57:25.527+0000] {dagbag.py:538} INFO - Filling up the DagBag from /opt/airflow/dags/medallion_dag.py
[2026-06-04T06:57:25.539+0000] {processor.py:840} INFO - DAG(s) 'medallion_pipeline' retrieved from /opt/airflow/dags/medallion_dag.py
[2026-06-04T06:57:25.575+0000] {logging_mixin.py:188} INFO - [2026-06-04T06:57:25.575+0000] {dag.py:3033} INFO - Sync 1 DAGs
[2026-06-04T06:57:25.584+0000] {logging_mixin.py:188} INFO - [2026-06-04T06:57:25.584+0000] {dag.py:3820} INFO - Setting next_dagrun for medallion_pipeline to None, run_after=None
[2026-06-04T06:57:25.594+0000] {processor.py:183} INFO - Processing /opt/airflow/dags/medallion_dag.py took 0.092 seconds
[2026-06-04T06:57:55.770+0000] {processor.py:161} INFO - Started process (PID=2398) to work on /opt/airflow/dags/medallion_dag.py
[2026-06-04T06:57:55.775+0000] {processor.py:830} INFO - Processing file /opt/airflow/dags/medallion_dag.py for tasks to queue
[2026-06-04T06:57:55.781+0000] {logging_mixin.py:188} INFO - [2026-06-04T06:57:55.780+0000] {dagbag.py:538} INFO - Filling up the DagBag from /opt/airflow/dags/medallion_dag.py
[2026-06-04T06:57:55.804+0000] {processor.py:840} INFO - DAG(s) 'medallion_pipeline' retrieved from /opt/airflow/dags/medallion_dag.py
[2026-06-04T06:57:55.828+0000] {logging_mixin.py:188} INFO - [2026-06-04T06:57:55.828+0000] {dag.py:3033} INFO - Sync 1 DAGs
[2026-06-04T06:57:55.848+0000] {logging_mixin.py:188} INFO - [2026-06-04T06:57:55.848+0000] {dag.py:3820} INFO - Setting next_dagrun for medallion_pipeline to None, run_after=None
[2026-06-04T06:57:55.864+0000] {processor.py:183} INFO - Processing /opt/airflow/dags/medallion_dag.py took 0.112 seconds
[2026-06-04T06:58:26.182+0000] {processor.py:161} INFO - Started process (PID=2454) to work on /opt/airflow/dags/medallion_dag.py
[2026-06-04T06:58:26.185+0000] {processor.py:830} INFO - Processing file /opt/airflow/dags/medallion_dag.py for tasks to queue
[2026-06-04T06:58:26.190+0000] {logging_mixin.py:188} INFO - [2026-06-04T06:58:26.189+0000] {dagbag.py:538} INFO - Filling up the DagBag from /opt/airflow/dags/medallion_dag.py
[2026-06-04T06:58:26.217+0000] {processor.py:840} INFO - DAG(s) 'medallion_pipeline' retrieved from /opt/airflow/dags/medallion_dag.py
[2026-06-04T06:58:26.246+0000] {logging_mixin.py:188} INFO - [2026-06-04T06:58:26.246+0000] {dag.py:3033} INFO - Sync 1 DAGs
[2026-06-04T06:58:26.269+0000] {logging_mixin.py:188} INFO - [2026-06-04T06:58:26.269+0000] {dag.py:3820} INFO - Setting next_dagrun for medallion_pipeline to None, run_after=None
[2026-06-04T06:58:26.292+0000] {processor.py:183} INFO - Processing /opt/airflow/dags/medallion_dag.py took 0.119 seconds
[2026-06-04T06:58:56.720+0000] {processor.py:161} INFO - Started process (PID=2510) to work on /opt/airflow/dags/medallion_dag.py
[2026-06-04T06:58:56.723+0000] {processor.py:830} INFO - Processing file /opt/airflow/dags/medallion_dag.py for tasks to queue
[2026-06-04T06:58:56.728+0000] {logging_mixin.py:188} INFO - [2026-06-04T06:58:56.728+0000] {dagbag.py:538} INFO - Filling up the DagBag from /opt/airflow/dags/medallion_dag.py
[2026-06-04T06:58:56.740+0000] {processor.py:840} INFO - DAG(s) 'medallion_pipeline' retrieved from /opt/airflow/dags/medallion_dag.py
[2026-06-04T06:58:56.769+0000] {logging_mixin.py:188} INFO - [2026-06-04T06:58:56.768+0000] {dag.py:3033} INFO - Sync 1 DAGs
[2026-06-04T06:58:56.782+0000] {logging_mixin.py:188} INFO - [2026-06-04T06:58:56.782+0000] {dag.py:3820} INFO - Setting next_dagrun for medallion_pipeline to None, run_after=None
[2026-06-04T06:58:56.797+0000] {processor.py:183} INFO - Processing /opt/airflow/dags/medallion_dag.py took 0.099 seconds
[2026-06-04T06:59:27.190+0000] {processor.py:161} INFO - Started process (PID=2566) to work on /opt/airflow/dags/medallion_dag.py
[2026-06-04T06:59:27.193+0000] {processor.py:830} INFO - Processing file /opt/airflow/dags/medallion_dag.py for tasks to queue
[2026-06-04T06:59:27.200+0000] {logging_mixin.py:188} INFO - [2026-06-04T06:59:27.198+0000] {dagbag.py:538} INFO - Filling up the DagBag from /opt/airflow/dags/medallion_dag.py
[2026-06-04T06:59:27.225+0000] {processor.py:840} INFO - DAG(s) 'medallion_pipeline' retrieved from /opt/airflow/dags/medallion_dag.py
[2026-06-04T06:59:27.292+0000] {logging_mixin.py:188} INFO - [2026-06-04T06:59:27.292+0000] {dag.py:3033} INFO - Sync 1 DAGs
[2026-06-04T06:59:27.324+0000] {logging_mixin.py:188} INFO - [2026-06-04T06:59:27.324+0000] {dag.py:3820} INFO - Setting next_dagrun for medallion_pipeline to None, run_after=None
[2026-06-04T06:59:27.411+0000] {processor.py:183} INFO - Processing /opt/airflow/dags/medallion_dag.py took 0.241 seconds
[2026-06-04T06:59:57.689+0000] {processor.py:161} INFO - Started process (PID=2622) to work on /opt/airflow/dags/medallion_dag.py
[2026-06-04T06:59:57.691+0000] {processor.py:830} INFO - Processing file /opt/airflow/dags/medallion_dag.py for tasks to queue
[2026-06-04T06:59:57.695+0000] {logging_mixin.py:188} INFO - [2026-06-04T06:59:57.695+0000] {dagbag.py:538} INFO - Filling up the DagBag from /opt/airflow/dags/medallion_dag.py
[2026-06-04T06:59:57.704+0000] {processor.py:840} INFO - DAG(s) 'medallion_pipeline' retrieved from /opt/airflow/dags/medallion_dag.py
[2026-06-04T06:59:57.736+0000] {logging_mixin.py:188} INFO - [2026-06-04T06:59:57.736+0000] {dag.py:3033} INFO - Sync 1 DAGs
[2026-06-04T06:59:57.745+0000] {logging_mixin.py:188} INFO - [2026-06-04T06:59:57.745+0000] {dag.py:3820} INFO - Setting next_dagrun for medallion_pipeline to None, run_after=None
[2026-06-04T06:59:57.756+0000] {processor.py:183} INFO - Processing /opt/airflow/dags/medallion_dag.py took 0.078 seconds
[2026-06-04T07:00:28.193+0000] {processor.py:161} INFO - Started process (PID=2678) to work on /opt/airflow/dags/medallion_dag.py
[2026-06-04T07:00:28.199+0000] {processor.py:830} INFO - Processing file /opt/airflow/dags/medallion_dag.py for tasks to queue
[2026-06-04T07:00:28.207+0000] {logging_mixin.py:188} INFO - [2026-06-04T07:00:28.206+0000] {dagbag.py:538} INFO - Filling up the DagBag from /opt/airflow/dags/medallion_dag.py
[2026-06-04T07:00:28.220+0000] {processor.py:840} INFO - DAG(s) 'medallion_pipeline' retrieved from /opt/airflow/dags/medallion_dag.py
[2026-06-04T07:00:28.256+0000] {logging_mixin.py:188} INFO - [2026-06-04T07:00:28.256+0000] {dag.py:3033} INFO - Sync 1 DAGs
[2026-06-04T07:00:28.270+0000] {logging_mixin.py:188} INFO - [2026-06-04T07:00:28.270+0000] {dag.py:3820} INFO - Setting next_dagrun for medallion_pipeline to None, run_after=None
[2026-06-04T07:00:28.299+0000] {processor.py:183} INFO - Processing /opt/airflow/dags/medallion_dag.py took 0.118 seconds
[2026-06-04T07:00:58.897+0000] {processor.py:161} INFO - Started process (PID=2734) to work on /opt/airflow/dags/medallion_dag.py
[2026-06-04T07:00:58.899+0000] {processor.py:830} INFO - Processing file /opt/airflow/dags/medallion_dag.py for tasks to queue
[2026-06-04T07:00:58.904+0000] {logging_mixin.py:188} INFO - [2026-06-04T07:00:58.903+0000] {dagbag.py:538} INFO - Filling up the DagBag from /opt/airflow/dags/medallion_dag.py
[2026-06-04T07:00:58.915+0000] {processor.py:840} INFO - DAG(s) 'medallion_pipeline' retrieved from /opt/airflow/dags/medallion_dag.py
[2026-06-04T07:00:58.956+0000] {logging_mixin.py:188} INFO - [2026-06-04T07:00:58.956+0000] {dag.py:3033} INFO - Sync 1 DAGs
[2026-06-04T07:00:58.969+0000] {logging_mixin.py:188} INFO - [2026-06-04T07:00:58.969+0000] {dag.py:3820} INFO - Setting next_dagrun for medallion_pipeline to None, run_after=None
[2026-06-04T07:00:58.986+0000] {processor.py:183} INFO - Processing /opt/airflow/dags/medallion_dag.py took 0.097 seconds
[2026-06-04T07:01:29.234+0000] {processor.py:161} INFO - Started process (PID=2790) to work on /opt/airflow/dags/medallion_dag.py
[2026-06-04T07:01:29.236+0000] {processor.py:830} INFO - Processing file /opt/airflow/dags/medallion_dag.py for tasks to queue
[2026-06-04T07:01:29.241+0000] {logging_mixin.py:188} INFO - [2026-06-04T07:01:29.241+0000] {dagbag.py:538} INFO - Filling up the DagBag from /opt/airflow/dags/medallion_dag.py
[2026-06-04T07:01:29.262+0000] {processor.py:840} INFO - DAG(s) 'medallion_pipeline' retrieved from /opt/airflow/dags/medallion_dag.py
[2026-06-04T07:01:29.296+0000] {logging_mixin.py:188} INFO - [2026-06-04T07:01:29.296+0000] {dag.py:3033} INFO - Sync 1 DAGs
[2026-06-04T07:01:29.322+0000] {logging_mixin.py:188} INFO - [2026-06-04T07:01:29.322+0000] {dag.py:3820} INFO - Setting next_dagrun for medallion_pipeline to None, run_after=None
[2026-06-04T07:01:29.337+0000] {processor.py:183} INFO - Processing /opt/airflow/dags/medallion_dag.py took 0.109 seconds
[2026-06-04T07:01:59.524+0000] {processor.py:161} INFO - Started process (PID=2846) to work on /opt/airflow/dags/medallion_dag.py
[2026-06-04T07:01:59.525+0000] {processor.py:830} INFO - Processing file /opt/airflow/dags/medallion_dag.py for tasks to queue
[2026-06-04T07:01:59.530+0000] {logging_mixin.py:188} INFO - [2026-06-04T07:01:59.530+0000] {dagbag.py:538} INFO - Filling up the DagBag from /opt/airflow/dags/medallion_dag.py
[2026-06-04T07:01:59.541+0000] {processor.py:840} INFO - DAG(s) 'medallion_pipeline' retrieved from /opt/airflow/dags/medallion_dag.py
[2026-06-04T07:01:59.588+0000] {logging_mixin.py:188} INFO - [2026-06-04T07:01:59.588+0000] {dag.py:3033} INFO - Sync 1 DAGs
[2026-06-04T07:01:59.606+0000] {logging_mixin.py:188} INFO - [2026-06-04T07:01:59.605+0000] {dag.py:3820} INFO - Setting next_dagrun for medallion_pipeline to None, run_after=None
[2026-06-04T07:01:59.625+0000] {processor.py:183} INFO - Processing /opt/airflow/dags/medallion_dag.py took 0.129 seconds
[2026-06-04T07:02:29.943+0000] {processor.py:161} INFO - Started process (PID=2902) to work on /opt/airflow/dags/medallion_dag.py
[2026-06-04T07:02:29.975+0000] {processor.py:830} INFO - Processing file /opt/airflow/dags/medallion_dag.py for tasks to queue
[2026-06-04T07:02:29.987+0000] {logging_mixin.py:188} INFO - [2026-06-04T07:02:29.986+0000] {dagbag.py:538} INFO - Filling up the DagBag from /opt/airflow/dags/medallion_dag.py
[2026-06-04T07:02:30.028+0000] {processor.py:840} INFO - DAG(s) 'medallion_pipeline' retrieved from /opt/airflow/dags/medallion_dag.py
[2026-06-04T07:02:30.106+0000] {logging_mixin.py:188} INFO - [2026-06-04T07:02:30.106+0000] {dag.py:3033} INFO - Sync 1 DAGs
[2026-06-04T07:02:30.118+0000] {logging_mixin.py:188} INFO - [2026-06-04T07:02:30.117+0000] {dag.py:3820} INFO - Setting next_dagrun for medallion_pipeline to None, run_after=None
[2026-06-04T07:02:30.154+0000] {processor.py:183} INFO - Processing /opt/airflow/dags/medallion_dag.py took 0.229 seconds
[2026-06-04T07:03:00.402+0000] {processor.py:161} INFO - Started process (PID=2959) to work on /opt/airflow/dags/medallion_dag.py
[2026-06-04T07:03:00.409+0000] {processor.py:830} INFO - Processing file /opt/airflow/dags/medallion_dag.py for tasks to queue
[2026-06-04T07:03:00.424+0000] {logging_mixin.py:188} INFO - [2026-06-04T07:03:00.423+0000] {dagbag.py:538} INFO - Filling up the DagBag from /opt/airflow/dags/medallion_dag.py
[2026-06-04T07:03:00.456+0000] {processor.py:840} INFO - DAG(s) 'medallion_pipeline' retrieved from /opt/airflow/dags/medallion_dag.py
[2026-06-04T07:03:00.539+0000] {logging_mixin.py:188} INFO - [2026-06-04T07:03:00.538+0000] {dag.py:3033} INFO - Sync 1 DAGs
[2026-06-04T07:03:00.551+0000] {logging_mixin.py:188} INFO - [2026-06-04T07:03:00.551+0000] {dag.py:3820} INFO - Setting next_dagrun for medallion_pipeline to None, run_after=None
[2026-06-04T07:03:00.577+0000] {processor.py:183} INFO - Processing /opt/airflow/dags/medallion_dag.py took 0.186 seconds
[2026-06-04T07:03:30.890+0000] {processor.py:161} INFO - Started process (PID=3015) to work on /opt/airflow/dags/medallion_dag.py
[2026-06-04T07:03:30.893+0000] {processor.py:830} INFO - Processing file /opt/airflow/dags/medallion_dag.py for tasks to queue
[2026-06-04T07:03:30.898+0000] {logging_mixin.py:188} INFO - [2026-06-04T07:03:30.897+0000] {dagbag.py:538} INFO - Filling up the DagBag from /opt/airflow/dags/medallion_dag.py
[2026-06-04T07:03:30.920+0000] {processor.py:840} INFO - DAG(s) 'medallion_pipeline' retrieved from /opt/airflow/dags/medallion_dag.py
[2026-06-04T07:03:30.950+0000] {logging_mixin.py:188} INFO - [2026-06-04T07:03:30.950+0000] {dag.py:3033} INFO - Sync 1 DAGs
[2026-06-04T07:03:30.974+0000] {logging_mixin.py:188} INFO - [2026-06-04T07:03:30.974+0000] {dag.py:3820} INFO - Setting next_dagrun for medallion_pipeline to None, run_after=None
[2026-06-04T07:03:30.990+0000] {processor.py:183} INFO - Processing /opt/airflow/dags/medallion_dag.py took 0.107 seconds
[2026-06-04T07:04:01.582+0000] {processor.py:161} INFO - Started process (PID=3071) to work on /opt/airflow/dags/medallion_dag.py
[2026-06-04T07:04:01.588+0000] {processor.py:830} INFO - Processing file /opt/airflow/dags/medallion_dag.py for tasks to queue
[2026-06-04T07:04:01.594+0000] {logging_mixin.py:188} INFO - [2026-06-04T07:04:01.594+0000] {dagbag.py:538} INFO - Filling up the DagBag from /opt/airflow/dags/medallion_dag.py
[2026-06-04T07:04:01.607+0000] {processor.py:840} INFO - DAG(s) 'medallion_pipeline' retrieved from /opt/airflow/dags/medallion_dag.py
[2026-06-04T07:04:01.649+0000] {logging_mixin.py:188} INFO - [2026-06-04T07:04:01.649+0000] {dag.py:3033} INFO - Sync 1 DAGs
[2026-06-04T07:04:01.663+0000] {logging_mixin.py:188} INFO - [2026-06-04T07:04:01.663+0000] {dag.py:3820} INFO - Setting next_dagrun for medallion_pipeline to None, run_after=None
[2026-06-04T07:04:01.694+0000] {processor.py:183} INFO - Processing /opt/airflow/dags/medallion_dag.py took 0.123 seconds
[2026-06-04T07:04:32.501+0000] {processor.py:161} INFO - Started process (PID=3127) to work on /opt/airflow/dags/medallion_dag.py
[2026-06-04T07:04:32.503+0000] {processor.py:830} INFO - Processing file /opt/airflow/dags/medallion_dag.py for tasks to queue
[2026-06-04T07:04:32.507+0000] {logging_mixin.py:188} INFO - [2026-06-04T07:04:32.507+0000] {dagbag.py:538} INFO - Filling up the DagBag from /opt/airflow/dags/medallion_dag.py
[2026-06-04T07:04:32.523+0000] {processor.py:840} INFO - DAG(s) 'medallion_pipeline' retrieved from /opt/airflow/dags/medallion_dag.py
[2026-06-04T07:04:32.552+0000] {logging_mixin.py:188} INFO - [2026-06-04T07:04:32.551+0000] {dag.py:3033} INFO - Sync 1 DAGs
[2026-06-04T07:04:32.561+0000] {logging_mixin.py:188} INFO - [2026-06-04T07:04:32.561+0000] {dag.py:3820} INFO - Setting next_dagrun for medallion_pipeline to None, run_after=None
[2026-06-04T07:04:32.581+0000] {processor.py:183} INFO - Processing /opt/airflow/dags/medallion_dag.py took 0.091 seconds
[2026-06-04T07:05:03.141+0000] {processor.py:161} INFO - Started process (PID=3182) to work on /opt/airflow/dags/medallion_dag.py
[2026-06-04T07:05:03.159+0000] {processor.py:830} INFO - Processing file /opt/airflow/dags/medallion_dag.py for tasks to queue
[2026-06-04T07:05:03.182+0000] {logging_mixin.py:188} INFO - [2026-06-04T07:05:03.178+0000] {dagbag.py:538} INFO - Filling up the DagBag from /opt/airflow/dags/medallion_dag.py
[2026-06-04T07:05:03.242+0000] {processor.py:840} INFO - DAG(s) 'medallion_pipeline' retrieved from /opt/airflow/dags/medallion_dag.py
[2026-06-04T07:05:03.308+0000] {logging_mixin.py:188} INFO - [2026-06-04T07:05:03.308+0000] {dag.py:3033} INFO - Sync 1 DAGs
[2026-06-04T07:05:03.323+0000] {logging_mixin.py:188} INFO - [2026-06-04T07:05:03.323+0000] {dag.py:3820} INFO - Setting next_dagrun for medallion_pipeline to None, run_after=None
[2026-06-04T07:05:03.349+0000] {processor.py:183} INFO - Processing /opt/airflow/dags/medallion_dag.py took 0.234 seconds
[2026-06-04T07:05:33.785+0000] {processor.py:161} INFO - Started process (PID=3238) to work on /opt/airflow/dags/medallion_dag.py
[2026-06-04T07:05:33.788+0000] {processor.py:830} INFO - Processing file /opt/airflow/dags/medallion_dag.py for tasks to queue
[2026-06-04T07:05:33.797+0000] {logging_mixin.py:188} INFO - [2026-06-04T07:05:33.795+0000] {dagbag.py:538} INFO - Filling up the DagBag from /opt/airflow/dags/medallion_dag.py
[2026-06-04T07:05:33.818+0000] {processor.py:840} INFO - DAG(s) 'medallion_pipeline' retrieved from /opt/airflow/dags/medallion_dag.py
[2026-06-04T07:05:33.851+0000] {logging_mixin.py:188} INFO - [2026-06-04T07:05:33.851+0000] {dag.py:3033} INFO - Sync 1 DAGs
[2026-06-04T07:05:33.871+0000] {logging_mixin.py:188} INFO - [2026-06-04T07:05:33.870+0000] {dag.py:3820} INFO - Setting next_dagrun for medallion_pipeline to None, run_after=None
[2026-06-04T07:05:33.888+0000] {processor.py:183} INFO - Processing /opt/airflow/dags/medallion_dag.py took 0.111 seconds
[2026-06-04T07:06:04.105+0000] {processor.py:161} INFO - Started process (PID=3294) to work on /opt/airflow/dags/medallion_dag.py
[2026-06-04T07:06:04.112+0000] {processor.py:830} INFO - Processing file /opt/airflow/dags/medallion_dag.py for tasks to queue
[2026-06-04T07:06:04.122+0000] {logging_mixin.py:188} INFO - [2026-06-04T07:06:04.121+0000] {dagbag.py:538} INFO - Filling up the DagBag from /opt/airflow/dags/medallion_dag.py
[2026-06-04T07:06:04.155+0000] {processor.py:840} INFO - DAG(s) 'medallion_pipeline' retrieved from /opt/airflow/dags/medallion_dag.py
[2026-06-04T07:06:04.242+0000] {logging_mixin.py:188} INFO - [2026-06-04T07:06:04.242+0000] {dag.py:3033} INFO - Sync 1 DAGs
[2026-06-04T07:06:04.272+0000] {logging_mixin.py:188} INFO - [2026-06-04T07:06:04.272+0000] {dag.py:3820} INFO - Setting next_dagrun for medallion_pipeline to None, run_after=None
[2026-06-04T07:06:04.315+0000] {processor.py:183} INFO - Processing /opt/airflow/dags/medallion_dag.py took 0.224 seconds
[2026-06-04T07:06:34.728+0000] {processor.py:161} INFO - Started process (PID=3350) to work on /opt/airflow/dags/medallion_dag.py
[2026-06-04T07:06:34.734+0000] {processor.py:830} INFO - Processing file /opt/airflow/dags/medallion_dag.py for tasks to queue
[2026-06-04T07:06:34.741+0000] {logging_mixin.py:188} INFO - [2026-06-04T07:06:34.741+0000] {dagbag.py:538} INFO - Filling up the DagBag from /opt/airflow/dags/medallion_dag.py
[2026-06-04T07:06:34.765+0000] {processor.py:840} INFO - DAG(s) 'medallion_pipeline' retrieved from /opt/airflow/dags/medallion_dag.py
[2026-06-04T07:06:34.813+0000] {logging_mixin.py:188} INFO - [2026-06-04T07:06:34.812+0000] {dag.py:3033} INFO - Sync 1 DAGs
[2026-06-04T07:06:34.826+0000] {logging_mixin.py:188} INFO - [2026-06-04T07:06:34.826+0000] {dag.py:3820} INFO - Setting next_dagrun for medallion_pipeline to None, run_after=None
[2026-06-04T07:06:34.842+0000] {processor.py:183} INFO - Processing /opt/airflow/dags/medallion_dag.py took 0.131 seconds
[2026-06-04T07:07:05.618+0000] {processor.py:161} INFO - Started process (PID=3406) to work on /opt/airflow/dags/medallion_dag.py
[2026-06-04T07:07:05.621+0000] {processor.py:830} INFO - Processing file /opt/airflow/dags/medallion_dag.py for tasks to queue
[2026-06-04T07:07:05.631+0000] {logging_mixin.py:188} INFO - [2026-06-04T07:07:05.630+0000] {dagbag.py:538} INFO - Filling up the DagBag from /opt/airflow/dags/medallion_dag.py
[2026-06-04T07:07:05.645+0000] {processor.py:840} INFO - DAG(s) 'medallion_pipeline' retrieved from /opt/airflow/dags/medallion_dag.py
[2026-06-04T07:07:05.702+0000] {logging_mixin.py:188} INFO - [2026-06-04T07:07:05.702+0000] {dag.py:3033} INFO - Sync 1 DAGs
[2026-06-04T07:07:05.725+0000] {logging_mixin.py:188} INFO - [2026-06-04T07:07:05.725+0000] {dag.py:3820} INFO - Setting next_dagrun for medallion_pipeline to None, run_after=None
[2026-06-04T07:07:05.744+0000] {processor.py:183} INFO - Processing /opt/airflow/dags/medallion_dag.py took 0.142 seconds
[2026-06-04T07:07:36.191+0000] {processor.py:161} INFO - Started process (PID=3462) to work on /opt/airflow/dags/medallion_dag.py
[2026-06-04T07:07:36.193+0000] {processor.py:830} INFO - Processing file /opt/airflow/dags/medallion_dag.py for tasks to queue
[2026-06-04T07:07:36.198+0000] {logging_mixin.py:188} INFO - [2026-06-04T07:07:36.197+0000] {dagbag.py:538} INFO - Filling up the DagBag from /opt/airflow/dags/medallion_dag.py
[2026-06-04T07:07:36.229+0000] {processor.py:840} INFO - DAG(s) 'medallion_pipeline' retrieved from /opt/airflow/dags/medallion_dag.py
[2026-06-04T07:07:36.276+0000] {logging_mixin.py:188} INFO - [2026-06-04T07:07:36.276+0000] {dag.py:3033} INFO - Sync 1 DAGs
[2026-06-04T07:07:36.295+0000] {logging_mixin.py:188} INFO - [2026-06-04T07:07:36.295+0000] {dag.py:3820} INFO - Setting next_dagrun for medallion_pipeline to None, run_after=None
[2026-06-04T07:07:36.312+0000] {processor.py:183} INFO - Processing /opt/airflow/dags/medallion_dag.py took 0.129 seconds
[2026-06-04T07:08:07.272+0000] {processor.py:161} INFO - Started process (PID=3518) to work on /opt/airflow/dags/medallion_dag.py
[2026-06-04T07:08:07.276+0000] {processor.py:830} INFO - Processing file /opt/airflow/dags/medallion_dag.py for tasks to queue
[2026-06-04T07:08:07.281+0000] {logging_mixin.py:188} INFO - [2026-06-04T07:08:07.281+0000] {dagbag.py:538} INFO - Filling up the DagBag from /opt/airflow/dags/medallion_dag.py
[2026-06-04T07:08:07.298+0000] {processor.py:840} INFO - DAG(s) 'medallion_pipeline' retrieved from /opt/airflow/dags/medallion_dag.py
[2026-06-04T07:08:07.342+0000] {logging_mixin.py:188} INFO - [2026-06-04T07:08:07.342+0000] {dag.py:3033} INFO - Sync 1 DAGs
[2026-06-04T07:08:07.365+0000] {logging_mixin.py:188} INFO - [2026-06-04T07:08:07.364+0000] {dag.py:3820} INFO - Setting next_dagrun for medallion_pipeline to None, run_after=None
[2026-06-04T07:08:07.420+0000] {processor.py:183} INFO - Processing /opt/airflow/dags/medallion_dag.py took 0.170 seconds
[2026-06-04T07:08:37.662+0000] {processor.py:161} INFO - Started process (PID=3574) to work on /opt/airflow/dags/medallion_dag.py
[2026-06-04T07:08:37.664+0000] {processor.py:830} INFO - Processing file /opt/airflow/dags/medallion_dag.py for tasks to queue
[2026-06-04T07:08:37.672+0000] {logging_mixin.py:188} INFO - [2026-06-04T07:08:37.671+0000] {dagbag.py:538} INFO - Filling up the DagBag from /opt/airflow/dags/medallion_dag.py
[2026-06-04T07:08:37.692+0000] {processor.py:840} INFO - DAG(s) 'medallion_pipeline' retrieved from /opt/airflow/dags/medallion_dag.py
[2026-06-04T07:08:37.735+0000] {logging_mixin.py:188} INFO - [2026-06-04T07:08:37.735+0000] {dag.py:3033} INFO - Sync 1 DAGs
[2026-06-04T07:08:37.751+0000] {logging_mixin.py:188} INFO - [2026-06-04T07:08:37.751+0000] {dag.py:3820} INFO - Setting next_dagrun for medallion_pipeline to None, run_after=None
[2026-06-04T07:08:37.774+0000] {processor.py:183} INFO - Processing /opt/airflow/dags/medallion_dag.py took 0.117 seconds
[2026-06-04T07:09:07.916+0000] {processor.py:161} INFO - Started process (PID=3630) to work on /opt/airflow/dags/medallion_dag.py
[2026-06-04T07:09:07.917+0000] {processor.py:830} INFO - Processing file /opt/airflow/dags/medallion_dag.py for tasks to queue
[2026-06-04T07:09:07.924+0000] {logging_mixin.py:188} INFO - [2026-06-04T07:09:07.923+0000] {dagbag.py:538} INFO - Filling up the DagBag from /opt/airflow/dags/medallion_dag.py
[2026-06-04T07:09:07.941+0000] {processor.py:840} INFO - DAG(s) 'medallion_pipeline' retrieved from /opt/airflow/dags/medallion_dag.py
[2026-06-04T07:09:07.990+0000] {logging_mixin.py:188} INFO - [2026-06-04T07:09:07.990+0000] {dag.py:3033} INFO - Sync 1 DAGs
[2026-06-04T07:09:08.004+0000] {logging_mixin.py:188} INFO - [2026-06-04T07:09:08.003+0000] {dag.py:3820} INFO - Setting next_dagrun for medallion_pipeline to None, run_after=None
[2026-06-04T07:09:08.064+0000] {processor.py:183} INFO - Processing /opt/airflow/dags/medallion_dag.py took 0.156 seconds
[2026-06-04T07:09:38.719+0000] {processor.py:161} INFO - Started process (PID=3686) to work on /opt/airflow/dags/medallion_dag.py
[2026-06-04T07:09:38.721+0000] {processor.py:830} INFO - Processing file /opt/airflow/dags/medallion_dag.py for tasks to queue
[2026-06-04T07:09:38.726+0000] {logging_mixin.py:188} INFO - [2026-06-04T07:09:38.725+0000] {dagbag.py:538} INFO - Filling up the DagBag from /opt/airflow/dags/medallion_dag.py
[2026-06-04T07:09:38.744+0000] {processor.py:840} INFO - DAG(s) 'medallion_pipeline' retrieved from /opt/airflow/dags/medallion_dag.py
[2026-06-04T07:09:38.771+0000] {logging_mixin.py:188} INFO - [2026-06-04T07:09:38.771+0000] {dag.py:3033} INFO - Sync 1 DAGs
[2026-06-04T07:09:38.797+0000] {logging_mixin.py:188} INFO - [2026-06-04T07:09:38.796+0000] {dag.py:3820} INFO - Setting next_dagrun for medallion_pipeline to None, run_after=None
[2026-06-04T07:09:38.818+0000] {processor.py:183} INFO - Processing /opt/airflow/dags/medallion_dag.py took 0.106 seconds
[2026-06-04T07:10:08.969+0000] {processor.py:161} INFO - Started process (PID=3742) to work on /opt/airflow/dags/medallion_dag.py
[2026-06-04T07:10:08.971+0000] {processor.py:830} INFO - Processing file /opt/airflow/dags/medallion_dag.py for tasks to queue
[2026-06-04T07:10:08.973+0000] {logging_mixin.py:188} INFO - [2026-06-04T07:10:08.973+0000] {dagbag.py:538} INFO - Filling up the DagBag from /opt/airflow/dags/medallion_dag.py
[2026-06-04T07:10:08.980+0000] {processor.py:840} INFO - DAG(s) 'medallion_pipeline' retrieved from /opt/airflow/dags/medallion_dag.py
[2026-06-04T07:10:09.022+0000] {logging_mixin.py:188} INFO - [2026-06-04T07:10:09.021+0000] {dag.py:3033} INFO - Sync 1 DAGs
[2026-06-04T07:10:09.038+0000] {logging_mixin.py:188} INFO - [2026-06-04T07:10:09.038+0000] {dag.py:3820} INFO - Setting next_dagrun for medallion_pipeline to None, run_after=None
[2026-06-04T07:10:09.079+0000] {processor.py:183} INFO - Processing /opt/airflow/dags/medallion_dag.py took 0.113 seconds
[2026-06-04T07:10:39.623+0000] {processor.py:161} INFO - Started process (PID=3798) to work on /opt/airflow/dags/medallion_dag.py
[2026-06-04T07:10:39.632+0000] {processor.py:830} INFO - Processing file /opt/airflow/dags/medallion_dag.py for tasks to queue
[2026-06-04T07:10:39.639+0000] {logging_mixin.py:188} INFO - [2026-06-04T07:10:39.639+0000] {dagbag.py:538} INFO - Filling up the DagBag from /opt/airflow/dags/medallion_dag.py
[2026-06-04T07:10:39.669+0000] {processor.py:840} INFO - DAG(s) 'medallion_pipeline' retrieved from /opt/airflow/dags/medallion_dag.py
[2026-06-04T07:10:39.713+0000] {logging_mixin.py:188} INFO - [2026-06-04T07:10:39.713+0000] {dag.py:3033} INFO - Sync 1 DAGs
[2026-06-04T07:10:39.729+0000] {logging_mixin.py:188} INFO - [2026-06-04T07:10:39.729+0000] {dag.py:3820} INFO - Setting next_dagrun for medallion_pipeline to None, run_after=None
[2026-06-04T07:10:39.759+0000] {processor.py:183} INFO - Processing /opt/airflow/dags/medallion_dag.py took 0.144 seconds
[2026-06-04T07:11:10.295+0000] {processor.py:161} INFO - Started process (PID=3852) to work on /opt/airflow/dags/medallion_dag.py
[2026-06-04T07:11:10.299+0000] {processor.py:830} INFO - Processing file /opt/airflow/dags/medallion_dag.py for tasks to queue
[2026-06-04T07:11:10.305+0000] {logging_mixin.py:188} INFO - [2026-06-04T07:11:10.305+0000] {dagbag.py:538} INFO - Filling up the DagBag from /opt/airflow/dags/medallion_dag.py
[2026-06-04T07:11:10.324+0000] {processor.py:840} INFO - DAG(s) 'medallion_pipeline' retrieved from /opt/airflow/dags/medallion_dag.py
[2026-06-04T07:11:10.363+0000] {logging_mixin.py:188} INFO - [2026-06-04T07:11:10.363+0000] {dag.py:3033} INFO - Sync 1 DAGs
[2026-06-04T07:11:10.377+0000] {logging_mixin.py:188} INFO - [2026-06-04T07:11:10.377+0000] {dag.py:3820} INFO - Setting next_dagrun for medallion_pipeline to None, run_after=None
[2026-06-04T07:11:10.390+0000] {processor.py:183} INFO - Processing /opt/airflow/dags/medallion_dag.py took 0.104 seconds
[2026-06-04T07:11:41.197+0000] {processor.py:161} INFO - Started process (PID=3908) to work on /opt/airflow/dags/medallion_dag.py
[2026-06-04T07:11:41.199+0000] {processor.py:830} INFO - Processing file /opt/airflow/dags/medallion_dag.py for tasks to queue
[2026-06-04T07:11:41.204+0000] {logging_mixin.py:188} INFO - [2026-06-04T07:11:41.203+0000] {dagbag.py:538} INFO - Filling up the DagBag from /opt/airflow/dags/medallion_dag.py
[2026-06-04T07:11:41.218+0000] {processor.py:840} INFO - DAG(s) 'medallion_pipeline' retrieved from /opt/airflow/dags/medallion_dag.py
[2026-06-04T07:11:41.262+0000] {logging_mixin.py:188} INFO - [2026-06-04T07:11:41.262+0000] {dag.py:3033} INFO - Sync 1 DAGs
[2026-06-04T07:11:41.281+0000] {logging_mixin.py:188} INFO - [2026-06-04T07:11:41.281+0000] {dag.py:3820} INFO - Setting next_dagrun for medallion_pipeline to None, run_after=None
[2026-06-04T07:11:41.296+0000] {processor.py:183} INFO - Processing /opt/airflow/dags/medallion_dag.py took 0.121 seconds
[2026-06-04T07:12:12.245+0000] {processor.py:161} INFO - Started process (PID=3964) to work on /opt/airflow/dags/medallion_dag.py
[2026-06-04T07:12:12.249+0000] {processor.py:830} INFO - Processing file /opt/airflow/dags/medallion_dag.py for tasks to queue
[2026-06-04T07:12:12.256+0000] {logging_mixin.py:188} INFO - [2026-06-04T07:12:12.255+0000] {dagbag.py:538} INFO - Filling up the DagBag from /opt/airflow/dags/medallion_dag.py
[2026-06-04T07:12:12.294+0000] {processor.py:840} INFO - DAG(s) 'medallion_pipeline' retrieved from /opt/airflow/dags/medallion_dag.py
[2026-06-04T07:12:12.365+0000] {logging_mixin.py:188} INFO - [2026-06-04T07:12:12.365+0000] {dag.py:3033} INFO - Sync 1 DAGs
[2026-06-04T07:12:12.382+0000] {logging_mixin.py:188} INFO - [2026-06-04T07:12:12.381+0000] {dag.py:3820} INFO - Setting next_dagrun for medallion_pipeline to None, run_after=None
[2026-06-04T07:12:12.405+0000] {processor.py:183} INFO - Processing /opt/airflow/dags/medallion_dag.py took 0.170 seconds
[2026-06-04T07:12:43.188+0000] {processor.py:161} INFO - Started process (PID=4020) to work on /opt/airflow/dags/medallion_dag.py
[2026-06-04T07:12:43.197+0000] {processor.py:830} INFO - Processing file /opt/airflow/dags/medallion_dag.py for tasks to queue
[2026-06-04T07:12:43.204+0000] {logging_mixin.py:188} INFO - [2026-06-04T07:12:43.204+0000] {dagbag.py:538} INFO - Filling up the DagBag from /opt/airflow/dags/medallion_dag.py
[2026-06-04T07:12:43.236+0000] {processor.py:840} INFO - DAG(s) 'medallion_pipeline' retrieved from /opt/airflow/dags/medallion_dag.py
[2026-06-04T07:12:43.360+0000] {logging_mixin.py:188} INFO - [2026-06-04T07:12:43.360+0000] {dag.py:3033} INFO - Sync 1 DAGs
[2026-06-04T07:12:43.376+0000] {logging_mixin.py:188} INFO - [2026-06-04T07:12:43.375+0000] {dag.py:3820} INFO - Setting next_dagrun for medallion_pipeline to None, run_after=None
[2026-06-04T07:12:43.406+0000] {processor.py:183} INFO - Processing /opt/airflow/dags/medallion_dag.py took 0.232 seconds
[2026-06-04T07:13:14.490+0000] {processor.py:161} INFO - Started process (PID=4076) to work on /opt/airflow/dags/medallion_dag.py
[2026-06-04T07:13:14.497+0000] {processor.py:830} INFO - Processing file /opt/airflow/dags/medallion_dag.py for tasks to queue
[2026-06-04T07:13:14.504+0000] {logging_mixin.py:188} INFO - [2026-06-04T07:13:14.504+0000] {dagbag.py:538} INFO - Filling up the DagBag from /opt/airflow/dags/medallion_dag.py
[2026-06-04T07:13:14.523+0000] {processor.py:840} INFO - DAG(s) 'medallion_pipeline' retrieved from /opt/airflow/dags/medallion_dag.py
[2026-06-04T07:13:14.575+0000] {logging_mixin.py:188} INFO - [2026-06-04T07:13:14.575+0000] {dag.py:3033} INFO - Sync 1 DAGs
[2026-06-04T07:13:14.600+0000] {logging_mixin.py:188} INFO - [2026-06-04T07:13:14.600+0000] {dag.py:3820} INFO - Setting next_dagrun for medallion_pipeline to None, run_after=None
[2026-06-04T07:13:14.632+0000] {processor.py:183} INFO - Processing /opt/airflow/dags/medallion_dag.py took 0.150 seconds
[2026-06-04T07:13:45.759+0000] {processor.py:161} INFO - Started process (PID=4132) to work on /opt/airflow/dags/medallion_dag.py
[2026-06-04T07:13:45.772+0000] {processor.py:830} INFO - Processing file /opt/airflow/dags/medallion_dag.py for tasks to queue
[2026-06-04T07:13:45.789+0000] {logging_mixin.py:188} INFO - [2026-06-04T07:13:45.789+0000] {dagbag.py:538} INFO - Filling up the DagBag from /opt/airflow/dags/medallion_dag.py
[2026-06-04T07:13:45.855+0000] {processor.py:840} INFO - DAG(s) 'medallion_pipeline' retrieved from /opt/airflow/dags/medallion_dag.py
[2026-06-04T07:13:45.952+0000] {logging_mixin.py:188} INFO - [2026-06-04T07:13:45.951+0000] {dag.py:3033} INFO - Sync 1 DAGs
[2026-06-04T07:13:45.969+0000] {logging_mixin.py:188} INFO - [2026-06-04T07:13:45.969+0000] {dag.py:3820} INFO - Setting next_dagrun for medallion_pipeline to None, run_after=None
[2026-06-04T07:13:46.003+0000] {processor.py:183} INFO - Processing /opt/airflow/dags/medallion_dag.py took 0.279 seconds
[2026-06-04T07:14:16.650+0000] {processor.py:161} INFO - Started process (PID=4188) to work on /opt/airflow/dags/medallion_dag.py
[2026-06-04T07:14:16.664+0000] {processor.py:830} INFO - Processing file /opt/airflow/dags/medallion_dag.py for tasks to queue
[2026-06-04T07:14:16.676+0000] {logging_mixin.py:188} INFO - [2026-06-04T07:14:16.675+0000] {dagbag.py:538} INFO - Filling up the DagBag from /opt/airflow/dags/medallion_dag.py
[2026-06-04T07:14:16.701+0000] {processor.py:840} INFO - DAG(s) 'medallion_pipeline' retrieved from /opt/airflow/dags/medallion_dag.py
[2026-06-04T07:14:16.754+0000] {logging_mixin.py:188} INFO - [2026-06-04T07:14:16.754+0000] {dag.py:3033} INFO - Sync 1 DAGs
[2026-06-04T07:14:16.778+0000] {logging_mixin.py:188} INFO - [2026-06-04T07:14:16.778+0000] {dag.py:3820} INFO - Setting next_dagrun for medallion_pipeline to None, run_after=None
[2026-06-04T07:14:16.807+0000] {processor.py:183} INFO - Processing /opt/airflow/dags/medallion_dag.py took 0.167 seconds
[2026-06-04T07:14:47.031+0000] {processor.py:161} INFO - Started process (PID=4244) to work on /opt/airflow/dags/medallion_dag.py
[2026-06-04T07:14:47.037+0000] {processor.py:830} INFO - Processing file /opt/airflow/dags/medallion_dag.py for tasks to queue
[2026-06-04T07:14:47.064+0000] {logging_mixin.py:188} INFO - [2026-06-04T07:14:47.063+0000] {dagbag.py:538} INFO - Filling up the DagBag from /opt/airflow/dags/medallion_dag.py
[2026-06-04T07:14:47.088+0000] {processor.py:840} INFO - DAG(s) 'medallion_pipeline' retrieved from /opt/airflow/dags/medallion_dag.py
[2026-06-04T07:14:47.191+0000] {logging_mixin.py:188} INFO - [2026-06-04T07:14:47.191+0000] {dag.py:3033} INFO - Sync 1 DAGs
[2026-06-04T07:14:47.236+0000] {logging_mixin.py:188} INFO - [2026-06-04T07:14:47.236+0000] {dag.py:3820} INFO - Setting next_dagrun for medallion_pipeline to None, run_after=None
[2026-06-04T07:14:47.278+0000] {processor.py:183} INFO - Processing /opt/airflow/dags/medallion_dag.py took 0.256 seconds
[2026-06-04T07:15:18.040+0000] {processor.py:161} INFO - Started process (PID=4306) to work on /opt/airflow/dags/medallion_dag.py
[2026-06-04T07:15:18.043+0000] {processor.py:830} INFO - Processing file /opt/airflow/dags/medallion_dag.py for tasks to queue
[2026-06-04T07:15:18.057+0000] {logging_mixin.py:188} INFO - [2026-06-04T07:15:18.056+0000] {dagbag.py:538} INFO - Filling up the DagBag from /opt/airflow/dags/medallion_dag.py
[2026-06-04T07:15:18.082+0000] {processor.py:840} INFO - DAG(s) 'medallion_pipeline' retrieved from /opt/airflow/dags/medallion_dag.py
[2026-06-04T07:15:18.155+0000] {logging_mixin.py:188} INFO - [2026-06-04T07:15:18.154+0000] {dag.py:3033} INFO - Sync 1 DAGs
[2026-06-04T07:15:18.181+0000] {logging_mixin.py:188} INFO - [2026-06-04T07:15:18.181+0000] {dag.py:3820} INFO - Setting next_dagrun for medallion_pipeline to None, run_after=None
[2026-06-04T07:15:18.213+0000] {processor.py:183} INFO - Processing /opt/airflow/dags/medallion_dag.py took 0.191 seconds
[2026-06-04T07:15:48.344+0000] {processor.py:161} INFO - Started process (PID=4362) to work on /opt/airflow/dags/medallion_dag.py
[2026-06-04T07:15:48.350+0000] {processor.py:830} INFO - Processing file /opt/airflow/dags/medallion_dag.py for tasks to queue
[2026-06-04T07:15:48.355+0000] {logging_mixin.py:188} INFO - [2026-06-04T07:15:48.354+0000] {dagbag.py:538} INFO - Filling up the DagBag from /opt/airflow/dags/medallion_dag.py
[2026-06-04T07:15:48.366+0000] {processor.py:840} INFO - DAG(s) 'medallion_pipeline' retrieved from /opt/airflow/dags/medallion_dag.py
[2026-06-04T07:15:48.447+0000] {logging_mixin.py:188} INFO - [2026-06-04T07:15:48.447+0000] {dag.py:3033} INFO - Sync 1 DAGs
[2026-06-04T07:15:48.470+0000] {logging_mixin.py:188} INFO - [2026-06-04T07:15:48.470+0000] {dag.py:3820} INFO - Setting next_dagrun for medallion_pipeline to None, run_after=None
[2026-06-04T07:15:48.494+0000] {processor.py:183} INFO - Processing /opt/airflow/dags/medallion_dag.py took 0.165 seconds
[2026-06-04T07:16:19.663+0000] {processor.py:161} INFO - Started process (PID=4419) to work on /opt/airflow/dags/medallion_dag.py
[2026-06-04T07:16:19.665+0000] {processor.py:830} INFO - Processing file /opt/airflow/dags/medallion_dag.py for tasks to queue
[2026-06-04T07:16:19.693+0000] {logging_mixin.py:188} INFO - [2026-06-04T07:16:19.689+0000] {dagbag.py:538} INFO - Filling up the DagBag from /opt/airflow/dags/medallion_dag.py
[2026-06-04T07:16:19.709+0000] {processor.py:840} INFO - DAG(s) 'medallion_pipeline' retrieved from /opt/airflow/dags/medallion_dag.py
[2026-06-04T07:16:19.797+0000] {logging_mixin.py:188} INFO - [2026-06-04T07:16:19.796+0000] {dag.py:3033} INFO - Sync 1 DAGs
[2026-06-04T07:16:19.821+0000] {logging_mixin.py:188} INFO - [2026-06-04T07:16:19.820+0000] {dag.py:3820} INFO - Setting next_dagrun for medallion_pipeline to None, run_after=None
[2026-06-04T07:16:19.854+0000] {processor.py:183} INFO - Processing /opt/airflow/dags/medallion_dag.py took 0.211 seconds
