[0m11:59:27.787378 [debug] [MainThread]: Sending event: {'category': 'dbt', 'action': 'invocation', 'label': 'start', 'context': [<snowplow_tracker.self_describing_json.SelfDescribingJson object at 0x103315010>, <snowplow_tracker.self_describing_json.SelfDescribingJson object at 0x106041d50>, <snowplow_tracker.self_describing_json.SelfDescribingJson object at 0x106042450>]}


============================== 11:59:27.790434 | b4a4dbac-bfec-427d-a67d-d1f65b9cda51 ==============================
[0m11:59:27.790434 [info ] [MainThread]: Running with dbt=1.12.0-b1
[0m11:59:27.790698 [debug] [MainThread]: running dbt with arguments {'cache_selected_only': 'False', 'indirect_selection': 'eager', 'empty': 'None', 'profiles_dir': '/Users/martiniucvlad/.dbt', 'log_format': 'default', 'log_path': 'logs', 'partial_parse': 'True', 'warn_error_options': 'WarnErrorOptionsV2(error=[], warn=[], silence=[])', 'invocation_command': 'dbt init nyc_taxi_pipeline', 'quiet': 'False', 'debug': 'False', 'no_print': 'None', 'use_experimental_parser': 'False', 'log_cache_events': 'False', 'warn_error': 'None', 'target_path': 'None', 'write_json': 'True', 'use_colors': 'True', 'introspect': 'True', 'printer_width': '80', 'send_anonymous_usage_stats': 'True', 'version_check': 'True', 'fail_fast': 'False', 'static_parser': 'True'}
[0m11:59:27.798858 [info ] [MainThread]: Creating dbt configuration folder at /Users/martiniucvlad/.dbt
[0m11:59:27.799938 [debug] [MainThread]: Starter project path: /Users/martiniucvlad/.pyenv/versions/3.11.9/lib/python3.11/site-packages/dbt/include/starter_project
[0m11:59:27.803543 [info ] [MainThread]: Setting up your profile.
[0m12:00:18.752627 [info ] [MainThread]: Profile nyc_taxi_pipeline written to /Users/martiniucvlad/.dbt/profiles.yml using target's profile_template.yml and your supplied values.
[0m12:00:18.758405 [info ] [MainThread]: Running dbt debug to validate the project...
[0m12:00:18.759879 [info ] [MainThread]: dbt version: 1.12.0-b1
[0m12:00:18.760355 [info ] [MainThread]: python version: 3.11.9
[0m12:00:18.760741 [info ] [MainThread]: python path: /Users/martiniucvlad/.pyenv/versions/3.11.9/bin/python3.11
[0m12:00:18.761349 [info ] [MainThread]: os info: macOS-14.6-arm64-arm-64bit
[0m12:00:18.787085 [info ] [MainThread]: Using profiles dir at /Users/martiniucvlad/.dbt
[0m12:00:18.787444 [info ] [MainThread]: Using profiles.yml file at /Users/martiniucvlad/.dbt/profiles.yml
[0m12:00:18.787645 [info ] [MainThread]: Using dbt_project.yml file at /Users/martiniucvlad/data-engineering-portfolio/nyc_taxi_pipeline/dbt_project.yml
[0m12:00:18.788324 [info ] [MainThread]: adapter type: postgres
[0m12:00:18.788507 [info ] [MainThread]: adapter version: 1.10.0
[0m12:00:18.841752 [info ] [MainThread]: Configuration:
[0m12:00:18.842046 [info ] [MainThread]:   profiles.yml file [[32mOK found and valid[0m]
[0m12:00:18.842186 [info ] [MainThread]:   dbt_project.yml file [[32mOK found and valid[0m]
[0m12:00:18.842308 [info ] [MainThread]: Required dependencies:
[0m12:00:18.842478 [debug] [MainThread]: Executing "git --help"
[0m12:00:18.857280 [debug] [MainThread]: STDOUT: "b"usage: git [-v | --version] [-h | --help] [-C <path>] [-c <name>=<value>]\n           [--exec-path[=<path>]] [--html-path] [--man-path] [--info-path]\n           [-p | --paginate | -P | --no-pager] [--no-replace-objects] [--no-lazy-fetch]\n           [--no-optional-locks] [--no-advice] [--bare] [--git-dir=<path>]\n           [--work-tree=<path>] [--namespace=<name>] [--config-env=<name>=<envvar>]\n           <command> [<args>]\n\nThese are common Git commands used in various situations:\n\nstart a working area (see also: git help tutorial)\n   clone      Clone a repository into a new directory\n   init       Create an empty Git repository or reinitialize an existing one\n\nwork on the current change (see also: git help everyday)\n   add        Add file contents to the index\n   mv         Move or rename a file, a directory, or a symlink\n   restore    Restore working tree files\n   rm         Remove files from the working tree and from the index\n\nexamine the history and state (see also: git help revisions)\n   bisect     Use binary search to find the commit that introduced a bug\n   diff       Show changes between commits, commit and working tree, etc\n   grep       Print lines matching a pattern\n   log        Show commit logs\n   show       Show various types of objects\n   status     Show the working tree status\n\ngrow, mark and tweak your common history\n   backfill   Download missing objects in a partial clone\n   branch     List, create, or delete branches\n   commit     Record changes to the repository\n   history    EXPERIMENTAL: Rewrite history\n   merge      Join two or more development histories together\n   rebase     Reapply commits on top of another base tip\n   reset      Set `HEAD` or the index to a known state\n   switch     Switch branches\n   tag        Create, list, delete or verify tags\n\ncollaborate (see also: git help workflows)\n   fetch      Download objects and refs from another repository\n   pull       Fetch from and integrate with another repository or a local branch\n   push       Update remote refs along with associated objects\n\n'git help -a' and 'git help -g' list available subcommands and some\nconcept guides. See 'git help <command>' or 'git help <concept>'\nto read about a specific subcommand or concept.\nSee 'git help git' for an overview of the system.\n""
[0m12:00:18.857974 [debug] [MainThread]: STDERR: "b''"
[0m12:00:18.858175 [info ] [MainThread]:  - git [[32mOK found[0m]

[0m12:00:18.858336 [info ] [MainThread]: Connection:
[0m12:00:18.858497 [info ] [MainThread]:   host: localhost
[0m12:00:18.858615 [info ] [MainThread]:   port: 5432
[0m12:00:18.858723 [info ] [MainThread]:   user: vlad
[0m12:00:18.858833 [info ] [MainThread]:   database: portfolio
[0m12:00:18.858939 [info ] [MainThread]:   schema: public
[0m12:00:18.859049 [info ] [MainThread]:   connect_timeout: 10
[0m12:00:18.859157 [info ] [MainThread]:   role: None
[0m12:00:18.859270 [info ] [MainThread]:   search_path: None
[0m12:00:18.859378 [info ] [MainThread]:   keepalives_idle: 0
[0m12:00:18.859482 [info ] [MainThread]:   sslmode: None
[0m12:00:18.859589 [info ] [MainThread]:   sslcert: None
[0m12:00:18.859692 [info ] [MainThread]:   sslkey: None
[0m12:00:18.859795 [info ] [MainThread]:   sslrootcert: None
[0m12:00:18.859902 [info ] [MainThread]:   application_name: dbt
[0m12:00:18.860004 [info ] [MainThread]:   retries: 1
[0m12:00:18.860345 [info ] [MainThread]: Registered adapter: postgres=1.10.0
[0m12:00:19.124729 [debug] [MainThread]: Acquiring new postgres connection 'debug'
[0m12:00:19.190558 [debug] [MainThread]: Using postgres connection "debug"
[0m12:00:19.190767 [debug] [MainThread]: On debug: select 1 as id
[0m12:00:19.190892 [debug] [MainThread]: Opening a new connection, currently in state init
[0m12:00:19.328647 [debug] [MainThread]: SQL status: SELECT 1 in 0.138 seconds
[0m12:00:19.329274 [debug] [MainThread]: On debug: Close
[0m12:00:19.329484 [info ] [MainThread]:   Connection test: [[32mOK connection ok[0m]

[0m12:00:19.329674 [info ] [MainThread]: [32mAll checks passed![0m
[0m12:00:19.329893 [info ] [MainThread]: Your new dbt project "nyc_taxi_pipeline" was created!
Initialized new project in /Users/martiniucvlad/data-engineering-portfolio/nyc_taxi_pipeline/nyc_taxi_pipeline

For more information on how to configure the profiles.yml file,
please consult the dbt documentation here:

  https://docs.getdbt.com/docs/configure-your-profile

One more thing:

Need help? Don't hesitate to reach out to us via GitHub issues or on Slack:

  https://community.getdbt.com/

Happy modeling!

[0m12:00:19.331601 [debug] [MainThread]: Resource report: {"command_name": "init", "command_success": true, "command_wall_clock_time": 51.58438, "process_in_blocks": "0", "process_kernel_time": 0.197315, "process_mem_max_rss": "141393920", "process_out_blocks": "0", "process_user_time": 1.297679}
[0m12:00:19.332068 [debug] [MainThread]: Command `dbt init` succeeded at 12:00:19.331856 after 51.58 seconds
[0m12:00:19.332266 [debug] [MainThread]: Connection 'debug' was properly closed.
[0m12:00:19.332501 [debug] [MainThread]: Sending event: {'category': 'dbt', 'action': 'invocation', 'label': 'end', 'context': [<snowplow_tracker.self_describing_json.SelfDescribingJson object at 0x10601f550>, <snowplow_tracker.self_describing_json.SelfDescribingJson object at 0x105a9f1d0>, <snowplow_tracker.self_describing_json.SelfDescribingJson object at 0x105f0a090>]}
[0m12:00:19.332803 [debug] [MainThread]: Flushing usage events
[0m12:00:21.113172 [debug] [MainThread]: An error was encountered while trying to flush usage events
[0m14:37:11.564656 [debug] [MainThread]: Sending event: {'category': 'dbt', 'action': 'invocation', 'label': 'start', 'context': [<snowplow_tracker.self_describing_json.SelfDescribingJson object at 0x115992390>, <snowplow_tracker.self_describing_json.SelfDescribingJson object at 0x115ac8850>, <snowplow_tracker.self_describing_json.SelfDescribingJson object at 0x115b2b1d0>]}


============================== 14:37:11.568606 | 49b8107f-4ea8-4da1-9f96-f432a2831677 ==============================
[0m14:37:11.568606 [info ] [MainThread]: Running with dbt=1.12.0-b1
[0m14:37:11.568913 [debug] [MainThread]: running dbt with arguments {'printer_width': '80', 'indirect_selection': 'eager', 'no_print': 'None', 'log_path': 'logs', 'partial_parse': 'True', 'invocation_command': 'dbt run', 'use_experimental_parser': 'False', 'warn_error_options': 'WarnErrorOptionsV2(error=[], warn=[], silence=[])', 'warn_error': 'None', 'use_colors': 'True', 'log_format': 'default', 'target_path': 'None', 'send_anonymous_usage_stats': 'True', 'static_parser': 'True', 'empty': 'False', 'log_cache_events': 'False', 'quiet': 'False', 'write_json': 'True', 'version_check': 'True', 'fail_fast': 'False', 'debug': 'False', 'introspect': 'True', 'profiles_dir': '/Users/martiniucvlad/.dbt', 'cache_selected_only': 'False'}
[0m14:37:11.569193 [error] [MainThread]: [[31mERROR[0m]: Encountered an error:
Runtime Error
  No dbt_project.yml found at expected path /Users/martiniucvlad/data-engineering-portfolio/dbt_project.yml
  Verify that each entry within packages.yml (and their transitive dependencies) contains a file named dbt_project.yml
  
[0m14:37:11.570412 [debug] [MainThread]: Resource report: {"command_name": "run", "command_success": false, "command_wall_clock_time": 0.044684876, "process_in_blocks": "0", "process_kernel_time": 0.117953, "process_mem_max_rss": "129794048", "process_out_blocks": "0", "process_user_time": 1.08964}
[0m14:37:11.570616 [debug] [MainThread]: Command `dbt run` failed at 14:37:11.570576 after 0.04 seconds
[0m14:37:11.570777 [debug] [MainThread]: Sending event: {'category': 'dbt', 'action': 'invocation', 'label': 'end', 'context': [<snowplow_tracker.self_describing_json.SelfDescribingJson object at 0x115b57c10>, <snowplow_tracker.self_describing_json.SelfDescribingJson object at 0x115b57f90>, <snowplow_tracker.self_describing_json.SelfDescribingJson object at 0x115a38590>]}
[0m14:37:11.570929 [debug] [MainThread]: Flushing usage events
[0m14:37:12.235783 [debug] [MainThread]: An error was encountered while trying to flush usage events
[0m14:37:51.577192 [debug] [MainThread]: Sending event: {'category': 'dbt', 'action': 'invocation', 'label': 'start', 'context': [<snowplow_tracker.self_describing_json.SelfDescribingJson object at 0x103555ad0>, <snowplow_tracker.self_describing_json.SelfDescribingJson object at 0x1069c6190>, <snowplow_tracker.self_describing_json.SelfDescribingJson object at 0x106e1eb50>]}


============================== 14:37:51.579941 | 3af4e6e1-51c3-4378-b1bd-27b7391e5a93 ==============================
[0m14:37:51.579941 [info ] [MainThread]: Running with dbt=1.12.0-b1
[0m14:37:51.580248 [debug] [MainThread]: running dbt with arguments {'indirect_selection': 'eager', 'profiles_dir': '/Users/martiniucvlad/.dbt', 'invocation_command': 'dbt run', 'log_cache_events': 'False', 'printer_width': '80', 'fail_fast': 'False', 'warn_error_options': 'WarnErrorOptionsV2(error=[], warn=[], silence=[])', 'use_experimental_parser': 'False', 'partial_parse': 'True', 'warn_error': 'None', 'log_path': 'logs', 'quiet': 'False', 'use_colors': 'True', 'target_path': 'None', 'debug': 'False', 'version_check': 'True', 'static_parser': 'True', 'write_json': 'True', 'no_print': 'None', 'log_format': 'default', 'empty': 'False', 'cache_selected_only': 'False', 'introspect': 'True', 'send_anonymous_usage_stats': 'True'}
[0m14:37:51.580549 [error] [MainThread]: [[31mERROR[0m]: Encountered an error:
Runtime Error
  No dbt_project.yml found at expected path /Users/martiniucvlad/data-engineering-portfolio/dbt_project.yml
  Verify that each entry within packages.yml (and their transitive dependencies) contains a file named dbt_project.yml
  
[0m14:37:51.581833 [debug] [MainThread]: Resource report: {"command_name": "run", "command_success": false, "command_wall_clock_time": 0.04381025, "process_in_blocks": "0", "process_kernel_time": 0.122282, "process_mem_max_rss": "126173184", "process_out_blocks": "0", "process_user_time": 1.112998}
[0m14:37:51.582081 [debug] [MainThread]: Command `dbt run` failed at 14:37:51.582033 after 0.04 seconds
[0m14:37:51.582317 [debug] [MainThread]: Sending event: {'category': 'dbt', 'action': 'invocation', 'label': 'end', 'context': [<snowplow_tracker.self_describing_json.SelfDescribingJson object at 0x106d425d0>, <snowplow_tracker.self_describing_json.SelfDescribingJson object at 0x106e1c190>, <snowplow_tracker.self_describing_json.SelfDescribingJson object at 0x106d3ba50>]}
[0m14:37:51.582512 [debug] [MainThread]: Flushing usage events
[0m14:37:52.127493 [debug] [MainThread]: An error was encountered while trying to flush usage events
[0m14:38:48.624217 [debug] [MainThread]: Sending event: {'category': 'dbt', 'action': 'invocation', 'label': 'start', 'context': [<snowplow_tracker.self_describing_json.SelfDescribingJson object at 0x105355350>, <snowplow_tracker.self_describing_json.SelfDescribingJson object at 0x108b1ddd0>, <snowplow_tracker.self_describing_json.SelfDescribingJson object at 0x108b1ea10>]}


============================== 14:38:48.626965 | 72bf054b-4a6f-40b6-ac3b-e5b313ad09dc ==============================
[0m14:38:48.626965 [info ] [MainThread]: Running with dbt=1.12.0-b1
[0m14:38:48.627249 [debug] [MainThread]: running dbt with arguments {'quiet': 'False', 'no_print': 'None', 'send_anonymous_usage_stats': 'True', 'printer_width': '80', 'profiles_dir': '/Users/martiniucvlad/.dbt', 'version_check': 'True', 'fail_fast': 'False', 'use_experimental_parser': 'False', 'target_path': 'None', 'warn_error': 'None', 'indirect_selection': 'eager', 'warn_error_options': 'WarnErrorOptionsV2(error=[], warn=[], silence=[])', 'log_path': 'logs', 'cache_selected_only': 'False', 'write_json': 'True', 'invocation_command': 'dbt run', 'static_parser': 'True', 'empty': 'False', 'debug': 'False', 'log_format': 'default', 'introspect': 'True', 'use_colors': 'True', 'partial_parse': 'True', 'log_cache_events': 'False'}
[0m14:38:48.627560 [error] [MainThread]: [[31mERROR[0m]: Encountered an error:
Runtime Error
  No dbt_project.yml found at expected path /Users/martiniucvlad/data-engineering-portfolio/dbt_project.yml
  Verify that each entry within packages.yml (and their transitive dependencies) contains a file named dbt_project.yml
  
[0m14:38:48.628798 [debug] [MainThread]: Resource report: {"command_name": "run", "command_success": false, "command_wall_clock_time": 0.046940085, "process_in_blocks": "0", "process_kernel_time": 0.112367, "process_mem_max_rss": "129155072", "process_out_blocks": "0", "process_user_time": 1.081393}
[0m14:38:48.629021 [debug] [MainThread]: Command `dbt run` failed at 14:38:48.628978 after 0.05 seconds
[0m14:38:48.629184 [debug] [MainThread]: Sending event: {'category': 'dbt', 'action': 'invocation', 'label': 'end', 'context': [<snowplow_tracker.self_describing_json.SelfDescribingJson object at 0x108a38710>, <snowplow_tracker.self_describing_json.SelfDescribingJson object at 0x108a38590>, <snowplow_tracker.self_describing_json.SelfDescribingJson object at 0x108a38790>]}
[0m14:38:48.629347 [debug] [MainThread]: Flushing usage events
[0m14:38:49.257397 [debug] [MainThread]: An error was encountered while trying to flush usage events
[0m14:39:16.424652 [debug] [MainThread]: Sending event: {'category': 'dbt', 'action': 'invocation', 'label': 'start', 'context': [<snowplow_tracker.self_describing_json.SelfDescribingJson object at 0x107253090>, <snowplow_tracker.self_describing_json.SelfDescribingJson object at 0x112996190>, <snowplow_tracker.self_describing_json.SelfDescribingJson object at 0x112b095d0>]}


============================== 14:39:16.427466 | 2ddae131-c412-456e-823b-5e0af0714749 ==============================
[0m14:39:16.427466 [info ] [MainThread]: Running with dbt=1.12.0-b1
[0m14:39:16.427750 [debug] [MainThread]: running dbt with arguments {'fail_fast': 'False', 'target_path': 'None', 'log_cache_events': 'False', 'indirect_selection': 'eager', 'warn_error': 'None', 'invocation_command': 'dbt run', 'introspect': 'True', 'quiet': 'False', 'debug': 'False', 'log_format': 'default', 'log_path': 'logs', 'cache_selected_only': 'False', 'printer_width': '80', 'use_colors': 'True', 'use_experimental_parser': 'False', 'static_parser': 'True', 'profiles_dir': '/Users/martiniucvlad/.dbt', 'no_print': 'None', 'send_anonymous_usage_stats': 'True', 'empty': 'False', 'write_json': 'True', 'partial_parse': 'True', 'warn_error_options': 'WarnErrorOptionsV2(error=[], warn=[], silence=[])', 'version_check': 'True'}
[0m14:39:16.428031 [error] [MainThread]: [[31mERROR[0m]: Encountered an error:
Runtime Error
  No dbt_project.yml found at expected path /Users/martiniucvlad/data-engineering-portfolio/dbt_project.yml
  Verify that each entry within packages.yml (and their transitive dependencies) contains a file named dbt_project.yml
  
[0m14:39:16.429315 [debug] [MainThread]: Resource report: {"command_name": "run", "command_success": false, "command_wall_clock_time": 0.04172908, "process_in_blocks": "0", "process_kernel_time": 0.107827, "process_mem_max_rss": "129040384", "process_out_blocks": "0", "process_user_time": 1.08115}
[0m14:39:16.429566 [debug] [MainThread]: Command `dbt run` failed at 14:39:16.429521 after 0.04 seconds
[0m14:39:16.429740 [debug] [MainThread]: Sending event: {'category': 'dbt', 'action': 'invocation', 'label': 'end', 'context': [<snowplow_tracker.self_describing_json.SelfDescribingJson object at 0x112986810>, <snowplow_tracker.self_describing_json.SelfDescribingJson object at 0x112a436d0>, <snowplow_tracker.self_describing_json.SelfDescribingJson object at 0x112a435d0>]}
[0m14:39:16.429904 [debug] [MainThread]: Flushing usage events
[0m14:39:16.971652 [debug] [MainThread]: An error was encountered while trying to flush usage events
[0m15:40:13.678862 [debug] [MainThread]: Sending event: {'category': 'dbt', 'action': 'invocation', 'label': 'start', 'context': [<snowplow_tracker.self_describing_json.SelfDescribingJson object at 0x11360e710>, <snowplow_tracker.self_describing_json.SelfDescribingJson object at 0x113396190>, <snowplow_tracker.self_describing_json.SelfDescribingJson object at 0x1135398d0>]}


============================== 15:40:13.682067 | ea202de5-c211-4d32-b61b-e3ed2939022d ==============================
[0m15:40:13.682067 [info ] [MainThread]: Running with dbt=1.12.0-b1
[0m15:40:13.682360 [debug] [MainThread]: running dbt with arguments {'quiet': 'False', 'debug': 'False', 'static_parser': 'True', 'log_cache_events': 'False', 'use_experimental_parser': 'False', 'log_format': 'default', 'warn_error_options': 'WarnErrorOptionsV2(error=[], warn=[], silence=[])', 'use_colors': 'True', 'indirect_selection': 'eager', 'target_path': 'None', 'fail_fast': 'False', 'version_check': 'True', 'profiles_dir': '/Users/martiniucvlad/.dbt', 'log_path': 'logs', 'send_anonymous_usage_stats': 'True', 'write_json': 'True', 'invocation_command': 'dbt test', 'printer_width': '80', 'partial_parse': 'True', 'introspect': 'True', 'no_print': 'None', 'empty': 'None', 'warn_error': 'None', 'cache_selected_only': 'False'}
[0m15:40:13.682669 [error] [MainThread]: [[31mERROR[0m]: Encountered an error:
Runtime Error
  No dbt_project.yml found at expected path /Users/martiniucvlad/data-engineering-portfolio/dbt_project.yml
  Verify that each entry within packages.yml (and their transitive dependencies) contains a file named dbt_project.yml
  
[0m15:40:13.683545 [debug] [MainThread]: Resource report: {"command_name": "test", "command_success": false, "command_wall_clock_time": 0.047234792, "process_in_blocks": "0", "process_kernel_time": 0.115475, "process_mem_max_rss": "129597440", "process_out_blocks": "0", "process_user_time": 1.143555}
[0m15:40:13.683757 [debug] [MainThread]: Command `dbt test` failed at 15:40:13.683718 after 0.05 seconds
[0m15:40:13.683944 [debug] [MainThread]: Sending event: {'category': 'dbt', 'action': 'invocation', 'label': 'end', 'context': [<snowplow_tracker.self_describing_json.SelfDescribingJson object at 0x1130abc50>, <snowplow_tracker.self_describing_json.SelfDescribingJson object at 0x11353a710>, <snowplow_tracker.self_describing_json.SelfDescribingJson object at 0x11353b4d0>]}
[0m15:40:13.684098 [debug] [MainThread]: Flushing usage events
[0m15:40:14.365426 [debug] [MainThread]: An error was encountered while trying to flush usage events
[0m15:41:18.410539 [debug] [MainThread]: Sending event: {'category': 'dbt', 'action': 'invocation', 'label': 'start', 'context': [<snowplow_tracker.self_describing_json.SelfDescribingJson object at 0x11200a850>, <snowplow_tracker.self_describing_json.SelfDescribingJson object at 0x111ca72d0>, <snowplow_tracker.self_describing_json.SelfDescribingJson object at 0x112009d50>]}


============================== 15:41:18.413349 | 0f2477ef-6982-4a77-b7f8-7e3b42441449 ==============================
[0m15:41:18.413349 [info ] [MainThread]: Running with dbt=1.12.0-b1
[0m15:41:18.413628 [debug] [MainThread]: running dbt with arguments {'fail_fast': 'False', 'warn_error': 'None', 'invocation_command': 'dbt test', 'empty': 'None', 'log_format': 'default', 'log_cache_events': 'False', 'debug': 'False', 'quiet': 'False', 'use_colors': 'True', 'use_experimental_parser': 'False', 'log_path': 'logs', 'partial_parse': 'True', 'send_anonymous_usage_stats': 'True', 'cache_selected_only': 'False', 'indirect_selection': 'eager', 'no_print': 'None', 'profiles_dir': '/Users/martiniucvlad/.dbt', 'version_check': 'True', 'write_json': 'True', 'target_path': 'None', 'warn_error_options': 'WarnErrorOptionsV2(error=[], warn=[], silence=[])', 'introspect': 'True', 'printer_width': '80', 'static_parser': 'True'}
[0m15:41:18.413916 [error] [MainThread]: [[31mERROR[0m]: Encountered an error:
Runtime Error
  No dbt_project.yml found at expected path /Users/martiniucvlad/data-engineering-portfolio/dbt_project.yml
  Verify that each entry within packages.yml (and their transitive dependencies) contains a file named dbt_project.yml
  
[0m15:41:18.414674 [debug] [MainThread]: Resource report: {"command_name": "test", "command_success": false, "command_wall_clock_time": 0.042497665, "process_in_blocks": "0", "process_kernel_time": 0.107203, "process_mem_max_rss": "129548288", "process_out_blocks": "0", "process_user_time": 1.088266}
[0m15:41:18.414880 [debug] [MainThread]: Command `dbt test` failed at 15:41:18.414839 after 0.04 seconds
[0m15:41:18.415043 [debug] [MainThread]: Sending event: {'category': 'dbt', 'action': 'invocation', 'label': 'end', 'context': [<snowplow_tracker.self_describing_json.SelfDescribingJson object at 0x111d862d0>, <snowplow_tracker.self_describing_json.SelfDescribingJson object at 0x112009a90>, <snowplow_tracker.self_describing_json.SelfDescribingJson object at 0x111e38610>]}
[0m15:41:18.415197 [debug] [MainThread]: Flushing usage events
[0m15:41:18.945404 [debug] [MainThread]: An error was encountered while trying to flush usage events
[0m15:42:17.476293 [debug] [MainThread]: Sending event: {'category': 'dbt', 'action': 'invocation', 'label': 'start', 'context': [<snowplow_tracker.self_describing_json.SelfDescribingJson object at 0x107e88050>, <snowplow_tracker.self_describing_json.SelfDescribingJson object at 0x107dde190>, <snowplow_tracker.self_describing_json.SelfDescribingJson object at 0x107e8b490>]}


============================== 15:42:17.479504 | b6d8aeba-bf31-4ab3-a75e-fc44c15669f6 ==============================
[0m15:42:17.479504 [info ] [MainThread]: Running with dbt=1.12.0-b1
[0m15:42:17.479792 [debug] [MainThread]: running dbt with arguments {'send_anonymous_usage_stats': 'True', 'printer_width': '80', 'warn_error_options': 'WarnErrorOptionsV2(error=[], warn=[], silence=[])', 'log_path': 'logs', 'invocation_command': 'dbt test', 'fail_fast': 'False', 'static_parser': 'True', 'profiles_dir': '/Users/martiniucvlad/.dbt', 'no_print': 'None', 'empty': 'None', 'target_path': 'None', 'log_cache_events': 'False', 'indirect_selection': 'eager', 'use_experimental_parser': 'False', 'warn_error': 'None', 'version_check': 'True', 'quiet': 'False', 'use_colors': 'True', 'introspect': 'True', 'log_format': 'default', 'write_json': 'True', 'partial_parse': 'True', 'debug': 'False', 'cache_selected_only': 'False'}
[0m15:42:17.480072 [error] [MainThread]: [[31mERROR[0m]: Encountered an error:
Runtime Error
  No dbt_project.yml found at expected path /Users/martiniucvlad/data-engineering-portfolio/dbt_project.yml
  Verify that each entry within packages.yml (and their transitive dependencies) contains a file named dbt_project.yml
  
[0m15:42:17.481298 [debug] [MainThread]: Resource report: {"command_name": "test", "command_success": false, "command_wall_clock_time": 0.041958876, "process_in_blocks": "0", "process_kernel_time": 0.110412, "process_mem_max_rss": "130056192", "process_out_blocks": "0", "process_user_time": 1.092104}
[0m15:42:17.481533 [debug] [MainThread]: Command `dbt test` failed at 15:42:17.481488 after 0.04 seconds
[0m15:42:17.481695 [debug] [MainThread]: Sending event: {'category': 'dbt', 'action': 'invocation', 'label': 'end', 'context': [<snowplow_tracker.self_describing_json.SelfDescribingJson object at 0x107f50fd0>, <snowplow_tracker.self_describing_json.SelfDescribingJson object at 0x107f1c610>, <snowplow_tracker.self_describing_json.SelfDescribingJson object at 0x107e845d0>]}
[0m15:42:17.481853 [debug] [MainThread]: Flushing usage events
[0m15:42:18.181819 [debug] [MainThread]: An error was encountered while trying to flush usage events
