[2026-06-04T07:13:29.499+0000] {taskinstance.py:1957} INFO - Dependencies all met for dep_context=non-requeueable deps ti=<TaskInstance: medallion_pipeline.silver manual__2026-06-04T07:13:21.066778+00:00 [queued]>
[2026-06-04T07:13:29.504+0000] {taskinstance.py:1957} INFO - Dependencies all met for dep_context=requeueable deps ti=<TaskInstance: medallion_pipeline.silver manual__2026-06-04T07:13:21.066778+00:00 [queued]>
[2026-06-04T07:13:29.504+0000] {taskinstance.py:2171} INFO - Starting attempt 1 of 1
[2026-06-04T07:13:29.519+0000] {taskinstance.py:2192} INFO - Executing <Task(BashOperator): silver> on 2026-06-04 07:13:21.066778+00:00
[2026-06-04T07:13:29.529+0000] {standard_task_runner.py:60} INFO - Started process 767 to run task
[2026-06-04T07:13:29.532+0000] {standard_task_runner.py:87} INFO - Running: ['***', 'tasks', 'run', 'medallion_pipeline', 'silver', 'manual__2026-06-04T07:13:21.066778+00:00', '--job-id', '17', '--raw', '--subdir', 'DAGS_FOLDER/medallion_dag.py', '--cfg-path', '/tmp/tmpuzxbuvhb']
[2026-06-04T07:13:29.538+0000] {standard_task_runner.py:88} INFO - Job 17: Subtask silver
[2026-06-04T07:13:29.590+0000] {task_command.py:423} INFO - Running <TaskInstance: medallion_pipeline.silver manual__2026-06-04T07:13:21.066778+00:00 [running]> on host e0cbfcd70c95
[2026-06-04T07:13:29.635+0000] {taskinstance.py:2481} INFO - Exporting env vars: AIRFLOW_CTX_DAG_OWNER='***' AIRFLOW_CTX_DAG_ID='medallion_pipeline' AIRFLOW_CTX_TASK_ID='silver' AIRFLOW_CTX_EXECUTION_DATE='2026-06-04T07:13:21.066778+00:00' AIRFLOW_CTX_TRY_NUMBER='1' AIRFLOW_CTX_DAG_RUN_ID='manual__2026-06-04T07:13:21.066778+00:00'
[2026-06-04T07:13:29.637+0000] {subprocess.py:63} INFO - Tmp dir root location: /tmp
[2026-06-04T07:13:29.638+0000] {subprocess.py:75} INFO - Running command: ['/usr/bin/bash', '-c', 'python3 /opt/medallion/pipeline.py silver']
[2026-06-04T07:13:29.647+0000] {subprocess.py:86} INFO - Output:
[2026-06-04T07:13:35.059+0000] {subprocess.py:97} INFO - Command exited with return code -9
[2026-06-04T07:13:35.216+0000] {taskinstance.py:2699} ERROR - Task failed with exception
Traceback (most recent call last):
  File "/home/airflow/.local/lib/python3.8/site-packages/airflow/models/taskinstance.py", line 433, in _execute_task
    result = execute_callable(context=context, **execute_callable_kwargs)
  File "/home/airflow/.local/lib/python3.8/site-packages/airflow/operators/bash.py", line 212, in execute
    raise AirflowException(
airflow.exceptions.AirflowException: Bash command failed. The command returned a non-zero exit code -9.
[2026-06-04T07:13:35.257+0000] {taskinstance.py:1138} INFO - Marking task as FAILED. dag_id=medallion_pipeline, task_id=silver, execution_date=20260604T071321, start_date=20260604T071329, end_date=20260604T071335
[2026-06-04T07:13:35.285+0000] {standard_task_runner.py:107} ERROR - Failed to execute job 17 for task silver (Bash command failed. The command returned a non-zero exit code -9.; 767)
[2026-06-04T07:13:35.338+0000] {local_task_job_runner.py:234} INFO - Task exited with return code 1
[2026-06-04T07:13:35.455+0000] {taskinstance.py:3281} INFO - 0 downstream tasks scheduled from follow-on schedule check
