[2026-06-04T06:56:51.454+0000] {taskinstance.py:1957} INFO - Dependencies all met for dep_context=non-requeueable deps ti=<TaskInstance: medallion_pipeline.bronze manual__2026-06-04T06:56:47.597531+00:00 [queued]>
[2026-06-04T06:56:51.460+0000] {taskinstance.py:1957} INFO - Dependencies all met for dep_context=requeueable deps ti=<TaskInstance: medallion_pipeline.bronze manual__2026-06-04T06:56:47.597531+00:00 [queued]>
[2026-06-04T06:56:51.461+0000] {taskinstance.py:2171} INFO - Starting attempt 1 of 1
[2026-06-04T06:56:51.483+0000] {taskinstance.py:2192} INFO - Executing <Task(BashOperator): bronze> on 2026-06-04 06:56:47.597531+00:00
[2026-06-04T06:56:51.496+0000] {standard_task_runner.py:60} INFO - Started process 375 to run task
[2026-06-04T06:56:51.500+0000] {standard_task_runner.py:87} INFO - Running: ['***', 'tasks', 'run', 'medallion_pipeline', 'bronze', 'manual__2026-06-04T06:56:47.597531+00:00', '--job-id', '9', '--raw', '--subdir', 'DAGS_FOLDER/medallion_dag.py', '--cfg-path', '/tmp/tmpc85xogsu']
[2026-06-04T06:56:51.503+0000] {standard_task_runner.py:88} INFO - Job 9: Subtask bronze
[2026-06-04T06:56:51.550+0000] {task_command.py:423} INFO - Running <TaskInstance: medallion_pipeline.bronze manual__2026-06-04T06:56:47.597531+00:00 [running]> on host e0cbfcd70c95
[2026-06-04T06:56:51.599+0000] {taskinstance.py:2481} INFO - Exporting env vars: AIRFLOW_CTX_DAG_OWNER='***' AIRFLOW_CTX_DAG_ID='medallion_pipeline' AIRFLOW_CTX_TASK_ID='bronze' AIRFLOW_CTX_EXECUTION_DATE='2026-06-04T06:56:47.597531+00:00' AIRFLOW_CTX_TRY_NUMBER='1' AIRFLOW_CTX_DAG_RUN_ID='manual__2026-06-04T06:56:47.597531+00:00'
[2026-06-04T06:56:51.601+0000] {subprocess.py:63} INFO - Tmp dir root location: /tmp
[2026-06-04T06:56:51.602+0000] {subprocess.py:75} INFO - Running command: ['/usr/bin/bash', '-c', 'python3 /opt/medallion/pipeline.py bronze']
[2026-06-04T06:56:51.613+0000] {subprocess.py:86} INFO - Output:
[2026-06-04T06:56:52.040+0000] {subprocess.py:93} INFO - Traceback (most recent call last):
[2026-06-04T06:56:52.043+0000] {subprocess.py:93} INFO -   File "/opt/medallion/pipeline.py", line 2, in <module>
[2026-06-04T06:56:52.043+0000] {subprocess.py:93} INFO -     import duckdb
[2026-06-04T06:56:52.043+0000] {subprocess.py:93} INFO - ModuleNotFoundError: No module named 'duckdb'
[2026-06-04T06:56:52.100+0000] {subprocess.py:97} INFO - Command exited with return code 1
[2026-06-04T06:56:52.112+0000] {taskinstance.py:2699} ERROR - Task failed with exception
Traceback (most recent call last):
  File "/home/airflow/.local/lib/python3.8/site-packages/airflow/models/taskinstance.py", line 433, in _execute_task
    result = execute_callable(context=context, **execute_callable_kwargs)
  File "/home/airflow/.local/lib/python3.8/site-packages/airflow/operators/bash.py", line 212, in execute
    raise AirflowException(
airflow.exceptions.AirflowException: Bash command failed. The command returned a non-zero exit code 1.
[2026-06-04T06:56:52.116+0000] {taskinstance.py:1138} INFO - Marking task as FAILED. dag_id=medallion_pipeline, task_id=bronze, execution_date=20260604T065647, start_date=20260604T065651, end_date=20260604T065652
[2026-06-04T06:56:52.125+0000] {standard_task_runner.py:107} ERROR - Failed to execute job 9 for task bronze (Bash command failed. The command returned a non-zero exit code 1.; 375)
[2026-06-04T06:56:52.143+0000] {local_task_job_runner.py:234} INFO - Task exited with return code 1
[2026-06-04T06:56:52.166+0000] {taskinstance.py:3281} INFO - 0 downstream tasks scheduled from follow-on schedule check
