[2026-06-04T07:14:43.233+0000] {taskinstance.py:1957} INFO - Dependencies all met for dep_context=non-requeueable deps ti=<TaskInstance: medallion_pipeline.silver manual__2026-06-04T07:14:33.177502+00:00 [queued]>
[2026-06-04T07:14:43.238+0000] {taskinstance.py:1957} INFO - Dependencies all met for dep_context=requeueable deps ti=<TaskInstance: medallion_pipeline.silver manual__2026-06-04T07:14:33.177502+00:00 [queued]>
[2026-06-04T07:14:43.238+0000] {taskinstance.py:2171} INFO - Starting attempt 1 of 1
[2026-06-04T07:14:43.245+0000] {taskinstance.py:2192} INFO - Executing <Task(BashOperator): silver> on 2026-06-04 07:14:33.177502+00:00
[2026-06-04T07:14:43.253+0000] {standard_task_runner.py:60} INFO - Started process 822 to run task
[2026-06-04T07:14:43.255+0000] {standard_task_runner.py:87} INFO - Running: ['***', 'tasks', 'run', 'medallion_pipeline', 'silver', 'manual__2026-06-04T07:14:33.177502+00:00', '--job-id', '19', '--raw', '--subdir', 'DAGS_FOLDER/medallion_dag.py', '--cfg-path', '/tmp/tmphnd8ohel']
[2026-06-04T07:14:43.260+0000] {standard_task_runner.py:88} INFO - Job 19: Subtask silver
[2026-06-04T07:14:43.295+0000] {task_command.py:423} INFO - Running <TaskInstance: medallion_pipeline.silver manual__2026-06-04T07:14:33.177502+00:00 [running]> on host e0cbfcd70c95
[2026-06-04T07:14:43.339+0000] {taskinstance.py:2481} INFO - Exporting env vars: AIRFLOW_CTX_DAG_OWNER='***' AIRFLOW_CTX_DAG_ID='medallion_pipeline' AIRFLOW_CTX_TASK_ID='silver' AIRFLOW_CTX_EXECUTION_DATE='2026-06-04T07:14:33.177502+00:00' AIRFLOW_CTX_TRY_NUMBER='1' AIRFLOW_CTX_DAG_RUN_ID='manual__2026-06-04T07:14:33.177502+00:00'
[2026-06-04T07:14:43.341+0000] {subprocess.py:63} INFO - Tmp dir root location: /tmp
[2026-06-04T07:14:43.341+0000] {subprocess.py:75} INFO - Running command: ['/usr/bin/bash', '-c', 'python3 /opt/medallion/pipeline.py silver']
[2026-06-04T07:14:43.359+0000] {subprocess.py:86} INFO - Output:
[2026-06-04T07:14:45.438+0000] {subprocess.py:97} INFO - Command exited with return code -9
[2026-06-04T07:14:45.524+0000] {taskinstance.py:2699} ERROR - Task failed with exception
Traceback (most recent call last):
  File "/home/airflow/.local/lib/python3.8/site-packages/airflow/models/taskinstance.py", line 433, in _execute_task
    result = execute_callable(context=context, **execute_callable_kwargs)
  File "/home/airflow/.local/lib/python3.8/site-packages/airflow/operators/bash.py", line 212, in execute
    raise AirflowException(
airflow.exceptions.AirflowException: Bash command failed. The command returned a non-zero exit code -9.
[2026-06-04T07:14:45.535+0000] {taskinstance.py:1138} INFO - Marking task as FAILED. dag_id=medallion_pipeline, task_id=silver, execution_date=20260604T071433, start_date=20260604T071443, end_date=20260604T071445
[2026-06-04T07:14:45.556+0000] {standard_task_runner.py:107} ERROR - Failed to execute job 19 for task silver (Bash command failed. The command returned a non-zero exit code -9.; 822)
[2026-06-04T07:14:45.565+0000] {local_task_job_runner.py:234} INFO - Task exited with return code 1
[2026-06-04T07:14:45.629+0000] {taskinstance.py:3281} INFO - 0 downstream tasks scheduled from follow-on schedule check
